
 RUN  v4.1.10 C:/Users/edsro/Desktop/CMR/wacrm

 Ô£ô src/i18n/icu-safety.test.ts > ICU-hostile strings are not read with plain t() > every {{ÔÇª}} / raw-HTML message is consumed via t.raw() or t.rich() 59ms
 Ô£ô src/lib/api/v1/pagination.test.ts > parseListParams > defaults limit and cursor 15ms
 Ô£ô src/lib/api/v1/pagination.test.ts > parseListParams > clamps limit to MAX_LIMIT and floors it 0ms
 Ô£ô src/lib/api/v1/pagination.test.ts > parseListParams > falls back to default on non-positive / NaN limit 0ms
 Ô£ô src/lib/api/v1/pagination.test.ts > parseListParams > decodes a valid cursor and ignores a malformed one 0ms
 Ô£ô src/lib/api/v1/pagination.test.ts > encode/decodeCursor round-trip > round-trips a real (ISO timestamp, UUID) cursor 0ms
 Ô£ô src/lib/api/v1/pagination.test.ts > encode/decodeCursor round-trip > returns null for empty / separator-less input 0ms
 Ô£ô src/lib/api/v1/pagination.test.ts > encode/decodeCursor round-trip > rejects a crafted cursor whose id is not a UUID (filter-injection guard) 0ms
 Ô£ô src/lib/api/v1/pagination.test.ts > encode/decodeCursor round-trip > rejects a cursor whose timestamp is not parseable 0ms
 Ô£ô src/lib/api/v1/pagination.test.ts > keysetFilter > is null on the first page 0ms
 Ô£ô src/lib/api/v1/pagination.test.ts > keysetFilter > walks strictly past the cursor row (older, or same-ts smaller id) 0ms
 Ô£ô src/lib/api/v1/pagination.test.ts > buildPage > returns all rows and null cursor when not over-fetched 1ms
 Ô£ô src/lib/api/v1/pagination.test.ts > buildPage > trims to limit and emits a cursor for the last kept row 0ms
node.exe : stderr | src/lib/ai/transcribe.test.ts > transcribeAudio ÔÇö provider selection > returns null (never 
throws) when no transcription key is set
En línea: 1 Carácter: 1
+ & "C:\Program Files\nodejs/node.exe" "C:\Program Files\nodejs/node_mo ...
+ ~~~~~~~~~~~~~~~~~~~~~~~~~~~~~~~~~~~~~~~~~~~~~~~~~~~~~~~~~~~~~~~~~~~~~
    + CategoryInfo          : NotSpecified: (stderr | src/li...tion key is set:String) [], RemoteException
    + FullyQualifiedErrorId : NativeCommandError
 
[transcribe] no transcription available ÔÇö set OPENROUTER_API_KEY (gemini-2.5-flash-lite), OPENAI_API_KEY or 
GROQ_API_KEY to enable audio transcription.

 Ô£ô src/lib/ai/defaults.test.ts > currentDateTimeContext > computes the wall-clock in the business timezone 14ms
 Ô£ô src/lib/ai/defaults.test.ts > currentDateTimeContext > defaults to America/Bogota when AI_TIMEZONE is unset 0ms
 Ô£ô src/lib/ai/defaults.test.ts > todayContextLine > emits the fixed Spanish header with weekday, YYYY-MM-DD and 24h HH:MM 1ms
 Ô£ô src/lib/ai/defaults.test.ts > buildSystemPrompt > prepends the today line as the opening instruction 1ms
 Ô£ô src/lib/ai/defaults.test.ts > buildSystemPrompt > forces Spanish-only replies 1ms
 Ô£ô src/lib/ai/defaults.test.ts > buildSystemPrompt > opens with the inviolable golden rule, ahead of every other directive 1ms
 Ô£ô src/lib/ai/defaults.test.ts > buildSystemPrompt > offers company details only when backed by context, never invented 1ms
 Ô£ô src/lib/ai/defaults.test.ts > buildSystemPrompt > never teaches an automatic handoff and demands a reply to every message 1ms
 Ô£ô src/lib/ai/defaults.test.ts > buildSystemPrompt > orders direct booking in the same turn once the customer gave a date 1ms
 Ô£ô src/lib/ai/defaults.test.ts > buildSystemPrompt > forces immediate booking when the customer shares their email 1ms
 Ô£ô src/lib/ai/defaults.test.ts > buildSystemPrompt > instructs a WhatsApp notification when Google Calendar creation fails 1ms
 Ô£ô src/lib/ai/defaults.test.ts > buildSystemPrompt > forbids re-asking for the date range in the confirmation protocol 1ms
 Ô£ô src/lib/ai/defaults.test.ts > buildSystemPrompt > teaches single-point availability as a 45-minute range 0ms
 Ô£ô src/lib/ai/defaults.test.ts > buildSystemPrompt > forbids inventing Meet/calendar URLs and trusts the configured credentials 0ms
 Ô£ô src/lib/ai/defaults.test.ts > buildSystemPrompt > forces the mandatory Meet link in every booking confirmation 0ms
 Ô£ô src/lib/ai/defaults.test.ts > buildSystemPrompt > enforces the golden scheduling rules (tool-before-confirmation, hangoutLink, no raw timestamps) 0ms
 Ô£ô src/lib/ai/defaults.test.ts > buildSystemPrompt > forces strict Spanish and a single response without internal reasoning 1ms
 Ô£ô src/lib/ai/defaults.test.ts > buildSystemPrompt > separates create, reschedule and cancel in one decision table 1ms
 Ô£ô src/lib/ai/defaults.test.ts > buildSystemPrompt > makes the reschedule reply conditional on the tool result, never on prose 1ms
 Ô£ô src/lib/ai/defaults.test.ts > buildSystemPrompt > tells the model it need not remember an idCita 1ms
 Ô£ô src/lib/ai/defaults.test.ts > buildSystemPrompt > marks the injected idCita as optional and points at consultar_citas 0ms
stderr | src/lib/ai/transcribe.test.ts > transcribeAudio ÔÇö provider selection > falls back to OpenAI Whisper when 
OpenRouter fails and OPENAI_API_KEY is set
[transcribe][openrouter] google/gemini-2.5-flash-lite transcription failed: OpenRouter transcription error (502): boom 
{
  mimeType: 'audio/ogg; codecs=opus',
  audioBytes: 30,
  model: 'google/gemini-2.5-flash-lite'
}

 Ô£ô src/lib/ai/transcribe.test.ts > transcribeAudio ÔÇö OpenRouter (gemini-2.5-flash-lite) > sends the audio as a nested input_audio part so OpenRouter does not drop it 3ms
 Ô£ô src/lib/ai/transcribe.test.ts > transcribeAudio ÔÇö OpenRouter (gemini-2.5-flash-lite) > maps each chat_mime WhatsApp MIME to a format OpenRouter understands 1ms
 Ô£ô src/lib/ai/transcribe.test.ts > transcribeAudio ÔÇö OpenRouter (gemini-2.5-flash-lite) > does not fall through to Whisper when OpenRouter succeeds 0ms
 Ô£ô src/lib/ai/transcribe.test.ts > transcribeAudio ÔÇö provider selection > returns null (never throws) when no transcription key is set 1ms
 Ô£ô src/lib/ai/transcribe.test.ts > transcribeAudio ÔÇö provider selection > falls back to OpenAI Whisper when OpenRouter fails and OPENAI_API_KEY is set 17ms
 Ô£ô src/lib/ai/knowledge-parser.test.ts > parseKnowledgeFile ÔÇö images / OCR > OCRs an image and returns the recognized text 3ms
 Ô£ô src/lib/ai/knowledge-parser.test.ts > parseKnowledgeFile ÔÇö images / OCR > throws when the image yields no text instead of storing an empty document 1ms
 Ô£ô src/lib/ai/knowledge-parser.test.ts > knowledgeFileExtension / hasKnowledgeFileExtension > recognizes supported extensions case-insensitively 0ms
 Ô£ô src/lib/ai/knowledge-parser.test.ts > knowledgeFileExtension / hasKnowledgeFileExtension > returns null for unsupported, hidden, or extension-less names 0ms
 Ô£ô src/lib/ai/knowledge-parser.test.ts > knowledgeFileExtension / hasKnowledgeFileExtension > accepts image extensions for OCR 0ms
 Ô£ô src/lib/ai/knowledge-parser.test.ts > parseKnowledgeFile ÔÇö Excel / CSV > extracts an .xlsx workbook as Markdown tables 13ms
 Ô£ô src/lib/ai/knowledge-parser.test.ts > parseKnowledgeFile ÔÇö Excel / CSV > extracts a CSV as a Markdown table with the first row as header 1ms
 Ô£ô src/lib/ai/knowledge-parser.test.ts > parseKnowledgeFile ÔÇö Excel / CSV > escapes pipe characters inside cells 0ms
 Ô£ô src/lib/ai/knowledge-parser.test.ts > parseKnowledgeFile ÔÇö Excel / CSV > throws when the workbook contains no table rows 2ms
 Ô£ô src/lib/ai/knowledge-parser.test.ts > parseKnowledgeFile ÔÇö Word (.docx) > uses mammoth Markdown output when available 0ms
 Ô£ô src/lib/ai/knowledge-parser.test.ts > parseKnowledgeFile ÔÇö Word (.docx) > falls back to HTML ÔåÆ plain text when Markdown conversion fails 1ms
 Ô£ô src/lib/ai/knowledge-parser.test.ts > parseKnowledgeFile ÔÇö Word (.docx) > falls back to raw text extraction when HTML also fails 0ms
 Ô£ô src/lib/ai/knowledge-parser.test.ts > parseKnowledgeFile ÔÇö Word (.docx) > throws when no text can be extracted at all 0ms
 Ô£ô src/lib/ai/knowledge-parser.test.ts > parseKnowledgeFile ÔÇö legacy .doc > extracts the body text 0ms
 Ô£ô src/lib/ai/knowledge-parser.test.ts > parseKnowledgeFile ÔÇö legacy .doc > throws when the body is empty 0ms
 Ô£ô src/lib/ai/knowledge-parser.test.ts > parseKnowledgeFile ÔÇö PDF > extracts the full text 0ms
 Ô£ô src/lib/ai/knowledge-parser.test.ts > parseKnowledgeFile ÔÇö PDF > throws when the PDF has no text layer (scanned) 0ms
 Ô£ô src/lib/ai/knowledge-parser.test.ts > parseKnowledgeFile ÔÇö plain text > returns the raw utf-8 text trimmed 0ms
 Ô£ô src/lib/ai/knowledge-parser.test.ts > parseKnowledgeFile ÔÇö unsupported files > throws with a friendly message for other extensions 0ms
stdout | src/lib/whatsapp/meta-api.media.test.ts > sendMediaMessage ÔÇö payload shape > sends image with a caption and no filename
===> [DEBUG META PAYLOAD] TO: 1234567890 TYPE: string
[META_PAYLOAD_ENVIADO] {
  "messaging_product": "whatsapp",
  "recipient_type": "individual",
  "to": "1234567890",
  "type": "image",
  "image": {
    "link": "https://cdn.example.com/file",
    "caption": "hello"
  }
}

 Ô£ô src/lib/ai/providers/openrouter.test.ts > generateOpenRouter > sends the required headers and the configured model id 21ms
 Ô£ô src/lib/ai/providers/openrouter.test.ts > generateOpenRouter > maps a 401 to invalid_key/401 and keeps the upstream status + provider message 1ms
 Ô£ô src/lib/ai/providers/openrouter.test.ts > generateOpenRouter > keeps non-auth upstream statuses (402/404/500) on the error 1ms
 Ô£ô src/lib/ai/providers/openrouter.test.ts > generateOpenRouter > rejects an empty completion as empty_response so the dispatcher can log and fall back 0ms
stdout | src/lib/whatsapp/meta-api.media.test.ts > sendMediaMessage ÔÇö payload shape > sends image with a caption and no filename
[OUTBOUND WHATSAPP] { messages: [ { id: 'wamid.TEST' } ] }

stdout | src/lib/whatsapp/meta-api.media.test.ts > sendMediaMessage ÔÇö payload shape > sends document with both caption and filename
===> [DEBUG META PAYLOAD] TO: 1234567890 TYPE: string
[META_PAYLOAD_ENVIADO] {
  "messaging_product": "whatsapp",
  "recipient_type": "individual",
  "to": "1234567890",
  "type": "document",
  "document": {
    "link": "https://cdn.example.com/file",
    "caption": "invoice",
    "filename": "invoice.pdf"
  }
}

stdout | src/lib/whatsapp/meta-api.media.test.ts > sendMediaMessage ÔÇö payload shape > sends document with both caption and filename
[OUTBOUND WHATSAPP] { messages: [ { id: 'wamid.TEST' } ] }

stdout | src/lib/whatsapp/meta-api.media.test.ts > sendMediaMessage ÔÇö payload shape > sends audio with NO caption and NO filename (Meta rejects both)
===> [DEBUG META PAYLOAD] TO: 1234567890 TYPE: string
[META_PAYLOAD_ENVIADO] {
  "messaging_product": "whatsapp",
  "recipient_type": "individual",
  "to": "1234567890",
  "type": "audio",
  "audio": {
    "link": "https://cdn.example.com/file"
  }
}

 Ô£ô src/lib/whatsapp/recipient-resolver.best.test.ts > resolveBestRecipient ÔÇö generic identifier priority > prefers a dialable phone over every other identifier 2ms
 Ô£ô src/lib/whatsapp/recipient-resolver.best.test.ts > resolveBestRecipient ÔÇö generic identifier priority > falls back to wa_id when phone is unknown ÔÇö the @lid sender case 0ms
 Ô£ô src/lib/whatsapp/recipient-resolver.best.test.ts > resolveBestRecipient ÔÇö generic identifier priority > normalizes a phone carrying + and spaces down to digits 0ms
 Ô£ô src/lib/whatsapp/recipient-resolver.best.test.ts > resolveBestRecipient ÔÇö generic identifier priority > prefers wa_id over the BSUID 0ms
 ├ù src/lib/whatsapp/recipient-resolver.best.test.ts > resolveBestRecipient ÔÇö generic identifier priority > REFUSES a BSUID when there is no wa_id (CASO C) 4ms
   ÔåÆ expected 'CO.999' to be '' // Object.is equality
 Ô£ô src/lib/whatsapp/recipient-resolver.best.test.ts > resolveBestRecipient ÔÇö generic identifier priority > uses recipient_id when neither phone, wa_id nor BSUID is present 0ms
 Ô£ô src/lib/whatsapp/recipient-resolver.best.test.ts > resolveBestRecipient ÔÇö generic identifier priority > REFUSES a username ÔÇö display data is never a destination (CASO C) 0ms
 Ô£ô src/lib/whatsapp/recipient-resolver.best.test.ts > resolveBestRecipient ÔÇö generic identifier priority > treats a bare digit-run stored in phone as an opaque id, not a number 0ms
 Ô£ô src/lib/whatsapp/recipient-resolver.best.test.ts > resolveBestRecipient ÔÇö generic identifier priority > returns an empty address when nothing is resolvable 0ms
 Ô£ô src/lib/whatsapp/recipient-resolver.best.test.ts > resolveBestRecipient ÔÇö generic identifier priority > tolerates a null contact 0ms
stdout | src/lib/whatsapp/meta-api.media.test.ts > sendMediaMessage ÔÇö payload shape > sends audio with NO caption and NO filename (Meta rejects both)
[OUTBOUND WHATSAPP] { messages: [ { id: 'wamid.TEST' } ] }

 Ô£ô src/lib/whatsapp/meta-api.endpoint.test.ts > resolveMetaPhoneNumberId > returns the config id when it is usable 2ms
 Ô£ô src/lib/whatsapp/meta-api.endpoint.test.ts > resolveMetaPhoneNumberId > rejects the "unknown" placeholder and falls back to the env 1ms
 Ô£ô src/lib/whatsapp/meta-api.endpoint.test.ts > resolveMetaPhoneNumberId > falls back to META_PHONE_NUMBER_ID after WHATSAPP_PHONE_NUMBER_ID 0ms
 Ô£ô src/lib/whatsapp/meta-api.endpoint.test.ts > resolveMetaPhoneNumberId > is empty when neither the config nor the env carries a real id 0ms
 Ô£ô src/lib/whatsapp/meta-api.endpoint.test.ts > resolveMetaPhoneNumberId > requireMetaPhoneNumberId throws a typed error instead of resolving 1ms
 Ô£ô src/lib/whatsapp/meta-api.endpoint.test.ts > sender endpoint is never /unknown/messages > refuses a text send whose phone_number_id is "unknown" (no HTTP call) 1ms
 Ô£ô src/lib/whatsapp/meta-api.endpoint.test.ts > sender endpoint is never /unknown/messages > refuses a media send whose phone_number_id is empty 1ms
 Ô£ô src/lib/whatsapp/meta-api.endpoint.test.ts > sender endpoint is never /unknown/messages > refuses a template send whose phone_number_id is "unknown" 1ms
 Ô£ô src/lib/whatsapp/meta-api.endpoint.test.ts > sender endpoint is never /unknown/messages > refuses a typing indicator whose phone_number_id is "unknown" 0ms
 Ô£ô src/lib/whatsapp/meta-api.endpoint.test.ts > sender endpoint is never /unknown/messages > uses the env fallback when the config id is "unknown" 1ms
 Ô£ô src/lib/whatsapp/meta-api.endpoint.test.ts > valid E.164 destination > addresses the number in `to` on the config endpoint 0ms
 Ô£ô src/lib/whatsapp/meta-api.endpoint.test.ts > opaque wa_id destination > addresses a numeric wa_id in `to` and attaches the context 1ms
 ├ù src/lib/whatsapp/meta-api.endpoint.test.ts > opaque wa_id destination > refuses a namespaced BSUID even with an anchor (CASO C) 6ms
   ÔåÆ promise resolved "{ messageId: 'wamid.OUT_1' }" instead of rejecting
stdout | src/lib/whatsapp/meta-api.media.test.ts > sendMediaMessage ÔÇö recipient addressing > puts an E.164 number in `to` as bare digits
===> [DEBUG META PAYLOAD] TO: 573044556788 TYPE: string
[META_PAYLOAD_ENVIADO] {
  "messaging_product": "whatsapp",
  "recipient_type": "individual",
  "to": "573044556788",
  "type": "image",
  "image": {
    "link": "https://cdn.example.com/file"
  }
}

stderr | src/lib/whatsapp/template-lifecycle.test.ts > submitMessageTemplate > throws Meta's error message on non-OK 
responses
[Meta API] HTTP 429 ÔÇö Meta API error: 429 {"error":{"message":"Rate limit (#80007)."}}
[META_API_ERROR] {"error":{"message":"Rate limit (#80007)."}}
META_API_SEND_ERROR: {"error":{"message":"Rate limit (#80007)."}}
META_API_REJECTED: 
{"status":429,"endpoint":"https://graph.facebook.com/v26.0/unknown/messages","response":{"error":{"message":"Rate 
limit (#80007)."}}}

stdout | src/lib/whatsapp/meta-api.media.test.ts > sendMediaMessage ÔÇö recipient addressing > puts an E.164 number in `to` as bare digits
[OUTBOUND WHATSAPP] { messages: [ { id: 'wamid.TEST' } ] }

stderr | src/lib/whatsapp/registration.test.ts > subscribeWabaToApp > throws on non-OK
[Meta API] HTTP 403 ÔÇö Meta API error: 403 {"error":{"message":"Insufficient permissions"}}
[META_API_ERROR] {"error":{"message":"Insufficient permissions"}}
META_API_SEND_ERROR: {"error":{"message":"Insufficient permissions"}}
META_API_REJECTED: {"status":403,"endpoint":"https://graph.facebook.com/v26.0/unknown/messages","response":{"error":{"m
essage":"Insufficient permissions"}}}

 Ô£ô src/lib/whatsapp/meta-api.context-reply.test.ts > cleanRecipientAddress > drops an @lid routing suffix 2ms
 Ô£ô src/lib/whatsapp/meta-api.context-reply.test.ts > cleanRecipientAddress > drops an @user routing suffix 0ms
 Ô£ô src/lib/whatsapp/meta-api.context-reply.test.ts > cleanRecipientAddress > strips a leading @ when there is no suffix 0ms
 Ô£ô src/lib/whatsapp/meta-api.context-reply.test.ts > cleanRecipientAddress > leaves a namespaced BSUID prefix intact rather than fabricating a number 0ms
 Ô£ô src/lib/whatsapp/meta-api.context-reply.test.ts > cleanRecipientAddress > is empty for an empty address 0ms
 Ô£ô src/lib/whatsapp/meta-api.context-reply.test.ts > toMetaTargetId > leaves a plain phone number untouched 0ms
 Ô£ô src/lib/whatsapp/meta-api.context-reply.test.ts > toMetaTargetId > strips a CO. namespace down to the numeric id 0ms
 Ô£ô src/lib/whatsapp/meta-api.context-reply.test.ts > toMetaTargetId > strips a WAID. namespace 0ms
 Ô£ô src/lib/whatsapp/meta-api.context-reply.test.ts > toMetaTargetId > strips an @lid routing suffix 0ms
 Ô£ô src/lib/whatsapp/meta-api.context-reply.test.ts > toMetaTargetId > strips an @user routing suffix 0ms
 Ô£ô src/lib/whatsapp/meta-api.context-reply.test.ts > toMetaTargetId > returns the bare handle when there are no digits at all 0ms
 Ô£ô src/lib/whatsapp/meta-api.context-reply.test.ts > toMetaTargetId > is empty for an empty address 0ms
 Ô£ô src/lib/whatsapp/meta-api.context-reply.test.ts > isOpaqueMetaId > REFUSES a namespaced BSUID ÔÇö identity data, not a deliverable opaque wa_id 0ms
 Ô£ô src/lib/whatsapp/meta-api.context-reply.test.ts > isOpaqueMetaId > REFUSES a LID-namespaced id 0ms
 Ô£ô src/lib/whatsapp/meta-api.context-reply.test.ts > isOpaqueMetaId > accepts a bare digit run too long to be a phone number 0ms
 Ô£ô src/lib/whatsapp/meta-api.context-reply.test.ts > isOpaqueMetaId > rejects a real phone number 0ms
 Ô£ô src/lib/whatsapp/meta-api.context-reply.test.ts > isOpaqueMetaId > accepts a short numeric id scraped out of an @lid display id 0ms
 Ô£ô src/lib/whatsapp/meta-api.context-reply.test.ts > isOpaqueMetaId > rejects an empty address 0ms
 Ô£ô src/lib/whatsapp/meta-api.context-reply.test.ts > isOpaqueMetaId > rejects every non-addressable placeholder and handle 0ms
 Ô£ô src/lib/whatsapp/meta-api.context-reply.test.ts > sendTextMessage recipient shapes > sends a phone number via "to" with preview_url disabled 3ms
 ├ù src/lib/whatsapp/meta-api.context-reply.test.ts > sendTextMessage recipient shapes > REFUSES a namespaced BSUID even with an anchor ÔÇö CASO C 7ms
   ÔåÆ promise resolved "{ messageId: 'wamid.OUT_1' }" instead of rejecting
 Ô£ô src/lib/whatsapp/meta-api.context-reply.test.ts > sendTextMessage recipient shapes > routes an opaque wa_id through "to" only when anchored (CASO B) 1ms
 Ô£ô src/lib/whatsapp/meta-api.context-reply.test.ts > sendTextMessage recipient shapes > refuses an opaque wa_id with no anchor to quote (CASO B) 1ms
 Ô£ô src/lib/whatsapp/meta-api.context-reply.test.ts > sendTextMessage recipient shapes > supports the alternate "recipient" field as an explicit retry 0ms
 Ô£ô src/lib/whatsapp/meta-api.context-reply.test.ts > sendTextMessage recipient shapes > refuses an @lid id with no anchor to quote instead of firing a doomed request 0ms
 Ô£ô src/lib/whatsapp/meta-api.context-reply.test.ts > sendTextMessage recipient shapes > still refuses only when there is no destination at all 0ms
 Ô£ô src/lib/whatsapp/meta-api.context-reply.test.ts > sendTextMessage recipient shapes > answers an unaddressable @lid id by quoting the inbound wamid 0ms
 Ô£ô src/lib/whatsapp/meta-api.context-reply.test.ts > sendTextMessage recipient shapes > NEVER sends an @handle even when an anchor is quoted (ESCENARIO C) 0ms
 Ô£ô src/lib/whatsapp/meta-api.context-reply.test.ts > sendTextMessage recipient shapes > logs the verbatim Meta error envelope under META_API_SEND_ERROR and META_API_REJECTED 1ms
 Ô£ô src/lib/whatsapp/meta-api.context-reply.test.ts > sendTextMessage recipient shapes > classifies a Meta recipient rejection so callers retry the other field 0ms
stderr | src/lib/whatsapp/template-lifecycle.test.ts > deleteMessageTemplate > throws on non-404 errors
[Meta API] HTTP 500 ÔÇö Meta API error: 500 {"error":{"message":"boom"}}
[META_API_ERROR] {"error":{"message":"boom"}}
META_API_SEND_ERROR: {"error":{"message":"boom"}}
META_API_REJECTED: 
{"status":500,"endpoint":"https://graph.facebook.com/v26.0/unknown/messages","response":{"error":{"message":"boom"}}}

stdout | src/lib/whatsapp/meta-api.media.test.ts > sendMediaMessage ÔÇö recipient addressing > puts a numeric opaque wa_id in `to` (CASO B)
===> [DEBUG META PAYLOAD] TO: 1486998326437295 TYPE: string
[META_PAYLOAD_ENVIADO] {
  "messaging_product": "whatsapp",
  "recipient_type": "individual",
  "to": "1486998326437295",
  "type": "image",
  "image": {
    "link": "https://cdn.example.com/file"
  }
}

stderr | src/lib/whatsapp/registration.test.ts > getSubscribedApps > throws on non-OK
[Meta API] HTTP 401 ÔÇö Meta API error: 401 {"error":{"message":"Invalid OAuth token"}}
[META_API_ERROR] {"error":{"message":"Invalid OAuth token"}}
META_API_SEND_ERROR: {"error":{"message":"Invalid OAuth token"}}
META_API_REJECTED: 
{"status":401,"endpoint":"https://graph.facebook.com/v26.0/unknown/messages","response":{"error":{"message":"Invalid 
OAuth token"}}}

 Ô£ô src/lib/whatsapp/broadcast-address.test.ts > normalizeToE164 > keeps a stored E.164 number intact 2ms
 Ô£ô src/lib/whatsapp/broadcast-address.test.ts > normalizeToE164 > adds the default country code to a bare 10-digit national number 0ms
 Ô£ô src/lib/whatsapp/broadcast-address.test.ts > normalizeToE164 > does not double-prefix a number that already has a country code 0ms
 Ô£ô src/lib/whatsapp/broadcast-address.test.ts > normalizeToE164 > refuses to build a number out of a username 0ms
 Ô£ô src/lib/whatsapp/broadcast-address.test.ts > normalizeToE164 > refuses a BSUID 0ms
 Ô£ô src/lib/whatsapp/broadcast-address.test.ts > normalizeToE164 > returns null for empty input 0ms
 Ô£ô src/lib/whatsapp/broadcast-address.test.ts > contactPhone > prefers a usable contact.phone 0ms
 Ô£ô src/lib/whatsapp/broadcast-address.test.ts > contactPhone > falls back to wa_id when phone is unusable 0ms
 Ô£ô src/lib/whatsapp/broadcast-address.test.ts > contactPhone > never treats username or wa_user_id as a phone number 0ms
 Ô£ô src/lib/whatsapp/broadcast-address.test.ts > contactPhone > tolerates a null contact 0ms
 Ô£ô src/lib/whatsapp/broadcast-address.test.ts > contactPhone > does not read a bare-digit wa_id back as a phone number 0ms
 Ô£ô src/lib/whatsapp/broadcast-address.test.ts > resolveBroadcastAddress ´┐¢ the exact row that failed in production > resolves to the BSUID, never to "unknown" and never to the handle 1ms
 Ô£ô src/lib/whatsapp/broadcast-address.test.ts > resolveBroadcastAddress ´┐¢ the exact row that failed in production > never hands Meta the placeholder or the @handle 1ms
 Ô£ô src/lib/whatsapp/broadcast-address.test.ts > resolveBroadcastAddress ´┐¢ the exact row that failed in production > prefers the backfilled wa_id/recipient_id over the history id 0ms
 Ô£ô src/lib/whatsapp/broadcast-address.test.ts > resolveBroadcastAddress ´┐¢ the exact row that failed in production > keeps a stored id when history disagrees with it 0ms
 Ô£ô src/lib/whatsapp/broadcast-address.test.ts > resolveBroadcastAddress ´┐¢ the exact row that failed in production > orders the id columns wa_id -> recipient_id -> wa_user_id 0ms
 Ô£ô src/lib/whatsapp/broadcast-address.test.ts > recoverAddressesFromHistory > ignores outbound rows, whose sender_phone is ours not the contact 0ms
 Ô£ô src/lib/whatsapp/broadcast-address.test.ts > recoverAddressesFromHistory > yields nothing when the thread holds only our own messages 0ms
 Ô£ô src/lib/whatsapp/broadcast-address.test.ts > recoverAddressesFromHistory > extracts a BSUID from sender_phone on an inbound message from a handle contact 0ms
 Ô£ô src/lib/whatsapp/broadcast-address.test.ts > recoverAddressesFromHistory > falls back to the raw webhook payload when sender_phone is null 0ms
 Ô£ô src/lib/whatsapp/broadcast-address.test.ts > recoverAddressesFromHistory > reads sender_phone ´┐¢ the only address column messages has 0ms
 Ô£ô src/lib/whatsapp/broadcast-address.test.ts > recoverAddressesFromHistory > recovers the number an @user contact actually wrote from 0ms
 Ô£ô src/lib/whatsapp/broadcast-address.test.ts > recoverAddressesFromHistory > skips conversations belonging to a different contact 0ms
 Ô£ô src/lib/whatsapp/broadcast-address.test.ts > recoverAddressesFromHistory > recovers a BSUID recorded in sender_phone 0ms
 Ô£ô src/lib/whatsapp/broadcast-address.test.ts > recoverAddressesFromHistory > recovers the BSUID nested in a stored webhook payload 0ms
 Ô£ô src/lib/whatsapp/broadcast-address.test.ts > recoverAddressesFromHistory > never invents an address from a payload holding no identifier 0ms
 Ô£ô src/lib/whatsapp/broadcast-address.test.ts > recoverAddressesFromHistory > does not query messages for a contact that already has a number 1ms
 Ô£ô src/lib/whatsapp/broadcast-address.test.ts > recoverAddressesFromHistory > reports a failed conversation query instead of pretending history is empty 1ms
 Ô£ô src/lib/whatsapp/broadcast-address.test.ts > recoverAddressesFromHistory > reports a failed message query instead of returning nothing quietly 0ms
 Ô£ô src/lib/whatsapp/broadcast-address.test.ts > resolveBroadcastAddress > falls back to the BSUID when no number exists anywhere 0ms
 Ô£ô src/lib/whatsapp/broadcast-address.test.ts > resolveBroadcastAddress > falls back to a bare numeric Meta id 0ms
 Ô£ô src/lib/whatsapp/broadcast-address.test.ts > resolveBroadcastAddress > never uses a bare @handle as the destination 0ms
 Ô£ô src/lib/whatsapp/broadcast-address.test.ts > resolveBroadcastAddress > sends to the numerical Meta id recovered from the inbound message 0ms
 Ô£ô src/lib/whatsapp/broadcast-address.test.ts > resolveBroadcastAddress > accepts a namespaced id recovered from the inbound message 0ms
 Ô£ô src/lib/whatsapp/broadcast-address.test.ts > resolveBroadcastAddress > prefers a real number recovered over the contact row identifiers 0ms
 Ô£ô src/lib/whatsapp/broadcast-address.test.ts > resolveBroadcastAddress > is null when neither the row nor the history yields a number (tier D) 0ms
 Ô£ô src/lib/whatsapp/broadcast-address.test.ts > resolveBroadcastAddress > never sends to a placeholder 0ms
 Ô£ô src/lib/whatsapp/broadcast-address.test.ts > resolveBroadcastAddress > prefers a real number over an identifier on the same row 0ms
 Ô£ô src/lib/whatsapp/broadcast-address.test.ts > resolveBroadcastAddress > prefers wa_id over the BSUID 0ms
 Ô£ô src/lib/whatsapp/broadcast-address.test.ts > resolveBroadcastAddress > uses a number recovered from the contact own history 0ms
 Ô£ô src/lib/whatsapp/broadcast-address.test.ts > resolveBroadcastAddress > reports no address when the row holds nothing usable 0ms
 Ô£ô src/lib/whatsapp/broadcast-address.test.ts > metaIdFromRawPayload > reads the message-level BSUID when `from` is the placeholder 0ms
 Ô£ô src/lib/whatsapp/broadcast-address.test.ts > metaIdFromRawPayload > reads the contact-level BSUID when the message omits it 0ms
 Ô£ô src/lib/whatsapp/broadcast-address.test.ts > metaIdFromRawPayload > reaches an id nested in a full Cloud API entry 0ms
 Ô£ô src/lib/whatsapp/broadcast-address.test.ts > metaIdFromRawPayload > never returns the placeholder, a display name, or a phone_number_id 0ms
 Ô£ô src/lib/whatsapp/broadcast-address.test.ts > recoverContextMessageIds > maps each contact to the newest inbound wamid of its OWN thread 0ms
 Ô£ô src/lib/whatsapp/broadcast-address.test.ts > recoverContextMessageIds > omits contacts that never wrote in rather than inventing an anchor 0ms
 Ô£ô src/lib/whatsapp/broadcast-address.test.ts > recoverContextMessageIds > skips rows with no stored wamid 0ms
 Ô£ô src/lib/whatsapp/broadcast-address.test.ts > recoverContextMessageIds > does no work at all for an empty contact list 0ms
 Ô£ô src/lib/whatsapp/broadcast-address.test.ts > persistRecoveredAddress > writes the recovered number onto contacts.phone 0ms
 Ô£ô src/lib/whatsapp/broadcast-address.test.ts > persistRecoveredAddress > never writes phone_normalized, which Postgres generates 0ms
 Ô£ô src/lib/whatsapp/broadcast-address.test.ts > persistRecoveredAddress > refuses to persist a BSUID into the number column 0ms
 Ô£ô src/lib/whatsapp/broadcast-address.test.ts > persistRecoveredAddress > tolerates a rejected write ´┐¢ the send must still proceed 0ms
 Ô£ô src/lib/whatsapp/broadcast-address.test.ts > resolveRecipientAddresses - the pipeline shared by creation and retry > resolves from the identity columns without reading message history 0ms
 Ô£ô src/lib/whatsapp/broadcast-address.test.ts > resolveRecipientAddresses - the pipeline shared by creation and retry > falls back to the inbound history when the columns yield nothing 0ms
 Ô£ô src/lib/whatsapp/broadcast-address.test.ts > resolveRecipientAddresses - the pipeline shared by creation and retry > returns null rather than an undeliverable address 0ms
 Ô£ô src/lib/whatsapp/broadcast-address.test.ts > resolveRecipientAddresses - the pipeline shared by creation and retry > prefers a stored id over a recovered one 0ms
 Ô£ô src/lib/whatsapp/broadcast-address.test.ts > resolveRecipientAddresses - the pipeline shared by creation and retry > skips contacts with no id instead of reading an unscoped thread 0ms
 ├ù src/lib/whatsapp/broadcast-address.test.ts > resolveRecipientAddresses - the pipeline shared by creation and retry > classifies destinations: numbers and numeric opaque ids yes, namespaced ids and handles no 6ms
   ÔåÆ expected true to be false // Object.is equality
stdout | src/lib/whatsapp/meta-api.media.test.ts > sendMediaMessage ÔÇö recipient addressing > puts a numeric opaque wa_id in `to` (CASO B)
[OUTBOUND WHATSAPP] { messages: [ { id: 'wamid.TEST' } ] }

 Ô£ô src/lib/whatsapp/template-lifecycle.test.ts > submitMessageTemplate > POSTs to /{wabaId}/message_templates with the payload as JSON 22ms
 Ô£ô src/lib/whatsapp/template-lifecycle.test.ts > submitMessageTemplate > throws Meta's error message on non-OK responses 3ms
 Ô£ô src/lib/whatsapp/template-lifecycle.test.ts > submitMessageTemplate > throws if Meta accepts but returns no id (data integrity guard) 1ms
 Ô£ô src/lib/whatsapp/template-lifecycle.test.ts > editMessageTemplate > POSTs to /{templateId} with only `components` in the body by default 1ms
 Ô£ô src/lib/whatsapp/template-lifecycle.test.ts > editMessageTemplate > includes `category` when provided 0ms
 Ô£ô src/lib/whatsapp/template-lifecycle.test.ts > editMessageTemplate > returns success:true on Meta success 0ms
 Ô£ô src/lib/whatsapp/template-lifecycle.test.ts > editMessageTemplate > treats { success: false } as failure 1ms
 Ô£ô src/lib/whatsapp/template-lifecycle.test.ts > deleteMessageTemplate > DELETEs with name only when no metaTemplateId is given 0ms
 Ô£ô src/lib/whatsapp/template-lifecycle.test.ts > deleteMessageTemplate > scopes to one language variant by including hsm_id 0ms
 Ô£ô src/lib/whatsapp/template-lifecycle.test.ts > deleteMessageTemplate > treats 404 as a no-op (template already gone on Meta) 1ms
 Ô£ô src/lib/whatsapp/template-lifecycle.test.ts > deleteMessageTemplate > throws on non-404 errors 1ms
stdout | src/lib/whatsapp/meta-api.media.test.ts > sendMediaMessage ÔÇö recipient addressing > REFUSES a CO./WAID. namespaced BSUID ÔÇö identity, never a destination
===> [DEBUG META PAYLOAD] TO: undefined TYPE: undefined
[META_PAYLOAD_ENVIADO] {
  "messaging_product": "whatsapp",
  "recipient_type": "individual",
  "recipient": "CO.1486998326437295",
  "type": "document",
  "document": {
    "link": "https://cdn.example.com/file"
  }
}

 Ô£ô src/lib/whatsapp/registration.test.ts > registerPhoneNumber > POSTs to /{phone_number_id}/register with messaging_product + pin 22ms
 Ô£ô src/lib/whatsapp/registration.test.ts > registerPhoneNumber > treats "already registered" as success (idempotent re-save) 1ms
 Ô£ô src/lib/whatsapp/registration.test.ts > registerPhoneNumber > surfaces Meta's PIN-required error verbatim so the UI can show it 2ms
 Ô£ô src/lib/whatsapp/registration.test.ts > registerPhoneNumber > surfaces generic Meta errors as throw 1ms
 Ô£ô src/lib/whatsapp/registration.test.ts > subscribeWabaToApp > POSTs to /{waba_id}/subscribed_apps with bearer token 0ms
 Ô£ô src/lib/whatsapp/registration.test.ts > subscribeWabaToApp > throws on non-OK 2ms
 Ô£ô src/lib/whatsapp/registration.test.ts > getSubscribedApps > returns the list of subscribed apps 1ms
 Ô£ô src/lib/whatsapp/registration.test.ts > getSubscribedApps > returns empty array when Meta returns no data field 0ms
 Ô£ô src/lib/whatsapp/registration.test.ts > getSubscribedApps > throws on non-OK 1ms
stdout | src/lib/whatsapp/meta-api.media.test.ts > sendMediaMessage ÔÇö recipient addressing > REFUSES a CO./WAID. namespaced BSUID ÔÇö identity, never a destination
[OUTBOUND WHATSAPP] { messages: [ { id: 'wamid.TEST' } ] }

stdout | src/lib/whatsapp/follow-up-worker.test.ts > scheduleFollowUp > is MANUAL-ONLY: a non-forced (automatic) call never arms Timer 1
[follow-up] automatic 10m stage skipped for conversation conv-1 ÔÇö Timer 1 is manual-only (arm via "+ Programar").

stdout | src/app/api/whatsapp/follow-ups/route.test.ts > POST /api/whatsapp/follow-ups ÔÇö custom minutes > schedules at exactly now + N minutes, inferred as the 10m stage
[follow-up] user-1 scheduled a manual 10m reminder for conversation conv-1 in 7 min (row fu-1).

stdout | src/lib/whatsapp/meta-api.media.test.ts > sendMediaMessage ÔÇö recipient addressing > drops an `@user` / `@lid` routing suffix before addressing
===> [DEBUG META PAYLOAD] TO: 1486998326437295 TYPE: string
[META_PAYLOAD_ENVIADO] {
  "messaging_product": "whatsapp",
  "recipient_type": "individual",
  "to": "1486998326437295",
  "type": "image",
  "image": {
    "link": "https://cdn.example.com/file"
  }
}

stdout | src/lib/whatsapp/follow-up-worker.test.ts > scheduleFollowUp > arms a pending follow-up due exactly 10 minutes out (force = the manual scheduler)
[follow-up] scheduled 10m follow-up fu-1 for conversation conv-1 in 600s.

stdout | src/app/api/whatsapp/follow-ups/route.test.ts > POST /api/whatsapp/follow-ups ÔÇö custom minutes > treats ÔëÑ 24 h as the 24h stage
[follow-up] user-1 scheduled a manual 24h reminder for conversation conv-1 in 1440 min (row fu-1).

stdout | src/lib/whatsapp/meta-api.media.test.ts > sendMediaMessage ÔÇö recipient addressing > drops an `@user` / `@lid` routing suffix before addressing
[OUTBOUND WHATSAPP] { messages: [ { id: 'wamid.TEST' } ] }

stdout | src/lib/whatsapp/follow-up-worker.test.ts > scheduleFollowUp > refuses to schedule when the contact already had its one follow-up of that type (force does NOT bypass the historic limit)
[follow-up] contact contact-1 already had the 10m follow-up ÔÇö refusing to schedule another of that type.

stdout | src/app/api/whatsapp/follow-ups/route.test.ts > POST /api/whatsapp/follow-ups ÔÇö custom minutes > clamps out-of-range values
[follow-up] user-1 scheduled a manual 24h reminder for conversation conv-1 in 10080 min (row fu-1).

stdout | src/lib/whatsapp/follow-up-worker.test.ts > scheduleFollowUp > allows the 24h stage even after the 10m was already delivered (per-type limit)
[follow-up] scheduled 24h follow-up fu-2 for conversation conv-1 in 86400s.

stdout | src/lib/whatsapp/follow-up-worker.test.ts > scheduleFollowUp > refuses to schedule when the account-wide switch is OFF (force still respects it)
[follow-up] reminders disabled for conversation conv-1 ÔÇö not scheduling the 10m stage.

stdout | src/lib/whatsapp/follow-up-worker.test.ts > scheduleFollowUp > refuses to schedule when the chat override is OFF (force still respects it)
[follow-up] reminders disabled for conversation conv-1 ÔÇö not scheduling the 10m stage.

stdout | src/app/api/whatsapp/follow-ups/route.test.ts > POST /api/whatsapp/follow-ups ÔÇö custom minutes > schedules for a contact with no public @handle (phone-only)
[follow-up] user-1 scheduled a manual 10m reminder for conversation conv-1 in 5 min (row fu-1).

stdout | src/lib/whatsapp/follow-up-worker.test.ts > scheduleFollowUp > refuses to schedule when the same conversation already has a pending one (force does NOT bypass duplicate-pending)
[follow-up] conversation conv-1 already has a pending follow-up ÔÇö not scheduling another.

 Ô£ô src/lib/whatsapp/meta-api.media.test.ts > sendMediaMessage ÔÇö payload shape > sends image with a caption and no filename 5ms
 Ô£ô src/lib/whatsapp/meta-api.media.test.ts > sendMediaMessage ÔÇö payload shape > sends document with both caption and filename 1ms
 Ô£ô src/lib/whatsapp/meta-api.media.test.ts > sendMediaMessage ÔÇö payload shape > sends audio with NO caption and NO filename (Meta rejects both) 1ms
 Ô£ô src/lib/whatsapp/meta-api.media.test.ts > sendMediaMessage ÔÇö payload shape > throws when no link is provided 1ms
 Ô£ô src/lib/whatsapp/meta-api.media.test.ts > sendMediaMessage ÔÇö recipient addressing > puts an E.164 number in `to` as bare digits 1ms
 Ô£ô src/lib/whatsapp/meta-api.media.test.ts > sendMediaMessage ÔÇö recipient addressing > puts a numeric opaque wa_id in `to` (CASO B) 1ms
 ├ù src/lib/whatsapp/meta-api.media.test.ts > sendMediaMessage ÔÇö recipient addressing > REFUSES a CO./WAID. namespaced BSUID ÔÇö identity, never a destination 6ms
   ÔåÆ promise resolved "{ messageId: 'wamid.TEST' }" instead of rejecting
 Ô£ô src/lib/whatsapp/meta-api.media.test.ts > sendMediaMessage ÔÇö recipient addressing > drops an `@user` / `@lid` routing suffix before addressing 1ms
 Ô£ô src/lib/whatsapp/meta-api.media.test.ts > sendMediaMessage ÔÇö recipient addressing > NEVER sends a handle ÔÇö ESCENARIO C refuses before the wire 1ms
 Ô£ô src/lib/whatsapp/meta-api.media.test.ts > sendMediaMessage ÔÇö recipient addressing > refuses a placeholder recipient without sending a request 1ms
 Ô£ô src/lib/whatsapp/meta-api.media.test.ts > sendMediaMessage ÔÇö recipient addressing > refuses an empty recipient without sending a request 0ms
stderr | src/lib/whatsapp/meta-api.media.test.ts > sendMediaMessage ÔÇö recipient addressing > refuses a placeholder 
recipient without sending a request
[send] blocked: media recipient could not be resolved, no HTTP request was made to Meta.

stderr | src/app/api/whatsapp/follow-ups/route.test.ts > POST /api/whatsapp/follow-ups ÔÇö custom minutes > surfaces a 
false schedule result instead of pretending success
[follow-up] schedule FAILED for conversation conv-1 (type=10m, delay=5m): error

stderr | src/lib/whatsapp/meta-api.media.test.ts > sendMediaMessage ÔÇö recipient addressing > refuses an empty 
recipient without sending a request
[send] blocked: media recipient could not be resolved, no HTTP request was made to Meta.

stderr | src/app/api/whatsapp/follow-ups/route.test.ts > POST /api/whatsapp/follow-ups ÔÇö custom minutes > refuses to 
schedule while the per-chat switch is OFF
[follow-up] schedule refused for conversation conv-1: the per-chat switch is OFF.

stdout | src/app/api/whatsapp/follow-ups/route.test.ts > POST /api/whatsapp/follow-ups ÔÇö Timer 2 (wait reply) > wait_schedule arms the timer for EXACTLY the typed minutes
[RESET BUTTON] Scheduling timer for conversation conv-1 -> New due_at: 2026-10-06T12:05:00.000Z

stderr | src/lib/whatsapp/follow-up-worker.test.ts > scheduleFollowUp > never throws when the database is unavailable 
(missing follow_ups table)
[follow-up] scheduleFollowUp threw for conversation conv-1: relation "public.follow_ups" does not exist

stdout | src/app/api/whatsapp/follow-ups/route.test.ts > POST /api/whatsapp/follow-ups ÔÇö Timer 2 (wait reply) > wait_reset cancels the old countdown and re-arms from the box value
[RESET BUTTON] Resetting timer for conversation conv-1 -> New due_at: 2026-10-06T12:05:00.000Z

stdout | src/lib/whatsapp/follow-up-worker.test.ts > scheduleManualFollowUp > schedules the EXACT typed delay, bypassing the automatic historic budget
[follow-up] manual 10m reminder fu-2 scheduled for conversation conv-1 in 60s.

stdout | src/app/api/whatsapp/follow-ups/route.test.ts > POST /api/whatsapp/follow-ups ÔÇö Timer 2 (wait reply) > clamps out-of-range values to the max
[RESET BUTTON] Scheduling timer for conversation conv-1 -> New due_at: 2026-10-06T12:05:00.000Z

stdout | src/lib/whatsapp/follow-up-worker.test.ts > scheduleManualFollowUp > moves the existing pending row instead of stacking a duplicate
[follow-up] manual reminder for conversation conv-1 moved to 2026-10-06T12:01:00.000Z.

stdout | src/lib/whatsapp/follow-up-worker.test.ts > scheduleResponseWaitTimer > arms the wait timer for EXACTLY now + N minutes
[response-wait] timer wait-1 armed for conversation conv-1 ÔåÆ 2026-10-06T12:05:00.000Z (5 min).

stdout | src/lib/whatsapp/follow-up-worker.test.ts > scheduleResponseWaitTimer > re-arms the SAME active row (no stacking, no duplicates)
[response-wait] timer wait-1 re-armed for conversation conv-1 ÔåÆ 2026-10-06T12:05:00.000Z (3 min).

 Ô£ô src/app/api/whatsapp/follow-ups/route.test.ts > POST /api/whatsapp/follow-ups ÔÇö custom minutes > schedules at exactly now + N minutes, inferred as the 10m stage 9ms
 Ô£ô src/app/api/whatsapp/follow-ups/route.test.ts > POST /api/whatsapp/follow-ups ÔÇö custom minutes > treats ÔëÑ 24 h as the 24h stage 1ms
 Ô£ô src/app/api/whatsapp/follow-ups/route.test.ts > POST /api/whatsapp/follow-ups ÔÇö custom minutes > clamps out-of-range values 1ms
 Ô£ô src/app/api/whatsapp/follow-ups/route.test.ts > POST /api/whatsapp/follow-ups ÔÇö custom minutes > surfaces a false schedule result instead of pretending success 1ms
 Ô£ô src/app/api/whatsapp/follow-ups/route.test.ts > POST /api/whatsapp/follow-ups ÔÇö custom minutes > refuses to schedule while the per-chat switch is OFF 1ms
 Ô£ô src/app/api/whatsapp/follow-ups/route.test.ts > POST /api/whatsapp/follow-ups ÔÇö custom minutes > schedules for a contact with no public @handle (phone-only) 1ms
 Ô£ô src/app/api/whatsapp/follow-ups/route.test.ts > POST /api/whatsapp/follow-ups ÔÇö inline toggle > clears the queue when the per-chat switch is turned off 1ms
 Ô£ô src/app/api/whatsapp/follow-ups/route.test.ts > POST /api/whatsapp/follow-ups ÔÇö inline toggle > does not touch the queue when the switch is turned on 0ms
 Ô£ô src/app/api/whatsapp/follow-ups/route.test.ts > POST /api/whatsapp/follow-ups ÔÇö Timer 2 (wait reply) > wait_schedule arms the timer for EXACTLY the typed minutes 1ms
 Ô£ô src/app/api/whatsapp/follow-ups/route.test.ts > POST /api/whatsapp/follow-ups ÔÇö Timer 2 (wait reply) > wait_reset cancels the old countdown and re-arms from the box value 1ms
 Ô£ô src/app/api/whatsapp/follow-ups/route.test.ts > POST /api/whatsapp/follow-ups ÔÇö Timer 2 (wait reply) > wait_enabled OFF cancels the active timer and persists the switch 1ms
 Ô£ô src/app/api/whatsapp/follow-ups/route.test.ts > POST /api/whatsapp/follow-ups ÔÇö Timer 2 (wait reply) > wait_enabled ON persists the switch WITHOUT arming a timer 0ms
 Ô£ô src/app/api/whatsapp/follow-ups/route.test.ts > POST /api/whatsapp/follow-ups ÔÇö Timer 2 (wait reply) > rejects a malformed wait_enabled body 0ms
 Ô£ô src/app/api/whatsapp/follow-ups/route.test.ts > POST /api/whatsapp/follow-ups ÔÇö Timer 2 (wait reply) > clamps out-of-range values to the max 0ms
 Ô£ô src/app/api/whatsapp/follow-ups/route.test.ts > POST /api/whatsapp/follow-ups ÔÇö Timer 2 (wait reply) > rejects a missing or malformed delay_minutes 0ms
 Ô£ô src/app/api/whatsapp/follow-ups/route.test.ts > POST /api/whatsapp/follow-ups ÔÇö Timer 2 (wait reply) > wait_cancel cancels the active timer for the thread (reason: manual) 0ms
 Ô£ô src/app/api/whatsapp/follow-ups/route.test.ts > GET /api/whatsapp/follow-ups ÔÇö one-shot outcome state > returns the last terminal wait row (completed ÔåÆ "Acci├│n ejecutada") 1ms
 Ô£ô src/app/api/whatsapp/follow-ups/route.test.ts > GET /api/whatsapp/follow-ups ÔÇö one-shot outcome state > flags a reply-cancelled wait ("Cliente respondi├│") via cancelled_reason 0ms
 Ô£ô src/app/api/whatsapp/follow-ups/route.test.ts > GET /api/whatsapp/follow-ups ÔÇö one-shot outcome state > degrades to a legacy outcome read when migration 065 is not applied 1ms
 Ô£ô src/app/api/whatsapp/follow-ups/route.test.ts > GET /api/whatsapp/follow-ups ÔÇö one-shot outcome state > keeps the active timer visible and the outcome empty while waiting 0ms
 Ô£ô src/app/api/whatsapp/follow-ups/route.test.ts > GET /api/whatsapp/follow-ups ÔÇö per-chat persistence (read-only recovery) > derives the true remainder from the last OUTBOUND message when no active row exists 0ms
 Ô£ô src/app/api/whatsapp/follow-ups/route.test.ts > GET /api/whatsapp/follow-ups ÔÇö per-chat persistence (read-only recovery) > falls back to the default delay when the chat never ran Timer 2 0ms
 Ô£ô src/app/api/whatsapp/follow-ups/route.test.ts > GET /api/whatsapp/follow-ups ÔÇö per-chat persistence (read-only recovery) > derives nothing while the customer is the last writer (they already replied) 0ms
 Ô£ô src/app/api/whatsapp/follow-ups/route.test.ts > GET /api/whatsapp/follow-ups ÔÇö per-chat persistence (read-only recovery) > derives nothing when the anchor already elapsed (nothing left to count) 0ms
 Ô£ô src/app/api/whatsapp/follow-ups/route.test.ts > GET /api/whatsapp/follow-ups ÔÇö per-chat persistence (read-only recovery) > derives nothing while the "Esperar respuesta" switch is OFF 0ms
 Ô£ô src/app/api/whatsapp/follow-ups/route.test.ts > GET /api/whatsapp/follow-ups ÔÇö per-chat persistence (read-only recovery) > lets an ACTIVE row win over the derived anchor (single source of truth) 0ms
 Ô£ô src/app/api/whatsapp/follow-ups/route.test.ts > GET /api/whatsapp/follow-ups ÔÇö per-chat persistence (read-only recovery) > reports the server wall clock so remainders run on SERVER time 0ms
stdout | src/lib/whatsapp/follow-up-worker.test.ts > scheduleResponseWaitTimer > is strictly per-conversation: arming Chat A never touches Chat B
[response-wait] timer wait-2 armed for conversation conv-1 ÔåÆ 2026-10-06T12:01:00.000Z (1 min).

stdout | src/lib/whatsapp/follow-up-worker.test.ts > cancelResponseWaitTimers > cancels every ACTIVE wait timer of the conversation
[response-wait] cancelled active timers for conversation conv-1 (reason: inbound).

stdout | src/lib/whatsapp/follow-up-worker.test.ts > cancelResponseWaitTimers > records WHY it was cancelled (default: inbound ÔÇö the customer replied)
[response-wait] cancelled active timers for conversation conv-1 (reason: inbound).

stderr | src/lib/calendar.test.ts > agendar_cita > registra la cita localmente y responde aunque Google Calendar falle 
(insert reject)
[calendar] events.insert failed (timeout o error de API): Error: Calendar API down
    at C:/Users/edsro/Desktop/CMR/wacrm/src/lib/calendar.test.ts:292:32
    at file:///C:/Users/edsro/Desktop/CMR/wacrm/node_modules/@vitest/runner/dist/chunk-artifact.js:302:11
    at file:///C:/Users/edsro/Desktop/CMR/wacrm/node_modules/@vitest/runner/dist/chunk-artifact.js:1903:26
    at file:///C:/Users/edsro/Desktop/CMR/wacrm/node_modules/@vitest/runner/dist/chunk-artifact.js:2326:20
    at new Promise (<anonymous>)
    at runWithCancel 
(file:///C:/Users/edsro/Desktop/CMR/wacrm/node_modules/@vitest/runner/dist/chunk-artifact.js:2323:10)
    at file:///C:/Users/edsro/Desktop/CMR/wacrm/node_modules/@vitest/runner/dist/chunk-artifact.js:2305:20
    at new Promise (<anonymous>)
    at runWithTimeout 
(file:///C:/Users/edsro/Desktop/CMR/wacrm/node_modules/@vitest/runner/dist/chunk-artifact.js:2272:10)
    at file:///C:/Users/edsro/Desktop/CMR/wacrm/node_modules/@vitest/runner/dist/chunk-artifact.js:2955:64

stdout | src/lib/whatsapp/follow-up-worker.test.ts > cancelResponseWaitTimers > embeds the given reason (manual ÔåÆ agent cancellation)
[response-wait] cancelled active timers for conversation conv-1 (reason: manual).

stderr | src/lib/calendar.test.ts > agendar_cita > registra la cita localmente y responde aunque Google Calendar falle 
(insert reject)
[gmail] no config ÔÇö confirmation email skipped.

stdout | src/lib/whatsapp/follow-up-worker.test.ts > armResponseWaitIfIdle ÔÇö auto-start on send > re-arms with the chat's LAST-USED minutes after the reply cancelled it
[response-wait] auto-armed timer wait-2 for conversation conv-1 ÔåÆ 2026-10-06T12:02:00.000Z (2 min).

stdout | src/lib/whatsapp/follow-up-worker.test.ts > armResponseWaitIfIdle ÔÇö auto-start on send > defaults to 10 minutes for a chat that never used Timer 2
[response-wait] auto-armed timer wait-1 for conversation conv-1 ÔåÆ 2026-10-06T12:10:00.000Z (10 min).

stdout | src/lib/whatsapp/follow-up-worker.test.ts > armResponseWaitIfIdle ÔÇö auto-start on send > is a strict no-op while the "Esperar respuesta" switch is OFF
[response-wait] auto-arm skipped for conversation conv-1 ÔÇö "Esperar respuesta" switch is OFF.

stdout | src/lib/whatsapp/follow-up-worker.test.ts > cancelPendingFollowUps > marks pending follow-ups of the conversation as cancelled
[follow-up] cancelled pending follow-ups for conversation conv-1.

stderr | src/lib/whatsapp/follow-up-worker.test.ts > runDueFollowUps > sends a generated reminder and marks the 
follow-up completed
[follow-up] stale-claim reclaim on follow_ups threw: db.from(...).update(...).eq(...).lt is not a function

stderr | src/lib/whatsapp/follow-up-worker.test.ts > runDueFollowUps > sends a generated reminder and marks the 
follow-up completed
[follow-up] stale-claim reclaim on response_wait_timers threw: db.from(...).update(...).eq(...).lt is not a function

stdout | src/lib/whatsapp/follow-up-worker.test.ts > runDueFollowUps > sends a generated reminder and marks the follow-up completed
[follow-up] runner found 1 due follow-up(s) to dispatch.

stderr | src/lib/calendar.test.ts > agendar_cita > never aborts when the CRM insert throws ÔÇö the booking 
confirmation still ships
[calendar] citas insert threw: Error: connection reset
    at Object.insert (C:/Users/edsro/Desktop/CMR/wacrm/src/lib/calendar.test.ts:449:23)
    at Module.agendar_cita (C:/Users/edsro/Desktop/CMR/wacrm/src/lib/calendar.ts:978:8)
    at processTicksAndRejections (node:internal/process/task_queues:104:5)
    at C:/Users/edsro/Desktop/CMR/wacrm/src/lib/calendar.test.ts:454:17
    at file:///C:/Users/edsro/Desktop/CMR/wacrm/node_modules/@vitest/runner/dist/chunk-artifact.js:1903:20

stdout | src/lib/whatsapp/follow-up-worker.test.ts > runDueFollowUps > sends a generated reminder and marks the follow-up completed
[follow-up] dispatching follow-up fu-1 for conversation conv-1 (contact contact-1).
[TIMER EXPIRED] Processing conversation_id: conv-1
[TIMER 00:00 EXECUTE] Type: follow_up | Conversation: conv-1

stdout | src/lib/whatsapp/follow-up-worker.test.ts > runDueFollowUps > sends a generated reminder and marks the follow-up completed
[follow-up] destination for conversation conv-1 resolved via resolveRecipient: 573001234567.
[TIMER RECIPIENT] Target phone resolved: 573001234567
[TIMER RECIPIENT RESOLVED] Target: 573001234567
[TIMER PARAMETERS] Phone: 573001234567, RecipientID: n/a

stdout | src/lib/whatsapp/follow-up-worker.test.ts > runDueFollowUps > sends a generated reminder and marks the follow-up completed
[FOLLOW-UP EXEC] Message text generated for conversation conv-1: "┬┐Qued├│ todo claro? Av├¡same si necesitas algo m├ís."
[TIMER CENTRAL SEND] Calling central send function (sendMessageToConversation) for conversation conv-1...

stderr | src/lib/calendar.test.ts > reagendar_cita ÔÇö rescheduling guarantees > moves the existing event and never 
creates one
[gmail] no config ÔÇö confirmation email skipped.

stdout | src/lib/whatsapp/follow-up-worker.test.ts > runDueFollowUps > sends a generated reminder and marks the follow-up completed
[follow-up] follow-up delivered by the shared send core for conversation conv-1 (destination: 573001234567, wamid: wamid-fu).
[FOLLOW-UP META] Response from Meta API for conversation conv-1: accepted (2xx), wamid wamid-fu.
[FOLLOW-UP DB] Message stored in DB: msg-fu (conversation conv-1, wamid wamid-fu).
[TIMER META RESULT] Success status: 2xx, wamid: wamid-fu

stdout | src/lib/whatsapp/follow-up-worker.test.ts > runDueFollowUps > sends a generated reminder and marks the follow-up completed
[follow-up] follow-up fu-1 completed ÔÇö reminder delivered for conversation conv-1.
[follow-up] automatic 24h stage skipped for conversation conv-1 ÔÇö Timer 1 is manual-only (arm via "+ Programar").

stderr | src/lib/whatsapp/follow-up-worker.test.ts > runDueFollowUps > cancels instead of sending when the customer 
replied AFTER it was scheduled
[follow-up] stale-claim reclaim on follow_ups threw: db.from(...).update(...).eq(...).lt is not a function

stderr | src/lib/whatsapp/follow-up-worker.test.ts > runDueFollowUps > cancels instead of sending when the customer 
replied AFTER it was scheduled
[follow-up] stale-claim reclaim on response_wait_timers threw: db.from(...).update(...).eq(...).lt is not a function

stdout | src/lib/whatsapp/follow-up-worker.test.ts > runDueFollowUps > cancels instead of sending when the customer replied AFTER it was scheduled
[follow-up] runner found 1 due follow-up(s) to dispatch.

stdout | src/lib/whatsapp/follow-up-worker.test.ts > runDueFollowUps > cancels instead of sending when the customer replied AFTER it was scheduled
[follow-up] dispatching follow-up fu-1 for conversation conv-1 (contact contact-1).
[TIMER EXPIRED] Processing conversation_id: conv-1
[TIMER 00:00 EXECUTE] Type: follow_up | Conversation: conv-1

stdout | src/lib/whatsapp/follow-up-worker.test.ts > runDueFollowUps > cancels instead of sending when the customer replied AFTER it was scheduled
[follow-up] follow-up fu-1 cancelled (customer replied before the 10m window closed).

stderr | src/lib/whatsapp/follow-up-worker.test.ts > runDueFollowUps > sends a MANUAL timer even when the customer 
message is the last one (reply predates scheduling)
[follow-up] stale-claim reclaim on follow_ups threw: db.from(...).update(...).eq(...).lt is not a function

stderr | src/lib/calendar.test.ts > reagendar_cita ÔÇö rescheduling guarantees > resolves the active cita from the 
contact when no idCita is given
[gmail] no config ÔÇö confirmation email skipped.

stderr | src/lib/whatsapp/follow-up-worker.test.ts > runDueFollowUps > sends a MANUAL timer even when the customer 
message is the last one (reply predates scheduling)
[follow-up] stale-claim reclaim on response_wait_timers threw: db.from(...).update(...).eq(...).lt is not a function

stdout | src/lib/whatsapp/follow-up-worker.test.ts > runDueFollowUps > sends a MANUAL timer even when the customer message is the last one (reply predates scheduling)
[follow-up] runner found 1 due follow-up(s) to dispatch.

stdout | src/lib/whatsapp/follow-up-worker.test.ts > runDueFollowUps > sends a MANUAL timer even when the customer message is the last one (reply predates scheduling)
[follow-up] dispatching follow-up fu-1 for conversation conv-1 (contact contact-1).
[TIMER EXPIRED] Processing conversation_id: conv-1
[TIMER 00:00 EXECUTE] Type: follow_up | Conversation: conv-1

stdout | src/lib/whatsapp/follow-up-worker.test.ts > runDueFollowUps > sends a MANUAL timer even when the customer message is the last one (reply predates scheduling)
[follow-up] destination for conversation conv-1 resolved via resolveRecipient: 573001234567.
[TIMER RECIPIENT] Target phone resolved: 573001234567
[TIMER RECIPIENT RESOLVED] Target: 573001234567
[TIMER PARAMETERS] Phone: 573001234567, RecipientID: n/a

stderr | src/lib/calendar.test.ts > reagendar_cita ÔÇö rescheduling guarantees > preserves the customer data on the 
moved event
[gmail] no config ÔÇö confirmation email skipped.

stdout | src/lib/whatsapp/follow-up-worker.test.ts > runDueFollowUps > sends a MANUAL timer even when the customer message is the last one (reply predates scheduling)
[FOLLOW-UP EXEC] Message text generated for conversation conv-1: "┬┐Qued├│ todo claro? Av├¡same si necesitas algo m├ís."
[TIMER CENTRAL SEND] Calling central send function (sendMessageToConversation) for conversation conv-1...

stdout | src/lib/whatsapp/follow-up-worker.test.ts > runDueFollowUps > sends a MANUAL timer even when the customer message is the last one (reply predates scheduling)
[follow-up] follow-up delivered by the shared send core for conversation conv-1 (destination: 573001234567, wamid: wamid-fu).
[FOLLOW-UP META] Response from Meta API for conversation conv-1: accepted (2xx), wamid wamid-fu.
[FOLLOW-UP DB] Message stored in DB: msg-fu (conversation conv-1, wamid wamid-fu).
[TIMER META RESULT] Success status: 2xx, wamid: wamid-fu

stdout | src/lib/whatsapp/follow-up-worker.test.ts > runDueFollowUps > sends a MANUAL timer even when the customer message is the last one (reply predates scheduling)
[follow-up] follow-up fu-1 completed ÔÇö reminder delivered for conversation conv-1.
[follow-up] automatic 24h stage skipped for conversation conv-1 ÔÇö Timer 1 is manual-only (arm via "+ Programar").

stdout | src/lib/whatsapp/follow-up-worker.test.ts > runDueFollowUps > fires a manually scheduled 1-minute timer exactly once at T+1min
[follow-up] manual 10m reminder fu-1 scheduled for conversation conv-1 in 60s.

stderr | src/lib/calendar.test.ts > reagendar_cita ÔÇö rescheduling guarantees > persists the new slot and the NEW 
meeting link
[gmail] no config ÔÇö confirmation email skipped.

stderr | src/lib/whatsapp/follow-up-worker.test.ts > runDueFollowUps > fires a manually scheduled 1-minute timer 
exactly once at T+1min
[follow-up] stale-claim reclaim on follow_ups threw: db.from(...).update(...).eq(...).lt is not a function

stderr | src/lib/calendar.test.ts > reagendar_cita ÔÇö rescheduling guarantees > confirms only the link the provider 
returned, and reports exito
[gmail] no config ÔÇö confirmation email skipped.

stderr | src/lib/whatsapp/follow-up-worker.test.ts > runDueFollowUps > fires a manually scheduled 1-minute timer 
exactly once at T+1min
[follow-up] stale-claim reclaim on response_wait_timers threw: db.from(...).update(...).eq(...).lt is not a function

stderr | src/lib/calendar.test.ts > reagendar_cita ÔÇö rescheduling guarantees > does NOT confirm when the provider 
rejects the move
[calendar] events.patch failed: Error: 409 conflict
    at C:/Users/edsro/Desktop/CMR/wacrm/src/lib/calendar.test.ts:875:31
    at file:///C:/Users/edsro/Desktop/CMR/wacrm/node_modules/@vitest/runner/dist/chunk-artifact.js:302:11
    at file:///C:/Users/edsro/Desktop/CMR/wacrm/node_modules/@vitest/runner/dist/chunk-artifact.js:1903:26
    at file:///C:/Users/edsro/Desktop/CMR/wacrm/node_modules/@vitest/runner/dist/chunk-artifact.js:2326:20
    at new Promise (<anonymous>)
    at runWithCancel 
(file:///C:/Users/edsro/Desktop/CMR/wacrm/node_modules/@vitest/runner/dist/chunk-artifact.js:2323:10)
    at file:///C:/Users/edsro/Desktop/CMR/wacrm/node_modules/@vitest/runner/dist/chunk-artifact.js:2305:20
    at new Promise (<anonymous>)
    at runWithTimeout 
(file:///C:/Users/edsro/Desktop/CMR/wacrm/node_modules/@vitest/runner/dist/chunk-artifact.js:2272:10)
    at file:///C:/Users/edsro/Desktop/CMR/wacrm/node_modules/@vitest/runner/dist/chunk-artifact.js:2955:64

stderr | src/lib/whatsapp/follow-up-worker.test.ts > runDueFollowUps > fires a manually scheduled 1-minute timer 
exactly once at T+1min
[follow-up] stale-claim reclaim on follow_ups threw: db.from(...).update(...).eq(...).lt is not a function

stdout | src/lib/contacts/merge.test.ts > mergeContactInto > absorbs the BSUID onto the survivor and deletes the orphan
[contact-merge] merged contact c-orphan into c-real (matched on wa_user_id): 0 conversation(s), 0 message(s), absorbed [wa_user_id]

stderr | src/lib/calendar.test.ts > reagendar_cita ÔÇö rescheduling guarantees > reports calendarSynced:false when 
there is no remote event to move
[gmail] no config ÔÇö confirmation email skipped.

stderr | src/lib/whatsapp/follow-up-worker.test.ts > runDueFollowUps > fires a manually scheduled 1-minute timer 
exactly once at T+1min
[follow-up] stale-claim reclaim on response_wait_timers threw: db.from(...).update(...).eq(...).lt is not a function

stdout | src/lib/contacts/merge.test.ts > mergeContactInto > never overwrites a name the operator already chose
[contact-merge] merged contact c-orphan into c-real (matched on wa_user_id): 0 conversation(s), 0 message(s), absorbed [username]

stderr | src/lib/calendar.test.ts > reagendar_cita ÔÇö rescheduling guarantees > keeps the stored link when the 
provider returns none
[gmail] no config ÔÇö confirmation email skipped.

stdout | src/lib/whatsapp/follow-up-worker.test.ts > runDueFollowUps > fires a manually scheduled 1-minute timer exactly once at T+1min
[follow-up] runner found 1 due follow-up(s) to dispatch.

stderr | src/lib/calendar.test.ts > agendar_cita ÔÇö enlace del evento > persists summary, description and attendees 
alongside the link
[gmail] no config ÔÇö confirmation email skipped.

stdout | src/lib/whatsapp/follow-up-worker.test.ts > runDueFollowUps > fires a manually scheduled 1-minute timer exactly once at T+1min
[follow-up] dispatching follow-up fu-1 for conversation conv-1 (contact contact-1).
[TIMER EXPIRED] Processing conversation_id: conv-1
[TIMER 00:00 EXECUTE] Type: follow_up | Conversation: conv-1

stdout | src/lib/contacts/merge.test.ts > mergeContactInto > folds the orphan thread into the survivor when both already have one
[contact-merge] merged contact c-orphan into c-real (matched on wa_user_id): 0 conversation(s), 2 message(s), absorbed [nothing]

stderr | src/lib/calendar.test.ts > agendar_cita ÔÇö enlace del evento > books directly when the freebusy check fails 
(no blocking)
[calendar] agendar freebusy failed ÔÇö booking directly: Error: freebusy down
    at C:/Users/edsro/Desktop/CMR/wacrm/src/lib/calendar.test.ts:1301:34
    at file:///C:/Users/edsro/Desktop/CMR/wacrm/node_modules/@vitest/runner/dist/chunk-artifact.js:302:11
    at file:///C:/Users/edsro/Desktop/CMR/wacrm/node_modules/@vitest/runner/dist/chunk-artifact.js:1903:26
    at file:///C:/Users/edsro/Desktop/CMR/wacrm/node_modules/@vitest/runner/dist/chunk-artifact.js:2326:20
    at new Promise (<anonymous>)
    at runWithCancel 
(file:///C:/Users/edsro/Desktop/CMR/wacrm/node_modules/@vitest/runner/dist/chunk-artifact.js:2323:10)
    at file:///C:/Users/edsro/Desktop/CMR/wacrm/node_modules/@vitest/runner/dist/chunk-artifact.js:2305:20
    at new Promise (<anonymous>)
    at runWithTimeout 
(file:///C:/Users/edsro/Desktop/CMR/wacrm/node_modules/@vitest/runner/dist/chunk-artifact.js:2272:10)
    at file:///C:/Users/edsro/Desktop/CMR/wacrm/node_modules/@vitest/runner/dist/chunk-artifact.js:2955:64

stdout | src/lib/whatsapp/follow-up-worker.test.ts > runDueFollowUps > fires a manually scheduled 1-minute timer exactly once at T+1min
[follow-up] destination for conversation conv-1 resolved via resolveRecipient: 573001234567.
[TIMER RECIPIENT] Target phone resolved: 573001234567
[TIMER RECIPIENT RESOLVED] Target: 573001234567
[TIMER PARAMETERS] Phone: 573001234567, RecipientID: n/a

stdout | src/lib/whatsapp/follow-up-worker.test.ts > runDueFollowUps > fires a manually scheduled 1-minute timer exactly once at T+1min
[FOLLOW-UP EXEC] Message text generated for conversation conv-1: "┬┐Qued├│ todo claro? Av├¡same si necesitas algo m├ís."
[TIMER CENTRAL SEND] Calling central send function (sendMessageToConversation) for conversation conv-1...

stdout | src/lib/contacts/merge.test.ts > mergeContactInto > re-points dependent rows before deleting the orphan
[contact-merge] merged contact c-orphan into c-real (matched on wa_user_id): 0 conversation(s), 0 message(s), absorbed [nothing]

stdout | src/lib/whatsapp/follow-up-worker.test.ts > runDueFollowUps > fires a manually scheduled 1-minute timer exactly once at T+1min
[follow-up] follow-up delivered by the shared send core for conversation conv-1 (destination: 573001234567, wamid: wamid-fu).
[FOLLOW-UP META] Response from Meta API for conversation conv-1: accepted (2xx), wamid wamid-fu.
[FOLLOW-UP DB] Message stored in DB: msg-fu (conversation conv-1, wamid wamid-fu).
[TIMER META RESULT] Success status: 2xx, wamid: wamid-fu

stderr | src/lib/calendar.test.ts > agendar_cita ÔÇö enlace del evento > keeps the mandatory Meet line even in the 
degraded local-only path
[calendar] events.insert failed (timeout o error de API): Error: [calendar] agendar events.insert timed out after 
4000ms
    at C:/Users/edsro/Desktop/CMR/wacrm/src/lib/calendar.ts:686:14
    at callTimer (file:///C:/Users/edsro/Desktop/CMR/wacrm/node_modules/vitest/dist/chunks/test.DNmyFkvJ.js:1773:25)
    at doTickInner (file:///C:/Users/edsro/Desktop/CMR/wacrm/node_modules/vitest/dist/chunks/test.DNmyFkvJ.js:2444:30)
    at doTick (file:///C:/Users/edsro/Desktop/CMR/wacrm/node_modules/vitest/dist/chunks/test.DNmyFkvJ.js:2525:21)
    at Immediate.<anonymous> 
(file:///C:/Users/edsro/Desktop/CMR/wacrm/node_modules/vitest/dist/chunks/test.DNmyFkvJ.js:2546:34)
    at processImmediate (node:internal/timers:534:21)

stdout | src/lib/whatsapp/follow-up-worker.test.ts > runDueFollowUps > fires a manually scheduled 1-minute timer exactly once at T+1min
[follow-up] follow-up fu-1 completed ÔÇö reminder delivered for conversation conv-1.
[follow-up] automatic 24h stage skipped for conversation conv-1 ÔÇö Timer 1 is manual-only (arm via "+ Programar").

stderr | src/lib/whatsapp/follow-up-worker.test.ts > runDueFollowUps > fires a manually scheduled 1-minute timer 
exactly once at T+1min
[follow-up] stale-claim reclaim on follow_ups threw: db.from(...).update(...).eq(...).lt is not a function

stderr | src/lib/whatsapp/follow-up-worker.test.ts > runDueFollowUps > fires a manually scheduled 1-minute timer 
exactly once at T+1min
[follow-up] stale-claim reclaim on response_wait_timers threw: db.from(...).update(...).eq(...).lt is not a function

stderr | src/lib/whatsapp/follow-up-worker.test.ts > runDueFollowUps > cancels instead of sending when the per-chat 
switch is OFF
[follow-up] stale-claim reclaim on follow_ups threw: db.from(...).update(...).eq(...).lt is not a function

stderr | src/lib/whatsapp/follow-up-worker.test.ts > runDueFollowUps > cancels instead of sending when the per-chat 
switch is OFF
[follow-up] stale-claim reclaim on response_wait_timers threw: db.from(...).update(...).eq(...).lt is not a function

stdout | src/lib/whatsapp/follow-up-worker.test.ts > runDueFollowUps > cancels instead of sending when the per-chat switch is OFF
[follow-up] runner found 1 due follow-up(s) to dispatch.

stdout | src/lib/whatsapp/follow-up-worker.test.ts > runDueFollowUps > cancels instead of sending when the per-chat switch is OFF
[follow-up] dispatching follow-up fu-1 for conversation conv-1 (contact contact-1).
[TIMER EXPIRED] Processing conversation_id: conv-1
[TIMER 00:00 EXECUTE] Type: follow_up | Conversation: conv-1

stderr | src/lib/calendar.test.ts > agendar_cita ÔÇö enlace del evento > does not hang when Google never answers ÔÇö 
4s timeout, saves locally and returns success
[calendar] events.insert failed (timeout o error de API): Error: [calendar] agendar events.insert timed out after 
4000ms
    at C:/Users/edsro/Desktop/CMR/wacrm/src/lib/calendar.ts:686:14
    at callTimer (file:///C:/Users/edsro/Desktop/CMR/wacrm/node_modules/vitest/dist/chunks/test.DNmyFkvJ.js:1773:25)
    at doTickInner (file:///C:/Users/edsro/Desktop/CMR/wacrm/node_modules/vitest/dist/chunks/test.DNmyFkvJ.js:2444:30)
    at doTick (file:///C:/Users/edsro/Desktop/CMR/wacrm/node_modules/vitest/dist/chunks/test.DNmyFkvJ.js:2525:21)
    at Immediate.<anonymous> 
(file:///C:/Users/edsro/Desktop/CMR/wacrm/node_modules/vitest/dist/chunks/test.DNmyFkvJ.js:2546:34)
    at processImmediate (node:internal/timers:534:21)

stdout | src/lib/whatsapp/follow-up-worker.test.ts > runDueFollowUps > cancels instead of sending when the per-chat switch is OFF
[follow-up] follow-up fu-1 cancelled (chat switched OFF).

stderr | src/lib/whatsapp/follow-up-worker.test.ts > runDueFollowUps > falls back to a generic reminder when no AI 
config exists
[follow-up] stale-claim reclaim on follow_ups threw: db.from(...).update(...).eq(...).lt is not a function

stderr | src/lib/whatsapp/follow-up-worker.test.ts > runDueFollowUps > falls back to a generic reminder when no AI 
config exists
[follow-up] stale-claim reclaim on response_wait_timers threw: db.from(...).update(...).eq(...).lt is not a function

stdout | src/lib/whatsapp/follow-up-worker.test.ts > runDueFollowUps > falls back to a generic reminder when no AI config exists
[follow-up] runner found 1 due follow-up(s) to dispatch.

stdout | src/lib/whatsapp/follow-up-worker.test.ts > runDueFollowUps > falls back to a generic reminder when no AI config exists
[follow-up] dispatching follow-up fu-1 for conversation conv-1 (contact contact-1).
[TIMER EXPIRED] Processing conversation_id: conv-1
[TIMER 00:00 EXECUTE] Type: follow_up | Conversation: conv-1

stdout | src/lib/whatsapp/follow-up-worker.test.ts > runDueFollowUps > falls back to a generic reminder when no AI config exists
[follow-up] destination for conversation conv-1 resolved via resolveRecipient: 573001234567.
[TIMER RECIPIENT] Target phone resolved: 573001234567
[TIMER RECIPIENT RESOLVED] Target: 573001234567
[TIMER PARAMETERS] Phone: 573001234567, RecipientID: n/a

stdout | src/lib/whatsapp/follow-up-worker.test.ts > runDueFollowUps > falls back to a generic reminder when no AI config exists
[FOLLOW-UP EXEC] Message text generated for conversation conv-1: "Hola, quedo atento a tus comentarios si necesitas ayuda con alguna duda."
[TIMER CENTRAL SEND] Calling central send function (sendMessageToConversation) for conversation conv-1...

stdout | src/lib/whatsapp/follow-up-worker.test.ts > runDueFollowUps > falls back to a generic reminder when no AI config exists
[follow-up] follow-up delivered by the shared send core for conversation conv-1 (destination: 573001234567, wamid: wamid-fu).
[FOLLOW-UP META] Response from Meta API for conversation conv-1: accepted (2xx), wamid wamid-fu.
[FOLLOW-UP DB] Message stored in DB: msg-fu (conversation conv-1, wamid wamid-fu).
[TIMER META RESULT] Success status: 2xx, wamid: wamid-fu

stdout | src/lib/whatsapp/follow-up-worker.test.ts > runDueFollowUps > falls back to a generic reminder when no AI config exists
[follow-up] follow-up fu-1 completed ÔÇö reminder delivered for conversation conv-1.
[follow-up] automatic 24h stage skipped for conversation conv-1 ÔÇö Timer 1 is manual-only (arm via "+ Programar").

stdout | src/lib/contacts/merge.test.ts > mergeContactInto > reassigns the orphan conversation when the survivor has none
[contact-merge] merged contact c-orphan into c-real (matched on wa_user_id): 1 conversation(s), 1 message(s), absorbed [nothing]

stderr | src/lib/whatsapp/follow-up-worker.test.ts > runDueFollowUps > marks no_response when the send to WhatsApp 
fails
[follow-up] stale-claim reclaim on follow_ups threw: db.from(...).update(...).eq(...).lt is not a function

stderr | src/lib/calendar.test.ts > consultarOcupados > degrades to ok:false with an empty list when freebusy fails
[calendar] consultarOcupados failed: Error: freebusy down
    at C:/Users/edsro/Desktop/CMR/wacrm/src/lib/calendar.test.ts:1489:34
    at file:///C:/Users/edsro/Desktop/CMR/wacrm/node_modules/@vitest/runner/dist/chunk-artifact.js:302:11
    at file:///C:/Users/edsro/Desktop/CMR/wacrm/node_modules/@vitest/runner/dist/chunk-artifact.js:1903:26
    at file:///C:/Users/edsro/Desktop/CMR/wacrm/node_modules/@vitest/runner/dist/chunk-artifact.js:2326:20
    at new Promise (<anonymous>)
    at runWithCancel 
(file:///C:/Users/edsro/Desktop/CMR/wacrm/node_modules/@vitest/runner/dist/chunk-artifact.js:2323:10)
    at file:///C:/Users/edsro/Desktop/CMR/wacrm/node_modules/@vitest/runner/dist/chunk-artifact.js:2305:20
    at new Promise (<anonymous>)
    at runWithTimeout 
(file:///C:/Users/edsro/Desktop/CMR/wacrm/node_modules/@vitest/runner/dist/chunk-artifact.js:2272:10)
    at file:///C:/Users/edsro/Desktop/CMR/wacrm/node_modules/@vitest/runner/dist/chunk-artifact.js:2955:64

stderr | src/lib/whatsapp/follow-up-worker.test.ts > runDueFollowUps > marks no_response when the send to WhatsApp 
fails
[follow-up] stale-claim reclaim on response_wait_timers threw: db.from(...).update(...).eq(...).lt is not a function

stdout | src/lib/whatsapp/follow-up-worker.test.ts > runDueFollowUps > marks no_response when the send to WhatsApp fails
[follow-up] runner found 1 due follow-up(s) to dispatch.

 Ô£ô src/lib/contacts/merge.test.ts > mergeJustification > matches on a shared BSUID even when the handles differ 2ms
 Ô£ô src/lib/contacts/merge.test.ts > mergeJustification > does not match a BSUID against a row that has none 0ms
 Ô£ô src/lib/contacts/merge.test.ts > mergeJustification > never matches on a shared username 0ms
 Ô£ô src/lib/contacts/merge.test.ts > mergeJustification > never matches on a shared display name 0ms
 Ô£ô src/lib/contacts/merge.test.ts > mergeJustification > matches two legacy rows that both park the BSUID in phone 0ms
 Ô£ô src/lib/contacts/merge.test.ts > mergeJustification > returns null when nothing is shared 0ms
 Ô£ô src/lib/contacts/merge.test.ts > findMergeableOrphan > returns null when the survivor has no dialable phone 1ms
 Ô£ô src/lib/contacts/merge.test.ts > findMergeableOrphan > returns null when the survivor has no BSUID 0ms
 Ô£ô src/lib/contacts/merge.test.ts > findMergeableOrphan > finds an orphan sharing the BSUID 1ms
 Ô£ô src/lib/contacts/merge.test.ts > findMergeableOrphan > never returns a row that already has a real phone number 0ms
 Ô£ô src/lib/contacts/merge.test.ts > findMergeableOrphan > never returns a same-named row that carries a different BSUID 0ms
 Ô£ô src/lib/contacts/merge.test.ts > findMergeableOrphan > does not fall back to a name match 0ms
 Ô£ô src/lib/contacts/merge.test.ts > mergeContactInto > refuses when a row is missing 1ms
 Ô£ô src/lib/contacts/merge.test.ts > mergeContactInto > never merges or deletes across tenants 0ms
 Ô£ô src/lib/contacts/merge.test.ts > mergeContactInto > refuses to merge two rows that share only a name 0ms
 Ô£ô src/lib/contacts/merge.test.ts > mergeContactInto > refuses a merge when the pair shares no BSUID 0ms
 Ô£ô src/lib/contacts/merge.test.ts > mergeContactInto > absorbs the BSUID onto the survivor and deletes the orphan 5ms
 Ô£ô src/lib/contacts/merge.test.ts > mergeContactInto > never overwrites a name the operator already chose 3ms
 Ô£ô src/lib/contacts/merge.test.ts > mergeContactInto > folds the orphan thread into the survivor when both already have one 5ms
 Ô£ô src/lib/contacts/merge.test.ts > mergeContactInto > re-points dependent rows before deleting the orphan 3ms
 Ô£ô src/lib/contacts/merge.test.ts > mergeContactInto > reassigns the orphan conversation when the survivor has none 3ms
stderr | src/lib/calendar.test.ts > listar_ocupados_detalle > degrades to ok:false with an empty list when events.list 
fails
[calendar] listar_ocupados_detalle failed: Error: events down
    at C:/Users/edsro/Desktop/CMR/wacrm/src/lib/calendar.test.ts:1604:30
    at file:///C:/Users/edsro/Desktop/CMR/wacrm/node_modules/@vitest/runner/dist/chunk-artifact.js:302:11
    at file:///C:/Users/edsro/Desktop/CMR/wacrm/node_modules/@vitest/runner/dist/chunk-artifact.js:1903:26
    at file:///C:/Users/edsro/Desktop/CMR/wacrm/node_modules/@vitest/runner/dist/chunk-artifact.js:2326:20
    at new Promise (<anonymous>)
    at runWithCancel 
(file:///C:/Users/edsro/Desktop/CMR/wacrm/node_modules/@vitest/runner/dist/chunk-artifact.js:2323:10)
    at file:///C:/Users/edsro/Desktop/CMR/wacrm/node_modules/@vitest/runner/dist/chunk-artifact.js:2305:20
    at new Promise (<anonymous>)
    at runWithTimeout 
(file:///C:/Users/edsro/Desktop/CMR/wacrm/node_modules/@vitest/runner/dist/chunk-artifact.js:2272:10)
    at file:///C:/Users/edsro/Desktop/CMR/wacrm/node_modules/@vitest/runner/dist/chunk-artifact.js:2955:64

stdout | src/lib/whatsapp/follow-up-worker.test.ts > runDueFollowUps > marks no_response when the send to WhatsApp fails
[follow-up] dispatching follow-up fu-1 for conversation conv-1 (contact contact-1).
[TIMER EXPIRED] Processing conversation_id: conv-1
[TIMER 00:00 EXECUTE] Type: follow_up | Conversation: conv-1

stdout | src/lib/whatsapp/follow-up-worker.test.ts > runDueFollowUps > marks no_response when the send to WhatsApp fails
[follow-up] destination for conversation conv-1 resolved via resolveRecipient: 573001234567.
[TIMER RECIPIENT] Target phone resolved: 573001234567
[TIMER RECIPIENT RESOLVED] Target: 573001234567
[TIMER PARAMETERS] Phone: 573001234567, RecipientID: n/a

stdout | src/lib/whatsapp/follow-up-worker.test.ts > runDueFollowUps > marks no_response when the send to WhatsApp fails
[FOLLOW-UP EXEC] Message text generated for conversation conv-1: "┬┐Qued├│ todo claro? Av├¡same si necesitas algo m├ís."
[TIMER CENTRAL SEND] Calling central send function (sendMessageToConversation) for conversation conv-1...

 Ô£ô src/lib/calendar.test.ts > ver_disponibilidad > lists consecutive 30-min-aligned 45-min slots on business days 9ms
 Ô£ô src/lib/calendar.test.ts > ver_disponibilidad > honors business hours on Saturday (08:00-23:00) 2ms
 Ô£ô src/lib/calendar.test.ts > ver_disponibilidad > excludes slots that overlap busy periods 2ms
 Ô£ô src/lib/calendar.test.ts > ver_disponibilidad > reports no availability when everything is busy 3ms
 Ô£ô src/lib/calendar.test.ts > ver_disponibilidad > rejects an inverted range 0ms
 Ô£ô src/lib/calendar.test.ts > ver_disponibilidad > accepts a single point-in-time and expands it to a 45-minute range 0ms
 Ô£ô src/lib/calendar.test.ts > ver_disponibilidad > expands a single point-in-time with hasta earlier on the same day 0ms
 Ô£ô src/lib/calendar.test.ts > ver_disponibilidad > reports the single point-in-time as occupied when it overlaps a busy block 0ms
 Ô£ô src/lib/calendar.test.ts > ver_disponibilidad > rejects a single point-in-time outside business hours 0ms
 Ô£ô src/lib/calendar.test.ts > ver_disponibilidad > reports a clear error for an unparseable date 0ms
 Ô£ô src/lib/calendar.test.ts > parseBogotaInstant > interprets an offset-less ISO datetime as Bogota wall time 0ms
 Ô£ô src/lib/calendar.test.ts > parseBogotaInstant > interprets a bare date as Bogota midnight 0ms
 Ô£ô src/lib/calendar.test.ts > parseBogotaInstant > honors an explicit -05:00 offset 0ms
 Ô£ô src/lib/calendar.test.ts > parseBogotaInstant > returns null for a non-date string 0ms
 Ô£ô src/lib/calendar.test.ts > agendar_cita > creates the Google event and persists the CRM row 5ms
 Ô£ô src/lib/calendar.test.ts > agendar_cita > registra la cita localmente y responde aunque Google Calendar falle (insert reject) 8ms
 Ô£ô src/lib/calendar.test.ts > agendar_cita > refuses an out-of-business-hours start 0ms
 Ô£ô src/lib/calendar.test.ts > agendar_cita > tells the model the date was VALID and only the hour is wrong 0ms
 Ô£ô src/lib/calendar.test.ts > agendar_cita > rejects a relative phrase and hands back the clock to resolve it 0ms
 Ô£ô src/lib/calendar.test.ts > agendar_cita > accepts an offset-less datetime as Bogota wall time 1ms
 Ô£ô src/lib/calendar.test.ts > agendar_cita > books a 45-minute event (end = start + APPOINTMENT_DURATION_MIN) 0ms
 Ô£ô src/lib/calendar.test.ts > agendar_cita > refuses a slot that is already occupied 0ms
 Ô£ô src/lib/calendar.test.ts > agendar_cita > never aborts when the CRM insert throws ÔÇö the booking confirmation still ships 2ms
 Ô£ô src/lib/calendar.test.ts > reagendar_cita / cancelar_cita > patches the remote event and updates the CRM row 2ms
 Ô£ô src/lib/calendar.test.ts > reagendar_cita / cancelar_cita > ignores the appointment's OWN slot as busy when rescheduling 1ms
 Ô£ô src/lib/calendar.test.ts > reagendar_cita / cancelar_cita > still rejects a NEW slot that is truly busy 0ms
 Ô£ô src/lib/calendar.test.ts > reagendar_cita / cancelar_cita > deletes the remote event and marks the row cancelled 1ms
 Ô£ô src/lib/calendar.test.ts > reagendar_cita / cancelar_cita > reports when the appointment cannot be found 0ms
 Ô£ô src/lib/calendar.test.ts > reagendar_cita ÔÇö rescheduling guarantees > moves the existing event and never creates one 1ms
 Ô£ô src/lib/calendar.test.ts > reagendar_cita ÔÇö rescheduling guarantees > resolves the active cita from the contact when no idCita is given 1ms
 Ô£ô src/lib/calendar.test.ts > reagendar_cita ÔÇö rescheduling guarantees > preserves the customer data on the moved event 1ms
 Ô£ô src/lib/calendar.test.ts > reagendar_cita ÔÇö rescheduling guarantees > persists the new slot and the NEW meeting link 1ms
 Ô£ô src/lib/calendar.test.ts > reagendar_cita ÔÇö rescheduling guarantees > confirms only the link the provider returned, and reports exito 1ms
 Ô£ô src/lib/calendar.test.ts > reagendar_cita ÔÇö rescheduling guarantees > does NOT confirm when the provider rejects the move 1ms
 Ô£ô src/lib/calendar.test.ts > reagendar_cita ÔÇö rescheduling guarantees > does NOT confirm when the requested slot is taken 0ms
 Ô£ô src/lib/calendar.test.ts > reagendar_cita ÔÇö rescheduling guarantees > reports calendarSynced:false when there is no remote event to move 1ms
 Ô£ô src/lib/calendar.test.ts > reagendar_cita ÔÇö rescheduling guarantees > keeps the stored link when the provider returns none 1ms
 Ô£ô src/lib/calendar.test.ts > reagendar_cita ÔÇö rescheduling guarantees > refuses a fecha outside business hours before touching anything 0ms
 Ô£ô src/lib/calendar.test.ts > consultar_citas > lists the contact rows read-only and points at the right tool 1ms
 Ô£ô src/lib/calendar.test.ts > consultar_citas > says so plainly when the contact has no citas 0ms
 Ô£ô src/lib/calendar.test.ts > listar_eventos > requests maxResults=100 by default (breaks the 5-result cap) 0ms
 Ô£ô src/lib/calendar.test.ts > listar_eventos > formats items with their Meet links 0ms
 Ô£ô src/lib/calendar.test.ts > listar_eventos > falls back to htmlLink when the event has no Meet link 0ms
 Ô£ô src/lib/calendar.test.ts > listar_eventos > reports an invalid window date 0ms
 Ô£ô src/lib/calendar.test.ts > agendar_cita ÔÇö enlace del evento > persists the Meet hangoutLink in meet_link 1ms
 Ô£ô src/lib/calendar.test.ts > agendar_cita ÔÇö enlace del evento > persists summary, description and attendees alongside the link 1ms
 Ô£ô src/lib/calendar.test.ts > agendar_cita ÔÇö enlace del evento > extracts the Meet URI from conferenceData.entryPoints (video) when hangoutLink is absent 1ms
 Ô£ô src/lib/calendar.test.ts > agendar_cita ÔÇö enlace del evento > prefers hangoutLink over the entryPoints video URI and htmlLink 1ms
 Ô£ô src/lib/calendar.test.ts > agendar_cita ÔÇö enlace del evento > returns the Meet URI in the boarded event when only conferenceData links exist (no htmlLink) 1ms
 Ô£ô src/lib/calendar.test.ts > agendar_cita ÔÇö enlace del evento > falls back to htmlLink and does NOT report a system error 0ms
 Ô£ô src/lib/calendar.test.ts > agendar_cita ÔÇö enlace del evento > stores the Meet fallback link when Google returns no link at all 0ms
 Ô£ô src/lib/calendar.test.ts > agendar_cita ÔÇö enlace del evento > books directly when the freebusy check fails (no blocking) 1ms
 Ô£ô src/lib/calendar.test.ts > agendar_cita ÔÇö enlace del evento > returns confirmado:true plus the exact link in JSON_RESULT 1ms
 Ô£ô src/lib/calendar.test.ts > agendar_cita ÔÇö enlace del evento > returns the tool-shaped JSON (exito/mensaje/fecha/hora/link) resolved 1ms
 Ô£ô src/lib/calendar.test.ts > agendar_cita ÔÇö enlace del evento > leads the tool result with the mandatory Meet link line in the exact ├ëXITO format 0ms
 Ô£ô src/lib/calendar.test.ts > agendar_cita ÔÇö enlace del evento > keeps the mandatory Meet line even in the degraded local-only path 3ms
 Ô£ô src/lib/calendar.test.ts > agendar_cita ÔÇö enlace del evento > does not hang when Google never answers ÔÇö 4s timeout, saves locally and returns success 1ms
 Ô£ô src/lib/calendar.test.ts > agendar_cita ÔÇö enlace del evento > defaults the reason to "Consulta / Valoraci├│n" when omitted 0ms
 Ô£ô src/lib/calendar.test.ts > consultarOcupados > returns busy intervals as ISO strings on success 0ms
 Ô£ô src/lib/calendar.test.ts > consultarOcupados > degrades to ok:false with an empty list when freebusy fails 1ms
 Ô£ô src/lib/calendar.test.ts > consultarOcupados > rejects invalid bounds without calling freebusy 0ms
 Ô£ô src/lib/calendar.test.ts > listar_ocupados_detalle > maps events to busy blocks with full details 1ms
 Ô£ô src/lib/calendar.test.ts > listar_ocupados_detalle > falls back to htmlLink and skips cancelled events 0ms
 Ô£ô src/lib/calendar.test.ts > listar_ocupados_detalle > maps all-day events as full Bogota-day busy blocks 1ms
 Ô£ô src/lib/calendar.test.ts > listar_ocupados_detalle > degrades to ok:false with an empty list when events.list fails 1ms
 Ô£ô src/lib/calendar.test.ts > listar_ocupados_detalle > rejects invalid bounds without calling events.list 0ms
 Ô£ô src/lib/calendar.test.ts > APPOINTMENT_DURATION_MIN > is exactly 45 minutes 0ms
stderr | src/lib/whatsapp/follow-up-worker.test.ts > runDueFollowUps > marks no_response when the send to WhatsApp 
fails
[follow-up] could not send the follow-up for conversation conv-1 (destination resolved via resolveRecipient: 
573001234567): Meta 131030

stderr | src/lib/whatsapp/follow-up-worker.test.ts > runDueFollowUps > handles an empty queue without failing
[follow-up] stale-claim reclaim on follow_ups threw: db.from(...).update(...).eq(...).lt is not a function

stderr | src/lib/whatsapp/follow-up-worker.test.ts > runDueFollowUps > handles an empty queue without failing
[follow-up] stale-claim reclaim on response_wait_timers threw: db.from(...).update(...).eq(...).lt is not a function

stderr | src/lib/whatsapp/follow-up-worker.test.ts > runDueFollowUps > never throws when the database is unavailable 
(missing follow_ups table)
[follow-up] stale-claim reclaim on follow_ups threw: relation "public.follow_ups" does not exist

stderr | src/lib/whatsapp/follow-up-worker.test.ts > runDueFollowUps > never throws when the database is unavailable 
(missing follow_ups table)
[follow-up] stale-claim reclaim on response_wait_timers threw: db.from(...).update(...).eq(...).lt is not a function

stderr | src/lib/whatsapp/follow-up-worker.test.ts > runDueFollowUps > never throws when the database is unavailable 
(missing follow_ups table)
[follow-up] runner threw while draining the queue: relation "public.follow_ups" does not exist

stderr | src/lib/whatsapp/follow-up-worker.test.ts > runDueFollowUps > does NOT auto-queue a 24h stage after the 
automatic 10m fires (Timer 1 escalation is manual-only)
[follow-up] stale-claim reclaim on follow_ups threw: db.from(...).update(...).eq(...).lt is not a function

stderr | src/lib/whatsapp/follow-up-worker.test.ts > runDueFollowUps > does NOT auto-queue a 24h stage after the 
automatic 10m fires (Timer 1 escalation is manual-only)
[follow-up] stale-claim reclaim on response_wait_timers threw: db.from(...).update(...).eq(...).lt is not a function

stdout | src/lib/whatsapp/follow-up-worker.test.ts > runDueFollowUps > does NOT auto-queue a 24h stage after the automatic 10m fires (Timer 1 escalation is manual-only)
[follow-up] runner found 1 due follow-up(s) to dispatch.

stdout | src/lib/whatsapp/follow-up-worker.test.ts > runDueFollowUps > does NOT auto-queue a 24h stage after the automatic 10m fires (Timer 1 escalation is manual-only)
[follow-up] dispatching follow-up fu-1 for conversation conv-1 (contact contact-1).
[TIMER EXPIRED] Processing conversation_id: conv-1
[TIMER 00:00 EXECUTE] Type: follow_up | Conversation: conv-1

stdout | src/lib/whatsapp/follow-up-worker.test.ts > runDueFollowUps > does NOT auto-queue a 24h stage after the automatic 10m fires (Timer 1 escalation is manual-only)
[follow-up] destination for conversation conv-1 resolved via resolveRecipient: 573001234567.
[TIMER RECIPIENT] Target phone resolved: 573001234567
[TIMER RECIPIENT RESOLVED] Target: 573001234567
[TIMER PARAMETERS] Phone: 573001234567, RecipientID: n/a

stdout | src/lib/whatsapp/follow-up-worker.test.ts > runDueFollowUps > does NOT auto-queue a 24h stage after the automatic 10m fires (Timer 1 escalation is manual-only)
[FOLLOW-UP EXEC] Message text generated for conversation conv-1: "┬┐Qued├│ todo claro? Av├¡same si necesitas algo m├ís."
[TIMER CENTRAL SEND] Calling central send function (sendMessageToConversation) for conversation conv-1...

stdout | src/lib/whatsapp/follow-up-worker.test.ts > runDueFollowUps > does NOT auto-queue a 24h stage after the automatic 10m fires (Timer 1 escalation is manual-only)
[follow-up] follow-up delivered by the shared send core for conversation conv-1 (destination: 573001234567, wamid: wamid-fu).
[FOLLOW-UP META] Response from Meta API for conversation conv-1: accepted (2xx), wamid wamid-fu.
[FOLLOW-UP DB] Message stored in DB: msg-fu (conversation conv-1, wamid wamid-fu).
[TIMER META RESULT] Success status: 2xx, wamid: wamid-fu

stdout | src/lib/whatsapp/follow-up-worker.test.ts > runDueFollowUps > does NOT auto-queue a 24h stage after the automatic 10m fires (Timer 1 escalation is manual-only)
[follow-up] follow-up fu-1 completed ÔÇö reminder delivered for conversation conv-1.
[follow-up] automatic 24h stage skipped for conversation conv-1 ÔÇö Timer 1 is manual-only (arm via "+ Programar").

stderr | src/lib/whatsapp/follow-up-worker.test.ts > runDueFollowUps > does not schedule anything after the 24h stage 
fires
[follow-up] stale-claim reclaim on follow_ups threw: db.from(...).update(...).eq(...).lt is not a function

stderr | src/lib/whatsapp/follow-up-worker.test.ts > runDueFollowUps > does not schedule anything after the 24h stage 
fires
[follow-up] stale-claim reclaim on response_wait_timers threw: db.from(...).update(...).eq(...).lt is not a function

stdout | src/lib/whatsapp/follow-up-worker.test.ts > runDueFollowUps > does not schedule anything after the 24h stage fires
[follow-up] runner found 1 due follow-up(s) to dispatch.

stdout | src/lib/whatsapp/follow-up-worker.test.ts > runDueFollowUps > does not schedule anything after the 24h stage fires
[follow-up] dispatching follow-up fu-24 for conversation conv-1 (contact contact-1).
[TIMER EXPIRED] Processing conversation_id: conv-1
[TIMER 00:00 EXECUTE] Type: follow_up | Conversation: conv-1

stdout | src/lib/whatsapp/follow-up-worker.test.ts > runDueFollowUps > does not schedule anything after the 24h stage fires
[follow-up] destination for conversation conv-1 resolved via resolveRecipient: 573001234567.
[TIMER RECIPIENT] Target phone resolved: 573001234567
[TIMER RECIPIENT RESOLVED] Target: 573001234567
[TIMER PARAMETERS] Phone: 573001234567, RecipientID: n/a

stdout | src/lib/whatsapp/follow-up-worker.test.ts > runDueFollowUps > does not schedule anything after the 24h stage fires
[FOLLOW-UP EXEC] Message text generated for conversation conv-1: "┬┐Qued├│ todo claro? Av├¡same si necesitas algo m├ís."
[TIMER CENTRAL SEND] Calling central send function (sendMessageToConversation) for conversation conv-1...

stdout | src/lib/whatsapp/follow-up-worker.test.ts > runDueFollowUps > does not schedule anything after the 24h stage fires
[follow-up] follow-up delivered by the shared send core for conversation conv-1 (destination: 573001234567, wamid: wamid-fu).
[FOLLOW-UP META] Response from Meta API for conversation conv-1: accepted (2xx), wamid wamid-fu.
[FOLLOW-UP DB] Message stored in DB: msg-fu (conversation conv-1, wamid wamid-fu).
[TIMER META RESULT] Success status: 2xx, wamid: wamid-fu

stdout | src/lib/whatsapp/follow-up-worker.test.ts > runDueFollowUps > does not schedule anything after the 24h stage fires
[follow-up] follow-up fu-24 completed ÔÇö reminder delivered for conversation conv-1.

stderr | src/lib/whatsapp/follow-up-worker.test.ts > runDueResponseWaitTimers > sends ONE generated nudge at expiry, 
then closes the timer as completed (single execution)
[follow-up] stale-claim reclaim on follow_ups threw: db.from(...).update(...).eq(...).lt is not a function

stderr | src/lib/whatsapp/follow-up-worker.test.ts > runDueResponseWaitTimers > sends ONE generated nudge at expiry, 
then closes the timer as completed (single execution)
[follow-up] stale-claim reclaim on response_wait_timers threw: db.from(...).update(...).eq(...).lt is not a function

stdout | src/lib/whatsapp/follow-up-worker.test.ts > runDueResponseWaitTimers > sends ONE generated nudge at expiry, then closes the timer as completed (single execution)
[response-wait] runner found 1 expired "Esperando respuesta" timer(s) to dispatch.

stdout | src/lib/whatsapp/follow-up-worker.test.ts > runDueResponseWaitTimers > sends ONE generated nudge at expiry, then closes the timer as completed (single execution)
[response-wait] dispatching expired timer wait-1 for conversation conv-1 (contact contact-1).
[TIMER EXPIRED] Processing conversation_id: conv-1
[TIMER 00:00 EXECUTE] Type: response_wait | Conversation: conv-1

stdout | src/lib/whatsapp/follow-up-worker.test.ts > runDueResponseWaitTimers > sends ONE generated nudge at expiry, then closes the timer as completed (single execution)
[response-wait] destination for conversation conv-1 resolved via resolveRecipient: 573001234567.
[TIMER RECIPIENT] Target phone resolved: 573001234567
[TIMER RECIPIENT RESOLVED] Target: 573001234567
[TIMER PARAMETERS] Phone: 573001234567, RecipientID: n/a

stdout | src/lib/whatsapp/follow-up-worker.test.ts > runDueResponseWaitTimers > sends ONE generated nudge at expiry, then closes the timer as completed (single execution)
[FOLLOW-UP EXEC] Message text generated for conversation conv-1: "┬┐Qued├│ todo claro? Av├¡same si necesitas algo m├ís."
[TIMER CENTRAL SEND] Calling central send function (sendMessageToConversation) for conversation conv-1...

stdout | src/lib/whatsapp/follow-up-worker.test.ts > runDueResponseWaitTimers > sends ONE generated nudge at expiry, then closes the timer as completed (single execution)
[response-wait] "Esperando respuesta" nudge delivered by the shared send core for conversation conv-1 (destination: 573001234567, wamid: wamid-fu).
[FOLLOW-UP META] Response from Meta API for conversation conv-1: accepted (2xx), wamid wamid-fu.
[FOLLOW-UP DB] Message stored in DB: msg-fu (conversation conv-1, wamid wamid-fu).
[TIMER META RESULT] Success status: 2xx, wamid: wamid-fu

stdout | src/lib/whatsapp/follow-up-worker.test.ts > runDueResponseWaitTimers > sends ONE generated nudge at expiry, then closes the timer as completed (single execution)
[response-wait] timer wait-1 completed ÔÇö one-shot follow-up delivered for conversation conv-1, switch OFF.

stderr | src/lib/whatsapp/follow-up-worker.test.ts > runDueResponseWaitTimers > cancels without sending when the 
customer replied AT/AFTER started_at
[follow-up] stale-claim reclaim on follow_ups threw: db.from(...).update(...).eq(...).lt is not a function

stderr | src/lib/whatsapp/follow-up-worker.test.ts > runDueResponseWaitTimers > cancels without sending when the 
customer replied AT/AFTER started_at
[follow-up] stale-claim reclaim on response_wait_timers threw: db.from(...).update(...).eq(...).lt is not a function

 Ô£ô src/lib/ai/knowledge-parser.real.test.ts > parseKnowledgeFile ÔÇö real xlsx > extracts a real .xlsx workbook as Markdown tables 19ms
 Ô£ô src/lib/ai/knowledge-parser.real.test.ts > parseKnowledgeFile ÔÇö real pdf-parse > extracts text from a real PDF buffer 74ms
 Ô£ô src/lib/ai/knowledge-parser.real.test.ts > parseKnowledgeFile ÔÇö real pdf-parse > honours pageJoiner across pages 3ms
stdout | src/lib/whatsapp/follow-up-worker.test.ts > runDueResponseWaitTimers > cancels without sending when the customer replied AT/AFTER started_at
[response-wait] runner found 1 expired "Esperando respuesta" timer(s) to dispatch.

 Ô£ô src/lib/gmail.test.ts > gmailConfigured > is true when the OAuth env vars are present 1ms
 Ô£ô src/lib/gmail.test.ts > enviar_correo > sends an HTML mail and returns a confirmation 1ms
 Ô£ô src/lib/gmail.test.ts > enviar_correo > rejects a missing recipient or subject 0ms
 Ô£ô src/lib/gmail.test.ts > leer_correos > lists messages with maxResults=100 and formats them 2ms
 Ô£ô src/lib/gmail.test.ts > leer_correos > reports no messages gracefully 0ms
 Ô£ô src/lib/gmail.test.ts > enviarConfirmacionCita > builds and sends an HTML confirmation 17ms
stdout | src/lib/whatsapp/follow-up-worker.test.ts > runDueResponseWaitTimers > cancels without sending when the customer replied AT/AFTER started_at
[response-wait] dispatching expired timer wait-1 for conversation conv-1 (contact contact-1).
[TIMER EXPIRED] Processing conversation_id: conv-1
[TIMER 00:00 EXECUTE] Type: response_wait | Conversation: conv-1

stdout | src/lib/whatsapp/follow-up-worker.test.ts > runDueResponseWaitTimers > cancels without sending when the customer replied AT/AFTER started_at
[response-wait] timer wait-1 cancelled ÔÇö the customer replied for conversation conv-1.

stderr | src/lib/whatsapp/follow-up-worker.test.ts > runDueResponseWaitTimers > does nothing before expiry
[follow-up] stale-claim reclaim on follow_ups threw: db.from(...).update(...).eq(...).lt is not a function

stderr | src/app/api/whatsapp/send/route.test.ts > POST /api/whatsapp/send ÔÇö contact_id template path > creates a 
conversation for a contact with none, then sends the template
[send-message] service-role contact override unavailable for contact-1 - falling back to the RLS-scoped embed: (0 , 
__vite_ssr_import_4__.supabaseAdmin)(...).from(...).select(...).eq(...).single is not a function

stdout | src/lib/whatsapp/send-message.test.ts > sendMessageToConversation ÔÇö template persistence (#483) > stores the substituted body when the caller sends no text
[send-message] strict contact override: contact ct-1 re-read via service role ÔåÆ phone="+15551234567", wa_id="", wa_user_id="", username=""

stdout | src/lib/whatsapp/meta-api.test.ts > sendInteractiveButtons ÔÇö validation > sends the right payload shape when all inputs are valid
===> [DEBUG META PAYLOAD] TO: 1234567890 TYPE: string
[META_PAYLOAD_ENVIADO] {
  "messaging_product": "whatsapp",
  "recipient_type": "individual",
  "to": "1234567890",
  "type": "interactive",
  "interactive": {
    "type": "button",
    "body": {
      "text": "Body text"
    },
    "action": {
      "buttons": [
        {
          "type": "reply",
          "reply": {
            "id": "yes",
            "title": "Yes"
          }
        },
        {
          "type": "reply",
          "reply": {
            "id": "no",
            "title": "No"
          }
        }
      ]
    },
    "header": {
      "type": "text",
      "text": "Hello"
    },
    "footer": {
      "text": "Tap one"
    }
  }
}
stderr | src/lib/whatsapp/follow-up-worker.test.ts > runDueResponseWaitTimers > does nothing before expiry
[follow-up] stale-claim reclaim on response_wait_timers threw: db.from(...).update(...).eq(...).lt is not a function


stdout | src/app/api/whatsapp/send/route.test.ts > POST /api/whatsapp/send ÔÇö contact_id template path > creates a conversation for a contact with none, then sends the template
==================================================
[INFORME_DIAGNOSTICO_DESTINATARIO]
- Conversation ID: conv-new
- Contact ID: contact-1
- Contact Phone (DB): "+15551234567" -> [VALIDO]
- Conversation BSUID/WA_ID: "" -> [INVALIDO]
- Last Inbound WAMID: "NINGUNO"
- Last Inbound At: "NINGUNO"
- DESTINATARIO FINAL SELECCIONADO: "15551234567"
==================================================

stdout | src/lib/whatsapp/send-message.test.ts > sendMessageToConversation ÔÇö template persistence (#483) > stores the substituted body when the caller sends no text
==================================================
[INFORME_DIAGNOSTICO_DESTINATARIO]
- Conversation ID: cv-1
- Contact ID: ct-1
- Contact Phone (DB): "+15551234567" -> [VALIDO]
- Conversation BSUID/WA_ID: "" -> [INVALIDO]
- Last Inbound WAMID: "NINGUNO"
- Last Inbound At: "NINGUNO"
- DESTINATARIO FINAL SELECCIONADO: "15551234567"
==================================================

stdout | src/lib/whatsapp/meta-api.test.ts > sendInteractiveButtons ÔÇö validation > sends the right payload shape when all inputs are valid
[OUTBOUND WHATSAPP] { messages: [ { id: 'wamid.PASS' } ] }

stderr | src/lib/whatsapp/follow-up-worker.test.ts > runDueResponseWaitTimers > never throws when the 
response_wait_timers table is missing
[follow-up] stale-claim reclaim on follow_ups threw: db.from(...).update(...).eq(...).lt is not a function

stdout | src/app/api/whatsapp/send/route.test.ts > POST /api/whatsapp/send ÔÇö contact_id template path > creates a conversation for a contact with none, then sends the template
[send-message] sending to conversation conv-new: ladder ÔåÆ to="15551234567" (source=phone, isPhone=true); context=none (direct number)

stdout | src/lib/whatsapp/send-message.test.ts > sendMessageToConversation ÔÇö template persistence (#483) > stores the substituted body when the caller sends no text
[send-message] sending to conversation cv-1: ladder ÔåÆ to="15551234567" (source=phone, isPhone=true); context=none (direct number)

stderr | src/lib/whatsapp/follow-up-worker.test.ts > runDueResponseWaitTimers > never throws when the 
response_wait_timers table is missing
[follow-up] stale-claim reclaim on response_wait_timers threw: relation "public.response_wait_timers" does not exist

stdout | src/app/api/whatsapp/send/route.test.ts > POST /api/whatsapp/send ÔÇö contact_id template path > creates a conversation for a contact with none, then sends the template
[send-message] Auto-corrected contact phone: +15551234567 ÔåÆ 15551234567

stdout | src/lib/whatsapp/send-message.test.ts > sendMessageToConversation ÔÇö template persistence (#483) > stores the substituted body when the caller sends no text
[send-message] Auto-corrected contact phone: +15551234567 ÔåÆ 15551234567

stderr | src/lib/whatsapp/follow-up-worker.test.ts > runDueResponseWaitTimers > never throws when the 
response_wait_timers table is missing
[response-wait] runner threw while draining the queue: relation "public.response_wait_timers" does not exist

stderr | src/app/api/whatsapp/send/route.test.ts > POST /api/whatsapp/send ÔÇö contact_id template path > creates a 
conversation for a contact with none, then sends the template
[response-wait] armResponseWaitIfIdle threw for conversation conv-new: db.from(...).select(...).eq(...).maybeSingle is 
not a function

stdout | src/lib/whatsapp/send-message.test.ts > sendMessageToConversation ÔÇö template persistence (#483) > reads body values out of the structured params shape too
[send-message] strict contact override: contact ct-1 re-read via service role ÔåÆ phone="+15551234567", wa_id="", wa_user_id="", username=""

stderr | src/lib/whatsapp/follow-up-worker.test.ts > runScheduledFollowUps ÔÇö both timers run independently > fires 
Timer 1 and Timer 2 for the SAME conversation without interference
[follow-up] stale-claim reclaim on follow_ups threw: db.from(...).update(...).eq(...).lt is not a function
[follow-up] stale-claim reclaim on follow_ups threw: db.from(...).update(...).eq(...).lt is not a function
[follow-up] stale-claim reclaim on response_wait_timers threw: db.from(...).update(...).eq(...).lt is not a function
[follow-up] stale-claim reclaim on response_wait_timers threw: db.from(...).update(...).eq(...).lt is not a function

stderr | src/app/api/whatsapp/send/route.test.ts > POST /api/whatsapp/send ÔÇö contact_id template path > reuses an 
existing conversation instead of creating a duplicate
[send-message] service-role contact override unavailable for contact-1 - falling back to the RLS-scoped embed: (0 , 
__vite_ssr_import_4__.supabaseAdmin)(...).from(...).select(...).eq(...).single is not a function

stdout | src/lib/whatsapp/send-message.test.ts > sendMessageToConversation ÔÇö template persistence (#483) > reads body values out of the structured params shape too
==================================================
[INFORME_DIAGNOSTICO_DESTINATARIO]
- Conversation ID: cv-1
- Contact ID: ct-1
- Contact Phone (DB): "+15551234567" -> [VALIDO]
- Conversation BSUID/WA_ID: "" -> [INVALIDO]
- Last Inbound WAMID: "NINGUNO"
- Last Inbound At: "NINGUNO"
- DESTINATARIO FINAL SELECCIONADO: "15551234567"
==================================================

stdout | src/lib/whatsapp/follow-up-worker.test.ts > runScheduledFollowUps ÔÇö both timers run independently > fires Timer 1 and Timer 2 for the SAME conversation without interference
[follow-up] runner found 1 due follow-up(s) to dispatch.
[response-wait] runner found 1 expired "Esperando respuesta" timer(s) to dispatch.
[follow-up] dispatching follow-up fu-1 for conversation conv-1 (contact contact-1).
[TIMER EXPIRED] Processing conversation_id: conv-1
[TIMER 00:00 EXECUTE] Type: follow_up | Conversation: conv-1
[response-wait] dispatching expired timer wait-1 for conversation conv-1 (contact contact-1).
[TIMER EXPIRED] Processing conversation_id: conv-1
[TIMER 00:00 EXECUTE] Type: response_wait | Conversation: conv-1

stdout | src/app/api/whatsapp/send/route.test.ts > POST /api/whatsapp/send ÔÇö contact_id template path > reuses an existing conversation instead of creating a duplicate
==================================================
[INFORME_DIAGNOSTICO_DESTINATARIO]
- Conversation ID: conv-existing
- Contact ID: contact-1
- Contact Phone (DB): "+15551234567" -> [VALIDO]
- Conversation BSUID/WA_ID: "" -> [INVALIDO]
- Last Inbound WAMID: "NINGUNO"
- Last Inbound At: "NINGUNO"
- DESTINATARIO FINAL SELECCIONADO: "15551234567"
==================================================

stdout | src/lib/whatsapp/send-message.test.ts > sendMessageToConversation ÔÇö template persistence (#483) > reads body values out of the structured params shape too
[send-message] sending to conversation cv-1: ladder ÔåÆ to="15551234567" (source=phone, isPhone=true); context=none (direct number)

stdout | src/lib/whatsapp/follow-up-worker.test.ts > runScheduledFollowUps ÔÇö both timers run independently > fires Timer 1 and Timer 2 for the SAME conversation without interference
[response-wait] destination for conversation conv-1 resolved via resolveRecipient: 573001234567.
[TIMER RECIPIENT] Target phone resolved: 573001234567
[TIMER RECIPIENT RESOLVED] Target: 573001234567
[TIMER PARAMETERS] Phone: 573001234567, RecipientID: n/a

stdout | src/lib/whatsapp/meta-api.test.ts > sendInteractiveList ÔÇö validation > sends the right payload shape when valid
===> [DEBUG META PAYLOAD] TO: 1234567890 TYPE: string
[META_PAYLOAD_ENVIADO] {
  "messaging_product": "whatsapp",
  "recipient_type": "individual",
  "to": "1234567890",
  "type": "interactive",
  "interactive": {
    "type": "list",
    "body": {
      "text": "Body text"
    },
    "action": {
      "button": "Open menu",
      "sections": [
        {
          "title": "Orders",
          "rows": [
            {
              "id": "order_1",
              "title": "Order #1",
              "description": "Ôé¼12"
            },
            {
              "id": "order_2",
              "title": "Order #2"
            }
          ]
        }
      ]
    }
  }
}

stdout | src/app/api/whatsapp/send/route.test.ts > POST /api/whatsapp/send ÔÇö contact_id template path > reuses an existing conversation instead of creating a duplicate
[send-message] sending to conversation conv-existing: ladder ÔåÆ to="15551234567" (source=phone, isPhone=true); context=none (direct number)

stdout | src/lib/whatsapp/send-message.test.ts > sendMessageToConversation ÔÇö template persistence (#483) > reads body values out of the structured params shape too
[send-message] Auto-corrected contact phone: +15551234567 ÔåÆ 15551234567

stdout | src/lib/whatsapp/follow-up-worker.test.ts > runScheduledFollowUps ÔÇö both timers run independently > fires Timer 1 and Timer 2 for the SAME conversation without interference
[follow-up] destination for conversation conv-1 resolved via resolveRecipient: 573001234567.
[TIMER RECIPIENT] Target phone resolved: 573001234567
[TIMER RECIPIENT RESOLVED] Target: 573001234567
[TIMER PARAMETERS] Phone: 573001234567, RecipientID: n/a

stdout | src/lib/whatsapp/meta-api.test.ts > sendInteractiveList ÔÇö validation > sends the right payload shape when valid
[OUTBOUND WHATSAPP] { messages: [ { id: 'wamid.LIST' } ] }

stdout | src/app/api/whatsapp/send/route.test.ts > POST /api/whatsapp/send ÔÇö contact_id template path > reuses an existing conversation instead of creating a duplicate
[send-message] Auto-corrected contact phone: +15551234567 ÔåÆ 15551234567

stdout | src/lib/whatsapp/send-message.test.ts > sendMessageToConversation ÔÇö template persistence (#483) > does not override the composer's pre-rendered text
[send-message] strict contact override: contact ct-1 re-read via service role ÔåÆ phone="+15551234567", wa_id="", wa_user_id="", username=""

stdout | src/lib/whatsapp/follow-up-worker.test.ts > runScheduledFollowUps ÔÇö both timers run independently > fires Timer 1 and Timer 2 for the SAME conversation without interference
[FOLLOW-UP EXEC] Message text generated for conversation conv-1: "┬┐Qued├│ todo claro? Av├¡same si necesitas algo m├ís."
[TIMER CENTRAL SEND] Calling central send function (sendMessageToConversation) for conversation conv-1...

stderr | src/lib/whatsapp/meta-api.test.ts > sendTypingIndicator > throws with Meta's error message when the API 
rejects the indicator
[Meta API] HTTP 400 ÔÇö Meta API error: 400 {"error":{"message":"Unsupported API version"}}
[META_API_ERROR] {"error":{"message":"Unsupported API version"}}
META_API_SEND_ERROR: {"error":{"message":"Unsupported API version"}}
META_API_REJECTED: {"status":400,"endpoint":"https://graph.facebook.com/v26.0/unknown/messages","response":{"error":{"m
essage":"Unsupported API version"}}}

stderr | src/app/api/whatsapp/send/route.test.ts > POST /api/whatsapp/send ÔÇö contact_id template path > reuses an 
existing conversation instead of creating a duplicate
[response-wait] armResponseWaitIfIdle threw for conversation conv-existing: 
db.from(...).select(...).eq(...).maybeSingle is not a function

stdout | src/lib/whatsapp/send-message.test.ts > sendMessageToConversation ÔÇö template persistence (#483) > does not override the composer's pre-rendered text
==================================================
[INFORME_DIAGNOSTICO_DESTINATARIO]
- Conversation ID: cv-1
- Contact ID: ct-1
- Contact Phone (DB): "+15551234567" -> [VALIDO]
- Conversation BSUID/WA_ID: "" -> [INVALIDO]
- Last Inbound WAMID: "NINGUNO"
- Last Inbound At: "NINGUNO"
- DESTINATARIO FINAL SELECCIONADO: "15551234567"
==================================================

stdout | src/lib/whatsapp/follow-up-worker.test.ts > runScheduledFollowUps ÔÇö both timers run independently > fires Timer 1 and Timer 2 for the SAME conversation without interference
[response-wait] "Esperando respuesta" nudge delivered by the shared send core for conversation conv-1 (destination: 573001234567, wamid: wamid-fu).
[FOLLOW-UP META] Response from Meta API for conversation conv-1: accepted (2xx), wamid wamid-fu.
[FOLLOW-UP DB] Message stored in DB: msg-fu (conversation conv-1, wamid wamid-fu).
[TIMER META RESULT] Success status: 2xx, wamid: wamid-fu
[FOLLOW-UP EXEC] Message text generated for conversation conv-1: "┬┐Qued├│ todo claro? Av├¡same si necesitas algo m├ís."
[TIMER CENTRAL SEND] Calling central send function (sendMessageToConversation) for conversation conv-1...

stdout | src/lib/whatsapp/send-message.test.ts > sendMessageToConversation ÔÇö template persistence (#483) > does not override the composer's pre-rendered text
[send-message] sending to conversation cv-1: ladder ÔåÆ to="15551234567" (source=phone, isPhone=true); context=none (direct number)

stdout | src/lib/whatsapp/follow-up-worker.test.ts > runScheduledFollowUps ÔÇö both timers run independently > fires Timer 1 and Timer 2 for the SAME conversation without interference
[follow-up] follow-up delivered by the shared send core for conversation conv-1 (destination: 573001234567, wamid: wamid-fu).
[FOLLOW-UP META] Response from Meta API for conversation conv-1: accepted (2xx), wamid wamid-fu.
[FOLLOW-UP DB] Message stored in DB: msg-fu (conversation conv-1, wamid wamid-fu).
[TIMER META RESULT] Success status: 2xx, wamid: wamid-fu

stderr | src/app/api/whatsapp/send/route.test.ts > POST /api/whatsapp/send ÔÇö role enforcement > refuses a viewer 
with 403 and never reaches Meta
Error in WhatsApp send POST: ForbiddenError: This action requires the 'agent' role or higher
    at requireRole (C:/Users/edsro/Desktop/CMR/wacrm/src/lib/auth/account.ts:185:11)
    at processTicksAndRejections (node:internal/process/task_queues:104:5)
    at Module.POST (C:/Users/edsro/Desktop/CMR/wacrm/src/app/api/whatsapp/send/route.ts:35:45)
    at C:/Users/edsro/Desktop/CMR/wacrm/src/app/api/whatsapp/send/route.test.ts:308:17
    at file:///C:/Users/edsro/Desktop/CMR/wacrm/node_modules/@vitest/runner/dist/chunk-artifact.js:1903:20 {
  status: 403
}

stdout | src/lib/whatsapp/send-message.test.ts > sendMessageToConversation ÔÇö template persistence (#483) > does not override the composer's pre-rendered text
[send-message] Auto-corrected contact phone: +15551234567 ÔåÆ 15551234567

 Ô£ô src/lib/whatsapp/meta-api.test.ts > sendInteractiveButtons ÔÇö validation > rejects an empty buttons array 3ms
 Ô£ô src/lib/whatsapp/meta-api.test.ts > sendInteractiveButtons ÔÇö validation > rejects more than 3 buttons (Meta cap) 1ms
 Ô£ô src/lib/whatsapp/meta-api.test.ts > sendInteractiveButtons ÔÇö validation > rejects a button title longer than 20 chars (Meta cap) 0ms
 Ô£ô src/lib/whatsapp/meta-api.test.ts > sendInteractiveButtons ÔÇö validation > rejects a button missing its id 0ms
 Ô£ô src/lib/whatsapp/meta-api.test.ts > sendInteractiveButtons ÔÇö validation > rejects an empty body text 0ms
 Ô£ô src/lib/whatsapp/meta-api.test.ts > sendInteractiveButtons ÔÇö validation > rejects a header text over the limit 0ms
 Ô£ô src/lib/whatsapp/meta-api.test.ts > sendInteractiveButtons ÔÇö validation > sends the right payload shape when all inputs are valid 19ms
 Ô£ô src/lib/whatsapp/meta-api.test.ts > sendInteractiveList ÔÇö validation > rejects zero sections 1ms
 Ô£ô src/lib/whatsapp/meta-api.test.ts > sendInteractiveList ÔÇö validation > rejects more than 10 rows total across sections (Meta cap) 0ms
 Ô£ô src/lib/whatsapp/meta-api.test.ts > sendInteractiveList ÔÇö validation > rejects a row title longer than 24 chars (Meta cap) 1ms
 Ô£ô src/lib/whatsapp/meta-api.test.ts > sendInteractiveList ÔÇö validation > rejects duplicate row ids across sections 0ms
 Ô£ô src/lib/whatsapp/meta-api.test.ts > sendInteractiveList ÔÇö validation > rejects an empty buttonLabel 0ms
 Ô£ô src/lib/whatsapp/meta-api.test.ts > sendInteractiveList ÔÇö validation > sends the right payload shape when valid 1ms
 Ô£ô src/lib/whatsapp/meta-api.test.ts > sendTypingIndicator > sends the read-receipt + typing_indicator payload on the newer API version 1ms
 Ô£ô src/lib/whatsapp/meta-api.test.ts > sendTypingIndicator > throws with Meta's error message when the API rejects the indicator 1ms
 Ô£ô src/lib/whatsapp/meta-api.test.ts > sendTypingIndicator > logs the verbatim Meta error body before throwing 2ms
 Ô£ô src/lib/whatsapp/meta-api.test.ts > sendTypingIndicator > recipient routing matrix > CASO A: E.164 phone number travels in "to" field 0ms
 Ô£ô src/lib/whatsapp/meta-api.test.ts > sendTypingIndicator > recipient routing matrix > CASO B: numeric opaque wa_id travels in "to" field 0ms
 Ô£ô src/lib/whatsapp/meta-api.test.ts > sendTypingIndicator > recipient routing matrix > CASO C: namespaced BSUID travels in "recipient" field 0ms
 Ô£ô src/lib/whatsapp/meta-api.test.ts > sendTypingIndicator > recipient routing matrix > CASO A takes priority over BSUID 0ms
 Ô£ô src/lib/whatsapp/meta-api.test.ts > sendTypingIndicator > recipient routing matrix > placeholder returns empty "to" 0ms
stdout | src/lib/whatsapp/follow-up-worker.test.ts > runScheduledFollowUps ÔÇö both timers run independently > fires Timer 1 and Timer 2 for the SAME conversation without interference
[response-wait] timer wait-1 completed ÔÇö one-shot follow-up delivered for conversation conv-1, switch OFF.
[follow-up] follow-up fu-1 completed ÔÇö reminder delivered for conversation conv-1.
[follow-up] automatic 24h stage skipped for conversation conv-1 ÔÇö Timer 1 is manual-only (arm via "+ Programar").

stderr | src/app/api/whatsapp/send/route.test.ts > POST /api/whatsapp/send ÔÇö role enforcement > allows an agent 
through
[send-message] service-role contact override unavailable for contact-1 - falling back to the RLS-scoped embed: (0 , 
__vite_ssr_import_4__.supabaseAdmin)(...).from(...).select(...).eq(...).single is not a function

stdout | src/lib/whatsapp/send-message.test.ts > sendMessageToConversation ÔÇö template persistence (#483) > sends the local row's language when the caller names none
[send-message] strict contact override: contact ct-1 re-read via service role ÔåÆ phone="+15551234567", wa_id="", wa_user_id="", username=""

stdout | src/lib/whatsapp/follow-up-worker.test.ts > follow-ups do NOT depend on a public @handle > scheduleFollowUp schedules for a phone-only contact (no @user/@lid)
[follow-up] scheduled 10m follow-up fu-1 for conversation conv-1 in 600s.

stdout | src/app/api/whatsapp/send/route.test.ts > POST /api/whatsapp/send ÔÇö role enforcement > allows an agent through
==================================================
[INFORME_DIAGNOSTICO_DESTINATARIO]
- Conversation ID: conv-existing
- Contact ID: contact-1
- Contact Phone (DB): "+15551234567" -> [VALIDO]
- Conversation BSUID/WA_ID: "" -> [INVALIDO]
- Last Inbound WAMID: "NINGUNO"
- Last Inbound At: "NINGUNO"
- DESTINATARIO FINAL SELECCIONADO: "15551234567"
==================================================

stdout | src/lib/whatsapp/send-message.test.ts > sendMessageToConversation ÔÇö template persistence (#483) > sends the local row's language when the caller names none
==================================================
[INFORME_DIAGNOSTICO_DESTINATARIO]
- Conversation ID: cv-1
- Contact ID: ct-1
- Contact Phone (DB): "+15551234567" -> [VALIDO]
- Conversation BSUID/WA_ID: "" -> [INVALIDO]
- Last Inbound WAMID: "NINGUNO"
- Last Inbound At: "NINGUNO"
- DESTINATARIO FINAL SELECCIONADO: "15551234567"
==================================================

stdout | src/lib/whatsapp/follow-up-worker.test.ts > follow-ups do NOT depend on a public @handle > armResponseWaitIfIdle arms Timer 2 for a phone-only contact
[response-wait] auto-armed timer wait-1 for conversation conv-1 ÔåÆ 2026-10-06T12:10:00.000Z (10 min).

stdout | src/app/api/whatsapp/send/route.test.ts > POST /api/whatsapp/send ÔÇö role enforcement > allows an agent through
[send-message] sending to conversation conv-existing: ladder ÔåÆ to="15551234567" (source=phone, isPhone=true); context=none (direct number)

stdout | src/lib/whatsapp/send-message.test.ts > sendMessageToConversation ÔÇö template persistence (#483) > sends the local row's language when the caller names none
[send-message] sending to conversation cv-1: ladder ÔåÆ to="15551234567" (source=phone, isPhone=true); context=none (direct number)

stderr | src/lib/whatsapp/follow-up-worker.test.ts > follow-ups do NOT depend on a public @handle > runDueFollowUps 
SENDS the reminder for a phone-only contact
[follow-up] stale-claim reclaim on follow_ups threw: db.from(...).update(...).eq(...).lt is not a function

stdout | src/app/api/whatsapp/send/route.test.ts > POST /api/whatsapp/send ÔÇö role enforcement > allows an agent through
[send-message] Auto-corrected contact phone: +15551234567 ÔåÆ 15551234567

stdout | src/lib/whatsapp/send-message.test.ts > sendMessageToConversation ÔÇö template persistence (#483) > sends the local row's language when the caller names none
[send-message] Auto-corrected contact phone: +15551234567 ÔåÆ 15551234567

stderr | src/lib/whatsapp/follow-up-worker.test.ts > follow-ups do NOT depend on a public @handle > runDueFollowUps 
SENDS the reminder for a phone-only contact
[follow-up] stale-claim reclaim on response_wait_timers threw: db.from(...).update(...).eq(...).lt is not a function

stderr | src/app/api/whatsapp/send/route.test.ts > POST /api/whatsapp/send ÔÇö role enforcement > allows an agent 
through
[response-wait] armResponseWaitIfIdle threw for conversation conv-existing: 
db.from(...).select(...).eq(...).maybeSingle is not a function

stdout | src/lib/whatsapp/send-message.test.ts > sendMessageToConversation ÔÇö template persistence (#483) > leaves content_text null when the account has no local template row
[send-message] strict contact override: contact ct-1 re-read via service role ÔåÆ phone="+15551234567", wa_id="", wa_user_id="", username=""

stdout | src/lib/whatsapp/follow-up-worker.test.ts > follow-ups do NOT depend on a public @handle > runDueFollowUps SENDS the reminder for a phone-only contact
[follow-up] runner found 1 due follow-up(s) to dispatch.

stderr | src/app/api/whatsapp/send/route.test.ts > POST /api/whatsapp/send ÔÇö media recipient + failure mapping > 
addresses media to the same resolved `to` as a text send
[send-message] service-role contact override unavailable for contact-1 - falling back to the RLS-scoped embed: (0 , 
__vite_ssr_import_4__.supabaseAdmin)(...).from(...).select(...).eq(...).single is not a function

stdout | src/lib/whatsapp/send-message.test.ts > sendMessageToConversation ÔÇö template persistence (#483) > leaves content_text null when the account has no local template row
==================================================
[INFORME_DIAGNOSTICO_DESTINATARIO]
- Conversation ID: cv-1
- Contact ID: ct-1
- Contact Phone (DB): "+15551234567" -> [VALIDO]
- Conversation BSUID/WA_ID: "" -> [INVALIDO]
- Last Inbound WAMID: "NINGUNO"
- Last Inbound At: "NINGUNO"
- DESTINATARIO FINAL SELECCIONADO: "15551234567"
==================================================

stdout | src/lib/whatsapp/follow-up-worker.test.ts > follow-ups do NOT depend on a public @handle > runDueFollowUps SENDS the reminder for a phone-only contact
[follow-up] dispatching follow-up fu-1 for conversation conv-1 (contact contact-1).
[TIMER EXPIRED] Processing conversation_id: conv-1
[TIMER 00:00 EXECUTE] Type: follow_up | Conversation: conv-1

stdout | src/app/api/whatsapp/send/route.test.ts > POST /api/whatsapp/send ÔÇö media recipient + failure mapping > addresses media to the same resolved `to` as a text send
==================================================
[INFORME_DIAGNOSTICO_DESTINATARIO]
- Conversation ID: conv-existing
- Contact ID: contact-1
- Contact Phone (DB): "+15551234567" -> [VALIDO]
- Conversation BSUID/WA_ID: "" -> [INVALIDO]
- Last Inbound WAMID: "NINGUNO"
- Last Inbound At: "NINGUNO"
- DESTINATARIO FINAL SELECCIONADO: "15551234567"
==================================================
[send-message] sending to conversation conv-existing: ladder ÔåÆ to="15551234567" (source=phone, isPhone=true); context=none (direct number)

stdout | src/lib/whatsapp/send-message.test.ts > sendMessageToConversation ÔÇö template persistence (#483) > leaves content_text null when the account has no local template row
[send-message] sending to conversation cv-1: ladder ÔåÆ to="15551234567" (source=phone, isPhone=true); context=none (direct number)

stdout | src/lib/whatsapp/follow-up-worker.test.ts > follow-ups do NOT depend on a public @handle > runDueFollowUps SENDS the reminder for a phone-only contact
[follow-up] destination for conversation conv-1 resolved via resolveRecipient: 573001234567.
[TIMER RECIPIENT] Target phone resolved: 573001234567
[TIMER RECIPIENT RESOLVED] Target: 573001234567
[TIMER PARAMETERS] Phone: 573001234567, RecipientID: n/a

stdout | src/app/api/whatsapp/send/route.test.ts > POST /api/whatsapp/send ÔÇö media recipient + failure mapping > addresses media to the same resolved `to` as a text send
[send-message] Auto-corrected contact phone: +15551234567 ÔåÆ 15551234567

stdout | src/lib/whatsapp/send-message.test.ts > sendMessageToConversation ÔÇö template persistence (#483) > leaves content_text null when the account has no local template row
[send-message] Auto-corrected contact phone: +15551234567 ÔåÆ 15551234567

stdout | src/lib/whatsapp/follow-up-worker.test.ts > follow-ups do NOT depend on a public @handle > runDueFollowUps SENDS the reminder for a phone-only contact
[FOLLOW-UP EXEC] Message text generated for conversation conv-1: "┬┐Qued├│ todo claro? Av├¡same si necesitas algo m├ís."
[TIMER CENTRAL SEND] Calling central send function (sendMessageToConversation) for conversation conv-1...

stderr | src/app/api/whatsapp/send/route.test.ts > POST /api/whatsapp/send ÔÇö media recipient + failure mapping > 
addresses media to the same resolved `to` as a text send
[response-wait] armResponseWaitIfIdle threw for conversation conv-existing: 
db.from(...).select(...).eq(...).maybeSingle is not a function

stdout | src/lib/whatsapp/send-message.test.ts > sendMessageToConversation - opaque-id recipients (INBOX/AI parity) > anchors the send to the newest inbound wamid when the id is opaque
[send-message] strict contact override: contact ct-1 re-read via service role ÔåÆ phone="CO.9988776655443322", wa_id="", wa_user_id="9988776655443322", username=""

stdout | src/lib/whatsapp/follow-up-worker.test.ts > follow-ups do NOT depend on a public @handle > runDueFollowUps SENDS the reminder for a phone-only contact
[follow-up] follow-up delivered by the shared send core for conversation conv-1 (destination: 573001234567, wamid: wamid-fu).
[FOLLOW-UP META] Response from Meta API for conversation conv-1: accepted (2xx), wamid wamid-fu.
[FOLLOW-UP DB] Message stored in DB: msg-fu (conversation conv-1, wamid wamid-fu).
[TIMER META RESULT] Success status: 2xx, wamid: wamid-fu

stderr | src/app/api/whatsapp/send/route.test.ts > POST /api/whatsapp/send ÔÇö media recipient + failure mapping > 
422s with invalid_recipient when no address could be resolved
[send-message] service-role contact override unavailable for contact-1 - falling back to the RLS-scoped embed: (0 , 
__vite_ssr_import_4__.supabaseAdmin)(...).from(...).select(...).eq(...).single is not a function

stdout | src/lib/whatsapp/send-message.test.ts > sendMessageToConversation - opaque-id recipients (INBOX/AI parity) > anchors the send to the newest inbound wamid when the id is opaque
==================================================
[INFORME_DIAGNOSTICO_DESTINATARIO]
- Conversation ID: cv-1
- Contact ID: ct-1
- Contact Phone (DB): "CO.9988776655443322" -> [VALIDO]
- Conversation BSUID/WA_ID: "9988776655443322" -> [VALIDO]
- Last Inbound WAMID: "wamid.INBOUND"
- Last Inbound At: "2026-10-09T16:35:16.575Z"
- DESTINATARIO FINAL SELECCIONADO: "9988776655443322"
==================================================

stdout | src/lib/whatsapp/follow-up-worker.test.ts > follow-ups do NOT depend on a public @handle > runDueFollowUps SENDS the reminder for a phone-only contact
[follow-up] follow-up fu-1 completed ÔÇö reminder delivered for conversation conv-1.
[follow-up] automatic 24h stage skipped for conversation conv-1 ÔÇö Timer 1 is manual-only (arm via "+ Programar").

stdout | src/app/api/whatsapp/send/route.test.ts > POST /api/whatsapp/send ÔÇö media recipient + failure mapping > 422s with invalid_recipient when no address could be resolved
==================================================
[INFORME_DIAGNOSTICO_DESTINATARIO]
- Conversation ID: conv-existing
- Contact ID: contact-1
- Contact Phone (DB): "+15551234567" -> [VALIDO]
- Conversation BSUID/WA_ID: "" -> [INVALIDO]
- Last Inbound WAMID: "NINGUNO"
- Last Inbound At: "NINGUNO"
- DESTINATARIO FINAL SELECCIONADO: "15551234567"
==================================================
[send-message] sending to conversation conv-existing: ladder ÔåÆ to="15551234567" (source=phone, isPhone=true); context=none (direct number)

stdout | src/lib/whatsapp/send-message.test.ts > sendMessageToConversation - opaque-id recipients (INBOX/AI parity) > anchors the send to the newest inbound wamid when the id is opaque
[send-message] sending to conversation cv-1: ladder ÔåÆ to="CO.9988776655443322" (source=bsuid, isPhone=false); context=none (direct number)

stderr | src/lib/whatsapp/follow-up-worker.test.ts > follow-ups do NOT depend on a public @handle > 
runDueResponseWaitTimers SENDS the nudge for a phone-only contact
[follow-up] stale-claim reclaim on follow_ups threw: db.from(...).update(...).eq(...).lt is not a function

stderr | src/app/api/whatsapp/send/route.test.ts > POST /api/whatsapp/send ÔÇö media recipient + failure mapping > 
422s with invalid_recipient when no address could be resolved
[send-message] variant "15551234567" rejected by Meta, trying nextÔÇª

stdout | src/lib/whatsapp/send-message.test.ts > sendMessageToConversation - opaque-id recipients (INBOX/AI parity) > addresses the opaque id directly, as the AI path does
[send-message] strict contact override: contact ct-1 re-read via service role ÔåÆ phone="CO.9988776655443322", wa_id="", wa_user_id="9988776655443322", username=""

stderr | src/lib/whatsapp/follow-up-worker.test.ts > follow-ups do NOT depend on a public @handle > 
runDueResponseWaitTimers SENDS the nudge for a phone-only contact
[follow-up] stale-claim reclaim on response_wait_timers threw: db.from(...).update(...).eq(...).lt is not a function

stderr | src/app/api/whatsapp/send/route.test.ts > POST /api/whatsapp/send ÔÇö media recipient + failure mapping > 
422s with invalid_recipient when no address could be resolved
[send-message] variant "105551234567" rejected by Meta, trying nextÔÇª

stdout | src/lib/whatsapp/send-message.test.ts > sendMessageToConversation - opaque-id recipients (INBOX/AI parity) > addresses the opaque id directly, as the AI path does
==================================================
[INFORME_DIAGNOSTICO_DESTINATARIO]
- Conversation ID: cv-1
- Contact ID: ct-1
- Contact Phone (DB): "CO.9988776655443322" -> [VALIDO]
- Conversation BSUID/WA_ID: "9988776655443322" -> [VALIDO]
- Last Inbound WAMID: "wamid.INBOUND"
- Last Inbound At: "2026-10-09T16:35:16.584Z"
- DESTINATARIO FINAL SELECCIONADO: "9988776655443322"
==================================================

stdout | src/lib/whatsapp/follow-up-worker.test.ts > follow-ups do NOT depend on a public @handle > runDueResponseWaitTimers SENDS the nudge for a phone-only contact
[response-wait] runner found 1 expired "Esperando respuesta" timer(s) to dispatch.

stderr | src/app/api/whatsapp/send/route.test.ts > POST /api/whatsapp/send ÔÇö media recipient + failure mapping > 
422s with invalid_recipient when no address could be resolved
[send-message] variant "150551234567" rejected by Meta, trying nextÔÇª

stdout | src/lib/whatsapp/send-message.test.ts > sendMessageToConversation - opaque-id recipients (INBOX/AI parity) > addresses the opaque id directly, as the AI path does
[send-message] sending to conversation cv-1: ladder ÔåÆ to="CO.9988776655443322" (source=bsuid, isPhone=false); context=none (direct number)

stdout | src/lib/whatsapp/follow-up-worker.test.ts > follow-ups do NOT depend on a public @handle > runDueResponseWaitTimers SENDS the nudge for a phone-only contact
[response-wait] dispatching expired timer wait-1 for conversation conv-1 (contact contact-1).
[TIMER EXPIRED] Processing conversation_id: conv-1
[TIMER 00:00 EXECUTE] Type: response_wait | Conversation: conv-1

stderr | src/app/api/whatsapp/send/route.test.ts > POST /api/whatsapp/send ÔÇö media recipient + failure mapping > 
422s with invalid_recipient when no address could be resolved
[send-message] variant "155051234567" rejected by Meta, trying nextÔÇª

stdout | src/lib/whatsapp/send-message.test.ts > sendMessageToConversation - opaque-id recipients (INBOX/AI parity) > leaves an ordinary dialable number completely untouched
[send-message] strict contact override: contact ct-1 re-read via service role ÔåÆ phone="+15551234567", wa_id="", wa_user_id="", username=""

stdout | src/lib/whatsapp/follow-up-worker.test.ts > follow-ups do NOT depend on a public @handle > runDueResponseWaitTimers SENDS the nudge for a phone-only contact
[response-wait] destination for conversation conv-1 resolved via resolveRecipient: 573001234567.
[TIMER RECIPIENT] Target phone resolved: 573001234567
[TIMER RECIPIENT RESOLVED] Target: 573001234567
[TIMER PARAMETERS] Phone: 573001234567, RecipientID: n/a

stdout | src/app/api/whatsapp/send/route.test.ts > POST /api/whatsapp/send ÔÇö media recipient + failure mapping > 422s with invalid_recipient when no address could be resolved
==================================================
[INFORME_DIAGNOSTICO_DESTINATARIO]
- Conversation ID: conv-existing
- Contact ID: contact-1
- Contact Phone (DB): "+15551234567" -> [VALIDO]
- Conversation BSUID/WA_ID: "" -> [INVALIDO]
- Last Inbound WAMID: "NINGUNO"
- Last Inbound At: "NINGUNO"
- DESTINATARIO FINAL SELECCIONADO: "15551234567"
==================================================

stdout | src/lib/whatsapp/send-message.test.ts > sendMessageToConversation - opaque-id recipients (INBOX/AI parity) > leaves an ordinary dialable number completely untouched
==================================================
[INFORME_DIAGNOSTICO_DESTINATARIO]
- Conversation ID: cv-1
- Contact ID: ct-1
- Contact Phone (DB): "+15551234567" -> [VALIDO]
- Conversation BSUID/WA_ID: "" -> [INVALIDO]
- Last Inbound WAMID: "wamid.INBOUND"
- Last Inbound At: "2026-10-09T16:35:16.587Z"
- DESTINATARIO FINAL SELECCIONADO: "15551234567"
==================================================
[send-message] sending to conversation cv-1: ladder ÔåÆ to="15551234567" (source=phone, isPhone=true); context=none (direct number)

stdout | src/lib/whatsapp/follow-up-worker.test.ts > follow-ups do NOT depend on a public @handle > runDueResponseWaitTimers SENDS the nudge for a phone-only contact
[FOLLOW-UP EXEC] Message text generated for conversation conv-1: "┬┐Qued├│ todo claro? Av├¡same si necesitas algo m├ís."
[TIMER CENTRAL SEND] Calling central send function (sendMessageToConversation) for conversation conv-1...

stderr | src/app/api/whatsapp/send/route.test.ts > POST /api/whatsapp/send ÔÇö media recipient + failure mapping > 
422s with invalid_recipient when no address could be resolved
[send-message] Meta send failed: invalid recipient "": no destination is available for this contact
[send-message] Meta response body: invalid recipient "": no destination is available for this contact

stdout | src/lib/whatsapp/send-message.test.ts > sendMessageToConversation - opaque-id recipients (INBOX/AI parity) > leaves an ordinary dialable number completely untouched
[send-message] Auto-corrected contact phone: +15551234567 ÔåÆ 15551234567

stdout | src/lib/whatsapp/follow-up-worker.test.ts > follow-ups do NOT depend on a public @handle > runDueResponseWaitTimers SENDS the nudge for a phone-only contact
[response-wait] "Esperando respuesta" nudge delivered by the shared send core for conversation conv-1 (destination: 573001234567, wamid: wamid-fu).
[FOLLOW-UP META] Response from Meta API for conversation conv-1: accepted (2xx), wamid wamid-fu.
[FOLLOW-UP DB] Message stored in DB: msg-fu (conversation conv-1, wamid wamid-fu).
[TIMER META RESULT] Success status: 2xx, wamid: wamid-fu

stderr | src/app/api/whatsapp/send/route.test.ts > POST /api/whatsapp/send ÔÇö media recipient + failure mapping > 
422s with meta_rejected when Meta refuses the payload (not 502)
[send-message] service-role contact override unavailable for contact-1 - falling back to the RLS-scoped embed: (0 , 
__vite_ssr_import_4__.supabaseAdmin)(...).from(...).select(...).eq(...).single is not a function

stdout | src/lib/whatsapp/send-message.test.ts > sendMessageToConversation - opaque-id recipients (INBOX/AI parity) > allows a free-form BSUID send when the 24h window is closed (no inbound at all)
[send-message] strict contact override: contact ct-1 re-read via service role ÔåÆ phone="CO.9988776655443322", wa_id="", wa_user_id="9988776655443322", username=""

stdout | src/lib/whatsapp/follow-up-worker.test.ts > follow-ups do NOT depend on a public @handle > runDueResponseWaitTimers SENDS the nudge for a phone-only contact
[response-wait] timer wait-1 completed ÔÇö one-shot follow-up delivered for conversation conv-1, switch OFF.

stdout | src/app/api/whatsapp/send/route.test.ts > POST /api/whatsapp/send ÔÇö media recipient + failure mapping > 422s with meta_rejected when Meta refuses the payload (not 502)
==================================================
[INFORME_DIAGNOSTICO_DESTINATARIO]
- Conversation ID: conv-existing
- Contact ID: contact-1
- Contact Phone (DB): "+15551234567" -> [VALIDO]
- Conversation BSUID/WA_ID: "" -> [INVALIDO]
- Last Inbound WAMID: "NINGUNO"
- Last Inbound At: "NINGUNO"
- DESTINATARIO FINAL SELECCIONADO: "15551234567"
==================================================
[send-message] sending to conversation conv-existing: ladder ÔåÆ to="15551234567" (source=phone, isPhone=true); context=none (direct number)

stdout | src/lib/whatsapp/send-message.test.ts > sendMessageToConversation - opaque-id recipients (INBOX/AI parity) > allows a free-form BSUID send when the 24h window is closed (no inbound at all)
==================================================
[INFORME_DIAGNOSTICO_DESTINATARIO]
- Conversation ID: cv-1
- Contact ID: ct-1
- Contact Phone (DB): "CO.9988776655443322" -> [VALIDO]
- Conversation BSUID/WA_ID: "9988776655443322" -> [VALIDO]
- Last Inbound WAMID: "NINGUNO"
- Last Inbound At: "NINGUNO"
- DESTINATARIO FINAL SELECCIONADO: "9988776655443322"
==================================================

stdout | src/lib/whatsapp/follow-up-worker.test.ts > follow-ups do NOT depend on a public @handle > still schedules a contact row with NO identifiers at all
[follow-up] scheduled 10m follow-up fu-1 for conversation conv-1 in 600s.

stdout | src/app/api/whatsapp/send/route.test.ts > POST /api/whatsapp/send ÔÇö media recipient + failure mapping > 422s with meta_rejected when Meta refuses the payload (not 502)
==================================================
[INFORME_DIAGNOSTICO_DESTINATARIO]
- Conversation ID: conv-existing
- Contact ID: contact-1
- Contact Phone (DB): "+15551234567" -> [VALIDO]
- Conversation BSUID/WA_ID: "" -> [INVALIDO]
- Last Inbound WAMID: "NINGUNO"
- Last Inbound At: "NINGUNO"
- DESTINATARIO FINAL SELECCIONADO: "15551234567"
==================================================

stdout | src/lib/whatsapp/send-message.test.ts > sendMessageToConversation - opaque-id recipients (INBOX/AI parity) > allows a free-form BSUID send when the 24h window is closed (no inbound at all)
[send-message] sending to conversation cv-1: ladder ÔåÆ to="CO.9988776655443322" (source=bsuid, isPhone=false); context=none (direct number)

stdout | src/lib/whatsapp/follow-up-worker.test.ts > follow-ups do NOT depend on a public @handle > accepts a contact whose phone still carries a legacy @handle
[follow-up] scheduled 10m follow-up fu-1 for conversation conv-1 in 600s.

stderr | src/app/api/whatsapp/send/route.test.ts > POST /api/whatsapp/send ÔÇö media recipient + failure mapping > 
422s with meta_rejected when Meta refuses the payload (not 502)
[send-message] Meta send failed: (#100) Invalid parameter: Invalid file
[send-message] Meta response body: (#100) Invalid parameter: Invalid file

stdout | src/lib/whatsapp/send-message.test.ts > sendMessageToConversation - opaque-id recipients (INBOX/AI parity) > allows a free-form BSUID send when the newest inbound is older than 24h
[send-message] strict contact override: contact ct-1 re-read via service role ÔåÆ phone="CO.9988776655443322", wa_id="", wa_user_id="9988776655443322", username=""

stdout | src/lib/whatsapp/follow-up-worker.test.ts > follow-ups do NOT depend on a public @handle > accepts a contact identified by an @user / @lid display id
[follow-up] scheduled 10m follow-up fu-1 for conversation conv-1 in 600s.

stderr | src/app/api/whatsapp/send/route.test.ts > POST /api/whatsapp/send ÔÇö media recipient + failure mapping > 
still 502s when Meta itself fails upstream
[send-message] service-role contact override unavailable for contact-1 - falling back to the RLS-scoped embed: (0 , 
__vite_ssr_import_4__.supabaseAdmin)(...).from(...).select(...).eq(...).single is not a function

stdout | src/lib/whatsapp/send-message.test.ts > sendMessageToConversation - opaque-id recipients (INBOX/AI parity) > allows a free-form BSUID send when the newest inbound is older than 24h
==================================================
[INFORME_DIAGNOSTICO_DESTINATARIO]
- Conversation ID: cv-1
- Contact ID: ct-1
- Contact Phone (DB): "CO.9988776655443322" -> [VALIDO]
- Conversation BSUID/WA_ID: "9988776655443322" -> [VALIDO]
- Last Inbound WAMID: "wamid.STALE"
- Last Inbound At: "2026-10-08T15:35:16.590Z"
- DESTINATARIO FINAL SELECCIONADO: "9988776655443322"
==================================================

stderr | src/lib/whatsapp/follow-up-worker.test.ts > follow-ups do NOT depend on a public @handle > runDueFollowUps 
SENDS when the id lives only in the inbound payload
[follow-up] stale-claim reclaim on follow_ups threw: db.from(...).update(...).eq(...).lt is not a function

stdout | src/app/api/whatsapp/send/route.test.ts > POST /api/whatsapp/send ÔÇö media recipient + failure mapping > still 502s when Meta itself fails upstream
==================================================
[INFORME_DIAGNOSTICO_DESTINATARIO]
- Conversation ID: conv-existing
- Contact ID: contact-1
- Contact Phone (DB): "+15551234567" -> [VALIDO]
- Conversation BSUID/WA_ID: "" -> [INVALIDO]
- Last Inbound WAMID: "NINGUNO"
- Last Inbound At: "NINGUNO"
- DESTINATARIO FINAL SELECCIONADO: "15551234567"
==================================================
[send-message] sending to conversation conv-existing: ladder ÔåÆ to="15551234567" (source=phone, isPhone=true); context=none (direct number)

stdout | src/lib/whatsapp/send-message.test.ts > sendMessageToConversation - opaque-id recipients (INBOX/AI parity) > allows a free-form BSUID send when the newest inbound is older than 24h
[send-message] sending to conversation cv-1: ladder ÔåÆ to="CO.9988776655443322" (source=bsuid, isPhone=false); context=none (direct number)

stderr | src/lib/whatsapp/follow-up-worker.test.ts > follow-ups do NOT depend on a public @handle > runDueFollowUps 
SENDS when the id lives only in the inbound payload
[follow-up] stale-claim reclaim on response_wait_timers threw: db.from(...).update(...).eq(...).lt is not a function

stdout | src/app/api/whatsapp/send/route.test.ts > POST /api/whatsapp/send ÔÇö media recipient + failure mapping > still 502s when Meta itself fails upstream
==================================================
[INFORME_DIAGNOSTICO_DESTINATARIO]
- Conversation ID: conv-existing
- Contact ID: contact-1
- Contact Phone (DB): "+15551234567" -> [VALIDO]
- Conversation BSUID/WA_ID: "" -> [INVALIDO]
- Last Inbound WAMID: "NINGUNO"
- Last Inbound At: "NINGUNO"
- DESTINATARIO FINAL SELECCIONADO: "15551234567"
==================================================

stdout | src/lib/whatsapp/send-message.test.ts > sendMessageToConversation - opaque-id recipients (INBOX/AI parity) > sends a BSUID free-form message while the window stays open
[send-message] strict contact override: contact ct-1 re-read via service role ÔåÆ phone="CO.9988776655443322", wa_id="", wa_user_id="9988776655443322", username=""

stdout | src/lib/whatsapp/follow-up-worker.test.ts > follow-ups do NOT depend on a public @handle > runDueFollowUps SENDS when the id lives only in the inbound payload
[follow-up] runner found 1 due follow-up(s) to dispatch.

stderr | src/app/api/whatsapp/send/route.test.ts > POST /api/whatsapp/send ÔÇö media recipient + failure mapping > 
still 502s when Meta itself fails upstream
[send-message] Meta send failed: Service unavailable
[send-message] Meta response body: Service unavailable

stdout | src/lib/whatsapp/send-message.test.ts > sendMessageToConversation - opaque-id recipients (INBOX/AI parity) > sends a BSUID free-form message while the window stays open
==================================================
[INFORME_DIAGNOSTICO_DESTINATARIO]
- Conversation ID: cv-1
- Contact ID: ct-1
- Contact Phone (DB): "CO.9988776655443322" -> [VALIDO]
- Conversation BSUID/WA_ID: "9988776655443322" -> [VALIDO]
- Last Inbound WAMID: "wamid.INBOUND"
- Last Inbound At: "2026-10-09T16:35:16.591Z"
- DESTINATARIO FINAL SELECCIONADO: "9988776655443322"
==================================================

stdout | src/lib/whatsapp/follow-up-worker.test.ts > follow-ups do NOT depend on a public @handle > runDueFollowUps SENDS when the id lives only in the inbound payload
[follow-up] dispatching follow-up fu-1 for conversation conv-1 (contact contact-1).
[TIMER EXPIRED] Processing conversation_id: conv-1
[TIMER 00:00 EXECUTE] Type: follow_up | Conversation: conv-1

stderr | src/app/api/whatsapp/send/route.test.ts > POST /api/whatsapp/send ÔÇö media recipient + failure mapping > 
422s with window_closed when a BSUID-only lead is out of the 24h window
[send-message] service-role contact override unavailable for contact-1 - falling back to the RLS-scoped embed: (0 , 
__vite_ssr_import_4__.supabaseAdmin)(...).from(...).select(...).eq(...).single is not a function

stdout | src/lib/whatsapp/send-message.test.ts > sendMessageToConversation - opaque-id recipients (INBOX/AI parity) > sends a BSUID free-form message while the window stays open
[send-message] sending to conversation cv-1: ladder ÔåÆ to="CO.9988776655443322" (source=bsuid, isPhone=false); context=none (direct number)

stdout | src/lib/whatsapp/follow-up-worker.test.ts > follow-ups do NOT depend on a public @handle > runDueFollowUps SENDS when the id lives only in the inbound payload
[follow-up] destination for conversation conv-1 resolved via resolveRecipient: 1486998326437295.
[TIMER RECIPIENT] Target phone resolved: 1486998326437295
[TIMER RECIPIENT RESOLVED] Target: 1486998326437295
[TIMER PARAMETERS] Phone: n/a, RecipientID: n/a

stdout | src/app/api/whatsapp/send/route.test.ts > POST /api/whatsapp/send ÔÇö media recipient + failure mapping > 422s with window_closed when a BSUID-only lead is out of the 24h window
==================================================
[INFORME_DIAGNOSTICO_DESTINATARIO]
- Conversation ID: conv-existing
- Contact ID: contact-1
- Contact Phone (DB): "CO.9988776655443322" -> [VALIDO]
- Conversation BSUID/WA_ID: "9988776655443322" -> [VALIDO]
- Last Inbound WAMID: "NINGUNO"
- Last Inbound At: "NINGUNO"
- DESTINATARIO FINAL SELECCIONADO: "9988776655443322"
==================================================

stdout | src/lib/whatsapp/send-message.test.ts > sendMessageToConversation - opaque-id recipients (INBOX/AI parity) > lets a template reach a BSUID contact even with the window closed
[send-message] strict contact override: contact ct-1 re-read via service role ÔåÆ phone="CO.9988776655443322", wa_id="", wa_user_id="9988776655443322", username=""

stdout | src/lib/whatsapp/follow-up-worker.test.ts > follow-ups do NOT depend on a public @handle > runDueFollowUps SENDS when the id lives only in the inbound payload
[FOLLOW-UP EXEC] Message text generated for conversation conv-1: "┬┐Qued├│ todo claro? Av├¡same si necesitas algo m├ís."
[TIMER CENTRAL SEND] Calling central send function (sendMessageToConversation) for conversation conv-1...

stdout | src/app/api/whatsapp/send/route.test.ts > POST /api/whatsapp/send ÔÇö media recipient + failure mapping > 422s with window_closed when a BSUID-only lead is out of the 24h window
[send-message] sending to conversation conv-existing: ladder ÔåÆ to="CO.9988776655443322" (source=bsuid, isPhone=false); context=none (direct number)

stdout | src/lib/whatsapp/send-message.test.ts > sendMessageToConversation - opaque-id recipients (INBOX/AI parity) > lets a template reach a BSUID contact even with the window closed
==================================================
[INFORME_DIAGNOSTICO_DESTINATARIO]
- Conversation ID: cv-1
- Contact ID: ct-1
- Contact Phone (DB): "CO.9988776655443322" -> [VALIDO]
- Conversation BSUID/WA_ID: "9988776655443322" -> [VALIDO]
- Last Inbound WAMID: "NINGUNO"
- Last Inbound At: "NINGUNO"
- DESTINATARIO FINAL SELECCIONADO: "9988776655443322"
==================================================

stdout | src/lib/whatsapp/follow-up-worker.test.ts > follow-ups do NOT depend on a public @handle > runDueFollowUps SENDS when the id lives only in the inbound payload
[follow-up] follow-up delivered by the shared send core for conversation conv-1 (destination: 1486998326437295, wamid: wamid-fu).
[FOLLOW-UP META] Response from Meta API for conversation conv-1: accepted (2xx), wamid wamid-fu.
[FOLLOW-UP DB] Message stored in DB: msg-fu (conversation conv-1, wamid wamid-fu).
[TIMER META RESULT] Success status: 2xx, wamid: wamid-fu

stderr | src/app/api/whatsapp/send/route.test.ts > POST /api/whatsapp/send ÔÇö media recipient + failure mapping > 
422s with window_closed when a BSUID-only lead is out of the 24h window
[send-message] Meta send failed: Cannot read properties of undefined (reading 'messageId')

stdout | src/lib/whatsapp/send-message.test.ts > sendMessageToConversation - opaque-id recipients (INBOX/AI parity) > lets a template reach a BSUID contact even with the window closed
[send-message] sending to conversation cv-1: ladder ÔåÆ to="CO.9988776655443322" (source=bsuid, isPhone=false); context=none (direct number)

stdout | src/lib/whatsapp/follow-up-worker.test.ts > follow-ups do NOT depend on a public @handle > runDueFollowUps SENDS when the id lives only in the inbound payload
[follow-up] follow-up fu-1 completed ÔÇö reminder delivered for conversation conv-1.
[follow-up] automatic 24h stage skipped for conversation conv-1 ÔÇö Timer 1 is manual-only (arm via "+ Programar").

stdout | src/lib/whatsapp/send-message.test.ts > sendMessageToConversation - opaque-id recipients (INBOX/AI parity) > leaves a dialable phone untouched by the window gate even with no inbound
[send-message] strict contact override: contact ct-1 re-read via service role ÔåÆ phone="+15551234567", wa_id="", wa_user_id="", username=""

stderr | src/lib/whatsapp/follow-up-worker.test.ts > follow-ups do NOT depend on a public @handle > still closes the 
timer when NO source anywhere carries an identifier
[follow-up] stale-claim reclaim on follow_ups threw: db.from(...).update(...).eq(...).lt is not a function

stdout | src/lib/whatsapp/send-message.test.ts > sendMessageToConversation - opaque-id recipients (INBOX/AI parity) > leaves a dialable phone untouched by the window gate even with no inbound
==================================================
[INFORME_DIAGNOSTICO_DESTINATARIO]
- Conversation ID: cv-1
- Contact ID: ct-1
- Contact Phone (DB): "+15551234567" -> [VALIDO]
- Conversation BSUID/WA_ID: "" -> [INVALIDO]
- Last Inbound WAMID: "NINGUNO"
- Last Inbound At: "NINGUNO"
- DESTINATARIO FINAL SELECCIONADO: "15551234567"
==================================================
[send-message] sending to conversation cv-1: ladder ÔåÆ to="15551234567" (source=phone, isPhone=true); context=none (direct number)

 Ô£ô src/app/api/whatsapp/send/route.test.ts > POST /api/whatsapp/send ÔÇö contact_id template path > creates a conversation for a contact with none, then sends the template 12ms
 Ô£ô src/app/api/whatsapp/send/route.test.ts > POST /api/whatsapp/send ÔÇö contact_id template path > reuses an existing conversation instead of creating a duplicate 4ms
 Ô£ô src/app/api/whatsapp/send/route.test.ts > POST /api/whatsapp/send ÔÇö contact_id template path > 404s when the contact is not in the caller account 1ms
 Ô£ô src/app/api/whatsapp/send/route.test.ts > POST /api/whatsapp/send ÔÇö contact_id template path > 400s when neither conversation_id nor contact_id is provided 1ms
 Ô£ô src/app/api/whatsapp/send/route.test.ts > POST /api/whatsapp/send ÔÇö role enforcement > refuses a viewer with 403 and never reaches Meta 4ms
 Ô£ô src/app/api/whatsapp/send/route.test.ts > POST /api/whatsapp/send ÔÇö role enforcement > allows an agent through 4ms
 Ô£ô src/app/api/whatsapp/send/route.test.ts > POST /api/whatsapp/send ÔÇö media recipient + failure mapping > addresses media to the same resolved `to` as a text send 4ms
 Ô£ô src/app/api/whatsapp/send/route.test.ts > POST /api/whatsapp/send ÔÇö media recipient + failure mapping > 422s with invalid_recipient when no address could be resolved 5ms
 Ô£ô src/app/api/whatsapp/send/route.test.ts > POST /api/whatsapp/send ÔÇö media recipient + failure mapping > 422s with meta_rejected when Meta refuses the payload (not 502) 3ms
 Ô£ô src/app/api/whatsapp/send/route.test.ts > POST /api/whatsapp/send ÔÇö media recipient + failure mapping > still 502s when Meta itself fails upstream 3ms
 ├ù src/app/api/whatsapp/send/route.test.ts > POST /api/whatsapp/send ÔÇö media recipient + failure mapping > 422s with window_closed when a BSUID-only lead is out of the 24h window 6ms
   ÔåÆ expected 502 to be 422 // Object.is equality
stderr | src/lib/whatsapp/follow-up-worker.test.ts > follow-ups do NOT depend on a public @handle > still closes the 
timer when NO source anywhere carries an identifier
[follow-up] stale-claim reclaim on response_wait_timers threw: db.from(...).update(...).eq(...).lt is not a function

stdout | src/lib/whatsapp/send-message.test.ts > sendMessageToConversation - opaque-id recipients (INBOX/AI parity) > leaves a dialable phone untouched by the window gate even with no inbound
[send-message] Auto-corrected contact phone: +15551234567 ÔåÆ 15551234567

stdout | src/lib/whatsapp/follow-up-worker.test.ts > follow-ups do NOT depend on a public @handle > still closes the timer when NO source anywhere carries an identifier
[follow-up] runner found 1 due follow-up(s) to dispatch.

stdout | src/lib/whatsapp/send-message.test.ts > sendMessageToConversation - opaque-id recipients (INBOX/AI parity) > keeps an explicit operator reply target over the thread anchor
[send-message] strict contact override: contact ct-1 re-read via service role ÔåÆ phone="CO.9988776655443322", wa_id="", wa_user_id="9988776655443322", username=""

stdout | src/lib/whatsapp/follow-up-worker.test.ts > follow-ups do NOT depend on a public @handle > still closes the timer when NO source anywhere carries an identifier
[follow-up] dispatching follow-up fu-1 for conversation conv-1 (contact contact-1).
[TIMER EXPIRED] Processing conversation_id: conv-1
[TIMER 00:00 EXECUTE] Type: follow_up | Conversation: conv-1

stdout | src/lib/whatsapp/send-message.test.ts > sendMessageToConversation - opaque-id recipients (INBOX/AI parity) > keeps an explicit operator reply target over the thread anchor
==================================================
[INFORME_DIAGNOSTICO_DESTINATARIO]
- Conversation ID: cv-1
- Contact ID: ct-1
- Contact Phone (DB): "CO.9988776655443322" -> [VALIDO]
- Conversation BSUID/WA_ID: "9988776655443322" -> [VALIDO]
- Last Inbound WAMID: "wamid.NEWEST"
- Last Inbound At: "2026-10-09T16:35:16.594Z"
- DESTINATARIO FINAL SELECCIONADO: "9988776655443322"
==================================================

stderr | src/lib/whatsapp/follow-up-worker.test.ts > follow-ups do NOT depend on a public @handle > still closes the 
timer when NO source anywhere carries an identifier
[follow-up] conversation conv-1 has NO resolvable destination (resolveRecipient found no phone, wa_id, wa_user_id, 
recipient_id or username) ÔÇö closing the timer so it is never retried.

 Ô£ô src/lib/currency.test.ts > formatCurrency > formats whole amounts with no minor units 13ms
 Ô£ô src/lib/currency.test.ts > formatCurrency > defaults to USD when no currency is given 0ms
 Ô£ô src/lib/currency.test.ts > formatCurrency > treats an empty-string currency as the default 0ms
 Ô£ô src/lib/currency.test.ts > formatCurrency > coerces non-finite values to 0 0ms
 Ô£ô src/lib/currency.test.ts > formatCurrency > renders a well-formed but unknown ISO code without throwing 0ms
 Ô£ô src/lib/currency.test.ts > formatCurrency > never throws on a structurally invalid code (no DB CHECK on deals.currency) 2ms
 Ô£ô src/lib/currency.test.ts > formatCurrency > formats every offered currency without throwing 2ms
 Ô£ô src/lib/currency.test.ts > formatCurrencyShort > abbreviates millions and thousands with the currency symbol 0ms
 Ô£ô src/lib/currency.test.ts > formatCurrencyShort > uses the matching symbol for non-USD currencies 0ms
 Ô£ô src/lib/currency.test.ts > formatCurrencyShort > falls back to the code prefix for unknown currencies (no throw) 0ms
stdout | src/lib/whatsapp/send-message.test.ts > sendMessageToConversation - opaque-id recipients (INBOX/AI parity) > keeps an explicit operator reply target over the thread anchor
[send-message] sending to conversation cv-1: ladder ÔåÆ to="CO.9988776655443322" (source=bsuid, isPhone=false); context=wamid.CHOSEN

stderr | src/lib/whatsapp/follow-up-worker.test.ts > atomic claim (processing) > never rescans or sends a row another 
sweep already claimed
[follow-up] stale-claim reclaim on follow_ups threw: db.from(...).update(...).eq(...).lt is not a function

stdout | src/lib/whatsapp/send-message.test.ts > sendMessageToConversation - strict service-role contact override > sends DIRECTLY to the service-role phone even when the RLS embed hides it
[send-message] strict contact override: contact ct-1 re-read via service role ÔåÆ phone="@573044556788", wa_id="", wa_user_id="9988776655443322", username="@alias_demo"

stderr | src/lib/whatsapp/follow-up-worker.test.ts > atomic claim (processing) > never rescans or sends a row another 
sweep already claimed
[follow-up] stale-claim reclaim on response_wait_timers threw: db.from(...).update(...).eq(...).lt is not a function

stdout | src/lib/whatsapp/send-message.test.ts > sendMessageToConversation - strict service-role contact override > sends DIRECTLY to the service-role phone even when the RLS embed hides it
==================================================
[INFORME_DIAGNOSTICO_DESTINATARIO]
- Conversation ID: cv-1
- Contact ID: ct-1
- Contact Phone (DB): "@573044556788" -> [VALIDO]
- Conversation BSUID/WA_ID: "9988776655443322" -> [VALIDO]
- Last Inbound WAMID: "NINGUNO"
- Last Inbound At: "NINGUNO"
- DESTINATARIO FINAL SELECCIONADO: "573044556788"
==================================================
[send-message] sending to conversation cv-1: ladder ÔåÆ to="573044556788" (source=phone, isPhone=true); context=none (direct number)

stdout | src/lib/whatsapp/send-message.test.ts > sendMessageToConversation - strict service-role contact override > sends DIRECTLY to the service-role phone even when the RLS embed hides it
[send-message] Auto-corrected contact phone: @573044556788 ÔåÆ 573044556788

 Ô£ô src/lib/whatsapp/follow-up-worker.test.ts > scheduleFollowUp > is MANUAL-ONLY: a non-forced (automatic) call never arms Timer 1 4ms
 Ô£ô src/lib/whatsapp/follow-up-worker.test.ts > scheduleFollowUp > arms a pending follow-up due exactly 10 minutes out (force = the manual scheduler) 2ms
 Ô£ô src/lib/whatsapp/follow-up-worker.test.ts > scheduleFollowUp > refuses to schedule when the contact already had its one follow-up of that type (force does NOT bypass the historic limit) 1ms
 Ô£ô src/lib/whatsapp/follow-up-worker.test.ts > scheduleFollowUp > allows the 24h stage even after the 10m was already delivered (per-type limit) 0ms
 Ô£ô src/lib/whatsapp/follow-up-worker.test.ts > scheduleFollowUp > refuses to schedule when the account-wide switch is OFF (force still respects it) 0ms
 Ô£ô src/lib/whatsapp/follow-up-worker.test.ts > scheduleFollowUp > refuses to schedule when the chat override is OFF (force still respects it) 0ms
 Ô£ô src/lib/whatsapp/follow-up-worker.test.ts > scheduleFollowUp > refuses to schedule when the same conversation already has a pending one (force does NOT bypass duplicate-pending) 0ms
 Ô£ô src/lib/whatsapp/follow-up-worker.test.ts > scheduleFollowUp > never throws when the database is unavailable (missing follow_ups table) 0ms
 Ô£ô src/lib/whatsapp/follow-up-worker.test.ts > scheduleManualFollowUp > schedules the EXACT typed delay, bypassing the automatic historic budget 1ms
 Ô£ô src/lib/whatsapp/follow-up-worker.test.ts > scheduleManualFollowUp > moves the existing pending row instead of stacking a duplicate 1ms
 Ô£ô src/lib/whatsapp/follow-up-worker.test.ts > scheduleResponseWaitTimer > arms the wait timer for EXACTLY now + N minutes 1ms
 Ô£ô src/lib/whatsapp/follow-up-worker.test.ts > scheduleResponseWaitTimer > re-arms the SAME active row (no stacking, no duplicates) 1ms
 Ô£ô src/lib/whatsapp/follow-up-worker.test.ts > scheduleResponseWaitTimer > is strictly per-conversation: arming Chat A never touches Chat B 0ms
 Ô£ô src/lib/whatsapp/follow-up-worker.test.ts > cancelResponseWaitTimers > cancels every ACTIVE wait timer of the conversation 0ms
 Ô£ô src/lib/whatsapp/follow-up-worker.test.ts > cancelResponseWaitTimers > records WHY it was cancelled (default: inbound ÔÇö the customer replied) 0ms
 Ô£ô src/lib/whatsapp/follow-up-worker.test.ts > cancelResponseWaitTimers > embeds the given reason (manual ÔåÆ agent cancellation) 0ms
 Ô£ô src/lib/whatsapp/follow-up-worker.test.ts > armResponseWaitIfIdle ÔÇö auto-start on send > continues (never duplicates) when an ACTIVE countdown already exists 0ms
 Ô£ô src/lib/whatsapp/follow-up-worker.test.ts > armResponseWaitIfIdle ÔÇö auto-start on send > re-arms with the chat's LAST-USED minutes after the reply cancelled it 0ms
 Ô£ô src/lib/whatsapp/follow-up-worker.test.ts > armResponseWaitIfIdle ÔÇö auto-start on send > defaults to 10 minutes for a chat that never used Timer 2 0ms
 Ô£ô src/lib/whatsapp/follow-up-worker.test.ts > armResponseWaitIfIdle ÔÇö auto-start on send > is a strict no-op while the "Esperar respuesta" switch is OFF 0ms
 Ô£ô src/lib/whatsapp/follow-up-worker.test.ts > cancelPendingFollowUps > marks pending follow-ups of the conversation as cancelled 0ms
 Ô£ô src/lib/whatsapp/follow-up-worker.test.ts > runDueFollowUps > sends a generated reminder and marks the follow-up completed 4ms
 Ô£ô src/lib/whatsapp/follow-up-worker.test.ts > runDueFollowUps > cancels instead of sending when the customer replied AFTER it was scheduled 1ms
 Ô£ô src/lib/whatsapp/follow-up-worker.test.ts > runDueFollowUps > sends a MANUAL timer even when the customer message is the last one (reply predates scheduling) 1ms
 Ô£ô src/lib/whatsapp/follow-up-worker.test.ts > runDueFollowUps > fires a manually scheduled 1-minute timer exactly once at T+1min 1ms
 Ô£ô src/lib/whatsapp/follow-up-worker.test.ts > runDueFollowUps > cancels instead of sending when the per-chat switch is OFF 1ms
 Ô£ô src/lib/whatsapp/follow-up-worker.test.ts > runDueFollowUps > falls back to a generic reminder when no AI config exists 1ms
 Ô£ô src/lib/whatsapp/follow-up-worker.test.ts > runDueFollowUps > marks no_response when the send to WhatsApp fails 1ms
 Ô£ô src/lib/whatsapp/follow-up-worker.test.ts > runDueFollowUps > handles an empty queue without failing 0ms
 Ô£ô src/lib/whatsapp/follow-up-worker.test.ts > runDueFollowUps > never throws when the database is unavailable (missing follow_ups table) 0ms
 Ô£ô src/lib/whatsapp/follow-up-worker.test.ts > runDueFollowUps > does NOT auto-queue a 24h stage after the automatic 10m fires (Timer 1 escalation is manual-only) 1ms
 Ô£ô src/lib/whatsapp/follow-up-worker.test.ts > runDueFollowUps > does not schedule anything after the 24h stage fires 1ms
 Ô£ô src/lib/whatsapp/follow-up-worker.test.ts > runDueResponseWaitTimers > sends ONE generated nudge at expiry, then closes the timer as completed (single execution) 2ms
 Ô£ô src/lib/whatsapp/follow-up-worker.test.ts > runDueResponseWaitTimers > cancels without sending when the customer replied AT/AFTER started_at 0ms
 Ô£ô src/lib/whatsapp/follow-up-worker.test.ts > runDueResponseWaitTimers > does nothing before expiry 0ms
 Ô£ô src/lib/whatsapp/follow-up-worker.test.ts > runDueResponseWaitTimers > never throws when the response_wait_timers table is missing 0ms
 Ô£ô src/lib/whatsapp/follow-up-worker.test.ts > runScheduledFollowUps ÔÇö both timers run independently > fires Timer 1 and Timer 2 for the SAME conversation without interference 1ms
 Ô£ô src/lib/whatsapp/follow-up-worker.test.ts > follow-ups do NOT depend on a public @handle > scheduleFollowUp schedules for a phone-only contact (no @user/@lid) 0ms
 Ô£ô src/lib/whatsapp/follow-up-worker.test.ts > follow-ups do NOT depend on a public @handle > armResponseWaitIfIdle arms Timer 2 for a phone-only contact 0ms
 Ô£ô src/lib/whatsapp/follow-up-worker.test.ts > follow-ups do NOT depend on a public @handle > runDueFollowUps SENDS the reminder for a phone-only contact 1ms
 Ô£ô src/lib/whatsapp/follow-up-worker.test.ts > follow-ups do NOT depend on a public @handle > runDueResponseWaitTimers SENDS the nudge for a phone-only contact 1ms
 Ô£ô src/lib/whatsapp/follow-up-worker.test.ts > follow-ups do NOT depend on a public @handle > still schedules a contact row with NO identifiers at all 0ms
 Ô£ô src/lib/whatsapp/follow-up-worker.test.ts > follow-ups do NOT depend on a public @handle > accepts a contact whose phone still carries a legacy @handle 0ms
 Ô£ô src/lib/whatsapp/follow-up-worker.test.ts > follow-ups do NOT depend on a public @handle > accepts a contact identified by an @user / @lid display id 0ms
 Ô£ô src/lib/whatsapp/follow-up-worker.test.ts > follow-ups do NOT depend on a public @handle > runDueFollowUps SENDS when the id lives only in the inbound payload 1ms
 Ô£ô src/lib/whatsapp/follow-up-worker.test.ts > follow-ups do NOT depend on a public @handle > still closes the timer when NO source anywhere carries an identifier 0ms
 Ô£ô src/lib/whatsapp/follow-up-worker.test.ts > atomic claim (processing) > never rescans or sends a row another sweep already claimed 0ms
 Ô£ô src/lib/whatsapp/follow-up-worker.test.ts > truncateToLimit > caps the message at 30 words, one paragraph, trailing period 0ms
 Ô£ô src/lib/whatsapp/follow-up-worker.test.ts > truncateToLimit > leaves a short message untouched 0ms
stdout | src/lib/whatsapp/send-message.test.ts > sendMessageToConversation - strict service-role contact override > falls back to the embed when the service-role read is unavailable
==================================================
[INFORME_DIAGNOSTICO_DESTINATARIO]
- Conversation ID: cv-1
- Contact ID: ct-1
- Contact Phone (DB): "+15551234567" -> [VALIDO]
- Conversation BSUID/WA_ID: "" -> [INVALIDO]
- Last Inbound WAMID: "NINGUNO"
- Last Inbound At: "NINGUNO"
- DESTINATARIO FINAL SELECCIONADO: "15551234567"
==================================================
[send-message] sending to conversation cv-1: ladder ÔåÆ to="15551234567" (source=phone, isPhone=true); context=none (direct number)

stdout | src/lib/whatsapp/send-message.test.ts > sendMessageToConversation - strict service-role contact override > falls back to the embed when the service-role read is unavailable
[send-message] Auto-corrected contact phone: +15551234567 ÔåÆ 15551234567

 Ô£ô src/lib/media/blob-cache.test.ts > isProxiedMediaUrl > recognises inbound media, not bucket URLs 2ms
 Ô£ô src/lib/media/blob-cache.test.ts > loadMediaBlob > caches proxied media so a second consumer costs nothing 19ms
 Ô£ô src/lib/media/blob-cache.test.ts > loadMediaBlob > de-duplicates concurrent loads of the same URL 1ms
 Ô£ô src/lib/media/blob-cache.test.ts > loadMediaBlob > does not cache public bucket URLs 1ms
 Ô£ô src/lib/media/blob-cache.test.ts > loadMediaBlob > evicts the least-recently-used entry past the cap 3ms
 Ô£ô src/lib/media/blob-cache.test.ts > loadMediaBlob > throws on a failed request and caches nothing 1ms
 Ô£ô src/lib/media/blob-cache.test.ts > loadMediaBlob > distinguishes a refused response from a fetch that never completed 0ms
 Ô£ô src/lib/media/blob-cache.test.ts > loadMediaBlob > carries the status on a refused response 0ms
 Ô£ô src/lib/media/blob-cache.test.ts > loadMediaBlob > lets a retry succeed after a failure 0ms
stdout | src/lib/whatsapp/send-message.test.ts > sendMessageToConversation - TAREA 1: payload phone auto-persists via service role > persists a payload phone and sends DIRECTLY to it without context
[send-message] strict contact override: contact ct-1 re-read via service role ÔåÆ phone="", wa_id="", wa_user_id="", username=""
[send-message] persisting payload phone "573044556788" for contact ct-1 (contacts.phone was "") via service role

stdout | src/lib/whatsapp/send-message.test.ts > sendMessageToConversation - TAREA 1: payload phone auto-persists via service role > persists a payload phone and sends DIRECTLY to it without context
==================================================
[INFORME_DIAGNOSTICO_DESTINATARIO]
- Conversation ID: cv-1
- Contact ID: ct-1
- Contact Phone (DB): "573044556788" -> [VALIDO]
- Conversation BSUID/WA_ID: "" -> [INVALIDO]
- Last Inbound WAMID: "NINGUNO"
- Last Inbound At: "NINGUNO"
- DESTINATARIO FINAL SELECCIONADO: "573044556788"
==================================================
[send-message] sending to conversation cv-1: ladder ÔåÆ to="573044556788" (source=phone, isPhone=true); context=none (direct number)

stderr | src/app/api/ai/knowledge/[id]/route.test.ts > PATCH /api/ai/knowledge/[id] > records the failure on the row 
when re-indexing fails
[ai/knowledge/[id] PATCH] ingest error: Error: embedding quota
    at C:/Users/edsro/Desktop/CMR/wacrm/src/app/api/ai/knowledge/[id]/route.test.ts:199:44
    at file:///C:/Users/edsro/Desktop/CMR/wacrm/node_modules/@vitest/runner/dist/chunk-artifact.js:302:11
    at file:///C:/Users/edsro/Desktop/CMR/wacrm/node_modules/@vitest/runner/dist/chunk-artifact.js:1903:26
    at file:///C:/Users/edsro/Desktop/CMR/wacrm/node_modules/@vitest/runner/dist/chunk-artifact.js:2326:20
    at new Promise (<anonymous>)
    at runWithCancel 
(file:///C:/Users/edsro/Desktop/CMR/wacrm/node_modules/@vitest/runner/dist/chunk-artifact.js:2323:10)
    at file:///C:/Users/edsro/Desktop/CMR/wacrm/node_modules/@vitest/runner/dist/chunk-artifact.js:2305:20
    at new Promise (<anonymous>)
    at runWithTimeout 
(file:///C:/Users/edsro/Desktop/CMR/wacrm/node_modules/@vitest/runner/dist/chunk-artifact.js:2272:10)
    at file:///C:/Users/edsro/Desktop/CMR/wacrm/node_modules/@vitest/runner/dist/chunk-artifact.js:2955:64

stdout | src/lib/whatsapp/send-message.test.ts > sendMessageToConversation - TAREA 1: payload phone auto-persists via service role > does not overwrite a stored, dialable phone with the payload one
[send-message] strict contact override: contact ct-1 re-read via service role ÔåÆ phone="+15551234567", wa_id="", wa_user_id="", username=""

stdout | src/lib/whatsapp/send-message.test.ts > sendMessageToConversation - TAREA 1: payload phone auto-persists via service role > does not overwrite a stored, dialable phone with the payload one
==================================================
[INFORME_DIAGNOSTICO_DESTINATARIO]
- Conversation ID: cv-1
- Contact ID: ct-1
- Contact Phone (DB): "+15551234567" -> [VALIDO]
- Conversation BSUID/WA_ID: "" -> [INVALIDO]
- Last Inbound WAMID: "NINGUNO"
- Last Inbound At: "NINGUNO"
- DESTINATARIO FINAL SELECCIONADO: "15551234567"
==================================================
[send-message] sending to conversation cv-1: ladder ÔåÆ to="15551234567" (source=phone, isPhone=true); context=none (direct number)

stderr | src/app/api/ai/knowledge/upload/route.test.ts > /api/ai/knowledge/upload > returns 422 with the parser 
message when extraction fails
[ai/knowledge/upload] parse error: Error: No table data could be read from big.xlsx.
    at C:/Users/edsro/Desktop/CMR/wacrm/src/app/api/ai/knowledge/upload/route.test.ts:336:7
    at file:///C:/Users/edsro/Desktop/CMR/wacrm/node_modules/@vitest/runner/dist/chunk-artifact.js:302:11
    at file:///C:/Users/edsro/Desktop/CMR/wacrm/node_modules/@vitest/runner/dist/chunk-artifact.js:1903:26
    at file:///C:/Users/edsro/Desktop/CMR/wacrm/node_modules/@vitest/runner/dist/chunk-artifact.js:2326:20
    at new Promise (<anonymous>)
    at runWithCancel 
(file:///C:/Users/edsro/Desktop/CMR/wacrm/node_modules/@vitest/runner/dist/chunk-artifact.js:2323:10)
    at file:///C:/Users/edsro/Desktop/CMR/wacrm/node_modules/@vitest/runner/dist/chunk-artifact.js:2305:20
    at new Promise (<anonymous>)
    at runWithTimeout 
(file:///C:/Users/edsro/Desktop/CMR/wacrm/node_modules/@vitest/runner/dist/chunk-artifact.js:2272:10)
    at file:///C:/Users/edsro/Desktop/CMR/wacrm/node_modules/@vitest/runner/dist/chunk-artifact.js:2955:64
stdout | src/lib/whatsapp/send-message.test.ts > sendMessageToConversation - TAREA 1: payload phone auto-persists via service role > does not overwrite a stored, dialable phone with the payload one
[send-message] Auto-corrected contact phone: +15551234567 ÔåÆ 15551234567


stdout | src/lib/whatsapp/send-message.test.ts > sendMessageToConversation - destination cascade 422 (no phone, no BSUID, no wamid) > answers a structured 422 with diagnostic_report and how_to_fix and never calls Meta
[send-message] strict contact override: contact ct-1 re-read via service role ÔåÆ phone="", wa_id="", wa_user_id="", username="alias_demo"

stderr | src/app/api/ai/knowledge/[id]/route.test.ts > DELETE /api/ai/knowledge/[id] > keeps the row (no delete) when 
the original cannot be removed
KNOWLEDGE_BASE_DB_ERROR: delete knowledge document (stored file) threw {
  operation: 'delete knowledge document (stored file)',
  accountId: 'account-1',
  documentId: 'doc-1',
  message: 'permission denied for bucket',
  raw: Error: permission denied for bucket
      at C:/Users/edsro/Desktop/CMR/wacrm/src/app/api/ai/knowledge/[id]/route.test.ts:258:7
      at file:///C:/Users/edsro/Desktop/CMR/wacrm/node_modules/@vitest/runner/dist/chunk-artifact.js:302:11
      at file:///C:/Users/edsro/Desktop/CMR/wacrm/node_modules/@vitest/runner/dist/chunk-artifact.js:1903:26
      at file:///C:/Users/edsro/Desktop/CMR/wacrm/node_modules/@vitest/runner/dist/chunk-artifact.js:2326:20
      at new Promise (<anonymous>)
      at runWithCancel 
(file:///C:/Users/edsro/Desktop/CMR/wacrm/node_modules/@vitest/runner/dist/chunk-artifact.js:2323:10)
      at file:///C:/Users/edsro/Desktop/CMR/wacrm/node_modules/@vitest/runner/dist/chunk-artifact.js:2305:20
      at new Promise (<anonymous>)
      at runWithTimeout 
(file:///C:/Users/edsro/Desktop/CMR/wacrm/node_modules/@vitest/runner/dist/chunk-artifact.js:2272:10)
      at file:///C:/Users/edsro/Desktop/CMR/wacrm/node_modules/@vitest/runner/dist/chunk-artifact.js:2955:64
}

stderr | src/app/api/ai/knowledge/upload/route.test.ts > /api/ai/knowledge/upload > still saves when semantic indexing 
fails, reporting a warning
[ai/knowledge/upload] ingest error: Error: embedding quota exceeded
    at C:/Users/edsro/Desktop/CMR/wacrm/src/app/api/ai/knowledge/upload/route.test.ts:347:7
    at file:///C:/Users/edsro/Desktop/CMR/wacrm/node_modules/@vitest/runner/dist/chunk-artifact.js:302:11
    at file:///C:/Users/edsro/Desktop/CMR/wacrm/node_modules/@vitest/runner/dist/chunk-artifact.js:1903:26
    at file:///C:/Users/edsro/Desktop/CMR/wacrm/node_modules/@vitest/runner/dist/chunk-artifact.js:2326:20
    at new Promise (<anonymous>)
    at runWithCancel 
(file:///C:/Users/edsro/Desktop/CMR/wacrm/node_modules/@vitest/runner/dist/chunk-artifact.js:2323:10)
    at file:///C:/Users/edsro/Desktop/CMR/wacrm/node_modules/@vitest/runner/dist/chunk-artifact.js:2305:20
    at new Promise (<anonymous>)
    at runWithTimeout 
(file:///C:/Users/edsro/Desktop/CMR/wacrm/node_modules/@vitest/runner/dist/chunk-artifact.js:2272:10)
    at file:///C:/Users/edsro/Desktop/CMR/wacrm/node_modules/@vitest/runner/dist/chunk-artifact.js:2955:64

stdout | src/lib/whatsapp/send-message.test.ts > sendMessageToConversation - destination cascade 422 (no phone, no BSUID, no wamid) > answers a structured 422 with diagnostic_report and how_to_fix and never calls Meta
==================================================
[INFORME_DIAGNOSTICO_DESTINATARIO]
- Conversation ID: cv-1
- Contact ID: ct-1
- Contact Phone (DB): "" -> [INVALIDO]
- Conversation BSUID/WA_ID: "" -> [INVALIDO]
- Last Inbound WAMID: "NINGUNO"
- Last Inbound At: "NINGUNO"
- DESTINATARIO FINAL SELECCIONADO: "NINGUNO"
==================================================

stderr | src/app/api/ai/knowledge/upload/route.test.ts > /api/ai/knowledge/upload > does not promise keyword search 
when the document got zero chunks
[ai/knowledge/upload] ingest error: AiError: row-level security on ai_knowledge_chunks
    at C:/Users/edsro/Desktop/CMR/wacrm/src/app/api/ai/knowledge/upload/route.test.ts:361:7
    at file:///C:/Users/edsro/Desktop/CMR/wacrm/node_modules/@vitest/runner/dist/chunk-artifact.js:302:11
    at file:///C:/Users/edsro/Desktop/CMR/wacrm/node_modules/@vitest/runner/dist/chunk-artifact.js:1903:26
    at file:///C:/Users/edsro/Desktop/CMR/wacrm/node_modules/@vitest/runner/dist/chunk-artifact.js:2326:20
    at new Promise (<anonymous>)
    at runWithCancel 
(file:///C:/Users/edsro/Desktop/CMR/wacrm/node_modules/@vitest/runner/dist/chunk-artifact.js:2323:10)
    at file:///C:/Users/edsro/Desktop/CMR/wacrm/node_modules/@vitest/runner/dist/chunk-artifact.js:2305:20
    at new Promise (<anonymous>)
    at runWithTimeout 
(file:///C:/Users/edsro/Desktop/CMR/wacrm/node_modules/@vitest/runner/dist/chunk-artifact.js:2272:10)
    at file:///C:/Users/edsro/Desktop/CMR/wacrm/node_modules/@vitest/runner/dist/chunk-artifact.js:2955:64 {
  code: 'knowledge_chunk_write_failed',
  status: 502,
  upstreamStatus: undefined
}

stderr | src/lib/whatsapp/send-message.test.ts > sendMessageToConversation - destination cascade 422 (no phone, no 
BSUID, no wamid) > answers a structured 422 with diagnostic_report and how_to_fix and never calls Meta
[send-message] INVALID RECIPIENT for conversation cv-1 / contact ct-1: No destination could be resolved for 
conversation cv-1 / contact ct-1: every cascade source was missing, placeholder or non-numeric, and the shared 
recipient ladder found no deliverable number, numeric wa_id or BSUID (CASO A/B/C). No HTTP request was sent to Meta.

 Ô£ô src/app/api/ai/knowledge/[id]/route.test.ts > PATCH /api/ai/knowledge/[id] > marks the document processing, then ready after a clean re-index 9ms
 Ô£ô src/app/api/ai/knowledge/[id]/route.test.ts > PATCH /api/ai/knowledge/[id] > retries without the lifecycle columns when migration 061 is absent 2ms
 Ô£ô src/app/api/ai/knowledge/[id]/route.test.ts > PATCH /api/ai/knowledge/[id] > records the failure on the row when re-indexing fails 4ms
 Ô£ô src/app/api/ai/knowledge/[id]/route.test.ts > PATCH /api/ai/knowledge/[id] > skips the lifecycle entirely for a title-only edit 1ms
 Ô£ô src/app/api/ai/knowledge/[id]/route.test.ts > PATCH /api/ai/knowledge/[id] > rejects an empty payload with 400 1ms
 Ô£ô src/app/api/ai/knowledge/[id]/route.test.ts > PATCH /api/ai/knowledge/[id] > reports 404 when the document does not exist 0ms
 Ô£ô src/app/api/ai/knowledge/[id]/route.test.ts > DELETE /api/ai/knowledge/[id] > removes the stored original before the row 1ms
 Ô£ô src/app/api/ai/knowledge/[id]/route.test.ts > DELETE /api/ai/knowledge/[id] > keeps the row (no delete) when the original cannot be removed 2ms
stdout | src/lib/whatsapp/send-message.test.ts > sendMessageToConversation - destination cascade (S3/S4/S5 conversational sources) > resolves conversations.wa_id (S3) when the contact carries no usable number
[send-message] strict contact override: contact ct-1 re-read via service role ÔåÆ phone="", wa_id="", wa_user_id="", username=""

stdout | src/lib/whatsapp/send-message.test.ts > sendMessageToConversation - destination cascade (S3/S4/S5 conversational sources) > resolves conversations.wa_id (S3) when the contact carries no usable number
==================================================
[INFORME_DIAGNOSTICO_DESTINATARIO]
- Conversation ID: cv-1
- Contact ID: ct-1
- Contact Phone (DB): "" -> [INVALIDO]
- Conversation BSUID/WA_ID: "573155667789" -> [VALIDO]
- Last Inbound WAMID: "wamid.INBOUND"
- Last Inbound At: "2026-10-09T16:35:16.602Z"
- DESTINATARIO FINAL SELECCIONADO: "573155667789"
==================================================
[send-message] sending to conversation cv-1: ladder ÔåÆ to="573155667789" (source=wa_id, isPhone=true); context=none (direct number)

stdout | src/lib/whatsapp/send-message.test.ts > sendMessageToConversation - destination cascade (S3/S4/S5 conversational sources) > resolves conversations.wa_id (S3) when the contact carries no usable number
[send-message] Auto-corrected contact phone: null ÔåÆ 573155667789

stderr | src/app/api/ai/knowledge/upload/route.test.ts > /api/ai/knowledge/upload > reports the cause of a non-auth 
failure instead of "Internal server error"
KNOWLEDGE_BASE_DB_ERROR: POST /api/ai/knowledge/upload threw {
  operation: 'POST /api/ai/knowledge/upload',
  message: 'supabaseUrl is required',
  raw: Error: supabaseUrl is required
      at C:/Users/edsro/Desktop/CMR/wacrm/src/app/api/ai/knowledge/upload/route.test.ts:410:7
      at file:///C:/Users/edsro/Desktop/CMR/wacrm/node_modules/@vitest/runner/dist/chunk-artifact.js:302:11
      at file:///C:/Users/edsro/Desktop/CMR/wacrm/node_modules/@vitest/runner/dist/chunk-artifact.js:1903:26
      at file:///C:/Users/edsro/Desktop/CMR/wacrm/node_modules/@vitest/runner/dist/chunk-artifact.js:2326:20
      at new Promise (<anonymous>)
      at runWithCancel 
(file:///C:/Users/edsro/Desktop/CMR/wacrm/node_modules/@vitest/runner/dist/chunk-artifact.js:2323:10)
      at file:///C:/Users/edsro/Desktop/CMR/wacrm/node_modules/@vitest/runner/dist/chunk-artifact.js:2305:20
      at new Promise (<anonymous>)
      at runWithTimeout 
(file:///C:/Users/edsro/Desktop/CMR/wacrm/node_modules/@vitest/runner/dist/chunk-artifact.js:2272:10)
      at file:///C:/Users/edsro/Desktop/CMR/wacrm/node_modules/@vitest/runner/dist/chunk-artifact.js:2955:64
}

stdout | src/lib/whatsapp/send-message.test.ts > sendMessageToConversation - destination cascade (S3/S4/S5 conversational sources) > resolves contacts.metadata phone (S2) ahead of older sources
[send-message] strict contact override: contact ct-1 re-read via service role ÔåÆ phone="", wa_id="", wa_user_id="", username=""

stderr | src/app/api/ai/knowledge/upload/route.test.ts > /api/ai/knowledge/upload > insert failures are surfaced, not 
swallowed > returns the SQLSTATE and message for an RLS rejection
[ai/knowledge/upload] insert error: {
  code: '42501',
  message: 'new row violates row-level security policy for table "ai_knowledge_documents"',
  details: '',
  hint: ''
}
KNOWLEDGE_BASE_DB_ERROR: insert knowledge document failed {
  operation: 'insert knowledge document',
  accountId: 'account-1',
  userId: 'user-1',
  title: 'lista-precios',
  contentChars: 28,
  filename: 'lista-precios.xlsx',
  sourceType: 'xlsx',
  code: '42501',
  message: 'new row violates row-level security policy for table "ai_knowledge_documents"',
  details: undefined,
  hint: undefined,
  advice: "Row-level security rejected this write. The signed-in user must be an admin member of the account 
(ai_knowledge_documents INSERT policy requires is_account_member(account_id, 'admin')).",
  raw: {
    code: '42501',
    message: 'new row violates row-level security policy for table "ai_knowledge_documents"',
    details: '',
    hint: ''
  }
}

stdout | src/lib/whatsapp/send-message.test.ts > sendMessageToConversation - destination cascade (S3/S4/S5 conversational sources) > resolves contacts.metadata phone (S2) ahead of older sources
==================================================
[INFORME_DIAGNOSTICO_DESTINATARIO]
- Conversation ID: cv-1
- Contact ID: ct-1
- Contact Phone (DB): "" -> [INVALIDO]
- Conversation BSUID/WA_ID: "" -> [INVALIDO]
- Last Inbound WAMID: "NINGUNO"
- Last Inbound At: "NINGUNO"
- DESTINATARIO FINAL SELECCIONADO: "573266778890"
==================================================
[send-message] sending to conversation cv-1: ladder ÔåÆ to="573266778890" (source=phone, isPhone=true); context=none (direct number)

stderr | src/app/api/ai/knowledge/upload/route.test.ts > /api/ai/knowledge/upload > insert failures are surfaced, not 
swallowed > returns 400 and names migration 055 when a column is missing
[ai/knowledge/upload] insert knowledge document: column missing, degrading to the next shape.

stdout | src/lib/whatsapp/send-message.test.ts > sendMessageToConversation - destination cascade (S3/S4/S5 conversational sources) > resolves contacts.metadata phone (S2) ahead of older sources
[send-message] Auto-corrected contact phone: null ÔåÆ 573266778890

stderr | src/app/api/ai/knowledge/upload/route.test.ts > /api/ai/knowledge/upload > insert failures are surfaced, not 
swallowed > returns 400 and names migration 055 when a column is missing
[ai/knowledge/upload] insert knowledge document (061 columns missing): column missing, degrading to the next shape.

stdout | src/lib/whatsapp/send-message.test.ts > sendMessageToConversation - destination cascade (S3/S4/S5 conversational sources) > complies with strict priority: a valid contacts.phone (S1) beats a wamid stored on the conversation (S3)
[send-message] strict contact override: contact ct-1 re-read via service role ÔåÆ phone="+573044556788", wa_id="", wa_user_id="", username=""

stderr | src/app/api/ai/knowledge/upload/route.test.ts > /api/ai/knowledge/upload > insert failures are surfaced, not 
swallowed > returns 400 and names migration 055 when a column is missing
[ai/knowledge/upload] insert knowledge document (legacy shape, 055 not applied): column missing, degrading to the next 
shape.
[ai/knowledge/upload] insert error: {
  code: '42703',
  message: 'column ai_knowledge_documents.filename does not exist',
  details: '',
  hint: ''
}
KNOWLEDGE_BASE_DB_ERROR: insert knowledge document (all projection tiers failed) failed {
  operation: 'insert knowledge document (all projection tiers failed)',
  accountId: 'account-1',
  userId: 'user-1',
  title: 'lista-precios',
  contentChars: 28,
  filename: 'lista-precios.xlsx',
  sourceType: 'xlsx',
  code: '42703',
  message: 'column ai_knowledge_documents.filename does not exist',
  details: undefined,
  hint: undefined,
  advice: 'The database schema is missing a column this app expects. Apply 
supabase/migrations/055_knowledge_document_filename.sql (filename, source_type).',
  raw: {
    code: '42703',
    message: 'column ai_knowledge_documents.filename does not exist',
    details: '',
    hint: ''
  }
}

stdout | src/lib/whatsapp/send-message.test.ts > sendMessageToConversation - destination cascade (S3/S4/S5 conversational sources) > complies with strict priority: a valid contacts.phone (S1) beats a wamid stored on the conversation (S3)
==================================================
[INFORME_DIAGNOSTICO_DESTINATARIO]
- Conversation ID: cv-1
- Contact ID: ct-1
- Contact Phone (DB): "+573044556788" -> [VALIDO]
- Conversation BSUID/WA_ID: "573155667789" -> [VALIDO]
- Last Inbound WAMID: "NINGUNO"
- Last Inbound At: "NINGUNO"
- DESTINATARIO FINAL SELECCIONADO: "573044556788"
==================================================
[send-message] sending to conversation cv-1: ladder ÔåÆ to="573044556788" (source=phone, isPhone=true); context=none (direct number)

stderr | src/app/api/ai/knowledge/upload/route.test.ts > /api/ai/knowledge/upload > insert failures are surfaced, not 
swallowed > never returns the old opaque message
[ai/knowledge/upload] insert error: {
  code: '23505',
  message: 'duplicate key value violates unique constraint "ai_knowledge_documents_pkey"',
  details: '',
  hint: ''
}
KNOWLEDGE_BASE_DB_ERROR: insert knowledge document failed {
  operation: 'insert knowledge document',
  accountId: 'account-1',
  userId: 'user-1',
  title: 'lista-precios',
  contentChars: 28,
  filename: 'lista-precios.xlsx',
  sourceType: 'xlsx',
  code: '23505',
  message: 'duplicate key value violates unique constraint "ai_knowledge_documents_pkey"',
  details: undefined,
  hint: undefined,
  advice: undefined,
  raw: {
    code: '23505',
    message: 'duplicate key value violates unique constraint "ai_knowledge_documents_pkey"',
    details: '',
    hint: ''
  }
}

stdout | src/lib/whatsapp/send-message.test.ts > sendMessageToConversation - destination cascade (S3/S4/S5 conversational sources) > complies with strict priority: a valid contacts.phone (S1) beats a wamid stored on the conversation (S3)
[send-message] Auto-corrected contact phone: +573044556788 ÔåÆ 573044556788

stderr | src/app/api/ai/knowledge/upload/route.test.ts > /api/ai/knowledge/upload > stores the original file and 
tracks document status > undoes the row and reports 500 when the original cannot be stored
[ai/knowledge/upload] storage upload error: Error: Bucket write denied
    at C:/Users/edsro/Desktop/CMR/wacrm/src/app/api/ai/knowledge/upload/route.test.ts:555:9
    at file:///C:/Users/edsro/Desktop/CMR/wacrm/node_modules/@vitest/runner/dist/chunk-artifact.js:302:11
    at file:///C:/Users/edsro/Desktop/CMR/wacrm/node_modules/@vitest/runner/dist/chunk-artifact.js:1903:26
    at file:///C:/Users/edsro/Desktop/CMR/wacrm/node_modules/@vitest/runner/dist/chunk-artifact.js:2326:20
    at new Promise (<anonymous>)
    at runWithCancel 
(file:///C:/Users/edsro/Desktop/CMR/wacrm/node_modules/@vitest/runner/dist/chunk-artifact.js:2323:10)
    at file:///C:/Users/edsro/Desktop/CMR/wacrm/node_modules/@vitest/runner/dist/chunk-artifact.js:2305:20
    at new Promise (<anonymous>)
    at runWithTimeout 
(file:///C:/Users/edsro/Desktop/CMR/wacrm/node_modules/@vitest/runner/dist/chunk-artifact.js:2272:10)
    at file:///C:/Users/edsro/Desktop/CMR/wacrm/node_modules/@vitest/runner/dist/chunk-artifact.js:2955:64

stdout | src/lib/whatsapp/send-message.test.ts > sendMessageToConversation - destination cascade (S3/S4/S5 conversational sources) > REFUSES a namespaced BSUID at the shared ladder (CASO C)
[send-message] strict contact override: contact ct-1 re-read via service role ÔåÆ phone="", wa_id="WAID.1234567", wa_user_id="", username=""

stderr | src/app/api/ai/knowledge/upload/route.test.ts > /api/ai/knowledge/upload > stores the original file and 
tracks document status > undoes the row and reports 500 when the original cannot be stored
KNOWLEDGE_BASE_DB_ERROR: store original knowledge file threw {
  operation: 'store original knowledge file',
  accountId: 'account-1',
  userId: 'user-1',
  documentId: 'doc-1',
  filename: 'lista-precios.xlsx',
  message: 'Bucket write denied',
  raw: Error: Bucket write denied
      at C:/Users/edsro/Desktop/CMR/wacrm/src/app/api/ai/knowledge/upload/route.test.ts:555:9
      at file:///C:/Users/edsro/Desktop/CMR/wacrm/node_modules/@vitest/runner/dist/chunk-artifact.js:302:11
      at file:///C:/Users/edsro/Desktop/CMR/wacrm/node_modules/@vitest/runner/dist/chunk-artifact.js:1903:26
      at file:///C:/Users/edsro/Desktop/CMR/wacrm/node_modules/@vitest/runner/dist/chunk-artifact.js:2326:20
      at new Promise (<anonymous>)
      at runWithCancel 
(file:///C:/Users/edsro/Desktop/CMR/wacrm/node_modules/@vitest/runner/dist/chunk-artifact.js:2323:10)
      at file:///C:/Users/edsro/Desktop/CMR/wacrm/node_modules/@vitest/runner/dist/chunk-artifact.js:2305:20
      at new Promise (<anonymous>)
      at runWithTimeout 
(file:///C:/Users/edsro/Desktop/CMR/wacrm/node_modules/@vitest/runner/dist/chunk-artifact.js:2272:10)
      at file:///C:/Users/edsro/Desktop/CMR/wacrm/node_modules/@vitest/runner/dist/chunk-artifact.js:2955:64
}

stdout | src/lib/whatsapp/send-message.test.ts > sendMessageToConversation - destination cascade (S3/S4/S5 conversational sources) > REFUSES a namespaced BSUID at the shared ladder (CASO C)
==================================================
[INFORME_DIAGNOSTICO_DESTINATARIO]
- Conversation ID: cv-1
- Contact ID: ct-1
- Contact Phone (DB): "" -> [INVALIDO]
- Conversation BSUID/WA_ID: "WAID.1234567" -> [INVALIDO]
- Last Inbound WAMID: "wamid.INBOUND"
- Last Inbound At: "2026-10-09T16:35:16.607Z"
- DESTINATARIO FINAL SELECCIONADO: "NINGUNO"
==================================================

stderr | src/app/api/ai/knowledge/upload/route.test.ts > /api/ai/knowledge/upload > stores the original file and 
tracks document status > marks the document failed with the reason when indexing fails
[ai/knowledge/upload] ingest error: Error: embedding quota exceeded
    at C:/Users/edsro/Desktop/CMR/wacrm/src/app/api/ai/knowledge/upload/route.test.ts:581:9
    at file:///C:/Users/edsro/Desktop/CMR/wacrm/node_modules/@vitest/runner/dist/chunk-artifact.js:302:11
    at file:///C:/Users/edsro/Desktop/CMR/wacrm/node_modules/@vitest/runner/dist/chunk-artifact.js:1903:26
    at file:///C:/Users/edsro/Desktop/CMR/wacrm/node_modules/@vitest/runner/dist/chunk-artifact.js:2326:20
    at new Promise (<anonymous>)
    at runWithCancel 
(file:///C:/Users/edsro/Desktop/CMR/wacrm/node_modules/@vitest/runner/dist/chunk-artifact.js:2323:10)
    at file:///C:/Users/edsro/Desktop/CMR/wacrm/node_modules/@vitest/runner/dist/chunk-artifact.js:2305:20
    at new Promise (<anonymous>)
    at runWithTimeout 
(file:///C:/Users/edsro/Desktop/CMR/wacrm/node_modules/@vitest/runner/dist/chunk-artifact.js:2272:10)
    at file:///C:/Users/edsro/Desktop/CMR/wacrm/node_modules/@vitest/runner/dist/chunk-artifact.js:2955:64

stderr | src/app/api/ai/knowledge/upload/route.test.ts > /api/ai/knowledge/upload > degrades gracefully when migration 
061 / 055 is not applied > 061 missing: skips storage and status, warns which migration to apply
[ai/knowledge/upload] insert knowledge document: column missing, degrading to the next shape.

stdout | src/lib/whatsapp/send-message.test.ts > sendMessageToConversation - destination cascade (S3/S4/S5 conversational sources) > REFUSES a namespaced BSUID at the shared ladder (CASO C)
[send-message] sending to conversation cv-1: ladder ÔåÆ to="WAID.1234567" (source=bsuid, isPhone=false); context=none (direct number)

stdout | src/lib/whatsapp/send-message.test.ts > sendMessageToConversation - phone rejected ÔåÆ escalated BSUID carries the anchor > anchors the escalated opaque attempt to the newest inbound wamid
[send-message] strict contact override: contact ct-1 re-read via service role ÔåÆ phone="+15551234567", wa_id="9988776655443322", wa_user_id="", username=""

stdout | src/lib/whatsapp/send-message.test.ts > sendMessageToConversation - phone rejected ÔåÆ escalated BSUID carries the anchor > anchors the escalated opaque attempt to the newest inbound wamid
==================================================
[INFORME_DIAGNOSTICO_DESTINATARIO]
- Conversation ID: cv-1
- Contact ID: ct-1
- Contact Phone (DB): "+15551234567" -> [VALIDO]
- Conversation BSUID/WA_ID: "9988776655443322" -> [VALIDO]
- Last Inbound WAMID: "wamid.INBOUND"
- Last Inbound At: "2026-10-09T16:35:16.609Z"
- DESTINATARIO FINAL SELECCIONADO: "15551234567"
==================================================
[send-message] sending to conversation cv-1: ladder ÔåÆ to="15551234567" (source=phone, isPhone=true); context=none (direct number)

stderr | src/lib/whatsapp/send-message.test.ts > sendMessageToConversation - phone rejected ÔåÆ escalated BSUID 
carries the anchor > anchors the escalated opaque attempt to the newest inbound wamid
[send-message] variant "15551234567" rejected by Meta, trying nextÔÇª

stderr | src/app/api/ai/knowledge/upload/route.test.ts > /api/ai/knowledge/upload > degrades gracefully when migration 
061 / 055 is not applied > 055 missing: stores no filename/type and degradedSchema says so
[ai/knowledge/upload] insert knowledge document: column missing, degrading to the next shape.

stderr | src/lib/whatsapp/send-message.test.ts > sendMessageToConversation - phone rejected ÔåÆ escalated BSUID 
carries the anchor > anchors the escalated opaque attempt to the newest inbound wamid
[send-message] variant "105551234567" rejected by Meta, trying nextÔÇª

stderr | src/app/api/ai/knowledge/upload/route.test.ts > /api/ai/knowledge/upload > degrades gracefully when migration 
061 / 055 is not applied > 055 missing: stores no filename/type and degradedSchema says so
[ai/knowledge/upload] insert knowledge document (061 columns missing): column missing, degrading to the next shape.

stderr | src/lib/whatsapp/send-message.test.ts > sendMessageToConversation - phone rejected ÔåÆ escalated BSUID 
carries the anchor > anchors the escalated opaque attempt to the newest inbound wamid
[send-message] variant "150551234567" rejected by Meta, trying nextÔÇª

stderr | src/lib/whatsapp/send-message.test.ts > sendMessageToConversation - phone rejected ÔåÆ escalated BSUID 
carries the anchor > anchors the escalated opaque attempt to the newest inbound wamid
[send-message] variant "155051234567" rejected by Meta, trying nextÔÇª

 Ô£ô src/app/api/ai/knowledge/upload/route.test.ts > /api/ai/knowledge/upload > saves a parsed file and indexes it, defaulting title to the file name 12ms
 Ô£ô src/app/api/ai/knowledge/upload/route.test.ts > /api/ai/knowledge/upload > honors an explicit title from the form 2ms
 Ô£ô src/app/api/ai/knowledge/upload/route.test.ts > /api/ai/knowledge/upload > rejects a request without a file 1ms
 Ô£ô src/app/api/ai/knowledge/upload/route.test.ts > /api/ai/knowledge/upload > rejects an unsupported extension before parsing 1ms
 Ô£ô src/app/api/ai/knowledge/upload/route.test.ts > /api/ai/knowledge/upload > rejects an empty file 1ms
 Ô£ô src/app/api/ai/knowledge/upload/route.test.ts > /api/ai/knowledge/upload > rejects files over the 16 MB ceiling 16ms
 Ô£ô src/app/api/ai/knowledge/upload/route.test.ts > /api/ai/knowledge/upload > returns 422 with the parser message when extraction fails 7ms
 Ô£ô src/app/api/ai/knowledge/upload/route.test.ts > /api/ai/knowledge/upload > still saves when semantic indexing fails, reporting a warning 2ms
 Ô£ô src/app/api/ai/knowledge/upload/route.test.ts > /api/ai/knowledge/upload > does not promise keyword search when the document got zero chunks 2ms
 Ô£ô src/app/api/ai/knowledge/upload/route.test.ts > /api/ai/knowledge/upload > responds 429 when the admin rate limit is hit 1ms
 Ô£ô src/app/api/ai/knowledge/upload/route.test.ts > /api/ai/knowledge/upload > keeps 403 for a real ForbiddenError instead of masking it as a 500 1ms
 Ô£ô src/app/api/ai/knowledge/upload/route.test.ts > /api/ai/knowledge/upload > keeps 401 for a real UnauthorizedError 0ms
 Ô£ô src/app/api/ai/knowledge/upload/route.test.ts > /api/ai/knowledge/upload > reports the cause of a non-auth failure instead of "Internal server error" 1ms
 Ô£ô src/app/api/ai/knowledge/upload/route.test.ts > /api/ai/knowledge/upload > insert failures are surfaced, not swallowed > returns the SQLSTATE and message for an RLS rejection 1ms
 Ô£ô src/app/api/ai/knowledge/upload/route.test.ts > /api/ai/knowledge/upload > insert failures are surfaced, not swallowed > returns 400 and names migration 055 when a column is missing 1ms
 Ô£ô src/app/api/ai/knowledge/upload/route.test.ts > /api/ai/knowledge/upload > insert failures are surfaced, not swallowed > never returns the old opaque message 1ms
 Ô£ô src/app/api/ai/knowledge/upload/route.test.ts > /api/ai/knowledge/upload > insert failures are surfaced, not swallowed > logs KNOWLEDLEDGE_BASE_DB_ERROR with the failing filename 1ms
 Ô£ô src/app/api/ai/knowledge/upload/route.test.ts > /api/ai/knowledge/upload > stores the original file and tracks document status > uploads the original to storage and records the path before indexing 1ms
 Ô£ô src/app/api/ai/knowledge/upload/route.test.ts > /api/ai/knowledge/upload > stores the original file and tracks document status > undoes the row and reports 500 when the original cannot be stored 2ms
 Ô£ô src/app/api/ai/knowledge/upload/route.test.ts > /api/ai/knowledge/upload > stores the original file and tracks document status > marks the document failed with the reason when indexing fails 1ms
 Ô£ô src/app/api/ai/knowledge/upload/route.test.ts > /api/ai/knowledge/upload > degrades gracefully when migration 061 / 055 is not applied > 061 missing: skips storage and status, warns which migration to apply 1ms
 Ô£ô src/app/api/ai/knowledge/upload/route.test.ts > /api/ai/knowledge/upload > degrades gracefully when migration 061 / 055 is not applied > 055 missing: stores no filename/type and degradedSchema says so 1ms
stdout | src/lib/whatsapp/send-message.test.ts > sendMessageToConversation - media recipients (same resolver as text) > addresses a BSUID-only (@user) contact in `recipient`, anchored like text
[send-message] strict contact override: contact ct-1 re-read via service role ÔåÆ phone="CO.9988776655443322", wa_id="", wa_user_id="9988776655443322", username=""

stdout | src/lib/whatsapp/send-message.test.ts > sendMessageToConversation - media recipients (same resolver as text) > addresses a BSUID-only (@user) contact in `recipient`, anchored like text
==================================================
[INFORME_DIAGNOSTICO_DESTINATARIO]
- Conversation ID: cv-1
- Contact ID: ct-1
- Contact Phone (DB): "CO.9988776655443322" -> [VALIDO]
- Conversation BSUID/WA_ID: "9988776655443322" -> [VALIDO]
- Last Inbound WAMID: "wamid.INBOUND"
- Last Inbound At: "2026-10-09T16:35:16.613Z"
- DESTINATARIO FINAL SELECCIONADO: "9988776655443322"
==================================================

stdout | src/lib/whatsapp/send-message.test.ts > sendMessageToConversation - media recipients (same resolver as text) > addresses a BSUID-only (@user) contact in `recipient`, anchored like text
[send-message] sending to conversation cv-1: ladder ÔåÆ to="CO.9988776655443322" (source=bsuid, isPhone=false); context=none (direct number)

stdout | src/lib/whatsapp/send-message.test.ts > sendMessageToConversation - media recipients (same resolver as text) > leaves a dialable number untouched and adds no anchor for media
[send-message] strict contact override: contact ct-1 re-read via service role ÔåÆ phone="+15551234567", wa_id="", wa_user_id="", username=""

 Ô£ô src/lib/ai/generate.test.ts > parseGeneration > returns text with no handoff 3ms
 Ô£ô src/lib/ai/generate.test.ts > parseGeneration > detects + strips the handoff sentinel 1ms
 Ô£ô src/lib/ai/generate.test.ts > parseGeneration > passes usage straight through 0ms
 Ô£ô src/lib/ai/generate.test.ts > parseGeneration > strips a leading Gemini "model" role token 0ms
 Ô£ô src/lib/ai/generate.test.ts > parseGeneration > keeps replies that merely contain the word "model", not as a leading token 0ms
 Ô£ô src/lib/ai/generate.test.ts > stripModelPrefix > only removes a standalone leading token, not mid-text occurrences 0ms
 Ô£ô src/lib/ai/generate.test.ts > generateReply ÔÇö OpenAI > calls the chat completions endpoint and returns the reply 2ms
 Ô£ô src/lib/ai/generate.test.ts > generateReply ÔÇö OpenAI > maps a 401 to an invalid_key AiError 1ms
 Ô£ô src/lib/ai/generate.test.ts > generateReply ÔÇö OpenAI > throws on an empty completion 1ms
 Ô£ô src/lib/ai/generate.test.ts > generateReply ÔÇö Anthropic > calls the messages endpoint with the version header and parses text blocks 1ms
 Ô£ô src/lib/ai/generate.test.ts > generateReply ÔÇö Anthropic > detects handoff in the model output 0ms
 Ô£ô src/lib/ai/generate.test.ts > generateReply ÔÇö Anthropic > drops a leading assistant turn so the payload starts on the customer 1ms
 Ô£ô src/lib/ai/generate.test.ts > generateReply ÔÇö tool-calling safeguards > sends tool_choice "auto" to OpenAI when tools are present 0ms
 Ô£ô src/lib/ai/generate.test.ts > generateReply ÔÇö tool-calling safeguards > sends tool_choice {type:auto} to Anthropic when tools are present 0ms
 Ô£ô src/lib/ai/generate.test.ts > generateReply ÔÇö tool-calling safeguards > strips leaked tool-call text and recovers the call when the provider sent none 0ms
 Ô£ô src/lib/ai/generate.test.ts > generateReply ÔÇö tool-calling safeguards > never leaks scaffolding text even when structured tool_calls are present 0ms
 Ô£ô src/lib/ai/generate.test.ts > stripInternalReasoning ÔÇö Chain-of-Thought never reaches WhatsApp > removes <thinking> blocks while keeping the customer-facing text 0ms
 Ô£ô src/lib/ai/generate.test.ts > stripInternalReasoning ÔÇö Chain-of-Thought never reaches WhatsApp > removes code-fenced reasoning, bracket tags and label-prefixed monologue 0ms
 Ô£ô src/lib/ai/generate.test.ts > stripInternalReasoning ÔÇö Chain-of-Thought never reaches WhatsApp > removes stray unmatched thinking tags 0ms
 Ô£ô src/lib/ai/generate.test.ts > stripInternalReasoning ÔÇö Chain-of-Thought never reaches WhatsApp > leaves ordinary customer-facing text untouched 0ms
 Ô£ô src/lib/ai/generate.test.ts > stripInternalReasoning ÔÇö Chain-of-Thought never reaches WhatsApp > applies inside parseGeneration so every reply is pre-cleaned 0ms
stdout | src/lib/whatsapp/send-message.test.ts > sendMessageToConversation - media recipients (same resolver as text) > leaves a dialable number untouched and adds no anchor for media
==================================================
[INFORME_DIAGNOSTICO_DESTINATARIO]
- Conversation ID: cv-1
- Contact ID: ct-1
- Contact Phone (DB): "+15551234567" -> [VALIDO]
- Conversation BSUID/WA_ID: "" -> [INVALIDO]
- Last Inbound WAMID: "wamid.INBOUND"
- Last Inbound At: "2026-10-09T16:35:16.615Z"
- DESTINATARIO FINAL SELECCIONADO: "15551234567"
==================================================
[send-message] sending to conversation cv-1: ladder ÔåÆ to="15551234567" (source=phone, isPhone=true); context=none (direct number)

 Ô£ô src/lib/auth/invitations.test.ts > generateInviteToken > returns a 43-character base64url token (32 raw bytes) 2ms
 Ô£ô src/lib/auth/invitations.test.ts > generateInviteToken > returns a 64-char hex hash matching SHA-256 of the token 0ms
 Ô£ô src/lib/auth/invitations.test.ts > generateInviteToken > produces distinct tokens across calls 5ms
 Ô£ô src/lib/auth/invitations.test.ts > hashInviteToken > is deterministic for the same input 0ms
 Ô£ô src/lib/auth/invitations.test.ts > hashInviteToken > differs for different inputs 1ms
 Ô£ô src/lib/auth/invitations.test.ts > hashInviteToken > matches a known SHA-256 hex digest 0ms
 Ô£ô src/lib/auth/invitations.test.ts > inviteUrl > joins path correctly with no trailing slash 0ms
 Ô£ô src/lib/auth/invitations.test.ts > inviteUrl > tolerates a trailing slash on baseUrl 0ms
 Ô£ô src/lib/auth/invitations.test.ts > inviteUrl > tolerates multiple trailing slashes 0ms
 Ô£ô src/lib/auth/invitations.test.ts > inviteUrl > preserves the entire token verbatim ÔÇö including base64url symbols 0ms
 Ô£ô src/lib/auth/invitations.test.ts > clampExpiryDays > defaults to DEFAULT_INVITE_EXPIRY_DAYS when undefined 0ms
 Ô£ô src/lib/auth/invitations.test.ts > clampExpiryDays > defaults when given a non-finite value 0ms
 Ô£ô src/lib/auth/invitations.test.ts > clampExpiryDays > rejects zero / negative 0ms
 Ô£ô src/lib/auth/invitations.test.ts > clampExpiryDays > clamps above MAX_INVITE_EXPIRY_DAYS 0ms
 Ô£ô src/lib/auth/invitations.test.ts > clampExpiryDays > passes valid values through 0ms
 Ô£ô src/lib/auth/invitations.test.ts > clampExpiryDays > floors fractional days 0ms
 Ô£ô src/lib/auth/invitations.test.ts > inviteExpiresAt > adds the requested days to `now` 1ms
 Ô£ô src/lib/auth/invitations.test.ts > inviteExpiresAt > uses the default when expiresInDays is omitted 0ms
 Ô£ô src/lib/auth/invitations.test.ts > inviteExpiresAt > respects the max clamp 0ms
stdout | src/lib/whatsapp/send-message.test.ts > sendMessageToConversation - media recipients (same resolver as text) > leaves a dialable number untouched and adds no anchor for media
[send-message] Auto-corrected contact phone: +15551234567 ÔåÆ 15551234567

stdout | src/lib/whatsapp/send-message.test.ts > sendMessageToConversation - Meta failure mapping > maps an unresolvable recipient to 422 invalid_recipient
[send-message] strict contact override: contact ct-1 re-read via service role ÔåÆ phone="+15551234567", wa_id="", wa_user_id="", username=""

 Ô£ô src/lib/whatsapp/template-body.test.ts > renderTemplateBody > substitutes positional placeholders 1ms
 Ô£ô src/lib/whatsapp/template-body.test.ts > renderTemplateBody > leaves a placeholder visible when the param is missing 0ms
 Ô£ô src/lib/whatsapp/template-body.test.ts > renderTemplateBody > handles a body with no placeholders and repeated indexes 0ms
 Ô£ô src/lib/whatsapp/template-body.test.ts > templateBodyParams > prefers structured body values over the legacy array 1ms
 Ô£ô src/lib/whatsapp/template-body.test.ts > templateBodyParams > falls back to the legacy array when structured body is absent 0ms
 Ô£ô src/lib/whatsapp/template-body.test.ts > templateBodyParams > returns an empty array for junk input 0ms
 Ô£ô src/lib/whatsapp/template-body.test.ts > templateBodyParams > drops non-string entries from the structured body 0ms
 Ô£ô src/lib/whatsapp/template-body.test.ts > resolveTemplateRow > scopes the lookup to the account and template name 0ms
 Ô£ô src/lib/whatsapp/template-body.test.ts > resolveTemplateRow > matches a synced 'en' row when the caller asks for 'en_US' (#483) 0ms
 Ô£ô src/lib/whatsapp/template-body.test.ts > resolveTemplateRow > resolves a bare 'en' row when the caller omits the language, and sends 'en' 0ms
 Ô£ô src/lib/whatsapp/template-body.test.ts > resolveTemplateRow > prefers an exact language match over a base-language sibling 7ms
 Ô£ô src/lib/whatsapp/template-body.test.ts > resolveTemplateRow > prefers en_US then en when no language is requested 0ms
 Ô£ô src/lib/whatsapp/template-body.test.ts > resolveTemplateRow > returns no row when the account has none, keeping the requested language 0ms
 Ô£ô src/lib/whatsapp/template-body.test.ts > resolveTemplateRow > reports a row that matched by name but fails the shape guard 0ms
 Ô£ô src/lib/whatsapp/template-body.test.ts > resolveTemplateRow > sends the caller-pinned language even when no local row matches it 0ms
 Ô£ô src/lib/whatsapp/template-body.test.ts > templateContentText > renders the substituted body from the local row 0ms
 Ô£ô src/lib/whatsapp/template-body.test.ts > templateContentText > prefers the caller's pre-rendered text (the dashboard composer) 0ms
 Ô£ô src/lib/whatsapp/template-body.test.ts > templateContentText > is null when there is no local row to render from 0ms
stdout | src/lib/whatsapp/send-message.test.ts > sendMessageToConversation - Meta failure mapping > maps an unresolvable recipient to 422 invalid_recipient
==================================================
[INFORME_DIAGNOSTICO_DESTINATARIO]
- Conversation ID: cv-1
- Contact ID: ct-1
- Contact Phone (DB): "+15551234567" -> [VALIDO]
- Conversation BSUID/WA_ID: "" -> [INVALIDO]
- Last Inbound WAMID: "NINGUNO"
- Last Inbound At: "NINGUNO"
- DESTINATARIO FINAL SELECCIONADO: "15551234567"
==================================================
[send-message] sending to conversation cv-1: ladder ÔåÆ to="15551234567" (source=phone, isPhone=true); context=none (direct number)

stderr | src/lib/whatsapp/send-message.test.ts > sendMessageToConversation - Meta failure mapping > maps an 
unresolvable recipient to 422 invalid_recipient
[send-message] variant "15551234567" rejected by Meta, trying nextÔÇª

stderr | src/lib/whatsapp/send-message.test.ts > sendMessageToConversation - Meta failure mapping > maps an 
unresolvable recipient to 422 invalid_recipient
[send-message] variant "105551234567" rejected by Meta, trying nextÔÇª

stderr | src/lib/whatsapp/send-message.test.ts > sendMessageToConversation - Meta failure mapping > maps an 
unresolvable recipient to 422 invalid_recipient
[send-message] variant "150551234567" rejected by Meta, trying nextÔÇª

stderr | src/lib/whatsapp/send-message.test.ts > sendMessageToConversation - Meta failure mapping > maps an 
unresolvable recipient to 422 invalid_recipient
[send-message] variant "155051234567" rejected by Meta, trying nextÔÇª

stdout | src/lib/whatsapp/send-message.test.ts > sendMessageToConversation - Meta failure mapping > maps an unresolvable recipient to 422 invalid_recipient
==================================================
[INFORME_DIAGNOSTICO_DESTINATARIO]
- Conversation ID: cv-1
- Contact ID: ct-1
- Contact Phone (DB): "+15551234567" -> [VALIDO]
- Conversation BSUID/WA_ID: "" -> [INVALIDO]
- Last Inbound WAMID: "NINGUNO"
- Last Inbound At: "NINGUNO"
- DESTINATARIO FINAL SELECCIONADO: "15551234567"
==================================================

stderr | src/lib/whatsapp/send-message.test.ts > sendMessageToConversation - Meta failure mapping > maps an 
unresolvable recipient to 422 invalid_recipient
[send-message] Meta send failed: invalid recipient "": no destination is available for this contact
[send-message] Meta response body: invalid recipient "": no destination is available for this contact

stdout | src/lib/whatsapp/send-message.test.ts > sendMessageToConversation - Meta failure mapping > maps Meta's recipient rejection to 422 invalid_recipient
[send-message] strict contact override: contact ct-1 re-read via service role ÔåÆ phone="+15551234567", wa_id="", wa_user_id="", username=""

stdout | src/lib/whatsapp/send-message.test.ts > sendMessageToConversation - Meta failure mapping > maps Meta's recipient rejection to 422 invalid_recipient
==================================================
[INFORME_DIAGNOSTICO_DESTINATARIO]
- Conversation ID: cv-1
- Contact ID: ct-1
- Contact Phone (DB): "+15551234567" -> [VALIDO]
- Conversation BSUID/WA_ID: "" -> [INVALIDO]
- Last Inbound WAMID: "NINGUNO"
- Last Inbound At: "NINGUNO"
- DESTINATARIO FINAL SELECCIONADO: "15551234567"
==================================================
[send-message] sending to conversation cv-1: ladder ÔåÆ to="15551234567" (source=phone, isPhone=true); context=none (direct number)

stderr | src/lib/whatsapp/send-message.test.ts > sendMessageToConversation - Meta failure mapping > maps Meta's 
recipient rejection to 422 invalid_recipient
[send-message] variant "15551234567" rejected by Meta, trying nextÔÇª

stderr | src/lib/whatsapp/send-message.test.ts > sendMessageToConversation - Meta failure mapping > maps Meta's 
recipient rejection to 422 invalid_recipient
[send-message] variant "105551234567" rejected by Meta, trying nextÔÇª

stderr | src/lib/whatsapp/send-message.test.ts > sendMessageToConversation - Meta failure mapping > maps Meta's 
recipient rejection to 422 invalid_recipient
[send-message] variant "150551234567" rejected by Meta, trying nextÔÇª

stderr | src/lib/whatsapp/send-message.test.ts > sendMessageToConversation - Meta failure mapping > maps Meta's 
recipient rejection to 422 invalid_recipient
[send-message] variant "155051234567" rejected by Meta, trying nextÔÇª

stdout | src/lib/whatsapp/send-message.test.ts > sendMessageToConversation - Meta failure mapping > maps Meta's recipient rejection to 422 invalid_recipient
==================================================
[INFORME_DIAGNOSTICO_DESTINATARIO]
- Conversation ID: cv-1
- Contact ID: ct-1
- Contact Phone (DB): "+15551234567" -> [VALIDO]
- Conversation BSUID/WA_ID: "" -> [INVALIDO]
- Last Inbound WAMID: "NINGUNO"
- Last Inbound At: "NINGUNO"
- DESTINATARIO FINAL SELECCIONADO: "15551234567"
==================================================

stderr | src/lib/whatsapp/send-message.test.ts > sendMessageToConversation - Meta failure mapping > maps Meta's 
recipient rejection to 422 invalid_recipient
[send-message] Meta send failed: Recipient phone number not in allowed list
[send-message] Meta response body: Recipient phone number not in allowed list

stdout | src/lib/whatsapp/send-message.test.ts > sendMessageToConversation - Meta failure mapping > maps any other Meta 4xx to 422 with the verbatim cause
[send-message] strict contact override: contact ct-1 re-read via service role ÔåÆ phone="+15551234567", wa_id="", wa_user_id="", username=""

stdout | src/lib/whatsapp/send-message.test.ts > sendMessageToConversation - Meta failure mapping > maps any other Meta 4xx to 422 with the verbatim cause
==================================================
[INFORME_DIAGNOSTICO_DESTINATARIO]
- Conversation ID: cv-1
- Contact ID: ct-1
- Contact Phone (DB): "+15551234567" -> [VALIDO]
- Conversation BSUID/WA_ID: "" -> [INVALIDO]
- Last Inbound WAMID: "NINGUNO"
- Last Inbound At: "NINGUNO"
- DESTINATARIO FINAL SELECCIONADO: "15551234567"
==================================================
[send-message] sending to conversation cv-1: ladder ÔåÆ to="15551234567" (source=phone, isPhone=true); context=none (direct number)

stdout | src/lib/whatsapp/send-message.test.ts > sendMessageToConversation - Meta failure mapping > maps any other Meta 4xx to 422 with the verbatim cause
==================================================
[INFORME_DIAGNOSTICO_DESTINATARIO]
- Conversation ID: cv-1
- Contact ID: ct-1
- Contact Phone (DB): "+15551234567" -> [VALIDO]
- Conversation BSUID/WA_ID: "" -> [INVALIDO]
- Last Inbound WAMID: "NINGUNO"
- Last Inbound At: "NINGUNO"
- DESTINATARIO FINAL SELECCIONADO: "15551234567"
==================================================

stderr | src/lib/whatsapp/send-message.test.ts > sendMessageToConversation - Meta failure mapping > maps any other 
Meta 4xx to 422 with the verbatim cause
[send-message] Meta send failed: (#100) Invalid parameter: Invalid file
[send-message] Meta response body: (#100) Invalid parameter: Invalid file

stdout | src/lib/whatsapp/send-message.test.ts > sendMessageToConversation - Meta failure mapping > keeps 502 for a genuine Meta outage (5xx / network)
[send-message] strict contact override: contact ct-1 re-read via service role ÔåÆ phone="+15551234567", wa_id="", wa_user_id="", username=""

stdout | src/lib/whatsapp/send-message.test.ts > sendMessageToConversation - Meta failure mapping > keeps 502 for a genuine Meta outage (5xx / network)
==================================================
[INFORME_DIAGNOSTICO_DESTINATARIO]
- Conversation ID: cv-1
- Contact ID: ct-1
- Contact Phone (DB): "+15551234567" -> [VALIDO]
- Conversation BSUID/WA_ID: "" -> [INVALIDO]
- Last Inbound WAMID: "NINGUNO"
- Last Inbound At: "NINGUNO"
- DESTINATARIO FINAL SELECCIONADO: "15551234567"
==================================================
[send-message] sending to conversation cv-1: ladder ÔåÆ to="15551234567" (source=phone, isPhone=true); context=none (direct number)

stderr | src/lib/whatsapp/send-message.test.ts > sendMessageToConversation - Meta failure mapping > keeps 502 for a 
genuine Meta outage (5xx / network)
[send-message] Meta send failed: Service unavailable
[send-message] Meta response body: Service unavailable

stdout | src/lib/whatsapp/send-message.test.ts > sendMessageToConversation - Meta failure mapping > keeps 502 for a genuine Meta outage (5xx / network)
==================================================
[INFORME_DIAGNOSTICO_DESTINATARIO]
- Conversation ID: cv-1
- Contact ID: ct-1
- Contact Phone (DB): "+15551234567" -> [VALIDO]
- Conversation BSUID/WA_ID: "" -> [INVALIDO]
- Last Inbound WAMID: "NINGUNO"
- Last Inbound At: "NINGUNO"
- DESTINATARIO FINAL SELECCIONADO: "15551234567"
==================================================

stdout | src/lib/whatsapp/send-message.test.ts > sendMessageToConversation ÔÇö Timer 2 auto-arm on send > starts the response-wait countdown for a HUMAN outbound message
[send-message] strict contact override: contact ct-1 re-read via service role ÔåÆ phone="+15551234567", wa_id="", wa_user_id="", username=""

stdout | src/lib/whatsapp/send-message.test.ts > sendMessageToConversation ÔÇö Timer 2 auto-arm on send > starts the response-wait countdown for a HUMAN outbound message
==================================================
[INFORME_DIAGNOSTICO_DESTINATARIO]
- Conversation ID: cv-1
- Contact ID: ct-1
- Contact Phone (DB): "+15551234567" -> [VALIDO]
- Conversation BSUID/WA_ID: "" -> [INVALIDO]
- Last Inbound WAMID: "NINGUNO"
- Last Inbound At: "NINGUNO"
- DESTINATARIO FINAL SELECCIONADO: "15551234567"
==================================================
[send-message] sending to conversation cv-1: ladder ÔåÆ to="15551234567" (source=phone, isPhone=true); context=none (direct number)

stdout | src/lib/whatsapp/send-message.test.ts > sendMessageToConversation ÔÇö Timer 2 auto-arm on send > starts the response-wait countdown for a HUMAN outbound message
[send-message] Auto-corrected contact phone: +15551234567 ÔåÆ 15551234567

stdout | src/lib/whatsapp/send-message.test.ts > sendMessageToConversation ÔÇö Timer 2 auto-arm on send > auto-arms for BOT outbounds too (en cuanto el bot responde, vuelve a vigilar)
[send-message] strict contact override: contact ct-1 re-read via service role ÔåÆ phone="+15551234567", wa_id="", wa_user_id="", username=""

stdout | src/lib/whatsapp/send-message.test.ts > sendMessageToConversation ÔÇö Timer 2 auto-arm on send > auto-arms for BOT outbounds too (en cuanto el bot responde, vuelve a vigilar)
==================================================
[INFORME_DIAGNOSTICO_DESTINATARIO]
- Conversation ID: cv-1
- Contact ID: ct-1
- Contact Phone (DB): "+15551234567" -> [VALIDO]
- Conversation BSUID/WA_ID: "" -> [INVALIDO]
- Last Inbound WAMID: "NINGUNO"
- Last Inbound At: "NINGUNO"
- DESTINATARIO FINAL SELECCIONADO: "15551234567"
==================================================
[send-message] sending to conversation cv-1: ladder ÔåÆ to="15551234567" (source=phone, isPhone=true); context=none (direct number)

 Ô£ô src/lib/flows/layout.test.ts > shouldAutoLayout > returns false for an empty list 2ms
 Ô£ô src/lib/flows/layout.test.ts > shouldAutoLayout > returns true when every node sits at 0,0 0ms
 Ô£ô src/lib/flows/layout.test.ts > shouldAutoLayout > treats null / undefined positions as 0,0 0ms
 Ô£ô src/lib/flows/layout.test.ts > shouldAutoLayout > returns false if any node has a non-zero position (mid-edit guard) 0ms
 Ô£ô src/lib/flows/layout.test.ts > autoLayout > returns a position for every input node 7ms
 Ô£ô src/lib/flows/layout.test.ts > autoLayout > lays a linear chain top-to-bottom by default 1ms
 Ô£ô src/lib/flows/layout.test.ts > autoLayout > spreads branch targets horizontally on the same rank 2ms
 Ô£ô src/lib/flows/layout.test.ts > autoLayout > ignores edges whose endpoints aren't in the node list 0ms
 Ô£ô src/lib/flows/layout.test.ts > autoLayout > respects custom node widths when computing positions 1ms
stdout | src/lib/whatsapp/send-message.test.ts > sendMessageToConversation ÔÇö Timer 2 auto-arm on send > auto-arms for BOT outbounds too (en cuanto el bot responde, vuelve a vigilar)
[send-message] Auto-corrected contact phone: +15551234567 ÔåÆ 15551234567

stdout | src/lib/whatsapp/send-message.test.ts > sendMessageToConversation ÔÇö Timer 2 auto-arm on send > honors autoArm:false (the one-shot Timer 2 nudge)
[send-message] strict contact override: contact ct-1 re-read via service role ÔåÆ phone="+15551234567", wa_id="", wa_user_id="", username=""

stdout | src/lib/whatsapp/send-message.test.ts > sendMessageToConversation ÔÇö Timer 2 auto-arm on send > honors autoArm:false (the one-shot Timer 2 nudge)
==================================================
[INFORME_DIAGNOSTICO_DESTINATARIO]
- Conversation ID: cv-1
- Contact ID: ct-1
- Contact Phone (DB): "+15551234567" -> [VALIDO]
- Conversation BSUID/WA_ID: "" -> [INVALIDO]
- Last Inbound WAMID: "NINGUNO"
- Last Inbound At: "NINGUNO"
- DESTINATARIO FINAL SELECCIONADO: "15551234567"
==================================================
[send-message] sending to conversation cv-1: ladder ÔåÆ to="15551234567" (source=phone, isPhone=true); context=none (direct number)

stdout | src/lib/whatsapp/send-message.test.ts > sendMessageToConversation ÔÇö Timer 2 auto-arm on send > honors autoArm:false (the one-shot Timer 2 nudge)
[send-message] Auto-corrected contact phone: +15551234567 ÔåÆ 15551234567

stdout | src/lib/whatsapp/send-message.test.ts > sendMessageToConversation ÔÇö Timer 2 auto-arm on send > never fails the send when the auto-arm DB write throws
[send-message] strict contact override: contact ct-1 re-read via service role ÔåÆ phone="+15551234567", wa_id="", wa_user_id="", username=""

stdout | src/lib/whatsapp/send-message.test.ts > sendMessageToConversation ÔÇö Timer 2 auto-arm on send > never fails the send when the auto-arm DB write throws
==================================================
[INFORME_DIAGNOSTICO_DESTINATARIO]
- Conversation ID: cv-1
- Contact ID: ct-1
- Contact Phone (DB): "+15551234567" -> [VALIDO]
- Conversation BSUID/WA_ID: "" -> [INVALIDO]
- Last Inbound WAMID: "NINGUNO"
- Last Inbound At: "NINGUNO"
- DESTINATARIO FINAL SELECCIONADO: "15551234567"
==================================================
[send-message] sending to conversation cv-1: ladder ÔåÆ to="15551234567" (source=phone, isPhone=true); context=none (direct number)

stdout | src/lib/whatsapp/send-message.test.ts > sendMessageToConversation ÔÇö Timer 2 auto-arm on send > never fails the send when the auto-arm DB write throws
[send-message] Auto-corrected contact phone: +15551234567 ÔåÆ 15551234567

stderr | src/app/api/ai/knowledge/route.test.ts > GET /api/ai/knowledge > reports a genuine failure as a 500, not as 
an empty base
[ai/knowledge GET] error: { message: 'boom' }
KNOWLEDGE_BASE_DB_ERROR: list knowledge documents failed {
  operation: 'list knowledge documents',
  accountId: 'account-1',
  code: '(none)',
  message: 'boom',
  details: undefined,
  hint: undefined,
  advice: undefined,
  raw: { message: 'boom' }
}

stderr | src/lib/whatsapp/send-message.test.ts > sendMessageToConversation ÔÇö Timer 2 auto-arm on send > never fails 
the send when the auto-arm DB write throws
[send-message] response-wait auto-arm threw: db hiccup

stderr | src/app/api/ai/knowledge/route.test.ts > DELETE /api/ai/knowledge?id= > keeps the row when the stored 
original cannot be removed
KNOWLEDGE_BASE_DB_ERROR: delete knowledge document (stored file) threw {
  operation: 'delete knowledge document (stored file)',
  accountId: 'account-1',
  documentId: 'doc-1',
  message: 'permission denied for bucket',
  raw: Error: permission denied for bucket
      at C:/Users/edsro/Desktop/CMR/wacrm/src/app/api/ai/knowledge/route.test.ts:316:7
      at file:///C:/Users/edsro/Desktop/CMR/wacrm/node_modules/@vitest/runner/dist/chunk-artifact.js:302:11
      at file:///C:/Users/edsro/Desktop/CMR/wacrm/node_modules/@vitest/runner/dist/chunk-artifact.js:1903:26
      at file:///C:/Users/edsro/Desktop/CMR/wacrm/node_modules/@vitest/runner/dist/chunk-artifact.js:2326:20
      at new Promise (<anonymous>)
      at runWithCancel 
(file:///C:/Users/edsro/Desktop/CMR/wacrm/node_modules/@vitest/runner/dist/chunk-artifact.js:2323:10)
      at file:///C:/Users/edsro/Desktop/CMR/wacrm/node_modules/@vitest/runner/dist/chunk-artifact.js:2305:20
      at new Promise (<anonymous>)
      at runWithTimeout 
(file:///C:/Users/edsro/Desktop/CMR/wacrm/node_modules/@vitest/runner/dist/chunk-artifact.js:2272:10)
      at file:///C:/Users/edsro/Desktop/CMR/wacrm/node_modules/@vitest/runner/dist/chunk-artifact.js:2955:64
}

stdout | src/app/api/contacts/[id]/phone/route.test.ts > PATCH /api/contacts/[id]/phone > normalises the number to digits on save
[contacts/contact-1] phone updated CO.9988776655443322 ÔåÆ 573155667789

 Ô£ô src/lib/whatsapp/send-message.test.ts > sendMessageToConversation ÔÇö param validation (pre-DB) > requires conversation_id and message_type 2ms
 Ô£ô src/lib/whatsapp/send-message.test.ts > sendMessageToConversation ÔÇö param validation (pre-DB) > rejects an unsupported message_type 0ms
 Ô£ô src/lib/whatsapp/send-message.test.ts > sendMessageToConversation ÔÇö param validation (pre-DB) > requires content_text for text messages 0ms
 Ô£ô src/lib/whatsapp/send-message.test.ts > sendMessageToConversation ÔÇö param validation (pre-DB) > requires template_name for template messages 0ms
 Ô£ô src/lib/whatsapp/send-message.test.ts > sendMessageToConversation ÔÇö param validation (pre-DB) > requires media_url for media kinds 1ms
 Ô£ô src/lib/whatsapp/send-message.test.ts > sendMessageToConversation ÔÇö param validation (pre-DB) > rejects an over-long media caption (non-audio) 0ms
 Ô£ô src/lib/whatsapp/send-message.test.ts > sendMessageToConversation ÔÇö param validation (pre-DB) > requires a valid interactive payload for interactive messages 1ms
 Ô£ô src/lib/whatsapp/send-message.test.ts > sendMessageToConversation ÔÇö param validation (pre-DB) > allows a long "caption" on audio (audio carries none) ÔÇö so it reaches the DB 2ms
 Ô£ô src/lib/whatsapp/send-message.test.ts > SendMessageError > carries a machine code and an HTTP status 0ms
 Ô£ô src/lib/whatsapp/send-message.test.ts > sendMessageToConversation ÔÇö template persistence (#483) > stores the substituted body when the caller sends no text 5ms
 Ô£ô src/lib/whatsapp/send-message.test.ts > sendMessageToConversation ÔÇö template persistence (#483) > reads body values out of the structured params shape too 1ms
 Ô£ô src/lib/whatsapp/send-message.test.ts > sendMessageToConversation ÔÇö template persistence (#483) > does not override the composer's pre-rendered text 1ms
 Ô£ô src/lib/whatsapp/send-message.test.ts > sendMessageToConversation ÔÇö template persistence (#483) > sends the local row's language when the caller names none 1ms
 Ô£ô src/lib/whatsapp/send-message.test.ts > sendMessageToConversation ÔÇö template persistence (#483) > leaves content_text null when the account has no local template row 1ms
 ├ù src/lib/whatsapp/send-message.test.ts > sendMessageToConversation - opaque-id recipients (INBOX/AI parity) > anchors the send to the newest inbound wamid when the id is opaque 9ms
   ÔåÆ expected "vi.fn()" to be called with arguments: [ ObjectContaining{ÔÇª} ]

Received:

  1st vi.fn() call:

  [
-   ObjectContaining {
-     "contextMessageId": "wamid.INBOUND",
+   {
+     "accessToken": "token",
+     "contextMessageId": undefined,
+     "phoneNumberId": "pn-1",
+     "text": "Hola, te escribo por aqui",
+     "to": "CO.9988776655443322",
    },
  ]


Number of calls: 1

 ├ù src/lib/whatsapp/send-message.test.ts > sendMessageToConversation - opaque-id recipients (INBOX/AI parity) > addresses the opaque id directly, as the AI path does 3ms
   ÔåÆ expected "vi.fn()" to be called with arguments: [ ObjectContaining{ÔÇª} ]

Received:

  1st vi.fn() call:

  [
-   ObjectContaining {
-     "recipient": "CO.9988776655443322",
+   {
+     "accessToken": "token",
+     "contextMessageId": undefined,
+     "phoneNumberId": "pn-1",
+     "text": "Hola, te escribo por aqui",
+     "to": "CO.9988776655443322",
    },
  ]


Number of calls: 1

 Ô£ô src/lib/whatsapp/send-message.test.ts > sendMessageToConversation - opaque-id recipients (INBOX/AI parity) > leaves an ordinary dialable number completely untouched 1ms
 ├ù src/lib/whatsapp/send-message.test.ts > sendMessageToConversation - opaque-id recipients (INBOX/AI parity) > allows a free-form BSUID send when the 24h window is closed (no inbound at all) 1ms
   ÔåÆ expected "vi.fn()" to be called with arguments: [ ObjectContaining{ÔÇª} ]

Received:

  1st vi.fn() call:

  [
-   ObjectContaining {
-     "recipient": "CO.9988776655443322",
+   {
+     "accessToken": "token",
+     "contextMessageId": undefined,
+     "phoneNumberId": "pn-1",
+     "text": "Hola",
+     "to": "CO.9988776655443322",
    },
  ]


Number of calls: 1

 ├ù src/lib/whatsapp/send-message.test.ts > sendMessageToConversation - opaque-id recipients (INBOX/AI parity) > allows a free-form BSUID send when the newest inbound is older than 24h 1ms
   ÔåÆ expected "vi.fn()" to be called with arguments: [ ObjectContaining{ÔÇª} ]

Received:

  1st vi.fn() call:

  [
-   ObjectContaining {
-     "recipient": "CO.9988776655443322",
+   {
+     "accessToken": "token",
+     "contextMessageId": undefined,
+     "phoneNumberId": "pn-1",
+     "text": "Hola",
+     "to": "CO.9988776655443322",
    },
  ]


Number of calls: 1

 ├ù src/lib/whatsapp/send-message.test.ts > sendMessageToConversation - opaque-id recipients (INBOX/AI parity) > sends a BSUID free-form message while the window stays open 1ms
   ÔåÆ expected "vi.fn()" to be called with arguments: [ ObjectContaining{ÔÇª} ]

Received:

  1st vi.fn() call:

  [
-   ObjectContaining {
-     "recipient": "CO.9988776655443322",
+   {
+     "accessToken": "token",
+     "contextMessageId": undefined,
+     "phoneNumberId": "pn-1",
+     "text": "Hola",
+     "to": "CO.9988776655443322",
    },
  ]


Number of calls: 1

 ├ù src/lib/whatsapp/send-message.test.ts > sendMessageToConversation - opaque-id recipients (INBOX/AI parity) > lets a template reach a BSUID contact even with the window closed 1ms
   ÔåÆ expected "vi.fn()" to be called with arguments: [ ObjectContaining{ÔÇª} ]

Received:

  1st vi.fn() call:

  [
-   ObjectContaining {
-     "recipient": "CO.9988776655443322",
+   {
+     "accessToken": "token",
+     "contextMessageId": undefined,
+     "language": "en_US",
+     "messageParams": undefined,
+     "params": [
+       "A123",
+       "Friday",
+     ],
+     "phoneNumberId": "pn-1",
+     "template": undefined,
+     "templateName": "order_update",
+     "to": "CO.9988776655443322",
    },
  ]


Number of calls: 1

 Ô£ô src/lib/whatsapp/send-message.test.ts > sendMessageToConversation - opaque-id recipients (INBOX/AI parity) > leaves a dialable phone untouched by the window gate even with no inbound 1ms
 Ô£ô src/lib/whatsapp/send-message.test.ts > sendMessageToConversation - opaque-id recipients (INBOX/AI parity) > keeps an explicit operator reply target over the thread anchor 2ms
 Ô£ô src/lib/whatsapp/send-message.test.ts > sendMessageToConversation - strict service-role contact override > sends DIRECTLY to the service-role phone even when the RLS embed hides it 1ms
 Ô£ô src/lib/whatsapp/send-message.test.ts > sendMessageToConversation - strict service-role contact override > falls back to the embed when the service-role read is unavailable 1ms
 Ô£ô src/lib/whatsapp/send-message.test.ts > sendMessageToConversation - TAREA 1: payload phone auto-persists via service role > persists a payload phone and sends DIRECTLY to it without context 1ms
 Ô£ô src/lib/whatsapp/send-message.test.ts > sendMessageToConversation - TAREA 1: payload phone auto-persists via service role > does not overwrite a stored, dialable phone with the payload one 1ms
 Ô£ô src/lib/whatsapp/send-message.test.ts > sendMessageToConversation - destination cascade 422 (no phone, no BSUID, no wamid) > answers a structured 422 with diagnostic_report and how_to_fix and never calls Meta 1ms
 Ô£ô src/lib/whatsapp/send-message.test.ts > sendMessageToConversation - destination cascade (S3/S4/S5 conversational sources) > resolves conversations.wa_id (S3) when the contact carries no usable number 1ms
 Ô£ô src/lib/whatsapp/send-message.test.ts > sendMessageToConversation - destination cascade (S3/S4/S5 conversational sources) > resolves contacts.metadata phone (S2) ahead of older sources 1ms
 Ô£ô src/lib/whatsapp/send-message.test.ts > sendMessageToConversation - destination cascade (S3/S4/S5 conversational sources) > reports (and sends to) the last inbound from (S5) when nothing else holds a number 2ms
 Ô£ô src/lib/whatsapp/send-message.test.ts > sendMessageToConversation - destination cascade (S3/S4/S5 conversational sources) > complies with strict priority: a valid contacts.phone (S1) beats a wamid stored on the conversation (S3) 1ms
 ├ù src/lib/whatsapp/send-message.test.ts > sendMessageToConversation - destination cascade (S3/S4/S5 conversational sources) > REFUSES a namespaced BSUID at the shared ladder (CASO C) 2ms
   ÔåÆ expected { messageId: 'msg-1', ÔÇª(1) } to be an instance of SendMessageError
 Ô£ô src/lib/whatsapp/send-message.test.ts > sendMessageToConversation - phone rejected ÔåÆ escalated BSUID carries the anchor > anchors the escalated opaque attempt to the newest inbound wamid 4ms
 ├ù src/lib/whatsapp/send-message.test.ts > sendMessageToConversation - media recipients (same resolver as text) > addresses a BSUID-only (@user) contact in `recipient`, anchored like text 2ms
   ÔåÆ expected "vi.fn()" to be called with arguments: [ ObjectContaining{ÔÇª} ]

Received:

  1st vi.fn() call:

  [
-   ObjectContaining {
+   {
+     "accessToken": "token",
      "caption": "caption",
      "contextMessageId": undefined,
+     "filename": undefined,
      "kind": "image",
      "link": "https://cdn.example.com/pic.jpg",
-     "recipient": "CO.9988776655443322",
+     "phoneNumberId": "pn-1",
+     "to": "CO.9988776655443322",
    },
  ]


Number of calls: 1

 Ô£ô src/lib/whatsapp/send-message.test.ts > sendMessageToConversation - media recipients (same resolver as text) > leaves a dialable number untouched and adds no anchor for media 1ms
 Ô£ô src/lib/whatsapp/send-message.test.ts > sendMessageToConversation - Meta failure mapping > maps an unresolvable recipient to 422 invalid_recipient 1ms
 Ô£ô src/lib/whatsapp/send-message.test.ts > sendMessageToConversation - Meta failure mapping > maps Meta's recipient rejection to 422 invalid_recipient 1ms
 Ô£ô src/lib/whatsapp/send-message.test.ts > sendMessageToConversation - Meta failure mapping > maps any other Meta 4xx to 422 with the verbatim cause 1ms
 Ô£ô src/lib/whatsapp/send-message.test.ts > sendMessageToConversation - Meta failure mapping > keeps 502 for a genuine Meta outage (5xx / network) 1ms
 Ô£ô src/lib/whatsapp/send-message.test.ts > sendMessageToConversation ÔÇö Timer 2 auto-arm on send > starts the response-wait countdown for a HUMAN outbound message 1ms
 Ô£ô src/lib/whatsapp/send-message.test.ts > sendMessageToConversation ÔÇö Timer 2 auto-arm on send > auto-arms for BOT outbounds too (en cuanto el bot responde, vuelve a vigilar) 1ms
 Ô£ô src/lib/whatsapp/send-message.test.ts > sendMessageToConversation ÔÇö Timer 2 auto-arm on send > honors autoArm:false (the one-shot Timer 2 nudge) 0ms
 Ô£ô src/lib/whatsapp/send-message.test.ts > sendMessageToConversation ÔÇö Timer 2 auto-arm on send > never fails the send when the auto-arm DB write throws 1ms
stdout | src/app/api/contacts/[id]/phone/route.test.ts > PATCH /api/contacts/[id]/phone > normalises the number to digits on save
[contacts/contact-1] delivered 1 deferred reply

 Ô£ô src/app/api/ai/knowledge/route.test.ts > GET /api/ai/knowledge > orders by created_at DESC, newest upload first 5ms
 Ô£ô src/app/api/ai/knowledge/route.test.ts > GET /api/ai/knowledge > keeps the same ordering on every degraded projection 1ms
 Ô£ô src/app/api/ai/knowledge/route.test.ts > GET /api/ai/knowledge > returns created_at so the UI can prove a document is stored 2ms
 Ô£ô src/app/api/ai/knowledge/route.test.ts > GET /api/ai/knowledge > still lists documents when the richer projections are rejected 1ms
 Ô£ô src/app/api/ai/knowledge/route.test.ts > GET /api/ai/knowledge > reports a genuine failure as a 500, not as an empty base 1ms
 Ô£ô src/app/api/ai/knowledge/route.test.ts > DELETE /api/ai/knowledge?id= > deletes the document scoped to the account 2ms
 Ô£ô src/app/api/ai/knowledge/route.test.ts > DELETE /api/ai/knowledge?id= > rejects a missing id with a 400 instead of deleting everything 1ms
 Ô£ô src/app/api/ai/knowledge/route.test.ts > DELETE /api/ai/knowledge?id= > honours the rate limit 0ms
 Ô£ô src/app/api/ai/knowledge/route.test.ts > DELETE /api/ai/knowledge?id= > removes the stored original before the row 2ms
 Ô£ô src/app/api/ai/knowledge/route.test.ts > DELETE /api/ai/knowledge?id= > keeps the row when the stored original cannot be removed 4ms
 Ô£ô src/app/api/ai/knowledge/route.test.ts > DELETE /api/ai/knowledge?id= > degrades to a row-only delete when storage_path column is absent 1ms
stdout | src/app/api/contacts/[id]/phone/route.test.ts > PATCH /api/contacts/[id]/phone > flushes the parked reply after a successful save
[contacts/contact-1] phone updated CO.9988776655443322 ÔåÆ 573155667789

stdout | src/app/api/contacts/[id]/phone/route.test.ts > PATCH /api/contacts/[id]/phone > flushes the parked reply after a successful save
[contacts/contact-1] delivered 1 deferred reply

stdout | src/app/api/contacts/[id]/phone/route.test.ts > PATCH /api/contacts/[id]/phone > sends each parked reply through the shared send core
[contacts/contact-1] phone updated CO.9988776655443322 ÔåÆ 573155667789

stdout | src/app/api/contacts/[id]/phone/route.test.ts > PATCH /api/contacts/[id]/phone > sends each parked reply through the shared send core
[contacts/contact-1] delivered 1 deferred reply

stdout | src/app/api/contacts/[id]/phone/route.test.ts > PATCH /api/contacts/[id]/phone > still flushes when the number is unchanged, since the point is unblocking
[contacts/contact-1] delivered 1 deferred reply

stdout | src/app/api/contacts/[id]/phone/route.test.ts > PATCH /api/contacts/[id]/phone > merges an orphan contact after saving the number
[contacts/contact-1] phone updated CO.9988776655443322 ÔåÆ 573155667789 (orphan contact merged in)

stdout | src/app/api/contacts/[id]/phone/route.test.ts > PATCH /api/contacts/[id]/phone > merges an orphan contact after saving the number
[contacts/contact-1] delivered 1 deferred reply

stdout | src/app/api/contacts/[id]/phone/route.test.ts > PATCH /api/contacts/[id]/phone > keeps a failed flush from failing the save
[contacts/contact-1] phone updated CO.9988776655443322 ÔåÆ 573155667789

stderr | src/app/api/contacts/[id]/phone/route.test.ts > PATCH /api/contacts/[id]/phone > keeps a failed flush from 
failing the save
[contacts/contact-1] 1 deferred reply still undeliverable

 Ô£ô src/app/api/contacts/[id]/phone/route.test.ts > PATCH /api/contacts/[id]/phone > requires the agent role 4ms
 Ô£ô src/app/api/contacts/[id]/phone/route.test.ts > PATCH /api/contacts/[id]/phone > rejects a missing phone 2ms
 Ô£ô src/app/api/contacts/[id]/phone/route.test.ts > PATCH /api/contacts/[id]/phone > rejects a value that is not a dialable number 1ms
 Ô£ô src/app/api/contacts/[id]/phone/route.test.ts > PATCH /api/contacts/[id]/phone > normalises the number to digits on save 4ms
 Ô£ô src/app/api/contacts/[id]/phone/route.test.ts > PATCH /api/contacts/[id]/phone > 404s when the contact is not in the account 1ms
 Ô£ô src/app/api/contacts/[id]/phone/route.test.ts > PATCH /api/contacts/[id]/phone > reports a duplicate number as a conflict, without flushing 1ms
 Ô£ô src/app/api/contacts/[id]/phone/route.test.ts > PATCH /api/contacts/[id]/phone > flushes the parked reply after a successful save 3ms
 Ô£ô src/app/api/contacts/[id]/phone/route.test.ts > PATCH /api/contacts/[id]/phone > sends each parked reply through the shared send core 1ms
 Ô£ô src/app/api/contacts/[id]/phone/route.test.ts > PATCH /api/contacts/[id]/phone > still flushes when the number is unchanged, since the point is unblocking 1ms
 Ô£ô src/app/api/contacts/[id]/phone/route.test.ts > PATCH /api/contacts/[id]/phone > merges an orphan contact after saving the number 2ms
 Ô£ô src/app/api/contacts/[id]/phone/route.test.ts > PATCH /api/contacts/[id]/phone > keeps a failed flush from failing the save 1ms
stderr | src/lib/ai/knowledge.test.ts > ingestDocument > stores keyword-only chunks when the provider returns the 
wrong vector width
[knowledge] document doc-1: The embeddings provider returned 3072 dimensions but the knowledge base column is 
vector(1536). Check EMBEDDING_MODEL in src/lib/ai/embeddings.ts matches the applied migration. ÔÇö indexing without 
semantic search so keyword search still works.

stderr | src/lib/ai/knowledge.test.ts > ingestDocument > reports a vector COUNT mismatch before writing anything
[knowledge] document doc-1: The embeddings provider returned 1 vectors for 8 chunks. ÔÇö indexing without semantic 
search so keyword search still works.

stderr | src/lib/ai/knowledge.test.ts > ingestDocument > retries without vectors when the database rejects the 
embedding insert
[knowledge] document doc-1: chunk insert failed with embeddings attached (expected 1536 dimensions, not 3072); 
retrying without semantic vectors so keyword search still works.

 Ô£ô src/lib/ai/knowledge-errors.test.ts > describeDbError > pulls apart a Supabase error object 1ms
 Ô£ô src/lib/ai/knowledge-errors.test.ts > describeDbError > survives a non-object (a thrown string or a transport failure) 0ms
 Ô£ô src/lib/ai/knowledge-errors.test.ts > httpStatusForDbError > reports an RLS rejection as 403, not a generic 500 0ms
 Ô£ô src/lib/ai/knowledge-errors.test.ts > httpStatusForDbError > maps constraint violations to 409 0ms
 Ô£ô src/lib/ai/knowledge-errors.test.ts > httpStatusForDbError > maps schema and value problems to 400 0ms
 Ô£ô src/lib/ai/knowledge-errors.test.ts > httpStatusForDbError > maps a statement timeout to 504 and a dead connection to 503 0ms
 Ô£ô src/lib/ai/knowledge-errors.test.ts > httpStatusForDbError > falls back to 500 for anything unrecognised 0ms
 Ô£ô src/lib/ai/knowledge-errors.test.ts > reportKnowledgeDbError > logs the greppable tag with full context 1ms
 Ô£ô src/lib/ai/knowledge-errors.test.ts > reportKnowledgeDbError > returns the real database message, not a generic string 0ms
 Ô£ô src/lib/ai/knowledge-errors.test.ts > reportKnowledgeDbError > adds actionable advice for the RLS case 0ms
 Ô£ô src/lib/ai/knowledge-errors.test.ts > reportKnowledgeDbError > adds actionable advice pointing at migration 055 for a missing column 0ms
 Ô£ô src/lib/ai/knowledge-errors.test.ts > reportKnowledgeDbError > points at migration 061 when the missing column belongs to it 0ms
 Ô£ô src/lib/ai/knowledge-errors.test.ts > reportKnowledgeDbError > recognises the PostgREST wording of a missing column too 0ms
 Ô£ô src/lib/ai/knowledge-errors.test.ts > reportKnowledgeDbError > still produces a usable message when the driver gives no code 0ms
 Ô£ô src/lib/ai/knowledge-errors.test.ts > reportKnowledgeDbError > names the missing table when the whole table is absent (42P01) 0ms
 Ô£ô src/lib/ai/knowledge-errors.test.ts > reportKnowledgeDbError > maps the newly handled codes to meaningful statuses 0ms
 Ô£ô src/lib/ai/knowledge-errors.test.ts > reportKnowledgeDbError > explains a truncation and an exclusion conflict 0ms
 Ô£ô src/lib/ai/knowledge-errors.test.ts > reportKnowledgeFatalError > surfaces the real message instead of "Internal server error" 0ms
 Ô£ô src/lib/ai/knowledge-errors.test.ts > reportKnowledgeFatalError > logs the failure server-side with its operation 2ms
 Ô£ô src/lib/ai/knowledge-errors.test.ts > reportKnowledgeFatalError > handles a thrown non-Error without producing an empty message 0ms
 Ô£ô src/lib/ai/knowledge-errors.test.ts > reportKnowledgeFatalError > reports empty db_* fields so clients cannot mistake it for a DB error 0ms
 Ô£ô src/lib/ai/knowledge.test.ts > retrieveKnowledge > returns [] for an empty query without touching the DB 2ms
 Ô£ô src/lib/ai/knowledge.test.ts > retrieveKnowledge > short-circuits (no embed, no RPC) when the KB is empty 1ms
 Ô£ô src/lib/ai/knowledge.test.ts > retrieveKnowledge > uses lexical FTS only when there is no embeddings key 0ms
 Ô£ô src/lib/ai/knowledge.test.ts > retrieveKnowledge > uses semantic search when an embeddings key is present 1ms
 Ô£ô src/lib/ai/knowledge.test.ts > retrieveKnowledge > tops up with FTS and dedupes when semantic is short 0ms
 Ô£ô src/lib/ai/knowledge.test.ts > ingestDocument > embeds chunks when a key is present 1ms
 Ô£ô src/lib/ai/knowledge.test.ts > ingestDocument > stores chunks without embeddings when there is no key 0ms
 Ô£ô src/lib/ai/knowledge.test.ts > ingestDocument > deletes existing chunks and inserts nothing for empty content 0ms
 Ô£ô src/lib/ai/knowledge.test.ts > ingestDocument > still stores lexical chunks when embedding fails, then rethrows 1ms
 Ô£ô src/lib/ai/knowledge.test.ts > ingestDocument > writes the new chunks BEFORE pruning the old ones (no zero-chunk window) 0ms
 Ô£ô src/lib/ai/knowledge.test.ts > ingestDocument > embeds before writing anything, so no state is at risk during the network call 0ms
 Ô£ô src/lib/ai/knowledge.test.ts > ingestDocument > stores keyword-only chunks when the provider returns the wrong vector width 1ms
 Ô£ô src/lib/ai/knowledge.test.ts > ingestDocument > reports a vector COUNT mismatch before writing anything 0ms
 Ô£ô src/lib/ai/knowledge.test.ts > ingestDocument > retries without vectors when the database rejects the embedding insert 1ms
 Ô£ô src/lib/ai/knowledge.test.ts > ingestDocument > does not retry when there were no vectors to begin with 0ms
 Ô£ô src/lib/ai/knowledge.test.ts > ingestDocument > gives new chunks a disjoint index range so they cannot collide with stale rows 0ms
 Ô£ô src/lib/ai/knowledge.test.ts > ingestDocument > fails loudly when even the keyword-only write is rejected 0ms
 Ô£ô src/lib/ai/knowledge.test.ts > ingestWarning > promises keyword search only when chunks actually exist 0ms
 Ô£ô src/lib/ai/knowledge.test.ts > ingestWarning > does NOT claim searchability when the document has zero chunks 0ms
 Ô£ô src/lib/ai/knowledge.test.ts > ingestWarning > survives a non-AiError without claiming anything false 0ms
stderr | src/lib/automations/engine.test.ts > runAutomationsForTrigger ÔÇö tenant isolation > refuses to dispatch when 
the contact is not in the account (GHSA-63cv-2c49-m5v3)
[automations] contact not in account, refusing dispatch victim-contact-uuid

stdout | src/lib/whatsapp/recipient-resolver.test.ts > findRecoverablePhone > recovers a number from the contact own message history
[recipient-resolver] recovered a valid number for contact contact-1 from its message history: 573155667789

stdout | src/lib/whatsapp/recipient-resolver.test.ts > findRecoverablePhone > confines the search to the given conversation
[recipient-resolver] recovered a valid number for contact contact-1 in conversation conv-9 from its message history: 573155667789

stdout | src/lib/whatsapp/recipient-resolver.test.ts > recipientAddressQueue - shared by the AI and the manual sender > reports a number recovered from history so it can be persisted
[recipient-resolver] recovered a valid number for contact c1 in conversation conv-1 from its message history: 573001234567

 Ô£ô src/lib/whatsapp/recipient-resolver.test.ts > phone vs Meta identifier classification > accepts real E.164 numbers 2ms
 Ô£ô src/lib/whatsapp/recipient-resolver.test.ts > phone vs Meta identifier classification > rejects BSUIDs even though they are all digits 0ms
 Ô£ô src/lib/whatsapp/recipient-resolver.test.ts > phone vs Meta identifier classification > REGLA 1: cleans @, spaces and dashes out of a stored phone 0ms
 Ô£ô src/lib/whatsapp/recipient-resolver.test.ts > phone vs Meta identifier classification > classifies long digit strings as Meta identifiers 0ms
 Ô£ô src/lib/whatsapp/recipient-resolver.test.ts > phone vs Meta identifier classification > strips the namespace prefix for storage 0ms
 Ô£ô src/lib/whatsapp/recipient-resolver.test.ts > normalizeUsername > always produces a single leading @ 0ms
 Ô£ô src/lib/whatsapp/recipient-resolver.test.ts > normalizeUsername > never produces a username from an identifier or a number 0ms
 Ô£ô src/lib/whatsapp/recipient-resolver.test.ts > identityFilterParts > builds one filter per STRONG identity the payload carries 0ms
 Ô£ô src/lib/whatsapp/recipient-resolver.test.ts > identityFilterParts > never emits a username filter, even when only the handle is present 0ms
 Ô£ô src/lib/whatsapp/recipient-resolver.test.ts > identityFilterParts > omits a BSUID found sitting in the phone column 0ms
 Ô£ô src/lib/whatsapp/recipient-resolver.test.ts > identityFilterParts > returns nothing when there is no usable identity 0ms
 Ô£ô src/lib/whatsapp/recipient-resolver.test.ts > isRecipientRejection > flags Meta recipient complaints 0ms
 Ô£ô src/lib/whatsapp/recipient-resolver.test.ts > isRecipientRejection > does not flag template or permission failures 0ms
 Ô£ô src/lib/whatsapp/recipient-resolver.test.ts > findRecoverablePhone > returns the contact own number when it is already dialable 0ms
 Ô£ô src/lib/whatsapp/recipient-resolver.test.ts > findRecoverablePhone > returns null when nothing has a usable address 1ms
 Ô£ô src/lib/whatsapp/recipient-resolver.test.ts > findRecoverablePhone > recovers a number from the contact own message history 1ms
 Ô£ô src/lib/whatsapp/recipient-resolver.test.ts > findRecoverablePhone > ignores BSUIDs stored on messages, since they are what it is escaping 0ms
 Ô£ô src/lib/whatsapp/recipient-resolver.test.ts > findRecoverablePhone > does not consult history when the contact has no conversations 0ms
 Ô£ô src/lib/whatsapp/recipient-resolver.test.ts > findRecoverablePhone > confines the search to the given conversation 0ms
 Ô£ô src/lib/whatsapp/recipient-resolver.test.ts > findRecoverablePhone > returns null when the given conversation does not belong to the contact 0ms
 Ô£ô src/lib/whatsapp/recipient-resolver.test.ts > findRecoverablePhone > never reads numbers from other contacts 1ms
 Ô£ô src/lib/whatsapp/recipient-resolver.test.ts > findRecoverableIdentifier - the @user trace in the inbound payload > reads a BSUID out of the newest inbound raw_meta_payload 1ms
 Ô£ô src/lib/whatsapp/recipient-resolver.test.ts > findRecoverableIdentifier - the @user trace in the inbound payload > prefers a namespaced id over a bare handle on the same message 0ms
 Ô£ô src/lib/whatsapp/recipient-resolver.test.ts > findRecoverableIdentifier - the @user trace in the inbound payload > returns null for a pure @handle, which is not addressable 0ms
 Ô£ô src/lib/whatsapp/recipient-resolver.test.ts > findRecoverableIdentifier - the @user trace in the inbound payload > reads an id stored on the contact metadata bag, needing no query 0ms
 Ô£ô src/lib/whatsapp/recipient-resolver.test.ts > resolveRecipient - one ladder for all senders > prefers a dialable number, unchanged 1ms
 Ô£ô src/lib/whatsapp/recipient-resolver.test.ts > resolveRecipient - one ladder for all senders > REGLA 1: a valid phone ignores username, BSUID and wa_id entirely 0ms
 Ô£ô src/lib/whatsapp/recipient-resolver.test.ts > resolveRecipient - one ladder for all senders > falls back to an opaque wa_id when no number exists anywhere 0ms
 Ô£ô src/lib/whatsapp/recipient-resolver.test.ts > resolveRecipient - one ladder for all senders > falls back to recipient_id when wa_id and the BSUID are absent 0ms
 Ô£ô src/lib/whatsapp/recipient-resolver.test.ts > resolveRecipient - one ladder for all senders > REFUSES a @handle stored in the phone column (CASO C) 0ms
 Ô£ô src/lib/whatsapp/recipient-resolver.test.ts > resolveRecipient - one ladder for all senders > recovers a real number from the contact own thread before any id 0ms
 Ô£ô src/lib/whatsapp/recipient-resolver.test.ts > resolveRecipient - one ladder for all senders > recovers an opaque id Meta left only in the inbound payload (@user) 1ms
 Ô£ô src/lib/whatsapp/recipient-resolver.test.ts > resolveRecipient - one ladder for all senders > REFUSES a @handle when the payload id resolves to nothing (CASO C) 1ms
 Ô£ô src/lib/whatsapp/recipient-resolver.test.ts > recipientAddressQueue - shared by the AI and the manual sender > includes dialable and opaque numeric ids, but never a BSUID or handle 1ms
 Ô£ô src/lib/whatsapp/recipient-resolver.test.ts > recipientAddressQueue - shared by the AI and the manual sender > de-duplicates, so an unchanged contact yields one entry 0ms
 Ô£ô src/lib/whatsapp/recipient-resolver.test.ts > recipientAddressQueue - shared by the AI and the manual sender > reports a number recovered from history so it can be persisted 1ms
 Ô£ô src/lib/whatsapp/recipient-resolver.test.ts > latestInboundAnchorId > returns the newest inbound wamid 0ms
 Ô£ô src/lib/whatsapp/recipient-resolver.test.ts > latestInboundAnchorId > returns null when the thread has no anchored inbound 0ms
 Ô£ô src/lib/whatsapp/recipient-resolver.test.ts > latestInboundAnchorId > only ever reads customer messages in the given conversation 0ms
 Ô£ô src/lib/whatsapp/recipient-resolver.test.ts > createAnchorResolver ÔÇö the anchor follows the address > gives a dialable number no anchor and never queries messages 0ms
 Ô£ô src/lib/whatsapp/recipient-resolver.test.ts > createAnchorResolver ÔÇö the anchor follows the address > anchors an opaque id to the thread newest inbound wamid 0ms
 Ô£ô src/lib/whatsapp/recipient-resolver.test.ts > createAnchorResolver ÔÇö the anchor follows the address > resolves the lookup once and reuses it for every opaque attempt 0ms
 Ô£ô src/lib/whatsapp/recipient-resolver.test.ts > createAnchorResolver ÔÇö the anchor follows the address > prefers a fixed anchor (reply quote / opaque-first) over the lookup 0ms
 Ô£ô src/lib/whatsapp/recipient-resolver.test.ts > createAnchorResolver ÔÇö the anchor follows the address > returns undefined for an opaque id when the thread has no inbound 0ms
 Ô£ô src/lib/automations/engine.test.ts > runAutomationsForTrigger ÔÇö tenant isolation > refuses to dispatch when the contact is not in the account (GHSA-63cv-2c49-m5v3) 3ms
 Ô£ô src/lib/automations/engine.test.ts > runAutomationsForTrigger ÔÇö tenant isolation > proceeds past the guard when the contact belongs to the account 0ms
 Ô£ô src/lib/automations/engine.test.ts > runAutomationsForTrigger ÔÇö tenant isolation > scopes the update_contact_field write to the automation's account 2ms
 Ô£ô src/lib/automations/engine.test.ts > automation_logs ÔÇö status is seeded pessimistically (issue #409) > writes the log row as 'failed' before any step runs 1ms
 Ô£ô src/lib/automations/engine.test.ts > automation_logs ÔÇö status is seeded pessimistically (issue #409) > still promotes the log to 'success' once the steps complete 0ms
 Ô£ô src/lib/automations/engine.test.ts > update_contact_field ÔÇö custom fields > upserts contact_custom_values when the field is account-owned 0ms
 Ô£ô src/lib/automations/engine.test.ts > update_contact_field ÔÇö custom fields > interpolates {{ vars.* }} into the custom value 0ms
 Ô£ô src/lib/automations/engine.test.ts > update_contact_field ÔÇö custom fields > refuses to write a custom field from another account 0ms
 Ô£ô src/lib/automations/engine.test.ts > send_webhook ÔÇö SSRF guard (GHSA-8jqh-598v-rfxc) > refuses a private / link-local destination and never calls fetch 1ms
 Ô£ô src/lib/automations/engine.test.ts > triggerMatches ÔÇö interactive_reply > matches when the tapped id is in reply_ids (exact) 0ms
 Ô£ô src/lib/automations/engine.test.ts > triggerMatches ÔÇö interactive_reply > does not match a different id 0ms
 Ô£ô src/lib/automations/engine.test.ts > triggerMatches ÔÇö interactive_reply > does not match on a substring (exact only) 0ms
 Ô£ô src/lib/automations/engine.test.ts > triggerMatches ÔÇö interactive_reply > does not match when no reply id is present or config is empty 0ms
 Ô£ô src/lib/automations/engine.test.ts > triggerMatches ÔÇö tag_added > matches only the exact tag id 0ms
 Ô£ô src/lib/automations/engine.test.ts > triggerMatches ÔÇö tag_added > fails closed when the config or event tag is missing 0ms
 Ô£ô src/lib/automations/engine.test.ts > tag_added ÔÇö conversation policy > records a clear failed step when the contact has no conversation 0ms
 Ô£ô src/lib/automations/engine.test.ts > triggerMatches ÔÇö keyword_match > keeps `contains` as a raw substring test 0ms
 Ô£ô src/lib/automations/engine.test.ts > triggerMatches ÔÇö keyword_match > `word` matches only standalone words 1ms
 Ô£ô src/lib/automations/engine.test.ts > triggerMatches ÔÇö keyword_match > `word` respects punctuation and line edges around the keyword 1ms
 Ô£ô src/lib/automations/engine.test.ts > triggerMatches ÔÇö keyword_match > `word` handles a keyword that itself carries punctuation 1ms
 Ô£ô src/lib/automations/engine.test.ts > triggerMatches ÔÇö keyword_match > `word` treats regex metacharacters in a keyword as literal 2ms
 Ô£ô src/lib/automations/engine.test.ts > triggerMatches ÔÇö keyword_match > `word` is case-insensitive unless case_sensitive is set 1ms
 Ô£ô src/lib/automations/engine.test.ts > triggerMatches ÔÇö keyword_match > `word` finds a space-delimited keyword in a non-Latin script 2ms
 Ô£ô src/lib/automations/engine.test.ts > triggerMatches ÔÇö keyword_match > `exact` still requires the whole message to be the keyword 0ms
 Ô£ô src/lib/automations/engine.test.ts > triggerMatches ÔÇö keyword_match > ignores empty keywords and empty messages in `word` mode 0ms
stderr | src/lib/flows/meta-send.test.ts > engineSendAiReply > never lets a failed typing indicator block the reply
[ai reply] typing indicator refresh failed: Meta API error: 400

stderr | src/lib/whatsapp/broadcast-core.test.ts > createBroadcast atomicity (#370) > throws and leaves no orphaned 
parent when the atomic create fails
[broadcast-core] create broadcast error: { message: 'recipient insert failed' }

 Ô£ô src/lib/flows/meta-send.test.ts > engineSendAiReply > sends each paragraph as its own bubble and persists one row per fragment 6ms
 Ô£ô src/lib/flows/meta-send.test.ts > engineSendAiReply > auto-arms Timer 2 after the reply (bot answering = a fresh wait starts) 2ms
 Ô£ô src/lib/flows/meta-send.test.ts > engineSendAiReply > refreshes the typing indicator before each fragment after the first 1ms
 Ô£ô src/lib/flows/meta-send.test.ts > engineSendAiReply > skips the composing refresh when no composeMessageId is provided 0ms
 Ô£ô src/lib/flows/meta-send.test.ts > engineSendAiReply > anchors every fragment to the inbound wamid so @user/@lid contacts are reachable 0ms
 Ô£ô src/lib/flows/meta-send.test.ts > engineSendAiReply > omits the context anchor when the inbound wamid is unknown 0ms
 Ô£ô src/lib/flows/meta-send.test.ts > engineSendAiReply > never lets a failed typing indicator block the reply 1ms
 Ô£ô src/lib/flows/meta-send.test.ts > engineSendAiReply > merges overflow paragraphs into the final message (3-bubble cap) 0ms
 Ô£ô src/lib/flows/meta-send.test.ts > engineSendAiReply > sends a single paragraph as one message with no composing refresh 0ms
 Ô£ô src/lib/flows/meta-send.test.ts > engineSendAiReply > keeps the whole text in ONE bubble when single:true (booking confirmation) 1ms
stdout | src/lib/whatsapp/broadcast-core.test.ts > deliverBroadcast Inbox mirroring > opens the Inbox thread when the recipient has never written in
[broadcast] opened a conversation for contact c-generic (campaign b-1) so the send appears in the Inbox

stdout | src/lib/whatsapp/broadcast-core.test.ts > deliverBroadcast Inbox mirroring > opens a thread for an opaque-id contact with no phone number
[broadcast] opened a conversation for contact c-generic (campaign b-1) so the send appears in the Inbox

stderr | src/lib/whatsapp/broadcast-core.test.ts > deliverBroadcast Inbox mirroring > keeps the send successful when 
the Inbox insert fails
[broadcast] sent to Meta but Inbox insert failed for contact c-generic: boom

stdout | src/lib/ai/tools.test.ts > executeToolCall ÔÇö calendar dispatch > calls agendar_cita with the contact id and motivo
[agendar_cita payload] Cita agendada

 Ô£ô src/lib/whatsapp/broadcast-core.test.ts > createBroadcast validation > rejects a missing template_name 3ms
 Ô£ô src/lib/whatsapp/broadcast-core.test.ts > createBroadcast validation > rejects an empty recipient list 0ms
 Ô£ô src/lib/whatsapp/broadcast-core.test.ts > createBroadcast validation > rejects more than 1000 recipients 0ms
 Ô£ô src/lib/whatsapp/broadcast-core.test.ts > createBroadcast atomicity (#370) > creates parent + recipients through the atomic RPC, never a bare parent insert 2ms
 Ô£ô src/lib/whatsapp/broadcast-core.test.ts > createBroadcast atomicity (#370) > throws and leaves no orphaned parent when the atomic create fails 1ms
 Ô£ô src/lib/whatsapp/broadcast-core.test.ts > finalizeBroadcastStatus > leaves a capped pass in "sending" while recipients are still pending 0ms
 Ô£ô src/lib/whatsapp/broadcast-core.test.ts > finalizeBroadcastStatus > marks a fully-failed broadcast failed 1ms
 Ô£ô src/lib/whatsapp/broadcast-core.test.ts > finalizeBroadcastStatus > marks a partially-failed broadcast sent 0ms
 Ô£ô src/lib/whatsapp/broadcast-core.test.ts > finalizeBroadcastStatus > does not condemn a campaign whose resume pass sent nothing new 0ms
 Ô£ô src/lib/whatsapp/broadcast-core.test.ts > deliverBroadcast Inbox mirroring > mirrors a send for an E.164 recipient into that contact thread 1ms
 Ô£ô src/lib/whatsapp/broadcast-core.test.ts > deliverBroadcast Inbox mirroring > mirrors a BSUID recipient identically, resolved by contact only 0ms
 Ô£ô src/lib/whatsapp/broadcast-core.test.ts > deliverBroadcast Inbox mirroring > never stamps a recipient sent when Meta rejected it 0ms
 Ô£ô src/lib/whatsapp/broadcast-core.test.ts > deliverBroadcast Inbox mirroring > opens the Inbox thread when the recipient has never written in 1ms
 Ô£ô src/lib/whatsapp/broadcast-core.test.ts > deliverBroadcast Inbox mirroring > opens a thread for an opaque-id contact with no phone number 0ms
 Ô£ô src/lib/whatsapp/broadcast-core.test.ts > deliverBroadcast Inbox mirroring > reuses the existing thread instead of opening a second one 0ms
 Ô£ô src/lib/whatsapp/broadcast-core.test.ts > deliverBroadcast Inbox mirroring > upserts the message so a replayed resume cannot duplicate the bubble 0ms
 Ô£ô src/lib/whatsapp/broadcast-core.test.ts > deliverBroadcast Inbox mirroring > stamps the send time so the bubble sorts against inbound messages 0ms
 Ô£ô src/lib/whatsapp/broadcast-core.test.ts > deliverBroadcast Inbox mirroring > keeps the send successful when the Inbox insert fails 0ms
 Ô£ô src/lib/ai/tools.test.ts > AI_TOOLS array > contains the 9 expected tools 2ms
 Ô£ô src/lib/ai/tools.test.ts > AI_TOOLS array > all have name, description and required parameters 1ms
 Ô£ô src/lib/ai/tools.test.ts > calendar tool definitions > ver_disponibilidad requires desde and hasta 0ms
 Ô£ô src/lib/ai/tools.test.ts > calendar tool definitions > agendar_cita requires inicio and nombre 0ms
 Ô£ô src/lib/ai/tools.test.ts > calendar tool definitions > consultar_citas takes no arguments ÔÇö it always reads the current contact 0ms
 Ô£ô src/lib/ai/tools.test.ts > calendar tool definitions > reagendar_cita requires only nuevoInicio; the cita is resolved for it 0ms
 Ô£ô src/lib/ai/tools.test.ts > calendar tool definitions > cancelar_cita has no required arguments 0ms
 Ô£ô src/lib/ai/tools.test.ts > calendar tool definitions > tells the three lifecycle tools apart and forbids the duplicate path 0ms
 Ô£ô src/lib/ai/tools.test.ts > calendar tool definitions > enviar_correo requires to, subject and body 0ms
 Ô£ô src/lib/ai/tools.test.ts > calendar tool definitions > listar_eventos and leer_correos default to 100 items 0ms
 Ô£ô src/lib/ai/tools.test.ts > executeToolCall ÔÇö calendar dispatch > calls ver_disponibilidad when name matches 1ms
 Ô£ô src/lib/ai/tools.test.ts > executeToolCall ÔÇö calendar dispatch > returns error for ver_disponibilidad when arguments are missing 0ms
 Ô£ô src/lib/ai/tools.test.ts > executeToolCall ÔÇö calendar dispatch > calls agendar_cita with the contact id and motivo 1ms
 Ô£ô src/lib/ai/tools.test.ts > executeToolCall ÔÇö calendar dispatch > returns error for agendar_cita when inicio is missing 0ms
 Ô£ô src/lib/ai/tools.test.ts > executeToolCall ÔÇö calendar dispatch > forwards the contact id to reagendar_cita so it can resolve the cita itself 0ms
 Ô£ô src/lib/ai/tools.test.ts > executeToolCall ÔÇö calendar dispatch > resolves the active cita when the model omits idCita 1ms
 Ô£ô src/lib/ai/tools.test.ts > executeToolCall ÔÇö calendar dispatch > returns error for reagendar_cita when nuevoInicio is missing 0ms
 Ô£ô src/lib/ai/tools.test.ts > executeToolCall ÔÇö calendar dispatch > dispatches consultar_citas against the current contact 0ms
 Ô£ô src/lib/ai/tools.test.ts > executeToolCall ÔÇö calendar dispatch > calls cancelar_cita with the contact so it can resolve the cita itself 0ms
 Ô£ô src/lib/ai/tools.test.ts > executeToolCall ÔÇö calendar dispatch > calls listar_eventos with default maxResults 0ms
 Ô£ô src/lib/ai/tools.test.ts > executeToolCall ÔÇö calendar dispatch > calls enviar_correo with an HTML body 0ms
 Ô£ô src/lib/ai/tools.test.ts > executeToolCall ÔÇö calendar dispatch > returns error for enviar_correo when fields are missing 0ms
 Ô£ô src/lib/ai/tools.test.ts > executeToolCall ÔÇö calendar dispatch > calls leer_correos 0ms
 Ô£ô src/lib/ai/tools.test.ts > executeToolCall ÔÇö calendar dispatch > returns unknown tool for unrecognized name 0ms
 Ô£ô src/lib/ai/tools.test.ts > update_client_profile handler > returns no data message when no known fields present 0ms
 Ô£ô src/lib/whatsapp/template-validators.test.ts > extractVariableIndices > returns sorted unique 1-based indices 2ms
 Ô£ô src/lib/whatsapp/template-validators.test.ts > extractVariableIndices > returns empty array for no variables 0ms
 Ô£ô src/lib/whatsapp/template-validators.test.ts > validateTemplateName > accepts lowercase + digits + underscore 1ms
 Ô£ô src/lib/whatsapp/template-validators.test.ts > validateTemplateName > rejects uppercase 0ms
 Ô£ô src/lib/whatsapp/template-validators.test.ts > validateTemplateName > rejects empty 0ms
 Ô£ô src/lib/whatsapp/template-validators.test.ts > validateTemplateName > rejects spaces and dashes 0ms
 Ô£ô src/lib/whatsapp/template-validators.test.ts > validateBody > rejects empty 0ms
 Ô£ô src/lib/whatsapp/template-validators.test.ts > validateBody > rejects > 1024 chars 0ms
 Ô£ô src/lib/whatsapp/template-validators.test.ts > validateBody > rejects non-contiguous variables 0ms
 Ô£ô src/lib/whatsapp/template-validators.test.ts > validateBody > accepts contiguous variables 0ms
 Ô£ô src/lib/whatsapp/template-validators.test.ts > validateFooter > accepts undefined 0ms
 Ô£ô src/lib/whatsapp/template-validators.test.ts > validateFooter > rejects > 60 chars 0ms
 Ô£ô src/lib/whatsapp/template-validators.test.ts > validateFooter > rejects variables in footer 0ms
 Ô£ô src/lib/whatsapp/template-validators.test.ts > validateHeader > text header requires content 0ms
 Ô£ô src/lib/whatsapp/template-validators.test.ts > validateHeader > text header rejects > 60 chars 0ms
 Ô£ô src/lib/whatsapp/template-validators.test.ts > validateHeader > text header rejects more than one variable 0ms
 Ô£ô src/lib/whatsapp/template-validators.test.ts > validateHeader > text header requires variable to be {{1}} 0ms
 Ô£ô src/lib/whatsapp/template-validators.test.ts > validateHeader > image header requires a URL or handle 0ms
 Ô£ô src/lib/whatsapp/template-validators.test.ts > validateHeader > image header accepts a URL 0ms
 Ô£ô src/lib/whatsapp/template-validators.test.ts > validateHeader > image header rejects a non-URL string 0ms
 Ô£ô src/lib/whatsapp/template-validators.test.ts > validateButtons > accepts undefined / empty 0ms
 Ô£ô src/lib/whatsapp/template-validators.test.ts > validateButtons > rejects > 10 buttons 0ms
 Ô£ô src/lib/whatsapp/template-validators.test.ts > validateButtons > rejects > 2 URL buttons 0ms
 Ô£ô src/lib/whatsapp/template-validators.test.ts > validateButtons > rejects > 1 PHONE_NUMBER 0ms
 Ô£ô src/lib/whatsapp/template-validators.test.ts > validateButtons > rejects > 1 COPY_CODE 0ms
 Ô£ô src/lib/whatsapp/template-validators.test.ts > validateButtons > rejects QUICK_REPLY interleaved with CTA buttons 0ms
 Ô£ô src/lib/whatsapp/template-validators.test.ts > validateButtons > accepts QUICK_REPLY then CTA in correct order 0ms
 Ô£ô src/lib/whatsapp/template-validators.test.ts > validateButtons > rejects empty button text 0ms
 Ô£ô src/lib/whatsapp/template-validators.test.ts > validateButtons > rejects URL button without url 0ms
 Ô£ô src/lib/whatsapp/template-validators.test.ts > validateButtons > rejects URL button with invalid url 0ms
 Ô£ô src/lib/whatsapp/template-validators.test.ts > validateButtons > rejects URL with {{1}} but no example 0ms
 Ô£ô src/lib/whatsapp/template-validators.test.ts > validateButtons > rejects URL with non-{{1}} variable 0ms
 Ô£ô src/lib/whatsapp/template-validators.test.ts > validateButtons > rejects PHONE_NUMBER without phone_number 0ms
 Ô£ô src/lib/whatsapp/template-validators.test.ts > validateButtons > rejects COPY_CODE without example 0ms
 Ô£ô src/lib/whatsapp/template-validators.test.ts > validateSampleValues > rejects mismatched body sample count 0ms
 Ô£ô src/lib/whatsapp/template-validators.test.ts > validateSampleValues > rejects empty sample values 0ms
 Ô£ô src/lib/whatsapp/template-validators.test.ts > validateSampleValues > accepts matching counts 0ms
 Ô£ô src/lib/whatsapp/template-validators.test.ts > validateTemplatePayload ÔÇö integration > passes for a minimal valid payload 0ms
 Ô£ô src/lib/whatsapp/template-validators.test.ts > validateTemplatePayload ÔÇö integration > passes with body variables + matching samples 0ms
 Ô£ô src/lib/whatsapp/template-validators.test.ts > validateTemplatePayload ÔÇö integration > throws on missing samples for body variables 0ms
stdout | src/lib/ai/auto-reply.test.ts > dispatchInboundToAiReply ÔÇö eligibility gates > claims a slot and sends on the happy path
[ai auto-reply] dispatch requested ÔÇö conversation conv-1, contact contact-1, account acct-1

stdout | src/lib/ai/auto-reply.test.ts > dispatchInboundToAiReply ÔÇö eligibility gates > claims a slot and sends on the happy path
[ai auto-reply] config OK ÔÇö provider=openai model=gpt-test key_fingerprint=f3abf2a6 is_active=true auto_reply_enabled=true

stdout | src/lib/ai/auto-reply.test.ts > dispatchInboundToAiReply ÔÇö eligibility gates > claims a slot and sends on the happy path
[ai auto-reply] calling openai/gpt-test ÔÇö round 1/4, 1 message(s) in context

stdout | src/lib/ai/auto-reply.test.ts > dispatchInboundToAiReply ÔÇö eligibility gates > claims a slot and sends on the happy path
[ai auto-reply] provider replied ÔÇö text=6 chars, toolCalls=0

stdout | src/lib/ai/auto-reply.test.ts > dispatchInboundToAiReply ÔÇö eligibility gates > claims a slot and sends on the happy path
[AUTO-REPLY] Mensaje enviado con ├®xito a WhatsApp: { whatsapp_message_id: 'm1' }
[follow-up] automatic 10m stage skipped for conversation conv-1 ÔÇö Timer 1 is manual-only (arm via "+ Programar").

stdout | src/lib/ai/auto-reply.test.ts > dispatchInboundToAiReply ÔÇö eligibility gates > sends 99999 (not 0) when the configured max is 99999 or more
[ai auto-reply] dispatch requested ÔÇö conversation conv-1, contact contact-1, account acct-1

stdout | src/lib/ai/auto-reply.test.ts > dispatchInboundToAiReply ÔÇö eligibility gates > sends 99999 (not 0) when the configured max is 99999 or more
[ai auto-reply] config OK ÔÇö provider=openai model=gpt-test key_fingerprint=f3abf2a6 is_active=true auto_reply_enabled=true

stdout | src/lib/ai/auto-reply.test.ts > dispatchInboundToAiReply ÔÇö eligibility gates > sends 99999 (not 0) when the configured max is 99999 or more
[ai auto-reply] calling openai/gpt-test ÔÇö round 1/4, 1 message(s) in context

stdout | src/lib/ai/auto-reply.test.ts > dispatchInboundToAiReply ÔÇö eligibility gates > sends 99999 (not 0) when the configured max is 99999 or more
[ai auto-reply] provider replied ÔÇö text=6 chars, toolCalls=0

stdout | src/lib/ai/auto-reply.test.ts > dispatchInboundToAiReply ÔÇö eligibility gates > sends 99999 (not 0) when the configured max is 99999 or more
[AUTO-REPLY] Mensaje enviado con ├®xito a WhatsApp: { whatsapp_message_id: 'm1' }
[follow-up] automatic 10m stage skipped for conversation conv-1 ÔÇö Timer 1 is manual-only (arm via "+ Programar").

stdout | src/lib/ai/auto-reply.test.ts > dispatchInboundToAiReply ÔÇö eligibility gates > never sends max_replies 0, which would mute the thread on the 029 RPC
[ai auto-reply] dispatch requested ÔÇö conversation conv-1, contact contact-1, account acct-1

stdout | src/lib/ai/auto-reply.test.ts > dispatchInboundToAiReply ÔÇö eligibility gates > never sends max_replies 0, which would mute the thread on the 029 RPC
[ai auto-reply] config OK ÔÇö provider=openai model=gpt-test key_fingerprint=f3abf2a6 is_active=true auto_reply_enabled=true

stdout | src/lib/ai/auto-reply.test.ts > dispatchInboundToAiReply ÔÇö eligibility gates > never sends max_replies 0, which would mute the thread on the 029 RPC
[ai auto-reply] calling openai/gpt-test ÔÇö round 1/4, 1 message(s) in context

stdout | src/lib/ai/auto-reply.test.ts > dispatchInboundToAiReply ÔÇö eligibility gates > never sends max_replies 0, which would mute the thread on the 029 RPC
[ai auto-reply] provider replied ÔÇö text=6 chars, toolCalls=0

stdout | src/lib/ai/auto-reply.test.ts > dispatchInboundToAiReply ÔÇö eligibility gates > never sends max_replies 0, which would mute the thread on the 029 RPC
[AUTO-REPLY] Mensaje enviado con ├®xito a WhatsApp: { whatsapp_message_id: 'm1' }
[follow-up] automatic 10m stage skipped for conversation conv-1 ÔÇö Timer 1 is manual-only (arm via "+ Programar").

stdout | src/lib/ai/auto-reply.test.ts > dispatchInboundToAiReply ÔÇö eligibility gates > never sends max_replies 0, which would mute the thread on the 029 RPC
[ai auto-reply] dispatch requested ÔÇö conversation conv-1, contact contact-1, account acct-1

stdout | src/lib/ai/auto-reply.test.ts > dispatchInboundToAiReply ÔÇö eligibility gates > never sends max_replies 0, which would mute the thread on the 029 RPC
[ai auto-reply] config OK ÔÇö provider=openai model=gpt-test key_fingerprint=f3abf2a6 is_active=true auto_reply_enabled=true

stdout | src/lib/ai/auto-reply.test.ts > dispatchInboundToAiReply ÔÇö eligibility gates > never sends max_replies 0, which would mute the thread on the 029 RPC
[ai auto-reply] calling openai/gpt-test ÔÇö round 1/4, 1 message(s) in context

stdout | src/lib/ai/auto-reply.test.ts > dispatchInboundToAiReply ÔÇö eligibility gates > never sends max_replies 0, which would mute the thread on the 029 RPC
[ai auto-reply] provider replied ÔÇö text=6 chars, toolCalls=0

stdout | src/lib/ai/auto-reply.test.ts > dispatchInboundToAiReply ÔÇö eligibility gates > never sends max_replies 0, which would mute the thread on the 029 RPC
[AUTO-REPLY] Mensaje enviado con ├®xito a WhatsApp: { whatsapp_message_id: 'm1' }
[follow-up] automatic 10m stage skipped for conversation conv-1 ÔÇö Timer 1 is manual-only (arm via "+ Programar").

stdout | src/lib/ai/auto-reply.test.ts > dispatchInboundToAiReply ÔÇö eligibility gates > never sends max_replies 0, which would mute the thread on the 029 RPC
[ai auto-reply] dispatch requested ÔÇö conversation conv-1, contact contact-1, account acct-1

stdout | src/lib/ai/auto-reply.test.ts > dispatchInboundToAiReply ÔÇö eligibility gates > never sends max_replies 0, which would mute the thread on the 029 RPC
[ai auto-reply] config OK ÔÇö provider=openai model=gpt-test key_fingerprint=f3abf2a6 is_active=true auto_reply_enabled=true

stdout | src/lib/ai/auto-reply.test.ts > dispatchInboundToAiReply ÔÇö eligibility gates > never sends max_replies 0, which would mute the thread on the 029 RPC
[ai auto-reply] calling openai/gpt-test ÔÇö round 1/4, 1 message(s) in context

stdout | src/lib/ai/auto-reply.test.ts > dispatchInboundToAiReply ÔÇö eligibility gates > never sends max_replies 0, which would mute the thread on the 029 RPC
[ai auto-reply] provider replied ÔÇö text=6 chars, toolCalls=0

stdout | src/lib/ai/auto-reply.test.ts > dispatchInboundToAiReply ÔÇö eligibility gates > never sends max_replies 0, which would mute the thread on the 029 RPC
[AUTO-REPLY] Mensaje enviado con ├®xito a WhatsApp: { whatsapp_message_id: 'm1' }
[follow-up] automatic 10m stage skipped for conversation conv-1 ÔÇö Timer 1 is manual-only (arm via "+ Programar").

stdout | src/lib/ai/auto-reply.test.ts > dispatchInboundToAiReply ÔÇö eligibility gates > never sends max_replies 0, which would mute the thread on the 029 RPC
[ai auto-reply] dispatch requested ÔÇö conversation conv-1, contact contact-1, account acct-1

stdout | src/lib/ai/auto-reply.test.ts > dispatchInboundToAiReply ÔÇö eligibility gates > never sends max_replies 0, which would mute the thread on the 029 RPC
[ai auto-reply] config OK ÔÇö provider=openai model=gpt-test key_fingerprint=f3abf2a6 is_active=true auto_reply_enabled=true

stdout | src/lib/ai/auto-reply.test.ts > dispatchInboundToAiReply ÔÇö eligibility gates > never sends max_replies 0, which would mute the thread on the 029 RPC
[ai auto-reply] calling openai/gpt-test ÔÇö round 1/4, 1 message(s) in context

stdout | src/lib/ai/auto-reply.test.ts > dispatchInboundToAiReply ÔÇö eligibility gates > never sends max_replies 0, which would mute the thread on the 029 RPC
[ai auto-reply] provider replied ÔÇö text=6 chars, toolCalls=0

stdout | src/lib/ai/auto-reply.test.ts > dispatchInboundToAiReply ÔÇö eligibility gates > never sends max_replies 0, which would mute the thread on the 029 RPC
[AUTO-REPLY] Mensaje enviado con ├®xito a WhatsApp: { whatsapp_message_id: 'm1' }
[follow-up] automatic 10m stage skipped for conversation conv-1 ÔÇö Timer 1 is manual-only (arm via "+ Programar").

stdout | src/lib/ai/auto-reply.test.ts > dispatchInboundToAiReply ÔÇö eligibility gates > never sends max_replies 0, which would mute the thread on the 029 RPC
[ai auto-reply] dispatch requested ÔÇö conversation conv-1, contact contact-1, account acct-1

stdout | src/lib/ai/auto-reply.test.ts > dispatchInboundToAiReply ÔÇö eligibility gates > never sends max_replies 0, which would mute the thread on the 029 RPC
[ai auto-reply] config OK ÔÇö provider=openai model=gpt-test key_fingerprint=f3abf2a6 is_active=true auto_reply_enabled=true

stdout | src/lib/ai/auto-reply.test.ts > dispatchInboundToAiReply ÔÇö eligibility gates > never sends max_replies 0, which would mute the thread on the 029 RPC
[ai auto-reply] calling openai/gpt-test ÔÇö round 1/4, 1 message(s) in context

stdout | src/lib/ai/auto-reply.test.ts > dispatchInboundToAiReply ÔÇö eligibility gates > never sends max_replies 0, which would mute the thread on the 029 RPC
[ai auto-reply] provider replied ÔÇö text=6 chars, toolCalls=0

stdout | src/lib/ai/auto-reply.test.ts > dispatchInboundToAiReply ÔÇö eligibility gates > never sends max_replies 0, which would mute the thread on the 029 RPC
[AUTO-REPLY] Mensaje enviado con ├®xito a WhatsApp: { whatsapp_message_id: 'm1' }
[follow-up] automatic 10m stage skipped for conversation conv-1 ÔÇö Timer 1 is manual-only (arm via "+ Programar").

stdout | src/lib/ai/auto-reply.test.ts > dispatchInboundToAiReply ÔÇö eligibility gates > never sends max_replies 0, which would mute the thread on the 029 RPC
[ai auto-reply] dispatch requested ÔÇö conversation conv-1, contact contact-1, account acct-1

stdout | src/lib/ai/auto-reply.test.ts > dispatchInboundToAiReply ÔÇö eligibility gates > never sends max_replies 0, which would mute the thread on the 029 RPC
[ai auto-reply] config OK ÔÇö provider=openai model=gpt-test key_fingerprint=f3abf2a6 is_active=true auto_reply_enabled=true

stdout | src/lib/ai/auto-reply.test.ts > dispatchInboundToAiReply ÔÇö eligibility gates > never sends max_replies 0, which would mute the thread on the 029 RPC
[ai auto-reply] calling openai/gpt-test ÔÇö round 1/4, 1 message(s) in context

stdout | src/lib/ai/auto-reply.test.ts > dispatchInboundToAiReply ÔÇö eligibility gates > never sends max_replies 0, which would mute the thread on the 029 RPC
[ai auto-reply] provider replied ÔÇö text=6 chars, toolCalls=0

stdout | src/lib/ai/auto-reply.test.ts > dispatchInboundToAiReply ÔÇö eligibility gates > never sends max_replies 0, which would mute the thread on the 029 RPC
[AUTO-REPLY] Mensaje enviado con ├®xito a WhatsApp: { whatsapp_message_id: 'm1' }
[follow-up] automatic 10m stage skipped for conversation conv-1 ÔÇö Timer 1 is manual-only (arm via "+ Programar").

stdout | src/lib/ai/auto-reply.test.ts > dispatchInboundToAiReply ÔÇö eligibility gates > never sends max_replies 0, which would mute the thread on the 029 RPC
[ai auto-reply] dispatch requested ÔÇö conversation conv-1, contact contact-1, account acct-1

stdout | src/lib/ai/auto-reply.test.ts > dispatchInboundToAiReply ÔÇö eligibility gates > never sends max_replies 0, which would mute the thread on the 029 RPC
[ai auto-reply] config OK ÔÇö provider=openai model=gpt-test key_fingerprint=f3abf2a6 is_active=true auto_reply_enabled=true

stdout | src/lib/ai/auto-reply.test.ts > dispatchInboundToAiReply ÔÇö eligibility gates > never sends max_replies 0, which would mute the thread on the 029 RPC
[ai auto-reply] calling openai/gpt-test ÔÇö round 1/4, 1 message(s) in context

stdout | src/lib/ai/auto-reply.test.ts > dispatchInboundToAiReply ÔÇö eligibility gates > never sends max_replies 0, which would mute the thread on the 029 RPC
[ai auto-reply] provider replied ÔÇö text=6 chars, toolCalls=0

stdout | src/lib/ai/auto-reply.test.ts > dispatchInboundToAiReply ÔÇö eligibility gates > never sends max_replies 0, which would mute the thread on the 029 RPC
[AUTO-REPLY] Mensaje enviado con ├®xito a WhatsApp: { whatsapp_message_id: 'm1' }
[follow-up] automatic 10m stage skipped for conversation conv-1 ÔÇö Timer 1 is manual-only (arm via "+ Programar").

stdout | src/lib/ai/auto-reply.test.ts > dispatchInboundToAiReply ÔÇö eligibility gates > resets the legacy reply counter and pause flag on every inbound
[ai auto-reply] dispatch requested ÔÇö conversation conv-1, contact contact-1, account acct-1

stdout | src/lib/ai/auto-reply.test.ts > dispatchInboundToAiReply ÔÇö eligibility gates > resets the legacy reply counter and pause flag on every inbound
[ai auto-reply] config OK ÔÇö provider=openai model=gpt-test key_fingerprint=f3abf2a6 is_active=true auto_reply_enabled=true

 Ô£ô src/lib/ai/auto-reply-fallback.test.ts > simulated inbound ÔÇö provider failures (REGLA DE ORO) > logs provider/model/upstream status and sends the contingency ack when OpenRouter rejects the key 12ms
 Ô£ô src/lib/ai/auto-reply-fallback.test.ts > simulated inbound ÔÇö provider failures (REGLA DE ORO) > logs a 402 out-of-credit failure with its upstream status and still answers 2ms
 Ô£ô src/lib/ai/auto-reply-fallback.test.ts > simulated inbound ÔÇö provider failures (REGLA DE ORO) > treats an empty model response as a failure and answers with the ack instead of silence 2ms
 Ô£ô src/lib/ai/auto-reply-fallback.test.ts > simulated inbound ÔÇö config and context failures (REGLA DE ORO) > logs config_load_failed and sends the ack when the stored key cannot be decrypted 1ms
 Ô£ô src/lib/ai/auto-reply-fallback.test.ts > simulated inbound ÔÇö config and context failures (REGLA DE ORO) > logs the greppable [CRITICAL_AI_KEY_ERROR] line for an ENCRYPTION_KEY mismatch and still acks 1ms
 Ô£ô src/lib/ai/auto-reply-fallback.test.ts > simulated inbound ÔÇö config and context failures (REGLA DE ORO) > logs context_load_failed and sends the ack when the transcript query blows up 1ms
 Ô£ô src/lib/ai/auto-reply-fallback.test.ts > simulated inbound ÔÇö config and context failures (REGLA DE ORO) > answers the contingency when the row is enabled but has no API key 1ms
 Ô£ô src/lib/ai/auto-reply-fallback.test.ts > simulated inbound ÔÇö config and context failures (REGLA DE ORO) > stays silent when the toggles are deliberately off (logged, no send) 0ms
 Ô£ô src/lib/ai/auto-reply-fallback.test.ts > simulated inbound ÔÇö config and context failures (REGLA DE ORO) > never sends the fallback for a suppressed message (Flow/reaction owns it) 0ms
 Ô£ô src/lib/ai/auto-reply-fallback.test.ts > simulated inbound ÔÇö knowledge retrieval fails open > answers without the knowledge base when retrieval rejects 4ms
stdout | src/lib/ai/auto-reply.test.ts > dispatchInboundToAiReply ÔÇö eligibility gates > resets the legacy reply counter and pause flag on every inbound
[ai auto-reply] calling openai/gpt-test ÔÇö round 1/4, 1 message(s) in context

stdout | src/lib/ai/auto-reply.test.ts > dispatchInboundToAiReply ÔÇö eligibility gates > resets the legacy reply counter and pause flag on every inbound
[ai auto-reply] provider replied ÔÇö text=6 chars, toolCalls=0

stdout | src/lib/ai/auto-reply.test.ts > dispatchInboundToAiReply ÔÇö eligibility gates > resets the legacy reply counter and pause flag on every inbound
[AUTO-REPLY] Mensaje enviado con ├®xito a WhatsApp: { whatsapp_message_id: 'm1' }
[follow-up] automatic 10m stage skipped for conversation conv-1 ÔÇö Timer 1 is manual-only (arm via "+ Programar").

stdout | src/lib/ai/auto-reply.test.ts > dispatchInboundToAiReply ÔÇö eligibility gates > forwards the inbound composeMessageId to the fragment sender
[ai auto-reply] dispatch requested ÔÇö conversation conv-1, contact contact-1, account acct-1

stderr | src/middleware.test.ts > middleware ÔÇö fail-safe when Supabase env is missing (never a 500) > treats a 
protected page as unauthenticated (redirects to /login) instead of throwing
[middleware] NEXT_PUBLIC_SUPABASE_URL / NEXT_PUBLIC_SUPABASE_ANON_KEY are missing ÔÇö treating this request as 
unauthenticated (protected routes will redirect to /login).

stdout | src/lib/ai/auto-reply.test.ts > dispatchInboundToAiReply ÔÇö eligibility gates > forwards the inbound composeMessageId to the fragment sender
[ai auto-reply] config OK ÔÇö provider=openai model=gpt-test key_fingerprint=f3abf2a6 is_active=true auto_reply_enabled=true

stderr | src/middleware.test.ts > middleware ÔÇö fail-safe when Supabase env is missing (never a 500) > still serves 
the login page itself (no redirect loop, no throw)
[middleware] NEXT_PUBLIC_SUPABASE_URL / NEXT_PUBLIC_SUPABASE_ANON_KEY are missing ÔÇö treating this request as 
unauthenticated (protected routes will redirect to /login).

stdout | src/lib/ai/auto-reply.test.ts > dispatchInboundToAiReply ÔÇö eligibility gates > forwards the inbound composeMessageId to the fragment sender
[ai auto-reply] calling openai/gpt-test ÔÇö round 1/4, 1 message(s) in context

stdout | src/lib/ai/auto-reply.test.ts > dispatchInboundToAiReply ÔÇö eligibility gates > forwards the inbound composeMessageId to the fragment sender
[ai auto-reply] provider replied ÔÇö text=6 chars, toolCalls=0

stdout | src/lib/ai/auto-reply.test.ts > dispatchInboundToAiReply ÔÇö eligibility gates > forwards the inbound composeMessageId to the fragment sender
[AUTO-REPLY] Mensaje enviado con ├®xito a WhatsApp: { whatsapp_message_id: 'm1' }
[follow-up] automatic 10m stage skipped for conversation conv-1 ÔÇö Timer 1 is manual-only (arm via "+ Programar").

stdout | src/lib/ai/auto-reply.test.ts > dispatchInboundToAiReply ÔÇö eligibility gates > grounds the reply in retrieved knowledge
[ai auto-reply] dispatch requested ÔÇö conversation conv-1, contact contact-1, account acct-1

stdout | src/lib/ai/auto-reply.test.ts > dispatchInboundToAiReply ÔÇö eligibility gates > grounds the reply in retrieved knowledge
[ai auto-reply] config OK ÔÇö provider=openai model=gpt-test key_fingerprint=f3abf2a6 is_active=true auto_reply_enabled=true

stdout | src/lib/ai/auto-reply.test.ts > dispatchInboundToAiReply ÔÇö eligibility gates > grounds the reply in retrieved knowledge
[ai auto-reply] calling openai/gpt-test ÔÇö round 1/4, 1 message(s) in context

stdout | src/lib/ai/auto-reply.test.ts > dispatchInboundToAiReply ÔÇö eligibility gates > grounds the reply in retrieved knowledge
[ai auto-reply] provider replied ÔÇö text=6 chars, toolCalls=0

stdout | src/lib/ai/auto-reply.test.ts > dispatchInboundToAiReply ÔÇö eligibility gates > grounds the reply in retrieved knowledge
[AUTO-REPLY] Mensaje enviado con ├®xito a WhatsApp: { whatsapp_message_id: 'm1' }
[follow-up] automatic 10m stage skipped for conversation conv-1 ÔÇö Timer 1 is manual-only (arm via "+ Programar").

 Ô£ô src/middleware.test.ts > middleware ÔÇö refreshed auth cookies survive redirects > carries the rotated token when redirecting a signed-in user off /login 6ms
 Ô£ô src/middleware.test.ts > middleware ÔÇö refreshed auth cookies survive redirects > carries the rotated token when redirecting an unauth user to /login 1ms
 Ô£ô src/middleware.test.ts > middleware ÔÇö refreshed auth cookies survive redirects > redirects a signed-in user with an invite token to /join/<token> 1ms
 Ô£ô src/middleware.test.ts > middleware ÔÇö refreshed auth cookies survive redirects > passes through (no redirect) for a signed-in user on a protected page 1ms
 Ô£ô src/middleware.test.ts > middleware ÔÇö fail-safe when Supabase env is missing (never a 500) > treats a protected page as unauthenticated (redirects to /login) instead of throwing 1ms
 Ô£ô src/middleware.test.ts > middleware ÔÇö fail-safe when Supabase env is missing (never a 500) > still serves the login page itself (no redirect loop, no throw) 0ms
stdout | src/lib/ai/auto-reply.test.ts > dispatchInboundToAiReply ÔÇö eligibility gates > injects the contact's active citas ids into the system prompt
[ai auto-reply] dispatch requested ÔÇö conversation conv-1, contact contact-1, account acct-1

stdout | src/lib/ai/auto-reply.test.ts > dispatchInboundToAiReply ÔÇö eligibility gates > injects the contact's active citas ids into the system prompt
[ai auto-reply] config OK ÔÇö provider=openai model=gpt-test key_fingerprint=f3abf2a6 is_active=true auto_reply_enabled=true

stdout | src/lib/ai/auto-reply.test.ts > dispatchInboundToAiReply ÔÇö eligibility gates > injects the contact's active citas ids into the system prompt
[ai auto-reply] calling openai/gpt-test ÔÇö round 1/4, 1 message(s) in context

stdout | src/lib/ai/auto-reply.test.ts > dispatchInboundToAiReply ÔÇö eligibility gates > injects the contact's active citas ids into the system prompt
[ai auto-reply] provider replied ÔÇö text=6 chars, toolCalls=0

stdout | src/lib/ai/auto-reply.test.ts > dispatchInboundToAiReply ÔÇö eligibility gates > injects the contact's active citas ids into the system prompt
[AUTO-REPLY] Mensaje enviado con ├®xito a WhatsApp: { whatsapp_message_id: 'm1' }
[follow-up] automatic 10m stage skipped for conversation conv-1 ÔÇö Timer 1 is manual-only (arm via "+ Programar").

stdout | src/lib/ai/auto-reply.test.ts > dispatchInboundToAiReply ÔÇö eligibility gates > stands down when an active message-level automation exists
[ai auto-reply] dispatch requested ÔÇö conversation conv-1, contact contact-1, account acct-1

stdout | src/lib/ai/auto-reply.test.ts > dispatchInboundToAiReply ÔÇö eligibility gates > stands down when an active message-level automation exists
[ai auto-reply] config OK ÔÇö provider=openai model=gpt-test key_fingerprint=f3abf2a6 is_active=true auto_reply_enabled=true

stderr | src/lib/ai/auto-reply.test.ts > dispatchInboundToAiReply ÔÇö eligibility gates > stands down when an active 
message-level automation exists
[ai auto-reply] an active automation (id auto-1) already answers "new_message_received"/"keyword_match" for account 
acct-1 ÔÇö the bot stands down to avoid double replies. Disable that automation to let the AI answer.

stdout | src/lib/ai/auto-reply.test.ts > dispatchInboundToAiReply ÔÇö eligibility gates > still sends when the slot claim refuses the slot
[ai auto-reply] dispatch requested ÔÇö conversation conv-1, contact contact-1, account acct-1

stdout | src/lib/ai/auto-reply.test.ts > dispatchInboundToAiReply ÔÇö eligibility gates > still sends when the slot claim refuses the slot
[ai auto-reply] config OK ÔÇö provider=openai model=gpt-test key_fingerprint=f3abf2a6 is_active=true auto_reply_enabled=true

stdout | src/lib/ai/auto-reply.test.ts > dispatchInboundToAiReply ÔÇö eligibility gates > still sends when the slot claim refuses the slot
[ai auto-reply] calling openai/gpt-test ÔÇö round 1/4, 1 message(s) in context

stdout | src/lib/ai/auto-reply.test.ts > dispatchInboundToAiReply ÔÇö eligibility gates > still sends when the slot claim refuses the slot
[ai auto-reply] provider replied ÔÇö text=6 chars, toolCalls=0

stderr | src/lib/ai/auto-reply.test.ts > dispatchInboundToAiReply ÔÇö eligibility gates > still sends when the slot 
claim refuses the slot
[ai auto-reply] claim_ai_reply_slot returned false for conversation conv-1; sending anyway. The installed DB function 
may predate migration 046.

stdout | src/lib/ai/auto-reply.test.ts > dispatchInboundToAiReply ÔÇö eligibility gates > still sends when the slot claim refuses the slot
[AUTO-REPLY] Mensaje enviado con ├®xito a WhatsApp: { whatsapp_message_id: 'm1' }
[follow-up] automatic 10m stage skipped for conversation conv-1 ÔÇö Timer 1 is manual-only (arm via "+ Programar").

stdout | src/lib/ai/auto-reply.test.ts > dispatchInboundToAiReply ÔÇö eligibility gates > still sends when the slot claim RPC errors
[ai auto-reply] dispatch requested ÔÇö conversation conv-1, contact contact-1, account acct-1

stdout | src/lib/ai/auto-reply.test.ts > dispatchInboundToAiReply ÔÇö eligibility gates > still sends when the slot claim RPC errors
[ai auto-reply] config OK ÔÇö provider=openai model=gpt-test key_fingerprint=f3abf2a6 is_active=true auto_reply_enabled=true

stdout | src/lib/ai/auto-reply.test.ts > dispatchInboundToAiReply ÔÇö eligibility gates > still sends when the slot claim RPC errors
[ai auto-reply] calling openai/gpt-test ÔÇö round 1/4, 1 message(s) in context

stdout | src/lib/ai/auto-reply.test.ts > dispatchInboundToAiReply ÔÇö eligibility gates > still sends when the slot claim RPC errors
[ai auto-reply] provider replied ÔÇö text=6 chars, toolCalls=0

 Ô£ô src/lib/dashboard/date-utils.test.ts > startOfLocalDay > zeroes out the time of a given date 2ms
 Ô£ô src/lib/dashboard/date-utils.test.ts > startOfLocalDay > does not mutate the input 0ms
 Ô£ô src/lib/dashboard/date-utils.test.ts > daysAgoStart > returns midnight N days before today 2ms
 Ô£ô src/lib/dashboard/date-utils.test.ts > daysAgoStart > daysAgoStart(0) is today at midnight 0ms
 Ô£ô src/lib/dashboard/date-utils.test.ts > daysAgoStart > crosses month boundaries cleanly 0ms
 Ô£ô src/lib/dashboard/date-utils.test.ts > localDayKey > emits YYYY-MM-DD in local components 0ms
 Ô£ô src/lib/dashboard/date-utils.test.ts > localDayKey > zero-pads month and day 0ms
 Ô£ô src/lib/dashboard/date-utils.test.ts > localDayKey > accepts ISO strings as input 0ms
 Ô£ô src/lib/dashboard/date-utils.test.ts > lastNDayKeys > returns n consecutive chronological keys ending today 1ms
 Ô£ô src/lib/dashboard/date-utils.test.ts > lastNDayKeys > returns just today for n=1 0ms
 Ô£ô src/lib/dashboard/date-utils.test.ts > lastNDayKeys > rolls back across a month boundary 0ms
 Ô£ô src/lib/dashboard/date-utils.test.ts > mondayIndex > maps Monday ÔåÆ 0 and Sunday ÔåÆ 6 0ms
 Ô£ô src/lib/dashboard/date-utils.test.ts > mondayIndex > aligns with DOW_SHORT_MON_FIRST labels 0ms
stderr | src/lib/ai/auto-reply.test.ts > dispatchInboundToAiReply ÔÇö eligibility gates > still sends when the slot 
claim RPC errors
[ai auto-reply] claim_ai_reply_slot failed; sending anyway. Check that the function exists and that service_role has 
EXECUTE on it (supabase/ci/verify-schema.sql asserts both): Error: permission denied for function claim_ai_reply_slot
    at C:/Users/edsro/Desktop/CMR/wacrm/src/lib/ai/auto-reply.test.ts:374:24
    at file:///C:/Users/edsro/Desktop/CMR/wacrm/node_modules/@vitest/runner/dist/chunk-artifact.js:302:11
    at file:///C:/Users/edsro/Desktop/CMR/wacrm/node_modules/@vitest/runner/dist/chunk-artifact.js:1903:26
    at file:///C:/Users/edsro/Desktop/CMR/wacrm/node_modules/@vitest/runner/dist/chunk-artifact.js:2326:20
    at new Promise (<anonymous>)
    at runWithCancel 
(file:///C:/Users/edsro/Desktop/CMR/wacrm/node_modules/@vitest/runner/dist/chunk-artifact.js:2323:10)
    at file:///C:/Users/edsro/Desktop/CMR/wacrm/node_modules/@vitest/runner/dist/chunk-artifact.js:2305:20
    at new Promise (<anonymous>)
    at runWithTimeout 
(file:///C:/Users/edsro/Desktop/CMR/wacrm/node_modules/@vitest/runner/dist/chunk-artifact.js:2272:10)
    at file:///C:/Users/edsro/Desktop/CMR/wacrm/node_modules/@vitest/runner/dist/chunk-artifact.js:2955:64

stdout | src/lib/ai/auto-reply.test.ts > dispatchInboundToAiReply ÔÇö eligibility gates > still sends when the slot claim RPC errors
[AUTO-REPLY] Mensaje enviado con ├®xito a WhatsApp: { whatsapp_message_id: 'm1' }
[follow-up] automatic 10m stage skipped for conversation conv-1 ÔÇö Timer 1 is manual-only (arm via "+ Programar").

stdout | src/lib/ai/auto-reply.test.ts > dispatchInboundToAiReply ÔÇö eligibility gates > skips when AI is off / not configured
[ai auto-reply] dispatch requested ÔÇö conversation conv-1, contact contact-1, account acct-1

stderr | src/lib/ai/auto-reply.test.ts > dispatchInboundToAiReply ÔÇö eligibility gates > skips when AI is off / not 
configured
[ai auto-reply] not enabled for account acct-1 ÔÇö skipping. row exists, is_active=undefined, 
auto_reply_enabled=undefined, key_present=false.

stdout | src/lib/ai/auto-reply.test.ts > dispatchInboundToAiReply ÔÇö eligibility gates > skips when auto-reply is disabled for the account
[ai auto-reply] dispatch requested ÔÇö conversation conv-1, contact contact-1, account acct-1

stderr | src/lib/ai/auto-reply.test.ts > dispatchInboundToAiReply ÔÇö eligibility gates > skips when auto-reply is 
disabled for the account
[ai auto-reply] not enabled for account acct-1 ÔÇö skipping. row exists, is_active=undefined, 
auto_reply_enabled=undefined, key_present=false.

stdout | src/lib/ai/auto-reply.test.ts > dispatchInboundToAiReply ÔÇö eligibility gates > skips when a human agent is assigned
[ai auto-reply] dispatch requested ÔÇö conversation conv-1, contact contact-1, account acct-1

stdout | src/lib/ai/auto-reply.test.ts > dispatchInboundToAiReply ÔÇö eligibility gates > skips when a human agent is assigned
[ai auto-reply] config OK ÔÇö provider=openai model=gpt-test key_fingerprint=f3abf2a6 is_active=true auto_reply_enabled=true

stderr | src/lib/ai/auto-reply.test.ts > dispatchInboundToAiReply ÔÇö eligibility gates > skips when a human agent is 
assigned
[ai unblock] AUTO-UNBLOCKED conversation conv-1 (phone unknown) ÔÇö cleared: assigned_agent_id=agent-9 (human/flow 
takeover). Set AI_AUTOREPLY_AUTO_UNBLOCK=false to keep human takeover sticky.

stderr | src/lib/ai/auto-reply.test.ts > dispatchInboundToAiReply ÔÇö eligibility gates > skips when a human agent is 
assigned
[ai auto-reply] phone unknown: took over a thread that was assigned and is now answering it (cleared: 
assigned_agent_id=agent-9 (human/flow takeover))

stdout | src/lib/ai/auto-reply.test.ts > dispatchInboundToAiReply ÔÇö eligibility gates > skips when a human agent is assigned
[ai auto-reply] calling openai/gpt-test ÔÇö round 1/4, 1 message(s) in context

stdout | src/lib/ai/auto-reply.test.ts > dispatchInboundToAiReply ÔÇö eligibility gates > skips when a human agent is assigned
[ai auto-reply] provider replied ÔÇö text=6 chars, toolCalls=0

stdout | src/lib/ai/auto-reply.test.ts > dispatchInboundToAiReply ÔÇö eligibility gates > skips when a human agent is assigned
[AUTO-REPLY] Mensaje enviado con ├®xito a WhatsApp: { whatsapp_message_id: 'm1' }
[follow-up] automatic 10m stage skipped for conversation conv-1 ÔÇö Timer 1 is manual-only (arm via "+ Programar").

stdout | src/lib/ai/auto-reply.test.ts > dispatchInboundToAiReply ÔÇö eligibility gates > ignores the legacy pause flag, clears it and replies anyway
[ai auto-reply] dispatch requested ÔÇö conversation conv-1, contact contact-1, account acct-1

stdout | src/lib/ai/auto-reply.test.ts > dispatchInboundToAiReply ÔÇö eligibility gates > ignores the legacy pause flag, clears it and replies anyway
[ai auto-reply] config OK ÔÇö provider=openai model=gpt-test key_fingerprint=f3abf2a6 is_active=true auto_reply_enabled=true

stdout | src/lib/ai/auto-reply.test.ts > dispatchInboundToAiReply ÔÇö eligibility gates > ignores the legacy pause flag, clears it and replies anyway
[ai auto-reply] calling openai/gpt-test ÔÇö round 1/4, 1 message(s) in context

stdout | src/lib/ai/auto-reply.test.ts > dispatchInboundToAiReply ÔÇö eligibility gates > ignores the legacy pause flag, clears it and replies anyway
[ai auto-reply] provider replied ÔÇö text=6 chars, toolCalls=0

stdout | src/lib/ai/auto-reply.test.ts > dispatchInboundToAiReply ÔÇö eligibility gates > ignores the legacy pause flag, clears it and replies anyway
[AUTO-REPLY] Mensaje enviado con ├®xito a WhatsApp: { whatsapp_message_id: 'm1' }
[follow-up] automatic 10m stage skipped for conversation conv-1 ÔÇö Timer 1 is manual-only (arm via "+ Programar").

stdout | src/lib/ai/auto-reply.test.ts > dispatchInboundToAiReply ÔÇö eligibility gates > auto-unblocks an assigned thread by DEFAULT and answers it
[ai auto-reply] dispatch requested ÔÇö conversation conv-1, contact contact-1, account acct-1

stdout | src/lib/ai/auto-reply.test.ts > dispatchInboundToAiReply ÔÇö eligibility gates > auto-unblocks an assigned thread by DEFAULT and answers it
[ai auto-reply] config OK ÔÇö provider=openai model=gpt-test key_fingerprint=f3abf2a6 is_active=true auto_reply_enabled=true

stderr | src/lib/ai/auto-reply.test.ts > dispatchInboundToAiReply ÔÇö eligibility gates > auto-unblocks an assigned 
thread by DEFAULT and answers it
[ai unblock] AUTO-UNBLOCKED conversation conv-1 (phone unknown) ÔÇö cleared: assigned_agent_id=agent-9 (human/flow 
takeover). Set AI_AUTOREPLY_AUTO_UNBLOCK=false to keep human takeover sticky.

stderr | src/lib/ai/auto-reply.test.ts > dispatchInboundToAiReply ÔÇö eligibility gates > auto-unblocks an assigned 
thread by DEFAULT and answers it
[ai auto-reply] phone unknown: took over a thread that was assigned and is now answering it (cleared: 
assigned_agent_id=agent-9 (human/flow takeover))

stdout | src/lib/ai/auto-reply.test.ts > dispatchInboundToAiReply ÔÇö eligibility gates > auto-unblocks an assigned thread by DEFAULT and answers it
[ai auto-reply] calling openai/gpt-test ÔÇö round 1/4, 1 message(s) in context

stdout | src/lib/ai/auto-reply.test.ts > dispatchInboundToAiReply ÔÇö eligibility gates > auto-unblocks an assigned thread by DEFAULT and answers it
[ai auto-reply] provider replied ÔÇö text=6 chars, toolCalls=0

stdout | src/lib/ai/auto-reply.test.ts > dispatchInboundToAiReply ÔÇö eligibility gates > auto-unblocks an assigned thread by DEFAULT and answers it
[AUTO-REPLY] Mensaje enviado con ├®xito a WhatsApp: { whatsapp_message_id: 'm1' }
[follow-up] automatic 10m stage skipped for conversation conv-1 ÔÇö Timer 1 is manual-only (arm via "+ Programar").

stdout | src/lib/ai/auto-reply.test.ts > dispatchInboundToAiReply ÔÇö eligibility gates > keeps human takeover sticky when AI_AUTOREPLY_AUTO_UNBLOCK=false
[ai auto-reply] dispatch requested ÔÇö conversation conv-1, contact contact-1, account acct-1

stdout | src/lib/ai/auto-reply.test.ts > dispatchInboundToAiReply ÔÇö eligibility gates > keeps human takeover sticky when AI_AUTOREPLY_AUTO_UNBLOCK=false
[ai auto-reply] config OK ÔÇö provider=openai model=gpt-test key_fingerprint=f3abf2a6 is_active=true auto_reply_enabled=true

stderr | src/lib/ai/auto-reply.test.ts > dispatchInboundToAiReply ÔÇö eligibility gates > keeps human takeover sticky 
when AI_AUTOREPLY_AUTO_UNBLOCK=false
[ai auto-reply] SKIPPED ÔÇö phone unknown (conversation conv-1) is assigned to agent agent-9: a human took this thread 
over. Unassign it, or set AI_AUTOREPLY_AUTO_UNBLOCK=false/undefined to keep this behaviour.

stdout | src/lib/ai/auto-reply.test.ts > dispatchInboundToAiReply ÔÇö eligibility gates > BYPASS: answers anyway when a human is assigned and the flag is on
[ai auto-reply] dispatch requested ÔÇö conversation conv-1, contact contact-1, account acct-1

stderr | src/lib/ai/auto-reply.test.ts > dispatchInboundToAiReply ÔÇö eligibility gates > BYPASS: answers anyway when 
a human is assigned and the flag is on
[ai auto-reply] ===== BYPASS MODE ACTIVE (AI_AUTOREPLY_BYPASS=true) ÔÇö ignoring assignment, pause, automation 
override and the on/off toggles. REMOVE THIS VARIABLE WHEN DONE. =====

stdout | src/lib/ai/auto-reply.test.ts > dispatchInboundToAiReply ÔÇö eligibility gates > BYPASS: answers anyway when a human is assigned and the flag is on
[ai auto-reply] config OK ÔÇö provider=openai model=gpt-test key_fingerprint=f3abf2a6 is_active=true auto_reply_enabled=true

stderr | src/lib/ai/auto-reply.test.ts > dispatchInboundToAiReply ÔÇö eligibility gates > BYPASS: answers anyway when 
a human is assigned and the flag is on
[ai unblock] AUTO-UNBLOCKED conversation conv-1 (phone unknown) ÔÇö cleared: assigned_agent_id=agent-9 (human/flow 
takeover). Set AI_AUTOREPLY_AUTO_UNBLOCK=false to keep human takeover sticky.

stderr | src/lib/ai/auto-reply.test.ts > dispatchInboundToAiReply ÔÇö eligibility gates > BYPASS: answers anyway when 
a human is assigned and the flag is on
[ai auto-reply] phone unknown: took over a thread that was assigned and is now answering it (cleared: 
assigned_agent_id=agent-9 (human/flow takeover))

stdout | src/lib/ai/auto-reply.test.ts > dispatchInboundToAiReply ÔÇö eligibility gates > BYPASS: answers anyway when a human is assigned and the flag is on
[ai auto-reply] calling openai/gpt-test ÔÇö round 1/4, 1 message(s) in context

stdout | src/lib/ai/auto-reply.test.ts > dispatchInboundToAiReply ÔÇö eligibility gates > BYPASS: answers anyway when a human is assigned and the flag is on
[ai auto-reply] provider replied ÔÇö text=6 chars, toolCalls=0

stdout | src/lib/ai/auto-reply.test.ts > dispatchInboundToAiReply ÔÇö eligibility gates > BYPASS: answers anyway when a human is assigned and the flag is on
[AUTO-REPLY] Mensaje enviado con ├®xito a WhatsApp: { whatsapp_message_id: 'm1' }
[follow-up] automatic 10m stage skipped for conversation conv-1 ÔÇö Timer 1 is manual-only (arm via "+ Programar").

stdout | src/lib/ai/auto-reply.test.ts > dispatchInboundToAiReply ÔÇö eligibility gates > BYPASS: falls back to an outbound probe when the provider throws
[ai auto-reply] dispatch requested ÔÇö conversation conv-1, contact contact-1, account acct-1

stderr | src/lib/ai/auto-reply.test.ts > dispatchInboundToAiReply ÔÇö eligibility gates > BYPASS: falls back to an 
outbound probe when the provider throws
[ai auto-reply] ===== BYPASS MODE ACTIVE (AI_AUTOREPLY_BYPASS=true) ÔÇö ignoring assignment, pause, automation 
override and the on/off toggles. REMOVE THIS VARIABLE WHEN DONE. =====

stdout | src/lib/ai/auto-reply.test.ts > dispatchInboundToAiReply ÔÇö eligibility gates > BYPASS: falls back to an outbound probe when the provider throws
[ai auto-reply] config OK ÔÇö provider=openai model=gpt-test key_fingerprint=f3abf2a6 is_active=true auto_reply_enabled=true

stdout | src/lib/ai/auto-reply.test.ts > dispatchInboundToAiReply ÔÇö eligibility gates > BYPASS: falls back to an outbound probe when the provider throws
[ai auto-reply] calling openai/gpt-test ÔÇö round 1/4, 1 message(s) in context

stderr | src/lib/ai/auto-reply.test.ts > dispatchInboundToAiReply ÔÇö eligibility gates > BYPASS: falls back to an 
outbound probe when the provider throws
[ai auto-reply] provider_failure {
  provider: 'openai',
  model: 'gpt-test',
  round: 1,
  conversationId: 'conv-1',
  accountId: 'acct-1',
  code: 'unknown',
  status: undefined,
  upstream_status: undefined,
  message: '401 invalid_api_key from provider'
}

stderr | src/lib/ai/auto-reply.test.ts > dispatchInboundToAiReply ÔÇö eligibility gates > BYPASS: falls back to an 
outbound probe when the provider throws
[AUTOREPLY ERROR CR├ìTICO] Error: 401 invalid_api_key from provider
    at C:/Users/edsro/Desktop/CMR/wacrm/src/lib/ai/auto-reply.test.ts:475:9
    at file:///C:/Users/edsro/Desktop/CMR/wacrm/node_modules/@vitest/runner/dist/chunk-artifact.js:302:11
    at file:///C:/Users/edsro/Desktop/CMR/wacrm/node_modules/@vitest/runner/dist/chunk-artifact.js:1903:26
    at file:///C:/Users/edsro/Desktop/CMR/wacrm/node_modules/@vitest/runner/dist/chunk-artifact.js:2326:20
    at new Promise (<anonymous>)
    at runWithCancel 
(file:///C:/Users/edsro/Desktop/CMR/wacrm/node_modules/@vitest/runner/dist/chunk-artifact.js:2323:10)
    at file:///C:/Users/edsro/Desktop/CMR/wacrm/node_modules/@vitest/runner/dist/chunk-artifact.js:2305:20
    at new Promise (<anonymous>)
    at runWithTimeout 
(file:///C:/Users/edsro/Desktop/CMR/wacrm/node_modules/@vitest/runner/dist/chunk-artifact.js:2272:10)
    at file:///C:/Users/edsro/Desktop/CMR/wacrm/node_modules/@vitest/runner/dist/chunk-artifact.js:2955:64 {
  conversationId: 'conv-1',
  contactId: 'contact-1',
  accountId: 'acct-1',
  message: '401 invalid_api_key from provider',
  stack: 'Error: 401 invalid_api_key from provider\n' +
    '    at C:/Users/edsro/Desktop/CMR/wacrm/src/lib/ai/auto-reply.test.ts:475:9\n' +
    '    at file:///C:/Users/edsro/Desktop/CMR/wacrm/node_modules/@vitest/runner/dist/chunk-artifact.js:302:11\n' +
    '    at file:///C:/Users/edsro/Desktop/CMR/wacrm/node_modules/@vitest/runner/dist/chunk-artifact.js:1903:26\n' +
    '    at file:///C:/Users/edsro/Desktop/CMR/wacrm/node_modules/@vitest/runner/dist/chunk-artifact.js:2326:20\n' +
    '    at new Promise (<anonymous>)\n' +
    '    at runWithCancel 
(file:///C:/Users/edsro/Desktop/CMR/wacrm/node_modules/@vitest/runner/dist/chunk-artifact.js:2323:10)\n' +
    '    at file:///C:/Users/edsro/Desktop/CMR/wacrm/node_modules/@vitest/runner/dist/chunk-artifact.js:2305:20\n' +
    '    at new Promise (<anonymous>)\n' +
    '    at runWithTimeout 
(file:///C:/Users/edsro/Desktop/CMR/wacrm/node_modules/@vitest/runner/dist/chunk-artifact.js:2272:10)\n' +
    '    at file:///C:/Users/edsro/Desktop/CMR/wacrm/node_modules/@vitest/runner/dist/chunk-artifact.js:2955:64'
}
[ai auto-reply] BYPASS: sending outbound connectivity probe to conversation conv-1 (reason: dispatch threw)

stderr | src/lib/ai/auto-reply.test.ts > dispatchInboundToAiReply ÔÇö eligibility gates > BYPASS: falls back to an 
outbound probe when the provider throws
[ai auto-reply] BYPASS: outbound probe DELIVERED (m1) ÔÇö WhatsApp outbound works; the fault is the AI provider/config.

stdout | src/lib/ai/auto-reply.test.ts > dispatchInboundToAiReply ÔÇö eligibility gates > BYPASS off by default: a provider failure still answers the customer
[ai auto-reply] dispatch requested ÔÇö conversation conv-1, contact contact-1, account acct-1

stdout | src/lib/ai/auto-reply.test.ts > dispatchInboundToAiReply ÔÇö eligibility gates > BYPASS off by default: a provider failure still answers the customer
[ai auto-reply] config OK ÔÇö provider=openai model=gpt-test key_fingerprint=f3abf2a6 is_active=true auto_reply_enabled=true

stdout | src/lib/ai/auto-reply.test.ts > dispatchInboundToAiReply ÔÇö eligibility gates > BYPASS off by default: a provider failure still answers the customer
[ai auto-reply] calling openai/gpt-test ÔÇö round 1/4, 1 message(s) in context

stderr | src/lib/ai/auto-reply.test.ts > dispatchInboundToAiReply ÔÇö eligibility gates > BYPASS off by default: a 
provider failure still answers the customer
[ai auto-reply] provider_failure {
  provider: 'openai',
  model: 'gpt-test',
  round: 1,
  conversationId: 'conv-1',
  accountId: 'acct-1',
  code: 'unknown',
  status: undefined,
  upstream_status: undefined,
  message: '401 invalid_api_key'
}
stdout | src/lib/ai/auto-reply.test.ts > dispatchInboundToAiReply ÔÇö eligibility gates > a knowledge-base failure does not block the reply
[ai auto-reply] dispatch requested ÔÇö conversation conv-1, contact contact-1, account acct-1

stdout | src/lib/ai/auto-reply.test.ts > dispatchInboundToAiReply ÔÇö eligibility gates > a knowledge-base failure does not block the reply
[ai auto-reply] config OK ÔÇö provider=openai model=gpt-test key_fingerprint=f3abf2a6 is_active=true auto_reply_enabled=true

stdout | src/lib/ai/auto-reply.test.ts > dispatchInboundToAiReply ÔÇö eligibility gates > a knowledge-base failure does not block the reply
[ai auto-reply] calling openai/gpt-test ÔÇö round 1/4, 1 message(s) in context

stdout | src/lib/ai/auto-reply.test.ts > dispatchInboundToAiReply ÔÇö eligibility gates > a knowledge-base failure does not block the reply
[ai auto-reply] provider replied ÔÇö text=6 chars, toolCalls=0

stdout | src/lib/ai/auto-reply.test.ts > dispatchInboundToAiReply ÔÇö eligibility gates > a knowledge-base failure does not block the reply
[AUTO-REPLY] Mensaje enviado con ├®xito a WhatsApp: { whatsapp_message_id: 'm1' }
[follow-up] automatic 10m stage skipped for conversation conv-1 ÔÇö Timer 1 is manual-only (arm via "+ Programar").

stdout | src/lib/ai/auto-reply.test.ts > dispatchInboundToAiReply ÔÇö eligibility gates > a knowledge-base hang past the 2.5s ceiling still answers
[ai auto-reply] dispatch requested ÔÇö conversation conv-1, contact contact-1, account acct-1

stdout | src/lib/ai/auto-reply.test.ts > dispatchInboundToAiReply ÔÇö eligibility gates > a knowledge-base hang past the 2.5s ceiling still answers
[ai auto-reply] config OK ÔÇö provider=openai model=gpt-test key_fingerprint=f3abf2a6 is_active=true auto_reply_enabled=true


stderr | src/lib/ai/auto-reply.test.ts > dispatchInboundToAiReply ÔÇö eligibility gates > BYPASS off by default: a 
provider failure still answers the customer
[AUTOREPLY ERROR CR├ìTICO] Error: 401 invalid_api_key
    at C:/Users/edsro/Desktop/CMR/wacrm/src/lib/ai/auto-reply.test.ts:494:39
    at file:///C:/Users/edsro/Desktop/CMR/wacrm/node_modules/@vitest/runner/dist/chunk-artifact.js:302:11
    at file:///C:/Users/edsro/Desktop/CMR/wacrm/node_modules/@vitest/runner/dist/chunk-artifact.js:1903:26
    at file:///C:/Users/edsro/Desktop/CMR/wacrm/node_modules/@vitest/runner/dist/chunk-artifact.js:2326:20
    at new Promise (<anonymous>)
    at runWithCancel 
(file:///C:/Users/edsro/Desktop/CMR/wacrm/node_modules/@vitest/runner/dist/chunk-artifact.js:2323:10)
    at file:///C:/Users/edsro/Desktop/CMR/wacrm/node_modules/@vitest/runner/dist/chunk-artifact.js:2305:20
    at new Promise (<anonymous>)
    at runWithTimeout 
(file:///C:/Users/edsro/Desktop/CMR/wacrm/node_modules/@vitest/runner/dist/chunk-artifact.js:2272:10)
    at file:///C:/Users/edsro/Desktop/CMR/wacrm/node_modules/@vitest/runner/dist/chunk-artifact.js:2955:64 {
  conversationId: 'conv-1',
  contactId: 'contact-1',
  accountId: 'acct-1',
  message: '401 invalid_api_key',
  stack: 'Error: 401 invalid_api_key\n' +
    '    at C:/Users/edsro/Desktop/CMR/wacrm/src/lib/ai/auto-reply.test.ts:494:39\n' +
    '    at file:///C:/Users/edsro/Desktop/CMR/wacrm/node_modules/@vitest/runner/dist/chunk-artifact.js:302:11\n' +
    '    at file:///C:/Users/edsro/Desktop/CMR/wacrm/node_modules/@vitest/runner/dist/chunk-artifact.js:1903:26\n' +
    '    at file:///C:/Users/edsro/Desktop/CMR/wacrm/node_modules/@vitest/runner/dist/chunk-artifact.js:2326:20\n' +
    '    at new Promise (<anonymous>)\n' +
    '    at runWithCancel 
(file:///C:/Users/edsro/Desktop/CMR/wacrm/node_modules/@vitest/runner/dist/chunk-artifact.js:2323:10)\n' +
    '    at file:///C:/Users/edsro/Desktop/CMR/wacrm/node_modules/@vitest/runner/dist/chunk-artifact.js:2305:20\n' +
    '    at new Promise (<anonymous>)\n' +
    '    at runWithTimeout 
(file:///C:/Users/edsro/Desktop/CMR/wacrm/node_modules/@vitest/runner/dist/chunk-artifact.js:2272:10)\n' +
    '    at file:///C:/Users/edsro/Desktop/CMR/wacrm/node_modules/@vitest/runner/dist/chunk-artifact.js:2955:64'
}

stderr | src/lib/ai/auto-reply.test.ts > dispatchInboundToAiReply ÔÇö eligibility gates > BYPASS off by default: a 
provider failure still answers the customer
[ai auto-reply] fallback_sent conversation=conv-1 reason=dispatch threw after the original error was logged

stderr | src/lib/ai/auto-reply.test.ts > dispatchInboundToAiReply ÔÇö eligibility gates > a knowledge-base failure 
does not block the reply
[ai auto-reply] knowledge retrieval unavailable for account acct-1 ÔÇö continuing WITHOUT the knowledge base so the 
customer still gets an answer: connection terminated

 Ô£ô src/lib/rate-limit.test.ts > checkRateLimit > permits the first request and decrements remaining 3ms
 Ô£ô src/lib/rate-limit.test.ts > checkRateLimit > permits exactly `limit` requests then rejects the next 0ms
 Ô£ô src/lib/rate-limit.test.ts > checkRateLimit > keeps separate counters per key 0ms
 Ô£ô src/lib/rate-limit.test.ts > checkRateLimit > opens a fresh window after `windowMs` elapses 2ms
 Ô£ô src/lib/rate-limit.test.ts > rateLimitResponse > returns a 429 with retry / X-RateLimit headers 3ms
 Ô£ô src/lib/rate-limit.test.ts > rateLimitResponse > clamps Retry-After to a minimum of 1 second 0ms
 Ô£ô src/lib/rate-limit.test.ts > RATE_LIMITS presets > send and broadcast are budgeted per minute 0ms
 Ô£ô src/lib/rate-limit.test.ts > RATE_LIMITS presets > the broadcast budget carries a campaign's per-batch call pattern 0ms
stdout | src/lib/whatsapp/pending-reply.test.ts > flushPendingReplies > flushes a parked reply when the contact only has a BSUID
[pending-reply] contact contact-1: flushed 2/2 parked replies

stdout | src/lib/whatsapp/pending-reply.test.ts > flushPendingReplies > sends each parked reply verbatim and clears it
[pending-reply] contact contact-1: flushed 2/2 parked replies

stderr | src/lib/whatsapp/pending-reply.test.ts > flushPendingReplies > keeps a failed reply parked so the next 
attempt can retry it
[pending-reply] conversation conv-1: deferred send failed for contact contact-1: still rejected

stdout | src/lib/whatsapp/pending-reply.test.ts > flushPendingReplies > keeps a failed reply parked so the next attempt can retry it
[pending-reply] contact contact-1: flushed 1/2 parked replies (1 still failing)

stderr | src/lib/whatsapp/pending-reply.test.ts > flushPendingReplies > delivers the other threads even when one of 
them fails
[pending-reply] conversation conv-1: deferred send failed for contact contact-1: boom

stdout | src/lib/whatsapp/pending-reply.test.ts > flushPendingReplies > delivers the other threads even when one of them fails
[pending-reply] contact contact-1: flushed 1/2 parked replies (1 still failing)

 Ô£ô src/lib/whatsapp/pending-reply.test.ts > clearParkedReply > drops the text and lowers the flag together 4ms
 Ô£ô src/lib/whatsapp/pending-reply.test.ts > listPendingReplies > returns only the conversations still holding a reply 1ms
 Ô£ô src/lib/whatsapp/pending-reply.test.ts > flushPendingReplies > does nothing at all when the contact has no address 1ms
 Ô£ô src/lib/whatsapp/pending-reply.test.ts > flushPendingReplies > flushes a parked reply when the contact only has a BSUID 1ms
 Ô£ô src/lib/whatsapp/pending-reply.test.ts > flushPendingReplies > sends each parked reply verbatim and clears it 1ms
 Ô£ô src/lib/whatsapp/pending-reply.test.ts > flushPendingReplies > keeps a failed reply parked so the next attempt can retry it 1ms
 Ô£ô src/lib/whatsapp/pending-reply.test.ts > flushPendingReplies > delivers the other threads even when one of them fails 0ms
 Ô£ô src/lib/ai/auto-reply.test.ts > dispatchInboundToAiReply ÔÇö eligibility gates > claims a slot and sends on the happy path 11ms
 Ô£ô src/lib/ai/auto-reply.test.ts > dispatchInboundToAiReply ÔÇö eligibility gates > sends 99999 (not 0) when the configured max is 99999 or more 2ms
 Ô£ô src/lib/ai/auto-reply.test.ts > dispatchInboundToAiReply ÔÇö eligibility gates > never sends max_replies 0, which would mute the thread on the 029 RPC 9ms
 Ô£ô src/lib/ai/auto-reply.test.ts > dispatchInboundToAiReply ÔÇö eligibility gates > resets the legacy reply counter and pause flag on every inbound 1ms
 Ô£ô src/lib/ai/auto-reply.test.ts > dispatchInboundToAiReply ÔÇö eligibility gates > forwards the inbound composeMessageId to the fragment sender 1ms
 Ô£ô src/lib/ai/auto-reply.test.ts > dispatchInboundToAiReply ÔÇö eligibility gates > grounds the reply in retrieved knowledge 1ms
 Ô£ô src/lib/ai/auto-reply.test.ts > dispatchInboundToAiReply ÔÇö eligibility gates > injects the contact's active citas ids into the system prompt 3ms
 Ô£ô src/lib/ai/auto-reply.test.ts > dispatchInboundToAiReply ÔÇö eligibility gates > stands down when an active message-level automation exists 1ms
 Ô£ô src/lib/ai/auto-reply.test.ts > dispatchInboundToAiReply ÔÇö eligibility gates > still sends when the slot claim refuses the slot 1ms
 Ô£ô src/lib/ai/auto-reply.test.ts > dispatchInboundToAiReply ÔÇö eligibility gates > still sends when the slot claim RPC errors 5ms
 Ô£ô src/lib/ai/auto-reply.test.ts > dispatchInboundToAiReply ÔÇö eligibility gates > skips when AI is off / not configured 0ms
 Ô£ô src/lib/ai/auto-reply.test.ts > dispatchInboundToAiReply ÔÇö eligibility gates > skips when auto-reply is disabled for the account 0ms
 Ô£ô src/lib/ai/auto-reply.test.ts > dispatchInboundToAiReply ÔÇö eligibility gates > skips when a human agent is assigned 1ms
 Ô£ô src/lib/ai/auto-reply.test.ts > dispatchInboundToAiReply ÔÇö eligibility gates > ignores the legacy pause flag, clears it and replies anyway 1ms
 Ô£ô src/lib/ai/auto-reply.test.ts > dispatchInboundToAiReply ÔÇö eligibility gates > auto-unblocks an assigned thread by DEFAULT and answers it 1ms
 Ô£ô src/lib/ai/auto-reply.test.ts > dispatchInboundToAiReply ÔÇö eligibility gates > keeps human takeover sticky when AI_AUTOREPLY_AUTO_UNBLOCK=false 0ms
 Ô£ô src/lib/ai/auto-reply.test.ts > dispatchInboundToAiReply ÔÇö eligibility gates > BYPASS: answers anyway when a human is assigned and the flag is on 1ms
 Ô£ô src/lib/ai/auto-reply.test.ts > dispatchInboundToAiReply ÔÇö eligibility gates > BYPASS: falls back to an outbound probe when the provider throws 2ms
 Ô£ô src/lib/ai/auto-reply.test.ts > dispatchInboundToAiReply ÔÇö eligibility gates > BYPASS off by default: a provider failure still answers the customer 1ms
 Ô£ô src/lib/ai/auto-reply.test.ts > dispatchInboundToAiReply ÔÇö eligibility gates > a knowledge-base failure does not block the reply 1ms
stderr | src/lib/whatsapp/broadcast-resume.schema.test.ts > planBroadcastResume recipient load > reports the PostgREST 
error instead of masking it as a bare 500
[broadcast-resume] contacts.recipient_id is absent; retrying without it. Apply migration 057. column 
contacts.recipient_id does not exist

 Ô£ô src/app/api/whatsapp/broadcast/route.test.ts > POST /api/whatsapp/broadcast > persists the campaign before dispatching anything 6ms
 Ô£ô src/app/api/whatsapp/broadcast/route.test.ts > POST /api/whatsapp/broadcast > dispatches the pending scope with the service-role client 1ms
 Ô£ô src/app/api/whatsapp/broadcast/route.test.ts > POST /api/whatsapp/broadcast > keys recipients by contact_id, never by a phone number 1ms
 Ô£ô src/app/api/whatsapp/broadcast/route.test.ts > POST /api/whatsapp/broadcast > answers 202 with the ids the UI needs to poll 2ms
 Ô£ô src/app/api/whatsapp/broadcast/route.test.ts > POST /api/whatsapp/broadcast > reports a duplicate contact rather than messaging it twice 1ms
 Ô£ô src/app/api/whatsapp/broadcast/route.test.ts > POST /api/whatsapp/broadcast > answers 409 instead of starting a second fan-out 1ms
 Ô£ô src/app/api/whatsapp/broadcast/route.test.ts > POST /api/whatsapp/broadcast > surfaces a persistence failure instead of sending a partial campaign 1ms
 Ô£ô src/app/api/whatsapp/broadcast/route.test.ts > POST /api/whatsapp/broadcast > requires a template name 1ms
 Ô£ô src/lib/whatsapp/broadcast-resume.schema.test.ts > broadcast resume schema contract > projects contacts columns that some migration actually creates 10ms
 Ô£ô src/lib/whatsapp/broadcast-resume.schema.test.ts > broadcast resume schema contract > still selects the identifier sources the resolver depends on 1ms
 Ô£ô src/lib/whatsapp/broadcast-resume.schema.test.ts > planBroadcastResume recipient load > reports the PostgREST error instead of masking it as a bare 500 3ms
stderr | src/lib/whatsapp/broadcast-resume.test.ts > planBroadcastResume > does not retry on an unrelated query failure
[broadcast-resume] recipient load failed: permission denied

 Ô£ô src/lib/whatsapp/broadcast-resume.test.ts > claimBroadcastDelivery > claims when the conditional UPDATE matched a row 3ms
 Ô£ô src/lib/whatsapp/broadcast-resume.test.ts > claimBroadcastDelivery > refuses when another pass already holds the lock 0ms
 Ô£ô src/lib/whatsapp/broadcast-resume.test.ts > claimBroadcastDelivery > treats a lock older than the staleness window as abandoned 0ms
 Ô£ô src/lib/whatsapp/broadcast-resume.test.ts > claimBroadcastDelivery > is scoped to the account, so another tenant cannot claim it 0ms
 Ô£ô src/lib/whatsapp/broadcast-resume.test.ts > releaseBroadcastDelivery > clears the lock 0ms
 Ô£ô src/lib/whatsapp/broadcast-resume.test.ts > planBroadcastResume > resumes a numeric opaque wa_id recipient instead of failing it as unphoneable 2ms
 Ô£ô src/lib/whatsapp/broadcast-resume.test.ts > planBroadcastResume > forwards the identifier verbatim, never digit-stripped 1ms
 Ô£ô src/lib/whatsapp/broadcast-resume.test.ts > planBroadcastResume > recovers a number from the recipient history when no column holds one 1ms
 Ô£ô src/lib/whatsapp/broadcast-resume.test.ts > planBroadcastResume > recovers a numeric opaque wa_id from the recipient history payload 0ms
 Ô£ô src/lib/whatsapp/broadcast-resume.test.ts > planBroadcastResume > anchors each resumed template to that contact's own inbound wamid 1ms
 Ô£ô src/lib/whatsapp/broadcast-resume.test.ts > planBroadcastResume > still fails a recipient with no deliverable address 0ms
 Ô£ô src/lib/whatsapp/broadcast-resume.test.ts > planBroadcastResume > plans the outstanding recipients with their frozen params 1ms
 Ô£ô src/lib/whatsapp/broadcast-resume.test.ts > planBroadcastResume > scopes to failed rows when retrying, and to both for "all" 0ms
 Ô£ô src/lib/whatsapp/broadcast-resume.test.ts > planBroadcastResume > treats a missing or malformed params column as no params 0ms
 Ô£ô src/lib/whatsapp/broadcast-resume.test.ts > planBroadcastResume > fails unsendable rows up front so they stop blocking the status 1ms
 Ô£ô src/lib/whatsapp/broadcast-resume.test.ts > planBroadcastResume > caps one pass and reports the leftover 8ms
 Ô£ô src/lib/whatsapp/broadcast-resume.test.ts > planBroadcastResume > retries without recipient_id when the column is missing 2ms
 Ô£ô src/lib/whatsapp/broadcast-resume.test.ts > planBroadcastResume > does not retry on an unrelated query failure 3ms
 Ô£ô src/lib/whatsapp/broadcast-resume.test.ts > planBroadcastResume > 404s a broadcast that is not on this account 1ms
 Ô£ô src/lib/whatsapp/broadcast-resume.test.ts > planBroadcastResume > refuses when there is nothing outstanding 0ms
 Ô£ô src/lib/whatsapp/broadcast-resume.test.ts > planBroadcastResume > resolves the template row for header + button components 2ms
 Ô£ô src/lib/auth/api-context.test.ts > requireApiKey > 401s when no Authorization header is present 4ms
 Ô£ô src/lib/auth/api-context.test.ts > requireApiKey > 401s on a token that doesn't look like a wacrm key 1ms
 Ô£ô src/lib/auth/api-context.test.ts > requireApiKey > 401s when the key is unknown / revoked / expired (store returns null) 1ms
 Ô£ô src/lib/auth/api-context.test.ts > requireApiKey > returns a context for a valid key with no scope required 1ms
 Ô£ô src/lib/auth/api-context.test.ts > requireApiKey > accepts a bare key without the 'Bearer ' prefix 0ms
 Ô£ô src/lib/auth/api-context.test.ts > requireApiKey > 403s when the key lacks the required scope 0ms
 Ô£ô src/lib/auth/api-context.test.ts > requireApiKey > passes when the key has the required scope 0ms
 Ô£ô src/lib/auth/api-context.test.ts > requireApiKey > 429s once the per-key budget is exhausted 4ms
 Ô£ô src/lib/flows/edges.test.ts > deriveCanvasEdges ÔÇö single-outgoing node types > derives a `next` edge from send_message 3ms
 Ô£ô src/lib/flows/edges.test.ts > deriveCanvasEdges ÔÇö single-outgoing node types > derives a `next` edge from send_media, set_tag, collect_input, start 0ms
 Ô£ô src/lib/flows/edges.test.ts > deriveCanvasEdges ÔÇö single-outgoing node types > skips dangling edges (next_node_key pointing nowhere) 0ms
 Ô£ô src/lib/flows/edges.test.ts > deriveCanvasEdges ÔÇö single-outgoing node types > skips empty next_node_key (fresh node) 0ms
 Ô£ô src/lib/flows/edges.test.ts > deriveCanvasEdges ÔÇö condition (true/false branches) > produces a labeled edge for each branch 0ms
 Ô£ô src/lib/flows/edges.test.ts > deriveCanvasEdges ÔÇö condition (true/false branches) > emits whichever branches are set when one points nowhere 0ms
 Ô£ô src/lib/flows/edges.test.ts > deriveCanvasEdges ÔÇö send_buttons (per-button) > emits one edge per button, labeled with the button title 0ms
 Ô£ô src/lib/flows/edges.test.ts > deriveCanvasEdges ÔÇö send_buttons (per-button) > falls back to reply_id when title is missing 0ms
 Ô£ô src/lib/flows/edges.test.ts > deriveCanvasEdges ÔÇö send_buttons (per-button) > skips buttons whose target doesn't exist 0ms
 Ô£ô src/lib/flows/edges.test.ts > deriveCanvasEdges ÔÇö send_list (per-row across sections) > emits one edge per row, with `row:<reply_id>` handles 0ms
 Ô£ô src/lib/flows/edges.test.ts > deriveCanvasEdges ÔÇö terminal nodes > emits no outgoing edges from handoff / end 0ms
 Ô£ô src/lib/flows/edges.test.ts > deriveCanvasEdges ÔÇö id stability > produces unique, deterministic ids per (source, slot, target) 0ms
 Ô£ô src/lib/flows/edges.test.ts > outgoingSlots > returns a single 'next' slot for the auto-advancing types 0ms
 Ô£ô src/lib/flows/edges.test.ts > outgoingSlots > returns true/false slots for condition 0ms
 Ô£ô src/lib/flows/edges.test.ts > outgoingSlots > returns one slot per button, labelled with the title 0ms
 Ô£ô src/lib/flows/edges.test.ts > outgoingSlots > falls back to reply_id for buttons with no title 0ms
 Ô£ô src/lib/flows/edges.test.ts > outgoingSlots > flattens list rows across all sections 0ms
 Ô£ô src/lib/flows/edges.test.ts > outgoingSlots > terminal nodes (handoff / end) have no outgoing slots 0ms
 Ô£ô src/lib/flows/edges.test.ts > applyEdgeConnection > patches next_node_key for single-outgoing nodes 0ms
 Ô£ô src/lib/flows/edges.test.ts > applyEdgeConnection > returns null when the source handle isn't recognised on the type 0ms
 Ô£ô src/lib/flows/edges.test.ts > applyEdgeConnection > patches the right branch on a condition 0ms
 Ô£ô src/lib/flows/edges.test.ts > applyEdgeConnection > patches only the matching button row on send_buttons 0ms
 Ô£ô src/lib/flows/edges.test.ts > applyEdgeConnection > returns null when the button reply_id doesn't exist on the node 0ms
 Ô£ô src/lib/flows/edges.test.ts > applyEdgeConnection > patches the matching list row across sections 0ms
 Ô£ô src/lib/flows/edges.test.ts > applyEdgeConnection > returns null for terminal nodes (no outgoing) 0ms
 Ô£ô src/lib/flows/edges.test.ts > unlinkNodeReferences > clears next_node_key when it points at the deleted node 0ms
 Ô£ô src/lib/flows/edges.test.ts > unlinkNodeReferences > clears both true_next and false_next when condition points at the deleted node 0ms
 Ô£ô src/lib/flows/edges.test.ts > unlinkNodeReferences > clears only the buttons that point at the deleted node 0ms
 Ô£ô src/lib/flows/edges.test.ts > unlinkNodeReferences > clears only the list rows that point at the deleted node 0ms
 Ô£ô src/lib/flows/edges.test.ts > unlinkNodeReferences > returns the input nodes by identity when none reference the deleted key (no-op path) 0ms
 Ô£ô src/components/ui/dropdown-menu-group-label.test.tsx > DropdownMenuLabel requires a DropdownMenuGroup ancestor > throws when rendered without a group (the #336 crash) 11ms
 Ô£ô src/components/ui/dropdown-menu-group-label.test.tsx > DropdownMenuLabel requires a DropdownMenuGroup ancestor > renders when wrapped in a DropdownMenuGroup (the fix) 5ms
 Ô£ô src/lib/flows/validate.test.ts > validateFlowForActivation ÔÇö happy path > produces no issues on a well-formed flow 2ms
 Ô£ô src/lib/flows/validate.test.ts > validateFlowForActivation ÔÇö flow-level > flags empty name 0ms
 Ô£ô src/lib/flows/validate.test.ts > validateFlowForActivation ÔÇö flow-level > flags whitespace-only name 0ms
 Ô£ô src/lib/flows/validate.test.ts > validateFlowForActivation ÔÇö flow-level > flags missing entry_node_id 0ms
 Ô£ô src/lib/flows/validate.test.ts > validateFlowForActivation ÔÇö flow-level > flags entry_node_id that doesn't exist in nodes 0ms
 Ô£ô src/lib/flows/validate.test.ts > validateFlowForActivation ÔÇö flow-level > flags empty node list 0ms
 Ô£ô src/lib/flows/validate.test.ts > validateFlowForActivation ÔÇö flow-level > flags duplicate node_key 0ms
 Ô£ô src/lib/flows/validate.test.ts > validateFlowForActivation ÔÇö trigger > flags keyword trigger with no keywords 0ms
 Ô£ô src/lib/flows/validate.test.ts > validateFlowForActivation ÔÇö trigger > flags keyword trigger missing keywords field entirely 0ms
 Ô£ô src/lib/flows/validate.test.ts > validateFlowForActivation ÔÇö trigger > warns when keywords contain blanks 0ms
 Ô£ô src/lib/flows/validate.test.ts > validateFlowForActivation ÔÇö trigger > first_inbound_message trigger needs no config 0ms
 Ô£ô src/lib/flows/validate.test.ts > validateFlowForActivation ÔÇö nodes > flags send_buttons without text 0ms
 Ô£ô src/lib/flows/validate.test.ts > validateFlowForActivation ÔÇö nodes > flags send_buttons with zero buttons 0ms
 Ô£ô src/lib/flows/validate.test.ts > validateFlowForActivation ÔÇö nodes > flags send_buttons with more than 3 buttons (Meta limit) 0ms
 Ô£ô src/lib/flows/validate.test.ts > validateFlowForActivation ÔÇö nodes > flags button title over 20 chars 0ms
 Ô£ô src/lib/flows/validate.test.ts > validateFlowForActivation ÔÇö nodes > flags button pointing at non-existent next node 0ms
 Ô£ô src/lib/flows/validate.test.ts > validateFlowForActivation ÔÇö nodes > flags duplicate button reply_ids 0ms
 Ô£ô src/lib/flows/validate.test.ts > validateFlowForActivation ÔÇö nodes > flags send_list with more than 10 rows total 0ms
 Ô£ô src/lib/flows/validate.test.ts > validateFlowForActivation ÔÇö nodes > flags list row title over 24 chars 0ms
 Ô£ô src/lib/flows/validate.test.ts > validateFlowForActivation ÔÇö nodes > warns about unreachable nodes 0ms
 Ô£ô src/lib/flows/validate.test.ts > validateFlowForActivation ÔÇö nodes > doesn't crash on unknown node_type ÔÇö flags it 0ms
 Ô£ô src/lib/flows/validate.test.ts > validateFlowForActivation ÔÇö send_media > passes on a fully-populated send_media node 0ms
 Ô£ô src/lib/flows/validate.test.ts > validateFlowForActivation ÔÇö send_media > flags missing media_url 0ms
 Ô£ô src/lib/flows/validate.test.ts > validateFlowForActivation ÔÇö send_media > flags missing media_type 0ms
 Ô£ô src/lib/flows/validate.test.ts > validateFlowForActivation ÔÇö send_media > flags next_node_key pointing at a non-existent node 0ms
 Ô£ô src/lib/flows/validate.test.ts > validateFlowForActivation ÔÇö send_media > flags caption exceeding 1024 chars 0ms
 Ô£ô src/lib/flows/validate.test.ts > validateFlowForActivation ÔÇö send_media > contributes its next_node_key to reachability 0ms
 Ô£ô src/lib/flows/validate.test.ts > reachableFromEntry > walks the graph from the entry 0ms
 Ô£ô src/lib/flows/validate.test.ts > reachableFromEntry > returns the entry alone when no edges lead out 0ms
 Ô£ô src/lib/flows/validate.test.ts > reachableFromEntry > survives a cycle (visited guard) 0ms
 Ô£ô src/lib/whatsapp/encryption.test.ts > encryption > encrypt / decrypt round-trip > recovers the original plaintext 3ms
 Ô£ô src/lib/whatsapp/encryption.test.ts > encryption > encrypt / decrypt round-trip > produces three colon-separated parts (GCM) 1ms
 Ô£ô src/lib/whatsapp/encryption.test.ts > encryption > encrypt / decrypt round-trip > uses a fresh IV per encrypt so identical plaintexts produce different ciphertexts 1ms
 Ô£ô src/lib/whatsapp/encryption.test.ts > encryption > encrypt / decrypt round-trip > roundtrips empty string 0ms
 Ô£ô src/lib/whatsapp/encryption.test.ts > encryption > encrypt / decrypt round-trip > roundtrips multibyte UTF-8 0ms
 Ô£ô src/lib/whatsapp/encryption.test.ts > encryption > GCM authentication > rejects ciphertext tampered after encryption 1ms
 Ô£ô src/lib/whatsapp/encryption.test.ts > encryption > GCM authentication > rejects a swapped auth tag 0ms
 Ô£ô src/lib/whatsapp/encryption.test.ts > encryption > GCM authentication > rejects a GCM IV of the wrong length 0ms
 Ô£ô src/lib/whatsapp/encryption.test.ts > encryption > GCM authentication > rejects a GCM auth tag of the wrong length 0ms
 Ô£ô src/lib/whatsapp/encryption.test.ts > encryption > legacy CBC compatibility (read-only) > decrypts a CBC blob produced by the previous codepath 0ms
 Ô£ô src/lib/whatsapp/encryption.test.ts > encryption > legacy CBC compatibility (read-only) > rejects a CBC blob with the wrong IV length 0ms
 Ô£ô src/lib/whatsapp/encryption.test.ts > encryption > format detection > isLegacyFormat returns true for two-part CBC strings 0ms
 Ô£ô src/lib/whatsapp/encryption.test.ts > encryption > format detection > isLegacyFormat returns false for three-part GCM strings 0ms
 Ô£ô src/lib/whatsapp/encryption.test.ts > encryption > malformed input > throws on a single-token blob (no colons) 0ms
 Ô£ô src/lib/whatsapp/encryption.test.ts > encryption > malformed input > throws on a four-part blob 0ms
 Ô£ô src/lib/whatsapp/phone-utils.test.ts > sanitizePhoneForMeta > strips +, spaces, and dashes leaving only digits 2ms
 Ô£ô src/lib/whatsapp/phone-utils.test.ts > sanitizePhoneForMeta > returns an empty string for falsy input 0ms
 Ô£ô src/lib/whatsapp/phone-utils.test.ts > sanitizePhoneForMeta > is idempotent on already-sanitized input 0ms
 Ô£ô src/lib/whatsapp/phone-utils.test.ts > normalizePhone > matches sanitizePhoneForMeta byte-for-byte (shared canonical form) 0ms
 Ô£ô src/lib/whatsapp/phone-utils.test.ts > phonesMatch > returns true for exact digit matches 0ms
 Ô£ô src/lib/whatsapp/phone-utils.test.ts > phonesMatch > matches across trunk-prefix variants by last-8 fallback 0ms
 Ô£ô src/lib/whatsapp/phone-utils.test.ts > phonesMatch > rejects mismatched numbers 0ms
 Ô£ô src/lib/whatsapp/phone-utils.test.ts > phonesMatch > rejects very short inputs that would false-positive on tail match 0ms
 Ô£ô src/lib/whatsapp/phone-utils.test.ts > phonesMatch > ignores formatting noise on both sides 0ms
 Ô£ô src/lib/whatsapp/phone-utils.test.ts > isValidE164 > accepts numbers 7ÔÇô15 digits with optional + and non-zero start 0ms
 Ô£ô src/lib/whatsapp/phone-utils.test.ts > isValidE164 > rejects numbers that start with 0 in international form 0ms
 Ô£ô src/lib/whatsapp/phone-utils.test.ts > isValidE164 > rejects too-short and too-long inputs 0ms
 Ô£ô src/lib/whatsapp/phone-utils.test.ts > isValidE164 > rejects strings with non-digit characters 0ms
 Ô£ô src/lib/whatsapp/phone-utils.test.ts > isValidE164 > rejects the empty string 0ms
 Ô£ô src/lib/whatsapp/phone-utils.test.ts > phoneVariants > returns an empty list for empty input 1ms
 Ô£ô src/lib/whatsapp/phone-utils.test.ts > phoneVariants > always lists the original number first 0ms
 Ô£ô src/lib/whatsapp/phone-utils.test.ts > phoneVariants > inserts a trunk 0 after each plausible country-code length 0ms
 Ô£ô src/lib/whatsapp/phone-utils.test.ts > phoneVariants > removes a leading 0 after the country code when present 1ms
 Ô£ô src/lib/whatsapp/phone-utils.test.ts > phoneVariants > deduplicates variants that collapse to the same digits 0ms
 Ô£ô src/lib/whatsapp/phone-utils.test.ts > phoneVariants > returns just the original when the number is too short for any CC slice 0ms
 Ô£ô src/lib/whatsapp/phone-utils.test.ts > isRecipientNotAllowedError > matches Meta error code 131030 0ms
 Ô£ô src/lib/whatsapp/phone-utils.test.ts > isRecipientNotAllowedError > matches the human-readable English variants 0ms
 Ô£ô src/lib/whatsapp/phone-utils.test.ts > isRecipientNotAllowedError > does not false-positive on unrelated Meta errors 0ms
 Ô£ô src/lib/whatsapp/phone-utils.test.ts > recipientAddressVariants > forwards a namespaced BSUID verbatim 0ms
 Ô£ô src/lib/whatsapp/phone-utils.test.ts > recipientAddressVariants > forwards a bare numeric Meta id verbatim 0ms
 Ô£ô src/lib/whatsapp/phone-utils.test.ts > recipientAddressVariants > forwards an @handle verbatim instead of digit-stripping it 0ms
 Ô£ô src/lib/whatsapp/phone-utils.test.ts > recipientAddressVariants > never reduces an id to its digits 0ms
 Ô£ô src/lib/whatsapp/phone-utils.test.ts > recipientAddressVariants > still expands a real number into its trunk-prefix variants 0ms
 Ô£ô src/lib/whatsapp/phone-utils.test.ts > recipientAddressVariants > returns nothing to send for an empty address 0ms
 Ô£ô src/lib/whatsapp/phone-utils.test.ts > hasPublicUserHandle > accepts a canonical username (leading @) 0ms
 Ô£ô src/lib/whatsapp/phone-utils.test.ts > hasPublicUserHandle > accepts a username without the @ prefix 0ms
 Ô£ô src/lib/whatsapp/phone-utils.test.ts > hasPublicUserHandle > accepts a legacy bare @handle stored in phone 0ms
 Ô£ô src/lib/whatsapp/phone-utils.test.ts > hasPublicUserHandle > accepts a Meta display id carrying the @user routing suffix 0ms
 Ô£ô src/lib/whatsapp/phone-utils.test.ts > hasPublicUserHandle > accepts an @lid display id 0ms
 Ô£ô src/lib/whatsapp/phone-utils.test.ts > hasPublicUserHandle > rejects a phone-only contact with no handle anywhere 0ms
 Ô£ô src/lib/whatsapp/phone-utils.test.ts > hasPublicUserHandle > rejects a bare BSUID / numeric id 0ms
 Ô£ô src/lib/whatsapp/phone-utils.test.ts > hasPublicUserHandle > rejects an empty / placeholder contact 0ms
 Ô£ô src/lib/ai/knowledge-storage.test.ts > sanitizeFilename > keeps an ordinary name intact 2ms
 Ô£ô src/lib/ai/knowledge-storage.test.ts > sanitizeFilename > strips directory components a crafted multipart part could carry 0ms
 Ô£ô src/lib/ai/knowledge-storage.test.ts > sanitizeFilename > never returns an empty segment (that would upload to the folder root) 0ms
 Ô£ô src/lib/ai/knowledge-storage.test.ts > sanitizeFilename > removes control characters and caps the length 1ms
 Ô£ô src/lib/ai/knowledge-storage.test.ts > knowledgeObjectPath > lays the object out as {account}/{document}/{filename} 0ms
 Ô£ô src/lib/ai/knowledge-storage.test.ts > knowledgeObjectPath > sanitises the filename segment 0ms
 Ô£ô src/lib/ai/knowledge-storage.test.ts > uploadKnowledgeFile > uploads to the knowledge-base bucket and returns the path 2ms
 Ô£ô src/lib/ai/knowledge-storage.test.ts > uploadKnowledgeFile > throws with the storage driver message so the route can undo the row 1ms
 Ô£ô src/lib/ai/knowledge-storage.test.ts > removeKnowledgeFile > removes the object from the knowledge-base bucket 0ms
 Ô£ô src/lib/ai/knowledge-storage.test.ts > removeKnowledgeFile > treats "already gone" as success ÔÇö the end state is what matters 1ms
 Ô£ô src/lib/ai/knowledge-storage.test.ts > removeKnowledgeFile > throws on a real failure so the caller keeps the row 0ms
 Ô£ô src/lib/ai/embeddings.test.ts > toVectorLiteral > formats a pgvector literal 2ms
 Ô£ô src/lib/ai/embeddings.test.ts > embedTexts > returns [] and makes no request for empty input 1ms
 Ô£ô src/lib/ai/embeddings.test.ts > embedTexts > embeds a single batch and sends the key 1ms
 Ô£ô src/lib/ai/embeddings.test.ts > embedTexts > splits large inputs into multiple batches 1ms
 Ô£ô src/lib/ai/embeddings.test.ts > embedTexts > reorders by index when the provider returns them shuffled 0ms
 Ô£ô src/lib/ai/embeddings.test.ts > embedTexts > maps a 401 to an invalid_key AiError 1ms
 Ô£ô src/lib/ai/embeddings.test.ts > embedTexts > throws when the provider omits result indices 0ms
 Ô£ô src/lib/ai/embeddings.test.ts > embedTexts > throws on a malformed response (count mismatch) 0ms
 Ô£ô src/app/api/contacts/[id]/tags/route.test.ts > /api/contacts/[id]/tags > requires an agent and dispatches a newly-added tag 7ms
 Ô£ô src/app/api/contacts/[id]/tags/route.test.ts > /api/contacts/[id]/tags > rejects a missing tag id before writing 1ms
 Ô£ô src/app/api/contacts/[id]/tags/route.test.ts > /api/contacts/[id]/tags > removes a tag through the same account-scoped route 1ms
 Ô£ô src/i18n/messages.test.ts > message catalogue parity > ko.json covers every en.json key 5ms
 Ô£ô src/i18n/messages.test.ts > message catalogue parity > ko.json has no orphaned keys 3ms
stderr | src/lib/webhooks/deliver.test.ts > dispatchWebhookEvent > records an atomic failure (RPC) when the endpoint 
errors
[webhooks] delivery to b failed: endpoint responded 500

stderr | src/lib/webhooks/deliver.test.ts > dispatchWebhookEvent > blocks a non-public target (SSRF guard) without 
fetching
[webhooks] refusing non-public delivery target for c

 Ô£ô src/lib/whatsapp/template-header-handle.test.ts > ensureImageHeaderHandle > is a no-op for non-image headers 2ms
 Ô£ô src/lib/whatsapp/template-header-handle.test.ts > ensureImageHeaderHandle > is a no-op when a handle already exists 0ms
 Ô£ô src/lib/whatsapp/template-header-handle.test.ts > ensureImageHeaderHandle > throws an actionable error when META_APP_ID is unset 1ms
 Ô£ô src/lib/whatsapp/template-header-handle.test.ts > ensureImageHeaderHandle > derives + sets header_handle from a valid image URL 1ms
 Ô£ô src/lib/whatsapp/template-header-handle.test.ts > ensureImageHeaderHandle > rejects a non-image content type 0ms
 Ô£ô src/lib/whatsapp/template-header-handle.test.ts > ensureImageHeaderHandle > rejects an image over 5 MB 0ms
 Ô£ô src/lib/whatsapp/template-header-handle.test.ts > ensureImageHeaderHandle > refuses a non-public header URL without fetching it 2ms
 Ô£ô src/lib/whatsapp/template-header-handle.test.ts > ensureImageHeaderHandle > reports a blocked URL exactly like an unreachable one 1ms
 Ô£ô src/lib/whatsapp/template-header-handle.test.ts > ensureImageHeaderHandle > does not follow redirects, so a public URL cannot bounce to an internal one 1ms
 Ô£ô src/lib/webhooks/deliver.test.ts > dispatchWebhookEvent > signs + POSTs (no redirect follow) and resets failure_count on success 5ms
 Ô£ô src/lib/webhooks/deliver.test.ts > dispatchWebhookEvent > records an atomic failure (RPC) when the endpoint errors 2ms
 Ô£ô src/lib/webhooks/deliver.test.ts > dispatchWebhookEvent > blocks a non-public target (SSRF guard) without fetching 1ms
 Ô£ô src/lib/webhooks/deliver.test.ts > dispatchWebhookEvent > does nothing when no endpoints are subscribed 0ms
 Ô£ô src/lib/webhooks/ssrf.test.ts > isPrivateOrReservedIp > flags loopback / private / link-local / CGNAT IPv4 2ms
 Ô£ô src/lib/webhooks/ssrf.test.ts > isPrivateOrReservedIp > allows public IPv4 0ms
 Ô£ô src/lib/webhooks/ssrf.test.ts > isPrivateOrReservedIp > flags loopback / ULA / link-local IPv6 and IPv4-mapped privates 0ms
 Ô£ô src/lib/webhooks/ssrf.test.ts > isDeliverableUrl > rejects literal private IPs and internal names without DNS 5ms
 Ô£ô src/lib/webhooks/ssrf.test.ts > isDeliverableUrl > rejects a malformed URL 0ms
 Ô£ô src/lib/webhooks/ssrf.test.ts > isDeliverableUrl > allows a literal public IP 0ms
stderr | src/lib/auth/account.test.ts > getCurrentAccount > maps a profiles query error to 'Could not load account 
context'
[getCurrentAccount] profile fetch error: { code: 'PGRST200' }

stderr | src/lib/auth/account.test.ts > getCurrentAccount > maps an accounts query error to 'Could not load account 
context'
[getCurrentAccount] account fetch error: { code: 'PGRST200' }

 Ô£ô src/lib/auth/account.test.ts > getCurrentAccount > resolves context via a plain accounts lookup, not an embedded join 3ms
 Ô£ô src/lib/auth/account.test.ts > getCurrentAccount > throws UnauthorizedError when there is no session 1ms
 Ô£ô src/lib/auth/account.test.ts > getCurrentAccount > maps a profiles query error to 'Could not load account context' 2ms
 Ô£ô src/lib/auth/account.test.ts > getCurrentAccount > maps an accounts query error to 'Could not load account context' 1ms
 Ô£ô src/lib/auth/account.test.ts > getCurrentAccount > rejects a profile not linked to an account 0ms
 Ô£ô src/lib/auth/account.test.ts > getCurrentAccount > rejects an account_id that resolves to no readable account 0ms
stderr | src/lib/conversations/get-or-create.test.ts > findOrCreateConversation > returns null on a real insert failure
[conversation] error creating thread: permission denied

stderr | src/lib/conversations/get-or-create.test.ts > findOrCreateConversation > returns null when the lookup itself 
fails
[conversation] error finding thread: timeout

 Ô£ô src/lib/conversations/get-or-create.test.ts > findOrCreateConversation > returns the existing thread without inserting 3ms
 Ô£ô src/lib/conversations/get-or-create.test.ts > findOrCreateConversation > opens a thread when the contact has none 1ms
 Ô£ô src/lib/conversations/get-or-create.test.ts > findOrCreateConversation > keys on contact_id alone, so an opaque-id contact gets a thread too 0ms
 Ô£ô src/lib/conversations/get-or-create.test.ts > findOrCreateConversation > resolves the winner when a concurrent delivery opened the thread first 1ms
 Ô£ô src/lib/conversations/get-or-create.test.ts > findOrCreateConversation > returns null on a real insert failure 1ms
 Ô£ô src/lib/conversations/get-or-create.test.ts > findOrCreateConversation > returns null when the lookup itself fails 0ms
 Ô£ô src/lib/conversations/get-or-create.test.ts > findOrCreateConversation > never uses .single() for the lookup, which errors on duplicate threads 0ms
 Ô£ô src/lib/whatsapp/template-webhook.test.ts > isTemplateWebhookField > recognises the three template fields 2ms
 Ô£ô src/lib/whatsapp/template-webhook.test.ts > isTemplateWebhookField > rejects messaging fields 0ms
 Ô£ô src/lib/whatsapp/template-webhook.test.ts > handleTemplateWebhookChange ÔÇö status update > flips status to APPROVED and clears any rejection_reason 2ms
 Ô£ô src/lib/whatsapp/template-webhook.test.ts > handleTemplateWebhookChange ÔÇö status update > persists the reason field on REJECTED 0ms
 Ô£ô src/lib/whatsapp/template-webhook.test.ts > handleTemplateWebhookChange ÔÇö status update > falls back to a generic reason when REJECTED has no `reason` 0ms
 Ô£ô src/lib/whatsapp/template-webhook.test.ts > handleTemplateWebhookChange ÔÇö status update > normalises PENDING_REVIEW ÔåÆ PENDING (via shared normalizeStatus) 0ms
 Ô£ô src/lib/whatsapp/template-webhook.test.ts > handleTemplateWebhookChange ÔÇö status update > logs and exits when meta_template_id is missing (no UPDATE issued) 0ms
 Ô£ô src/lib/whatsapp/template-webhook.test.ts > handleTemplateWebhookChange ÔÇö status update > logs a warning when the row is unknown locally (zero matches) 0ms
 Ô£ô src/lib/whatsapp/template-webhook.test.ts > handleTemplateWebhookChange ÔÇö quality update > sets quality_score from new_quality_score 0ms
 Ô£ô src/lib/whatsapp/template-webhook.test.ts > handleTemplateWebhookChange ÔÇö quality update > stores null for unrecognised quality scores 0ms
 Ô£ô src/lib/whatsapp/template-webhook.test.ts > handleTemplateWebhookChange ÔÇö components update > is an info-log no-op (does not write to DB) 0ms
 Ô£ô src/lib/whatsapp/template-webhook.test.ts > handleTemplateWebhookChange ÔÇö unknown field > is a defensive no-op 0ms
 Ô£ô src/lib/whatsapp/template-send-builder.test.ts > buildSendComponents ÔÇö body > returns [] for a fully-static template (no vars, no media header) 2ms
 Ô£ô src/lib/whatsapp/template-send-builder.test.ts > buildSendComponents ÔÇö body > emits a body component when the template has variables 0ms
 Ô£ô src/lib/whatsapp/template-send-builder.test.ts > buildSendComponents ÔÇö body > throws when body has variables but caller supplied too few values 1ms
 Ô£ô src/lib/whatsapp/template-send-builder.test.ts > buildSendComponents ÔÇö body > trims extra body values silently (legacy callers may overshoot) 0ms
 Ô£ô src/lib/whatsapp/template-send-builder.test.ts > buildSendComponents ÔÇö header > skips static TEXT headers (template carries them) 0ms
 Ô£ô src/lib/whatsapp/template-send-builder.test.ts > buildSendComponents ÔÇö header > emits a TEXT header component when {{1}} is present 0ms
 Ô£ô src/lib/whatsapp/template-send-builder.test.ts > buildSendComponents ÔÇö header > throws when TEXT header has {{1}} but no value was supplied 0ms
 Ô£ô src/lib/whatsapp/template-send-builder.test.ts > buildSendComponents ÔÇö header > auto-includes IMAGE header from the stored sample URL 0ms
 Ô£ô src/lib/whatsapp/template-send-builder.test.ts > buildSendComponents ÔÇö header > prefers caller override URL over template sample 0ms
 Ô£ô src/lib/whatsapp/template-send-builder.test.ts > buildSendComponents ÔÇö header > does NOT use the resumable header_handle at send ÔÇö falls back to the stored link 0ms
 Ô£ô src/lib/whatsapp/template-send-builder.test.ts > buildSendComponents ÔÇö header > uses an explicit headerMediaId override as the media id 0ms
 Ô£ô src/lib/whatsapp/template-send-builder.test.ts > buildSendComponents ÔÇö header > throws on media header with no link OR id available 0ms
 Ô£ô src/lib/whatsapp/template-send-builder.test.ts > buildSendComponents ÔÇö buttons > omits URL buttons without variables (template carries the URL) 0ms
 Ô£ô src/lib/whatsapp/template-send-builder.test.ts > buildSendComponents ÔÇö buttons > emits a URL button component when the URL has {{1}} 0ms
 Ô£ô src/lib/whatsapp/template-send-builder.test.ts > buildSendComponents ÔÇö buttons > throws when URL button has {{1}} but no buttonParam was provided 0ms
 Ô£ô src/lib/whatsapp/template-send-builder.test.ts > buildSendComponents ÔÇö buttons > uses the correct index when QR buttons precede the URL button 0ms
 Ô£ô src/lib/whatsapp/template-send-builder.test.ts > buildSendComponents ÔÇö buttons > falls back to the template example for COPY_CODE buttons 0ms
 Ô£ô src/lib/whatsapp/template-send-builder.test.ts > buildSendComponents ÔÇö buttons > overrides COPY_CODE code when caller supplies one 0ms
 Ô£ô src/lib/whatsapp/template-send-builder.test.ts > buildSendComponents ÔÇö buttons > skips PHONE_NUMBER buttons entirely (no send-time params allowed) 0ms
 Ô£ô src/lib/whatsapp/template-send-builder.test.ts > buildSendComponents ÔÇö end-to-end mix > orders components header ÔåÆ body ÔåÆ buttons and includes all 0ms
 Ô£ô src/lib/automations/validate.test.ts > validateStepsForActivation > rejects empty or missing step lists 2ms
 Ô£ô src/lib/automations/validate.test.ts > validateStepsForActivation > passes a fully-populated step set 0ms
 Ô£ô src/lib/automations/validate.test.ts > validateStepsForActivation > flags every required field that is missing 0ms
 Ô£ô src/lib/automations/validate.test.ts > validateStepsForActivation > checks wait amount and unit boundaries 0ms
 Ô£ô src/lib/automations/validate.test.ts > validateStepsForActivation > validates webhook URLs 1ms
 Ô£ô src/lib/automations/validate.test.ts > validateStepsForActivation > validates assign_conversation only when mode is 'specific' 0ms
 Ô£ô src/lib/automations/validate.test.ts > validateStepsForActivation > flags create_deal when required fields are missing 0ms
 Ô£ô src/lib/automations/validate.test.ts > validateStepsForActivation > validates send_buttons / send_list interactive payloads 1ms
 Ô£ô src/lib/automations/validate.test.ts > validateStepsForActivation > flags update_contact_field when field or value is missing 0ms
 Ô£ô src/lib/automations/validate.test.ts > validateStepsForActivation > recursively walks condition branches with stable dot-paths 0ms
 Ô£ô src/lib/automations/validate.test.ts > validateStepsForActivation > reports an issue for unknown step types 0ms
 Ô£ô src/lib/automations/validate.test.ts > validateStepsForActivation > flags condition subject/operand independently 0ms
 Ô£ô src/lib/automations/validate.test.ts > validateTriggerForActivation > accepts a valid keyword_match config 0ms
 Ô£ô src/lib/automations/validate.test.ts > validateTriggerForActivation > rejects keyword_match with empty keyword array 0ms
 Ô£ô src/lib/automations/validate.test.ts > validateTriggerForActivation > rejects keyword_match with whitespace-only entries 0ms
 Ô£ô src/lib/automations/validate.test.ts > validateTriggerForActivation > rejects keyword_match with an unknown match_type 0ms
 Ô£ô src/lib/automations/validate.test.ts > validateTriggerForActivation > accepts keyword_match with a missing match_type (defaults to contains) 0ms
 Ô£ô src/lib/automations/validate.test.ts > validateTriggerForActivation > accepts the word match_type (issue #409) 0ms
 Ô£ô src/lib/automations/validate.test.ts > validateTriggerForActivation > requires schedule on time_based triggers 0ms
 Ô£ô src/lib/automations/validate.test.ts > validateTriggerForActivation > requires tag_id on tag_added triggers 0ms
 Ô£ô src/lib/automations/validate.test.ts > validateTriggerForActivation > requires reply_ids on interactive_reply triggers 0ms
 Ô£ô src/lib/automations/validate.test.ts > validateTriggerForActivation > does not flag unknown trigger types (handled elsewhere) 0ms
 Ô£ô src/lib/api-keys/keys.test.ts > generateApiKey > returns a prefixed plaintext, a hash, and a display prefix 2ms
 Ô£ô src/lib/api-keys/keys.test.ts > generateApiKey > never repeats a key (entropy sanity check) 2ms
 Ô£ô src/lib/api-keys/keys.test.ts > generateApiKey > hash matches an independent hashApiKey of the plaintext 0ms
 Ô£ô src/lib/api-keys/keys.test.ts > hashApiKey > is deterministic 0ms
 Ô£ô src/lib/api-keys/keys.test.ts > hashApiKey > differs for different inputs 1ms
 Ô£ô src/lib/api-keys/keys.test.ts > looksLikeApiKey > accepts a well-formed key 0ms
 Ô£ô src/lib/api-keys/keys.test.ts > looksLikeApiKey > rejects the bare prefix, empty, and foreign tokens 0ms
 Ô£ô src/lib/api-keys/keys.test.ts > timingSafeHexEqual > is true for identical digests 0ms
 Ô£ô src/lib/api-keys/keys.test.ts > timingSafeHexEqual > is false for different digests 0ms
 Ô£ô src/lib/api-keys/keys.test.ts > timingSafeHexEqual > is false (not throwing) on length mismatch 0ms
stderr | src/app/api/ai/config/route.test.ts > GET /api/ai/config ÔÇö schema tolerance > returns 200 and the config 
when migration 063 is NOT applied
[ai/config GET] ai_configs.follow_up_enabled is absent (migration 063 pending) ÔÇö serving the legacy projection.

stderr | src/app/api/ai/config/route.test.ts > GET /api/ai/config ÔÇö schema tolerance > still reports a genuine (non 
missing-column) failure as 500
[ai/config GET] fetch error: { message: 'permission denied for relation ai_configs' }

 Ô£ô src/app/api/ai/config/route.test.ts > GET /api/ai/config ÔÇö schema tolerance > returns 200 and the config when migration 063 is NOT applied 6ms
 Ô£ô src/app/api/ai/config/route.test.ts > GET /api/ai/config ÔÇö schema tolerance > honours an explicit false when the column exists 1ms
 Ô£ô src/app/api/ai/config/route.test.ts > GET /api/ai/config ÔÇö schema tolerance > still reports a genuine (non missing-column) failure as 500 1ms
 Ô£ô src/lib/conversations/reopen.test.ts > reopenClosedConversation > flips a closed conversation back to open 4ms
 Ô£ô src/lib/conversations/reopen.test.ts > reopenClosedConversation > guards the write on the row still being closed 0ms
 Ô£ô src/lib/conversations/reopen.test.ts > reopenClosedConversation > issues no query for a open conversation 0ms
 Ô£ô src/lib/conversations/reopen.test.ts > reopenClosedConversation > issues no query for a pending conversation 0ms
 Ô£ô src/lib/conversations/reopen.test.ts > reopenClosedConversation > issues no query when status is missing 0ms
 Ô£ô src/lib/conversations/reopen.test.ts > reopenClosedConversation > swallows a failed update so inbound processing continues 2ms
stderr | src/lib/whatsapp/broadcast-dispatch.test.ts > dispatchBroadcastDelivery > settles the campaign and releases 
the claim when the fan-out throws
[broadcast-dispatch] delivery threw: meta exploded

 Ô£ô src/lib/presence.test.ts > derivePresence > returns the stored status for a fresh heartbeat 3ms
 Ô£ô src/lib/presence.test.ts > derivePresence > reads as offline when the heartbeat is stale 0ms
 Ô£ô src/lib/presence.test.ts > derivePresence > treats a missing row or timestamp as offline 0ms
 Ô£ô src/lib/presence.test.ts > derivePresence > stays online exactly at the threshold and flips just past it 0ms
 Ô£ô src/lib/presence.test.ts > formatLastSeen > describes recent activity coarsely 0ms
 Ô£ô src/lib/presence.test.ts > formatLastSeen > rolls up into hours and days 0ms
 Ô£ô src/lib/presence.test.ts > formatLastSeen > falls back gracefully on missing/invalid input 0ms
 Ô£ô src/lib/presence.test.ts > presenceLabel > labels each state for the tooltip 0ms
 Ô£ô src/lib/presence.test.ts > summarize > counts each status 1ms
 Ô£ô src/lib/presence.test.ts > summarize > returns zeroes for an empty roster 0ms
 Ô£ô src/lib/whatsapp/broadcast-dispatch.test.ts > dispatchBroadcastDelivery > claims, plans, marks sending, then fans out 3ms
 Ô£ô src/lib/whatsapp/broadcast-dispatch.test.ts > dispatchBroadcastDelivery > hands the fan-out the service-role client, not the session one 1ms
 Ô£ô src/lib/whatsapp/broadcast-dispatch.test.ts > dispatchBroadcastDelivery > refuses a second pass while one holds the claim 0ms
 Ô£ô src/lib/whatsapp/broadcast-dispatch.test.ts > dispatchBroadcastDelivery > releases the claim when planning throws 2ms
 Ô£ô src/lib/whatsapp/broadcast-dispatch.test.ts > dispatchBroadcastDelivery > settles the campaign and releases the claim when the fan-out throws 1ms
 Ô£ô src/lib/whatsapp/broadcast-dispatch.test.ts > dispatchBroadcastDelivery > reports the counts the UI polls for 0ms
 Ô£ô src/lib/citas/semana.test.ts > constantes > uses the Bogota timezone and a Monday-first week 2ms
 Ô£ô src/lib/citas/semana.test.ts > constantes > spans a 900-minute business day (08:00-23:00) 0ms
 Ô£ô src/lib/citas/semana.test.ts > reloj de Bogot├í > splits an instant into wall-clock parts 0ms
 Ô£ô src/lib/citas/semana.test.ts > reloj de Bogot├í > formats a date key and a minute-of-day 0ms
 Ô£ô src/lib/citas/semana.test.ts > reloj de Bogot├í > round-trips a wall-clock time back to an instant 0ms
 Ô£ô src/lib/citas/semana.test.ts > reloj de Bogot├í > today is a well-formed Bogota date key 0ms
 Ô£ô src/lib/citas/semana.test.ts > reloj de Bogot├í > labels times in Bogota wall time regardless of the viewer zone 0ms
 Ô£ô src/lib/citas/semana.test.ts > aritm├®tica de fechas > adds days across a week 0ms
 Ô£ô src/lib/citas/semana.test.ts > aritm├®tica de fechas > rolls over year boundaries 0ms
 Ô£ô src/lib/citas/semana.test.ts > semanas ISO > resolves the ISO week of known dates 0ms
 Ô£ô src/lib/citas/semana.test.ts > semanas ISO > maps a date in the prior calendar year to its ISO week/year 0ms
 Ô£ô src/lib/citas/semana.test.ts > semanas ISO > finds the Monday on/before Jan 4 for week 1 0ms
 Ô£ô src/lib/citas/semana.test.ts > semanas ISO > reports 52 or 53 weeks depending on the year 0ms
 Ô£ô src/lib/citas/semana.test.ts > semanas ISO > moves across year boundaries 0ms
 Ô£ô src/lib/citas/semana.test.ts > semanas ISO > clamps out-of-range weeks 0ms
 Ô£ô src/lib/citas/semana.test.ts > geometr├¡a del grid > places an 08:00-08:45 appointment at the top of the column 0ms
 Ô£ô src/lib/citas/semana.test.ts > geometr├¡a del grid > rejects an appointment on another day 0ms
 Ô£ô src/lib/citas/semana.test.ts > geometr├¡a del grid > places a mid-morning appointment without clipping (inside 08:00-23:00) 0ms
 Ô£ô src/lib/citas/semana.test.ts > geometr├¡a del grid > rejects an appointment entirely outside business hours 0ms
 Ô£ô src/lib/citas/semana.test.ts > geometr├¡a del grid > clips a busy interval to the 08:00-23:00 window 0ms
 Ô£ô src/lib/citas/semana.test.ts > geometr├¡a del grid > ignores busy intervals outside the day 0ms
 Ô£ô src/lib/citas/semana.test.ts > aLocalInput > emits a datetime-local value 0ms
 Ô£ô src/lib/auth/roles.test.ts > roleRank > orders owner > admin > agent > viewer 2ms
 Ô£ô src/lib/auth/roles.test.ts > roleRank > matches the SQL helper's numeric mapping 0ms
 Ô£ô src/lib/auth/roles.test.ts > hasMinRole > returns true when role meets the threshold 0ms
 Ô£ô src/lib/auth/roles.test.ts > hasMinRole > returns false when role is below the threshold 0ms
 Ô£ô src/lib/auth/roles.test.ts > hasMinRole > owner vs min owner ÔåÆ true 0ms
 Ô£ô src/lib/auth/roles.test.ts > hasMinRole > owner vs min admin ÔåÆ true 0ms
 Ô£ô src/lib/auth/roles.test.ts > hasMinRole > owner vs min agent ÔåÆ true 0ms
 Ô£ô src/lib/auth/roles.test.ts > hasMinRole > owner vs min viewer ÔåÆ true 0ms
 Ô£ô src/lib/auth/roles.test.ts > hasMinRole > admin vs min owner ÔåÆ false 0ms
 Ô£ô src/lib/auth/roles.test.ts > hasMinRole > admin vs min admin ÔåÆ true 0ms
 Ô£ô src/lib/auth/roles.test.ts > hasMinRole > admin vs min agent ÔåÆ true 0ms
 Ô£ô src/lib/auth/roles.test.ts > hasMinRole > admin vs min viewer ÔåÆ true 0ms
 Ô£ô src/lib/auth/roles.test.ts > hasMinRole > agent vs min owner ÔåÆ false 0ms
 Ô£ô src/lib/auth/roles.test.ts > hasMinRole > agent vs min admin ÔåÆ false 0ms
 Ô£ô src/lib/auth/roles.test.ts > hasMinRole > agent vs min agent ÔåÆ true 0ms
 Ô£ô src/lib/auth/roles.test.ts > hasMinRole > agent vs min viewer ÔåÆ true 0ms
 Ô£ô src/lib/auth/roles.test.ts > hasMinRole > viewer vs min owner ÔåÆ false 0ms
 Ô£ô src/lib/auth/roles.test.ts > hasMinRole > viewer vs min admin ÔåÆ false 0ms
 Ô£ô src/lib/auth/roles.test.ts > hasMinRole > viewer vs min agent ÔåÆ false 0ms
 Ô£ô src/lib/auth/roles.test.ts > hasMinRole > viewer vs min viewer ÔåÆ true 0ms
 Ô£ô src/lib/auth/roles.test.ts > isAccountRole > accepts every value in ACCOUNT_ROLES 0ms
 Ô£ô src/lib/auth/roles.test.ts > isAccountRole > rejects garbage / case mismatch / non-strings 0ms
 Ô£ô src/lib/auth/roles.test.ts > capability predicates > canManageMembers: admin+ only 0ms
 Ô£ô src/lib/auth/roles.test.ts > capability predicates > canEditSettings: admin+ only 0ms
 Ô£ô src/lib/auth/roles.test.ts > capability predicates > canSendMessages: agent+ only 0ms
 Ô£ô src/lib/auth/roles.test.ts > capability predicates > canViewOnly: viewer only 0ms
 Ô£ô src/lib/auth/roles.test.ts > capability predicates > canDeleteAccount: owner only 0ms
 Ô£ô src/lib/auth/roles.test.ts > capability predicates > canTransferOwnership: owner only 0ms
 Ô£ô src/lib/automations/builder-tree.test.ts > childPath > addresses a root step by its index 2ms
 Ô£ô src/lib/automations/builder-tree.test.ts > childPath > appends exactly one marker per level of nesting 1ms
 Ô£ô src/lib/automations/builder-tree.test.ts > editing a step nested under a condition (#474) > updates the addressed step, not the first one in the bucket 1ms
 Ô£ô src/lib/automations/builder-tree.test.ts > editing a step nested under a condition (#474) > updates a step in the NO branch 0ms
 Ô£ô src/lib/automations/builder-tree.test.ts > editing a step nested under a condition (#474) > keeps a nested step's own shape intact ÔÇö no stray branches key 0ms
 Ô£ô src/lib/automations/builder-tree.test.ts > editing a step nested under a condition (#474) > deletes the addressed nested step 0ms
 Ô£ô src/lib/automations/builder-tree.test.ts > editing a step nested under a condition (#474) > reorders within a branch 0ms
 Ô£ô src/lib/automations/builder-tree.test.ts > editing a step nested under a condition (#474) > leaves the tree alone when a move would run off the end 0ms
 Ô£ô src/lib/automations/builder-tree.test.ts > conditions nested inside conditions > edits a step two levels down 0ms
 Ô£ô src/lib/automations/builder-tree.test.ts > conditions nested inside conditions > reorders two levels down 0ms
 Ô£ô src/lib/automations/builder-tree.test.ts > conditions nested inside conditions > adds into a nested condition's branch 0ms
 Ô£ô src/lib/automations/builder-tree.test.ts > insertAt > splices into the root list at the given index 0ms
 Ô£ô src/lib/automations/builder-tree.test.ts > insertAt > splices into a top-level condition's branch 0ms
 Ô£ô src/lib/automations/builder-tree.test.ts > insertAt > is a no-op when the scope's condition is gone 0ms
 Ô£ô src/lib/automations/builder-tree.test.ts > unresolvable paths > an empty path changes nothing 0ms
 Ô£ô src/lib/automations/builder-tree.test.ts > unresolvable paths > descending into a step that has no branches changes nothing 0ms
 Ô£ô src/lib/automations/builder-tree.test.ts > unresolvable paths > a stale index changes nothing 0ms
 Ô£ô src/lib/whatsapp/meta-api.resumable.test.ts > uploadResumableMedia > opens a session then uploads the bytes and returns the handle 4ms
 Ô£ô src/lib/whatsapp/meta-api.resumable.test.ts > uploadResumableMedia > throws if the session response has no id 1ms
 Ô£ô src/lib/whatsapp/meta-api.resumable.test.ts > uploadResumableMedia > throws if the upload response has no handle 0ms
stderr | src/lib/contacts/tag-events.test.ts > addContactTagAndDispatch > adds the tag but cuts a chain at the 
configured depth limit
[automations] tag_added chain depth limit reached {
  accountId: 'account-1',
  contactId: 'contact-1',
  tagId: 'tag-1',
  depth: 3
}

stderr | src/lib/contacts/tag-events.test.ts > addContactTagAndDispatch > cuts an A-to-B-to-A tag chain before it can 
loop forever
[automations] tag_added chain depth limit reached {
  accountId: 'account-1',
  contactId: 'contact-1',
  tagId: 'tag-b',
  depth: 3
}

 Ô£ô src/lib/contacts/tag-events.test.ts > addContactTagAndDispatch > dispatches once for a newly inserted tag and propagates depth 3ms
 Ô£ô src/lib/contacts/tag-events.test.ts > addContactTagAndDispatch > does not dispatch when the tag already exists 1ms
 Ô£ô src/lib/contacts/tag-events.test.ts > addContactTagAndDispatch > adds the tag but cuts a chain at the configured depth limit 1ms
 Ô£ô src/lib/contacts/tag-events.test.ts > addContactTagAndDispatch > cuts an A-to-B-to-A tag chain before it can loop forever 0ms
 Ô£ô src/lib/contacts/tag-events.test.ts > getTagChainDepth > normalizes missing, invalid and fractional values 0ms
stderr | src/lib/ai/usage.test.ts > logAiUsage > never throws when the insert errors
[ai usage] log insert failed: { message: 'boom' }

 Ô£ô src/lib/ai/tool-call-text.test.ts > extractLeakedToolCalls > strips a Gemini "step_0: print(default_api.ÔÇª)" line and recovers the call 2ms
 Ô£ô src/lib/ai/tool-call-text.test.ts > extractLeakedToolCalls > recovers a bare default_api.agendar_cita invocation 0ms
 Ô£ô src/lib/ai/tool-call-text.test.ts > extractLeakedToolCalls > keeps the customer-facing text and drops only the scaffolding line 1ms
 Ô£ô src/lib/ai/tool-call-text.test.ts > extractLeakedToolCalls > accepts a JSON-object argument form 0ms
 Ô£ô src/lib/ai/tool-call-text.test.ts > extractLeakedToolCalls > leaves a clean line untouched and drops an unknown default_api line 0ms
 Ô£ô src/lib/ai/tool-call-text.test.ts > extractLeakedToolCalls > removes default_api/step scaffolding even without known tool names 0ms
 Ô£ô src/lib/ai/tool-call-text.test.ts > extractLeakedToolCalls > recovers multiple leaked calls on separate lines 0ms
 Ô£ô src/lib/ai/tool-call-text.test.ts > parseInvocationArgs > parses python kwargs with single and double quotes 0ms
 Ô£ô src/lib/ai/tool-call-text.test.ts > parseInvocationArgs > parses a JSON object 0ms
 Ô£ô src/lib/ai/tool-call-text.test.ts > parseInvocationArgs > returns an empty object for empty input 0ms
 Ô£ô src/lib/ai/usage.test.ts > logAiUsage > inserts a row mapping normalized usage to the log columns 3ms
 Ô£ô src/lib/ai/usage.test.ts > logAiUsage > is a no-op when the provider reported no usage 0ms
 Ô£ô src/lib/ai/usage.test.ts > logAiUsage > never throws when the insert errors 2ms
 Ô£ô src/lib/flows/engine.test.ts > matchReplyId > returns null for nodes without options 2ms
 Ô£ô src/lib/flows/engine.test.ts > matchReplyId > matches the buttons array on a send_buttons node 0ms
 Ô£ô src/lib/flows/engine.test.ts > matchReplyId > returns null when no button reply_id matches 0ms
 Ô£ô src/lib/flows/engine.test.ts > matchReplyId > searches across all sections in a send_list node 0ms
 Ô£ô src/lib/flows/engine.test.ts > matchReplyId > returns null when send_list has no sections / empty sections 0ms
 Ô£ô src/lib/flows/engine.test.ts > matchesKeywordTrigger > returns false for empty text 0ms
 Ô£ô src/lib/flows/engine.test.ts > matchesKeywordTrigger > returns false when keywords array is empty 0ms
 Ô£ô src/lib/flows/engine.test.ts > matchesKeywordTrigger > default match_type='contains' does case-insensitive substring 0ms
 Ô£ô src/lib/flows/engine.test.ts > matchesKeywordTrigger > match_type='exact' compares the whole string case-insensitively 0ms
 Ô£ô src/lib/flows/engine.test.ts > matchesKeywordTrigger > case_sensitive=true preserves case 0ms
 Ô£ô src/lib/flows/engine.test.ts > matchesKeywordTrigger > matches any one of multiple keywords 0ms
 Ô£ô src/lib/flows/engine.test.ts > matchesKeywordTrigger > skips empty strings in the keywords array 0ms
 Ô£ô src/lib/flows/engine.test.ts > node classification helpers > isAutoAdvancing covers start + send_message + send_media + condition + set_tag 0ms
 Ô£ô src/lib/flows/engine.test.ts > node classification helpers > isSuspending covers the input-requiring nodes 0ms
 Ô£ô src/lib/flows/engine.test.ts > node classification helpers > isTerminal covers handoff + end 0ms
 Ô£ô src/lib/flows/engine.test.ts > node classification helpers > the three classifications are mutually exclusive for known node types 0ms
 Ô£ô src/lib/flows/engine.test.ts > evaluateConditionPredicate > present: true when subject has a value 0ms
 Ô£ô src/lib/flows/engine.test.ts > evaluateConditionPredicate > present: false when subject is undefined or empty 0ms
 Ô£ô src/lib/flows/engine.test.ts > evaluateConditionPredicate > absent: inverse of present 0ms
 Ô£ô src/lib/flows/engine.test.ts > evaluateConditionPredicate > equals: exact string comparison; case-sensitive 0ms
 Ô£ô src/lib/flows/engine.test.ts > evaluateConditionPredicate > equals: undefined subject never matches (even against empty) 0ms
 Ô£ô src/lib/flows/engine.test.ts > evaluateConditionPredicate > contains: substring match 0ms
 Ô£ô src/lib/flows/engine.test.ts > evaluateConditionPredicate > contains: undefined subject never matches 0ms
 Ô£ô src/lib/ai/inbound-content.test.ts > normalizeContentType > keeps the types the messages CHECK already allows 2ms
 Ô£ô src/lib/ai/inbound-content.test.ts > normalizeContentType > folds WhatsApp types that have no stored equivalent 0ms
 Ô£ô src/lib/ai/inbound-content.test.ts > normalizeContentType > never stores a type outside the messages CHECK 0ms
 Ô£ô src/lib/ai/inbound-content.test.ts > normalizeContentType > only ever emits a content_type the schema accepts 0ms
 Ô£ô src/lib/ai/inbound-content.test.ts > describeInboundContent > names every type the agent can receive 0ms
 Ô£ô src/lib/ai/inbound-content.test.ts > describeInboundContent > falls back to a generic sentence for anything unknown 0ms
 Ô£ô src/lib/ai/inbound-content.test.ts > describeInboundContent > prefers real extracted content over the placeholder 0ms
 Ô£ô src/lib/ai/inbound-content.test.ts > describeInboundContent > treats whitespace-only text as no text 0ms
 Ô£ô src/lib/ai/inbound-content.test.ts > isOpaqueToModel > knows when the agent cannot know what was sent 0ms
 Ô£ô src/lib/ai/inbound-content.test.ts > isOpaqueToModel > knows when it can 0ms
 Ô£ô src/lib/ai/inbound-content.test.ts > AI_CONTEXT_CONTENT_TYPES > covers every type the webhook can store 1ms
stderr | src/lib/whatsapp/webhook-signature.test.ts > verifyMetaWebhookSignature > fail-closed when secret is missing 
> rejects even a correctly-formed signature when no secret is configured
[webhook] META_APP_SECRET is not set ÔÇö rejecting request. Configure the env var (Meta ÔåÆ App Settings ÔåÆ Basic ÔåÆ 
App Secret) to enable signature verification.

 Ô£ô src/lib/whatsapp/webhook-signature.test.ts > verifyMetaWebhookSignature > accepts a request signed with the correct secret 2ms
 Ô£ô src/lib/whatsapp/webhook-signature.test.ts > verifyMetaWebhookSignature > rejects a signature computed with a different secret 0ms
 Ô£ô src/lib/whatsapp/webhook-signature.test.ts > verifyMetaWebhookSignature > rejects when the body has been tampered with after signing 0ms
 Ô£ô src/lib/whatsapp/webhook-signature.test.ts > verifyMetaWebhookSignature > rejects a missing header 0ms
 Ô£ô src/lib/whatsapp/webhook-signature.test.ts > verifyMetaWebhookSignature > rejects a header without the sha256= prefix 0ms
 Ô£ô src/lib/whatsapp/webhook-signature.test.ts > verifyMetaWebhookSignature > rejects a header of the wrong length without throwing 0ms
 Ô£ô src/lib/whatsapp/webhook-signature.test.ts > verifyMetaWebhookSignature > fail-closed when secret is missing > rejects even a correctly-formed signature when no secret is configured 1ms
 Ô£ô src/lib/ai/config.test.ts > loadAiConfig requireActive > returns null for an inactive config by default 1ms
 Ô£ô src/lib/ai/config.test.ts > loadAiConfig requireActive > returns the config when requireActive is false (Playground path) 0ms
 Ô£ô src/lib/ai/config.test.ts > loadAiConfig requireActive > returns null when there is no row 0ms
 Ô£ô src/lib/ai/config.test.ts > loadAiConfig key decryption failures > logs [CRITICAL_AI_KEY_ERROR] and throws AiKeyDecryptError when decrypt fails 2ms
 Ô£ô src/lib/ai/config.test.ts > loadAiConfig key decryption failures > treats a key that decrypts to an empty string as a failure too 0ms
 Ô£ô src/lib/contacts/tag-write.test.ts > addContactTagIfAbsent > returns true only when the join row was inserted 2ms
 Ô£ô src/lib/contacts/tag-write.test.ts > addContactTagIfAbsent > treats an error-free insert as successful even without a returned row 0ms
 Ô£ô src/lib/contacts/tag-write.test.ts > addContactTagIfAbsent > treats a unique violation as an idempotent duplicate 0ms
 Ô£ô src/lib/contacts/tag-write.test.ts > addContactTagIfAbsent > refuses contacts and tags outside the account 1ms
 Ô£ô src/lib/contacts/tag-write.test.ts > addContactTagIfAbsent > surfaces non-duplicate insert failures 1ms
 Ô£ô src/lib/flows/dispatch.test.ts > entryTriggerTexts > offers the typed text for a text message 2ms
 Ô£ô src/lib/flows/dispatch.test.ts > entryTriggerTexts > offers both the button title and its reply id 0ms
 Ô£ô src/lib/flows/dispatch.test.ts > entryTriggerTexts > drops blanks and collapses a title identical to the id 0ms
 Ô£ô src/lib/flows/dispatch.test.ts > dispatchInboundToFlows ÔÇö entry triggers (#490) > starts a keyword flow when the customer taps a matching button 7ms
 Ô£ô src/lib/flows/dispatch.test.ts > dispatchInboundToFlows ÔÇö entry triggers (#490) > matches on the reply id when the visible title does not 0ms
 Ô£ô src/lib/flows/dispatch.test.ts > dispatchInboundToFlows ÔÇö entry triggers (#490) > still starts the same flow for the typed text (unchanged path) 0ms
 Ô£ô src/lib/flows/dispatch.test.ts > dispatchInboundToFlows ÔÇö entry triggers (#490) > leaves a non-matching tap for the automations dispatcher 0ms
 Ô£ô src/lib/flows/dispatch.test.ts > dispatchInboundToFlows ÔÇö entry triggers (#490) > does not start a manual-trigger flow from a tap 0ms
 Ô£ô src/lib/flows/dispatch.test.ts > dispatchInboundToFlows ÔÇö entry triggers (#490) > starts a first_inbound_message flow when the first inbound is a tap 0ms
stdout | src/app/api/whatsapp/webhook/route.test.ts > inbound webhook: raw_meta_payload persistence (migration 052) > stores the Meta message and contact objects on the row
[webhook] POST received ÔÇö signature ok, 1 entry, 1 inbound message(s)
=== META WEBHOOK BODY === {
  "entry": [
    {
      "changes": [
        {
          "field": "messages",
          "value": {
            "metadata": {
              "phone_number_id": "pn-1"
            },
            "contacts": [
              {
                "wa_id": "15551230000",
                "profile": {
                  "name": "Ada"
                }
              }
            ],
            "messages": [
              {
                "id": "wamid.TEST1",
                "from": "15551230000",
                "timestamp": "1700000000",
                "type": "text",
                "text": {
                  "body": "hello"
                }
              }
            ]
          }
        }
      ]
    }
  ]
}

stdout | src/app/api/whatsapp/webhook/route.test.ts > inbound webhook: raw_meta_payload persistence (migration 052) > stores the Meta message and contact objects on the row
[webhook] processing text message wamid.TEST1 from ÔÇª0000 (account acc-1)
-> [EXTRACTED DATA] {
  effectivePhone: '15551230000',
  meta_wa_id: '15551230000',
  extractedUser: 'Ada',
  hasRealPhone: true,
  idType: 'e164-phone',
  wa_user_id: null,
  username: null
}

stderr | src/app/api/whatsapp/webhook/route.test.ts > inbound webhook: raw_meta_payload persistence (migration 052) > 
stores the Meta message and contact objects on the row
[ai unblock] unexpected failure unblocking conv-1: TypeError: db.from(...).select(...).eq(...).maybeSingle is not a 
function
    at autoUnblockConversation (C:/Users/edsro/Desktop/CMR/wacrm/src/lib/ai/unblock.ts:67:8)
stdout | src/app/api/whatsapp/webhook/route.test.ts > inbound webhook: raw_meta_payload persistence (migration 052) > stores the Meta message and contact objects on the row
[webhook] thread conv-1 (contact contact-1, assigned_agent_id=null)

    at processMessage (C:/Users/edsro/Desktop/CMR/wacrm/src/app/api/whatsapp/webhook/route.ts:1207:11)
    at processTicksAndRejections (node:internal/process/task_queues:104:5)
    at processWebhook (C:/Users/edsro/Desktop/CMR/wacrm/src/app/api/whatsapp/webhook/route.ts:666:9)
    at C:/Users/edsro/Desktop/CMR/wacrm/src/app/api/whatsapp/webhook/route.ts:541:7
    at runWebhook (C:/Users/edsro/Desktop/CMR/wacrm/src/app/api/whatsapp/webhook/route.test.ts:654:31)
    at C:/Users/edsro/Desktop/CMR/wacrm/src/app/api/whatsapp/webhook/route.test.ts:752:5
    at file:///C:/Users/edsro/Desktop/CMR/wacrm/node_modules/@vitest/runner/dist/chunk-artifact.js:1903:20

stderr | src/app/api/whatsapp/webhook/route.test.ts > inbound webhook: raw_meta_payload persistence (migration 052) > 
stores the Meta message and contact objects on the row
[ai unblock] clearStaleFlowRuns failed: Error: unexpected table: flow_runs
    at Object.from (C:/Users/edsro/Desktop/CMR/wacrm/src/app/api/whatsapp/webhook/route.test.ts:490:17)
    at clearStaleFlowRuns (C:/Users/edsro/Desktop/CMR/wacrm/src/lib/ai/unblock.ts:167:8)
    at processMessage (C:/Users/edsro/Desktop/CMR/wacrm/src/app/api/whatsapp/webhook/route.ts:1208:11)
    at processTicksAndRejections (node:internal/process/task_queues:104:5)
    at processWebhook (C:/Users/edsro/Desktop/CMR/wacrm/src/app/api/whatsapp/webhook/route.ts:666:9)
    at C:/Users/edsro/Desktop/CMR/wacrm/src/app/api/whatsapp/webhook/route.ts:541:7
    at runWebhook (C:/Users/edsro/Desktop/CMR/wacrm/src/app/api/whatsapp/webhook/route.test.ts:654:31)
    at C:/Users/edsro/Desktop/CMR/wacrm/src/app/api/whatsapp/webhook/route.test.ts:752:5
    at file:///C:/Users/edsro/Desktop/CMR/wacrm/node_modules/@vitest/runner/dist/chunk-artifact.js:1903:20

stderr | src/app/api/whatsapp/webhook/route.test.ts > inbound webhook: raw_meta_payload persistence (migration 052) > 
stores the Meta message and contact objects on the row
[follow-up] cancelPendingFollowUps threw for conversation conv-1: db.from(...).update(...).eq(...).in is not a function

stderr | src/app/api/whatsapp/webhook/route.test.ts > inbound webhook: raw_meta_payload persistence (migration 052) > 
stores the Meta message and contact objects on the row
[response-wait] resetResponseWaitOnInbound threw for conversation conv-1: db.from(...).select(...).eq(...).maybeSingle 
is not a function

 Ô£ô src/lib/contacts/dedupe.test.ts > normalizeKey > strips every non-digit 2ms
 Ô£ô src/lib/contacts/dedupe.test.ts > normalizeKey > collapses different formats of the same number to one key 0ms
 Ô£ô src/lib/contacts/dedupe.test.ts > isExactMatch > treats different formatting of the same digits as exact 0ms
 Ô£ô src/lib/contacts/dedupe.test.ts > isExactMatch > is false for a trunk-variant (fuzzy) match 0ms
 Ô£ô src/lib/contacts/dedupe.test.ts > isUniqueViolation > detects Postgres 23505 0ms
 Ô£ô src/lib/contacts/dedupe.test.ts > isUniqueViolation > is false for other errors / non-objects 0ms
 Ô£ô src/lib/contacts/dedupe.test.ts > dedupeByPhone > keeps the first occurrence and counts in-file duplicates 1ms
 Ô£ô src/lib/contacts/dedupe.test.ts > dedupeByPhone > drops rows with no digits 1ms
 Ô£ô src/lib/contacts/dedupe.test.ts > findExistingContact > returns a trunk-variant match via phonesMatch 0ms
 Ô£ô src/lib/contacts/dedupe.test.ts > findExistingContact > returns null when no candidate matches 0ms
 Ô£ô src/lib/contacts/dedupe.test.ts > findExistingContact > returns null for an empty phone without querying 0ms
 Ô£ô src/lib/whatsapp/interactive.test.ts > validateInteractivePayload ÔÇö buttons > accepts a well-formed buttons payload 2ms
 Ô£ô src/lib/whatsapp/interactive.test.ts > validateInteractivePayload ÔÇö buttons > rejects a missing/empty payload 0ms
 Ô£ô src/lib/whatsapp/interactive.test.ts > validateInteractivePayload ÔÇö buttons > requires a non-empty body within 1024 chars 0ms
 Ô£ô src/lib/whatsapp/interactive.test.ts > validateInteractivePayload ÔÇö buttons > requires 1-3 buttons 0ms
 Ô£ô src/lib/whatsapp/interactive.test.ts > validateInteractivePayload ÔÇö buttons > caps button title at 20 chars 0ms
 Ô£ô src/lib/whatsapp/interactive.test.ts > validateInteractivePayload ÔÇö buttons > rejects duplicate button ids 0ms
 Ô£ô src/lib/whatsapp/interactive.test.ts > validateInteractivePayload ÔÇö buttons > rejects empty button id / title 0ms
 Ô£ô src/lib/whatsapp/interactive.test.ts > validateInteractivePayload ÔÇö list > accepts a well-formed list payload 0ms
 Ô£ô src/lib/whatsapp/interactive.test.ts > validateInteractivePayload ÔÇö list > requires a button label within 20 chars 0ms
 Ô£ô src/lib/whatsapp/interactive.test.ts > validateInteractivePayload ÔÇö list > caps total rows at 10 across sections 0ms
 Ô£ô src/lib/whatsapp/interactive.test.ts > validateInteractivePayload ÔÇö list > caps list row title at 24 chars 0ms
 Ô£ô src/lib/whatsapp/interactive.test.ts > validateInteractivePayload ÔÇö list > rejects duplicate row ids across sections 0ms
 Ô£ô src/lib/whatsapp/interactive.test.ts > interactivePayloadPreviewText > returns the trimmed body 0ms
 Ô£ô src/lib/whatsapp/interactive.test.ts > interactivePayloadPreviewText > falls back when body is blank 0ms
 Ô£ô src/lib/whatsapp/clean-ai-text.test.ts > stripRawTimestamps > removes an ISO 8601 datetime with the Bogota offset 2ms
 Ô£ô src/lib/whatsapp/clean-ai-text.test.ts > stripRawTimestamps > removes the raw wall-clock with its timezone read ("17:32:11 -05:00") 0ms
 Ô£ô src/lib/whatsapp/clean-ai-text.test.ts > stripRawTimestamps > removes a timestamp with the offset glued to it 0ms
 Ô£ô src/lib/whatsapp/clean-ai-text.test.ts > stripRawTimestamps > returns an empty string when the reply was ONLY a raw timestamp 0ms
 Ô£ô src/lib/whatsapp/clean-ai-text.test.ts > stripRawTimestamps > keeps natural human times (no seconds, no offset) 0ms
 Ô£ô src/lib/whatsapp/clean-ai-text.test.ts > stripRawTimestamps > keeps the Google Meet URL untouched 0ms
 Ô£ô src/lib/whatsapp/clean-ai-text.test.ts > stripRawTimestamps > drops a line that only contained raw availability slots 0ms
 Ô£ô src/lib/whatsapp/clean-ai-text.test.ts > cleanAiReplyText > strips raw timestamps as part of the reply cleaning 0ms
stdout | src/app/api/whatsapp/webhook/route.test.ts > inbound webhook: raw_meta_payload persistence (migration 052) > stores the Meta message and contact objects on the row
[webhook] message wamid.TEST1: dispatching to AI auto-reply (type=text, text="hello")

stdout | src/app/api/whatsapp/webhook/route.test.ts > inbound webhook: raw_meta_payload persistence (migration 052) > stores the Meta message and contact objects on the row
[webhook] delivery processed in 39ms

stdout | src/app/api/whatsapp/webhook/route.test.ts > inbound webhook: raw_meta_payload persistence (migration 052) > preserves the BSUID of a sender who disclosed no number
[webhook] POST received ÔÇö signature ok, 1 entry, 1 inbound message(s)
=== META WEBHOOK BODY === {
  "entry": [
    {
      "changes": [
        {
          "field": "messages",
          "value": {
            "metadata": {
              "phone_number_id": "pn-1"
            },
            "contacts": [
              {
                "wa_id": "",
                "user_id": "CO.9988776655443322",
                "profile": {
                  "name": "Ana Ruiz",
                  "username": "anaruiz"
                }
              }
            ],
            "messages": [
              {
                "id": "wamid.BSUID1",
                "from": "",
                "from_user_id": "CO.9988776655443322",
                "timestamp": "1700000000",
                "type": "text",
                "text": {
                  "body": "hola"
                }
              }
            ]
          }
        }
      ]
    }
  ]
}

stdout | src/app/api/whatsapp/webhook/route.test.ts > inbound webhook: raw_meta_payload persistence (migration 052) > preserves the BSUID of a sender who disclosed no number
[webhook] processing text message wamid.BSUID1 from ÔÇªnown (account acc-1)
-> [EXTRACTED DATA] {
  effectivePhone: 'unknown',
  meta_wa_id: null,
  extractedUser: '@anaruiz',
  hasRealPhone: false,
  idType: 'bsuid',
  wa_user_id: '9988ÔÇª',
  username: '@anaruiz'
}

stderr | src/app/api/whatsapp/webhook/route.test.ts > inbound webhook: raw_meta_payload persistence (migration 052) > 
preserves the BSUID of a sender who disclosed no number
[webhook] contact merge failed (non-fatal): db.from(...).select(...).eq(...).neq is not a function

stdout | src/app/api/whatsapp/webhook/route.test.ts > inbound webhook: raw_meta_payload persistence (migration 052) > preserves the BSUID of a sender who disclosed no number
[webhook] thread conv-1 (contact contact-1, assigned_agent_id=null)

stderr | src/app/api/whatsapp/webhook/route.test.ts > inbound webhook: raw_meta_payload persistence (migration 052) > 
preserves the BSUID of a sender who disclosed no number
[ai unblock] unexpected failure unblocking conv-1: TypeError: db.from(...).select(...).eq(...).maybeSingle is not a 
function
    at autoUnblockConversation (C:/Users/edsro/Desktop/CMR/wacrm/src/lib/ai/unblock.ts:67:8)
    at processMessage (C:/Users/edsro/Desktop/CMR/wacrm/src/app/api/whatsapp/webhook/route.ts:1207:11)
    at processWebhook (C:/Users/edsro/Desktop/CMR/wacrm/src/app/api/whatsapp/webhook/route.ts:666:9)
    at C:/Users/edsro/Desktop/CMR/wacrm/src/app/api/whatsapp/webhook/route.ts:541:7
    at C:/Users/edsro/Desktop/CMR/wacrm/src/app/api/whatsapp/webhook/route.test.ts:773:46
    at file:///C:/Users/edsro/Desktop/CMR/wacrm/node_modules/@vitest/runner/dist/chunk-artifact.js:1903:20

stderr | src/app/api/whatsapp/webhook/route.test.ts > inbound webhook: raw_meta_payload persistence (migration 052) > 
preserves the BSUID of a sender who disclosed no number
[ai unblock] clearStaleFlowRuns failed: Error: unexpected table: flow_runs
    at Object.from (C:/Users/edsro/Desktop/CMR/wacrm/src/app/api/whatsapp/webhook/route.test.ts:490:17)
    at clearStaleFlowRuns (C:/Users/edsro/Desktop/CMR/wacrm/src/lib/ai/unblock.ts:167:8)
    at processMessage (C:/Users/edsro/Desktop/CMR/wacrm/src/app/api/whatsapp/webhook/route.ts:1208:11)
    at processWebhook (C:/Users/edsro/Desktop/CMR/wacrm/src/app/api/whatsapp/webhook/route.ts:666:9)
    at C:/Users/edsro/Desktop/CMR/wacrm/src/app/api/whatsapp/webhook/route.ts:541:7
    at C:/Users/edsro/Desktop/CMR/wacrm/src/app/api/whatsapp/webhook/route.test.ts:773:46
    at file:///C:/Users/edsro/Desktop/CMR/wacrm/node_modules/@vitest/runner/dist/chunk-artifact.js:1903:20

stderr | src/app/api/whatsapp/webhook/route.test.ts > inbound webhook: raw_meta_payload persistence (migration 052) > 
preserves the BSUID of a sender who disclosed no number
[follow-up] cancelPendingFollowUps threw for conversation conv-1: db.from(...).update(...).eq(...).in is not a function

stderr | src/app/api/whatsapp/webhook/route.test.ts > inbound webhook: raw_meta_payload persistence (migration 052) > 
preserves the BSUID of a sender who disclosed no number
[response-wait] resetResponseWaitOnInbound threw for conversation conv-1: db.from(...).select(...).eq(...).maybeSingle 
is not a function

 Ô£ô src/lib/api-keys/scopes.test.ts > isApiScope > accepts every declared scope 2ms
 Ô£ô src/lib/api-keys/scopes.test.ts > isApiScope > rejects unknown strings and non-strings 0ms
 Ô£ô src/lib/api-keys/scopes.test.ts > normalizeScopes > passes a valid list through, de-duplicated 1ms
 Ô£ô src/lib/api-keys/scopes.test.ts > normalizeScopes > treats an empty array as valid (key with no scopes) 0ms
 Ô£ô src/lib/api-keys/scopes.test.ts > normalizeScopes > returns null if any entry is not a known scope 0ms
 Ô£ô src/lib/api-keys/scopes.test.ts > normalizeScopes > returns null for non-array input 0ms
 Ô£ô src/lib/api-keys/scopes.test.ts > hasScope > is true when the scope is present 0ms
 Ô£ô src/lib/api-keys/scopes.test.ts > hasScope > is false when the scope is absent or the list is empty 0ms
 Ô£ô src/lib/api-keys/scopes.test.ts > SCOPE_DESCRIPTIONS > has a description for every scope 1ms
 Ô£ô src/lib/flows/fallback.test.ts > resolveFallbackPolicy > returns defaults for null / undefined / non-object 2ms
 Ô£ô src/lib/flows/fallback.test.ts > resolveFallbackPolicy > returns defaults for an empty object 0ms
 Ô£ô src/lib/flows/fallback.test.ts > resolveFallbackPolicy > preserves valid fields, defaults the rest 0ms
 Ô£ô src/lib/flows/fallback.test.ts > resolveFallbackPolicy > rejects invalid on_unknown_reply values 0ms
 Ô£ô src/lib/flows/fallback.test.ts > resolveFallbackPolicy > rejects negative or NaN max_reprompts 0ms
 Ô£ô src/lib/flows/fallback.test.ts > resolveFallbackPolicy > floors non-integer max_reprompts to be safe 0ms
 Ô£ô src/lib/flows/fallback.test.ts > resolveFallbackPolicy > rejects non-positive on_timeout_hours 0ms
 Ô£ô src/lib/flows/fallback.test.ts > decideFallback > returns ignore when on_unknown_reply is 'ignore' 0ms
 Ô£ô src/lib/flows/fallback.test.ts > decideFallback > returns handoff immediately when on_unknown_reply is 'handoff' 0ms
 Ô£ô src/lib/flows/fallback.test.ts > decideFallback > reprompts up to max_reprompts 0ms
 Ô£ô src/lib/flows/fallback.test.ts > decideFallback > escalates to handoff once max_reprompts is exceeded 0ms
 Ô£ô src/lib/flows/fallback.test.ts > decideFallback > respects on_exhaust='end' when max is exhausted 0ms
 Ô£ô src/lib/flows/fallback.test.ts > decideFallback > with max_reprompts=0, the first unknown reply exhausts 0ms
stdout | src/app/api/whatsapp/webhook/route.test.ts > inbound webhook: raw_meta_payload persistence (migration 052) > preserves the BSUID of a sender who disclosed no number
[webhook] message wamid.BSUID1: dispatching to AI auto-reply (type=text, text="hola")

stdout | src/app/api/whatsapp/webhook/route.test.ts > inbound webhook: raw_meta_payload persistence (migration 052) > preserves the BSUID of a sender who disclosed no number
[webhook] delivery processed in 45ms

stdout | src/app/api/whatsapp/webhook/route.test.ts > inbound webhook: raw_meta_payload persistence (migration 052) > retries without the column when migration 052 is not applied
[webhook] POST received ÔÇö signature ok, 1 entry, 1 inbound message(s)
=== META WEBHOOK BODY === {
  "entry": [
    {
      "changes": [
        {
          "field": "messages",
          "value": {
            "metadata": {
              "phone_number_id": "pn-1"
            },
            "contacts": [
              {
                "wa_id": "15551230000",
                "profile": {
                  "name": "Ada"
                }
              }
            ],
            "messages": [
              {
                "id": "wamid.TEST1",
                "from": "15551230000",
                "timestamp": "1700000000",
                "type": "text",
                "text": {
                  "body": "hello"
                }
              }
            ]
          }
        }
      ]
    }
  ]
}

stdout | src/app/api/whatsapp/webhook/route.test.ts > inbound webhook: raw_meta_payload persistence (migration 052) > retries without the column when migration 052 is not applied
[webhook] processing text message wamid.TEST1 from ÔÇª0000 (account acc-1)
-> [EXTRACTED DATA] {
  effectivePhone: '15551230000',
  meta_wa_id: '15551230000',
  extractedUser: 'Ada',
  hasRealPhone: true,
  idType: 'e164-phone',
  wa_user_id: null,
  username: null
}

stdout | src/app/api/whatsapp/webhook/route.test.ts > inbound webhook: raw_meta_payload persistence (migration 052) > retries without the column when migration 052 is not applied
[webhook] thread conv-1 (contact contact-1, assigned_agent_id=null)

 Ô£ô src/lib/ai/split-reply.test.ts > splitAiReply > returns nothing for empty / whitespace input 2ms
 Ô£ô src/lib/ai/split-reply.test.ts > splitAiReply > keeps a single paragraph as one message 0ms
 Ô£ô src/lib/ai/split-reply.test.ts > splitAiReply > splits each paragraph into its own bubble up to the cap 0ms
 Ô£ô src/lib/ai/split-reply.test.ts > splitAiReply > merges anything beyond 3 paragraphs into the final message 1ms
 Ô£ô src/lib/ai/split-reply.test.ts > splitAiReply > keeps a 4-fragment ceiling regardless of paragraph count 0ms
 Ô£ô src/lib/ai/split-reply.test.ts > splitAiReply > normalizes CRLF and collapses extra blank lines 0ms
 Ô£ô src/app/api/whatsapp/webhook/route.test.ts > inbound webhook: raw_meta_payload persistence (migration 052) > stores the Meta message and contact objects on the row 43ms
 Ô£ô src/app/api/whatsapp/webhook/route.test.ts > inbound webhook: raw_meta_payload persistence (migration 052) > preserves the BSUID of a sender who disclosed no number 46ms
stdout | src/app/api/whatsapp/webhook/route.test.ts > inbound webhook: raw_meta_payload persistence (migration 052) > retries without the column when migration 052 is not applied
[webhook] message wamid.TEST1: dispatching to AI auto-reply (type=text, text="hello")

 Ô£ô src/lib/ai/context.test.ts > buildConversationContext > maps sender_type to role and returns chronological order 2ms
 Ô£ô src/lib/ai/context.test.ts > buildConversationContext > treats bot messages as assistant 0ms
 Ô£ô src/lib/ai/context.test.ts > buildConversationContext > drops empty / whitespace-only messages 0ms
 Ô£ô src/lib/ai/context.test.ts > buildConversationContext > includes transcribed audio rows (voice notes) in the context 0ms
 Ô£ô src/lib/ai/context.test.ts > buildConversationContext > reads a button / list tap as an ordinary user turn 0ms
 Ô£ô src/lib/ai/context.test.ts > buildConversationContext > requests interactive and template rows from the DB 1ms
stdout | src/app/api/whatsapp/webhook/route.test.ts > inbound webhook: raw_meta_payload persistence (migration 052) > retries without the column when migration 052 is not applied
[webhook] delivery processed in 14ms

stdout | src/app/api/whatsapp/webhook/route.test.ts > inbound webhook: raw_meta_payload persistence (migration 052) > does not retry on an unrelated insert failure
[webhook] POST received ÔÇö signature ok, 1 entry, 1 inbound message(s)
=== META WEBHOOK BODY === {
  "entry": [
    {
      "changes": [
        {
          "field": "messages",
          "value": {
            "metadata": {
              "phone_number_id": "pn-1"
            },
            "contacts": [
              {
                "wa_id": "15551230000",
                "profile": {
                  "name": "Ada"
                }
              }
            ],
            "messages": [
              {
                "id": "wamid.TEST1",
                "from": "15551230000",
                "timestamp": "1700000000",
                "type": "text",
                "text": {
                  "body": "hello"
                }
              }
            ]
          }
        }
      ]
    }
  ]
}

stdout | src/app/api/whatsapp/webhook/route.test.ts > inbound webhook: raw_meta_payload persistence (migration 052) > does not retry on an unrelated insert failure
[webhook] processing text message wamid.TEST1 from ÔÇª0000 (account acc-1)
-> [EXTRACTED DATA] {
  effectivePhone: '15551230000',
  meta_wa_id: '15551230000',
  extractedUser: 'Ada',
  hasRealPhone: true,
  idType: 'e164-phone',
  wa_user_id: null,
  username: null
}

stdout | src/app/api/whatsapp/webhook/route.test.ts > inbound webhook: raw_meta_payload persistence (migration 052) > does not retry on an unrelated insert failure
[webhook] thread conv-1 (contact contact-1, assigned_agent_id=null)

stdout | src/app/api/whatsapp/webhook/route.test.ts > inbound webhook: raw_meta_payload persistence (migration 052) > does not retry on an unrelated insert failure
[webhook] delivery processed in 1ms

stdout | src/app/api/whatsapp/webhook/route.test.ts > inbound webhook: idempotent insert (#367) > a genuine first delivery persists once and fans out downstream
[webhook] POST received ÔÇö signature ok, 1 entry, 1 inbound message(s)
=== META WEBHOOK BODY === {
  "entry": [
    {
      "changes": [
        {
          "field": "messages",
          "value": {
            "metadata": {
              "phone_number_id": "pn-1"
            },
            "contacts": [
              {
                "wa_id": "15551230000",
                "profile": {
                  "name": "Ada"
                }
              }
            ],
            "messages": [
              {
                "id": "wamid.TEST1",
                "from": "15551230000",
                "timestamp": "1700000000",
                "type": "text",
                "text": {
                  "body": "hello"
                }
              }
            ]
          }
        }
      ]
    }
  ]
}

stdout | src/app/api/whatsapp/webhook/route.test.ts > inbound webhook: idempotent insert (#367) > a genuine first delivery persists once and fans out downstream
[webhook] processing text message wamid.TEST1 from ÔÇª0000 (account acc-1)
-> [EXTRACTED DATA] {
  effectivePhone: '15551230000',
  meta_wa_id: '15551230000',
  extractedUser: 'Ada',
  hasRealPhone: true,
  idType: 'e164-phone',
  wa_user_id: null,
  username: null
}

stdout | src/app/api/whatsapp/webhook/route.test.ts > inbound webhook: idempotent insert (#367) > a genuine first delivery persists once and fans out downstream
[webhook] thread conv-1 (contact contact-1, assigned_agent_id=null)

stderr | src/app/api/whatsapp/webhook/route.test.ts > inbound webhook: idempotent insert (#367) > a genuine first 
delivery persists once and fans out downstream
[ai unblock] unexpected failure unblocking conv-1: TypeError: db.from(...).select(...).eq(...).maybeSingle is not a 
function
    at autoUnblockConversation (C:/Users/edsro/Desktop/CMR/wacrm/src/lib/ai/unblock.ts:67:8)
    at processMessage (C:/Users/edsro/Desktop/CMR/wacrm/src/app/api/whatsapp/webhook/route.ts:1207:11)
    at processWebhook (C:/Users/edsro/Desktop/CMR/wacrm/src/app/api/whatsapp/webhook/route.ts:666:9)
    at C:/Users/edsro/Desktop/CMR/wacrm/src/app/api/whatsapp/webhook/route.ts:541:7
    at runWebhook (C:/Users/edsro/Desktop/CMR/wacrm/src/app/api/whatsapp/webhook/route.test.ts:654:31)
    at C:/Users/edsro/Desktop/CMR/wacrm/src/app/api/whatsapp/webhook/route.test.ts:823:5
    at file:///C:/Users/edsro/Desktop/CMR/wacrm/node_modules/@vitest/runner/dist/chunk-artifact.js:1903:20

stderr | src/app/api/whatsapp/webhook/route.test.ts > inbound webhook: idempotent insert (#367) > a genuine first 
delivery persists once and fans out downstream
[ai unblock] clearStaleFlowRuns failed: Error: unexpected table: flow_runs
    at Object.from (C:/Users/edsro/Desktop/CMR/wacrm/src/app/api/whatsapp/webhook/route.test.ts:490:17)
    at clearStaleFlowRuns (C:/Users/edsro/Desktop/CMR/wacrm/src/lib/ai/unblock.ts:167:8)
    at processMessage (C:/Users/edsro/Desktop/CMR/wacrm/src/app/api/whatsapp/webhook/route.ts:1208:11)
    at processWebhook (C:/Users/edsro/Desktop/CMR/wacrm/src/app/api/whatsapp/webhook/route.ts:666:9)
    at C:/Users/edsro/Desktop/CMR/wacrm/src/app/api/whatsapp/webhook/route.ts:541:7
    at runWebhook (C:/Users/edsro/Desktop/CMR/wacrm/src/app/api/whatsapp/webhook/route.test.ts:654:31)
    at C:/Users/edsro/Desktop/CMR/wacrm/src/app/api/whatsapp/webhook/route.test.ts:823:5
    at file:///C:/Users/edsro/Desktop/CMR/wacrm/node_modules/@vitest/runner/dist/chunk-artifact.js:1903:20

stderr | src/app/api/whatsapp/webhook/route.test.ts > inbound webhook: idempotent insert (#367) > a genuine first 
delivery persists once and fans out downstream
[follow-up] cancelPendingFollowUps threw for conversation conv-1: db.from(...).update(...).eq(...).in is not a function

stderr | src/app/api/whatsapp/webhook/route.test.ts > inbound webhook: idempotent insert (#367) > a genuine first 
delivery persists once and fans out downstream
[response-wait] resetResponseWaitOnInbound threw for conversation conv-1: db.from(...).select(...).eq(...).maybeSingle 
is not a function

stdout | src/app/api/whatsapp/webhook/route.test.ts > inbound webhook: idempotent insert (#367) > a genuine first delivery persists once and fans out downstream
[webhook] message wamid.TEST1: dispatching to AI auto-reply (type=text, text="hello")

stdout | src/app/api/whatsapp/webhook/route.test.ts > inbound webhook: idempotent insert (#367) > a genuine first delivery persists once and fans out downstream
[webhook] delivery processed in 12ms

stdout | src/app/api/whatsapp/webhook/route.test.ts > inbound webhook: idempotent insert (#367) > a replayed delivery is a no-op: no unread bump, no fan-out
[webhook] POST received ÔÇö signature ok, 1 entry, 1 inbound message(s)
=== META WEBHOOK BODY === {
  "entry": [
    {
      "changes": [
        {
          "field": "messages",
          "value": {
            "metadata": {
              "phone_number_id": "pn-1"
            },
            "contacts": [
              {
                "wa_id": "15551230000",
                "profile": {
                  "name": "Ada"
                }
              }
            ],
            "messages": [
              {
                "id": "wamid.TEST1",
                "from": "15551230000",
                "timestamp": "1700000000",
                "type": "text",
                "text": {
                  "body": "hello"
                }
              }
            ]
          }
        }
      ]
    }
  ]
}

stdout | src/app/api/whatsapp/webhook/route.test.ts > inbound webhook: idempotent insert (#367) > a replayed delivery is a no-op: no unread bump, no fan-out
[webhook] processing text message wamid.TEST1 from ÔÇª0000 (account acc-1)
-> [EXTRACTED DATA] {
  effectivePhone: '15551230000',
  meta_wa_id: '15551230000',
  extractedUser: 'Ada',
  hasRealPhone: true,
  idType: 'e164-phone',
  wa_user_id: null,
  username: null
}

stdout | src/app/api/whatsapp/webhook/route.test.ts > inbound webhook: idempotent insert (#367) > a replayed delivery is a no-op: no unread bump, no fan-out
[webhook] thread conv-1 (contact contact-1, assigned_agent_id=null)

stderr | src/app/api/whatsapp/webhook/route.test.ts > inbound webhook: idempotent insert (#367) > a replayed delivery 
is a no-op: no unread bump, no fan-out
[ai unblock] unexpected failure unblocking conv-1: TypeError: db.from(...).select(...).eq(...).maybeSingle is not a 
function
    at autoUnblockConversation (C:/Users/edsro/Desktop/CMR/wacrm/src/lib/ai/unblock.ts:67:8)
    at processMessage (C:/Users/edsro/Desktop/CMR/wacrm/src/app/api/whatsapp/webhook/route.ts:1207:11)
    at processWebhook (C:/Users/edsro/Desktop/CMR/wacrm/src/app/api/whatsapp/webhook/route.ts:666:9)
    at C:/Users/edsro/Desktop/CMR/wacrm/src/app/api/whatsapp/webhook/route.ts:541:7
    at runWebhook (C:/Users/edsro/Desktop/CMR/wacrm/src/app/api/whatsapp/webhook/route.test.ts:654:31)
    at C:/Users/edsro/Desktop/CMR/wacrm/src/app/api/whatsapp/webhook/route.test.ts:842:5
    at file:///C:/Users/edsro/Desktop/CMR/wacrm/node_modules/@vitest/runner/dist/chunk-artifact.js:1903:20

stderr | src/app/api/whatsapp/webhook/route.test.ts > inbound webhook: idempotent insert (#367) > a replayed delivery 
is a no-op: no unread bump, no fan-out
[ai unblock] clearStaleFlowRuns failed: Error: unexpected table: flow_runs
    at Object.from (C:/Users/edsro/Desktop/CMR/wacrm/src/app/api/whatsapp/webhook/route.test.ts:490:17)
    at clearStaleFlowRuns (C:/Users/edsro/Desktop/CMR/wacrm/src/lib/ai/unblock.ts:167:8)
    at processMessage (C:/Users/edsro/Desktop/CMR/wacrm/src/app/api/whatsapp/webhook/route.ts:1208:11)
    at processWebhook (C:/Users/edsro/Desktop/CMR/wacrm/src/app/api/whatsapp/webhook/route.ts:666:9)
    at C:/Users/edsro/Desktop/CMR/wacrm/src/app/api/whatsapp/webhook/route.ts:541:7
    at runWebhook (C:/Users/edsro/Desktop/CMR/wacrm/src/app/api/whatsapp/webhook/route.test.ts:654:31)
    at C:/Users/edsro/Desktop/CMR/wacrm/src/app/api/whatsapp/webhook/route.test.ts:842:5
    at file:///C:/Users/edsro/Desktop/CMR/wacrm/node_modules/@vitest/runner/dist/chunk-artifact.js:1903:20

stdout | src/app/api/whatsapp/webhook/route.test.ts > inbound webhook: idempotent insert (#367) > a replayed delivery is a no-op: no unread bump, no fan-out
[webhook] duplicate inbound message ignored (idempotent replay): wamid.TEST1

stdout | src/app/api/whatsapp/webhook/route.test.ts > inbound webhook: idempotent insert (#367) > a replayed delivery is a no-op: no unread bump, no fan-out
[webhook] delivery processed in 1ms

stdout | src/app/api/whatsapp/webhook/route.test.ts > inbound webhook: atomic unread bump (#369) > increments unread through the DB-side RPC, not a read-modify-write
[webhook] POST received ÔÇö signature ok, 1 entry, 1 inbound message(s)
=== META WEBHOOK BODY === {
  "entry": [
    {
      "changes": [
        {
          "field": "messages",
          "value": {
            "metadata": {
              "phone_number_id": "pn-1"
            },
            "contacts": [
              {
                "wa_id": "15551230000",
                "profile": {
                  "name": "Ada"
                }
              }
            ],
            "messages": [
              {
                "id": "wamid.TEST1",
                "from": "15551230000",
                "timestamp": "1700000000",
                "type": "text",
                "text": {
                  "body": "hello"
                }
              }
            ]
          }
        }
      ]
    }
  ]
}

stdout | src/app/api/whatsapp/webhook/route.test.ts > inbound webhook: atomic unread bump (#369) > increments unread through the DB-side RPC, not a read-modify-write
[webhook] processing text message wamid.TEST1 from ÔÇª0000 (account acc-1)
-> [EXTRACTED DATA] {
  effectivePhone: '15551230000',
  meta_wa_id: '15551230000',
  extractedUser: 'Ada',
  hasRealPhone: true,
  idType: 'e164-phone',
  wa_user_id: null,
  username: null
}

stderr | src/app/api/whatsapp/webhook/route.test.ts > inbound webhook: atomic unread bump (#369) > increments unread 
through the DB-side RPC, not a read-modify-write
[ai unblock] unexpected failure unblocking conv-1: TypeError: db.from(...).select(...).eq(...).maybeSingle is not a 
function
    at autoUnblockConversation (C:/Users/edsro/Desktop/CMR/wacrm/src/lib/ai/unblock.ts:67:8)
    at processMessage (C:/Users/edsro/Desktop/CMR/wacrm/src/app/api/whatsapp/webhook/route.ts:1207:11)
    at processWebhook (C:/Users/edsro/Desktop/CMR/wacrm/src/app/api/whatsapp/webhook/route.ts:666:9)
    at C:/Users/edsro/Desktop/CMR/wacrm/src/app/api/whatsapp/webhook/route.ts:541:7
    at runWebhook (C:/Users/edsro/Desktop/CMR/wacrm/src/app/api/whatsapp/webhook/route.test.ts:654:31)
    at C:/Users/edsro/Desktop/CMR/wacrm/src/app/api/whatsapp/webhook/route.test.ts:856:5
    at file:///C:/Users/edsro/Desktop/CMR/wacrm/node_modules/@vitest/runner/dist/chunk-artifact.js:1903:20

stdout | src/app/api/whatsapp/webhook/route.test.ts > inbound webhook: atomic unread bump (#369) > increments unread through the DB-side RPC, not a read-modify-write
[webhook] thread conv-1 (contact contact-1, assigned_agent_id=null)

stderr | src/app/api/whatsapp/webhook/route.test.ts > inbound webhook: atomic unread bump (#369) > increments unread 
through the DB-side RPC, not a read-modify-write
[ai unblock] clearStaleFlowRuns failed: Error: unexpected table: flow_runs
    at Object.from (C:/Users/edsro/Desktop/CMR/wacrm/src/app/api/whatsapp/webhook/route.test.ts:490:17)
    at clearStaleFlowRuns (C:/Users/edsro/Desktop/CMR/wacrm/src/lib/ai/unblock.ts:167:8)
    at processMessage (C:/Users/edsro/Desktop/CMR/wacrm/src/app/api/whatsapp/webhook/route.ts:1208:11)
    at processWebhook (C:/Users/edsro/Desktop/CMR/wacrm/src/app/api/whatsapp/webhook/route.ts:666:9)
    at C:/Users/edsro/Desktop/CMR/wacrm/src/app/api/whatsapp/webhook/route.ts:541:7
    at runWebhook (C:/Users/edsro/Desktop/CMR/wacrm/src/app/api/whatsapp/webhook/route.test.ts:654:31)
    at C:/Users/edsro/Desktop/CMR/wacrm/src/app/api/whatsapp/webhook/route.test.ts:856:5
    at file:///C:/Users/edsro/Desktop/CMR/wacrm/node_modules/@vitest/runner/dist/chunk-artifact.js:1903:20

stderr | src/app/api/whatsapp/webhook/route.test.ts > inbound webhook: atomic unread bump (#369) > increments unread 
through the DB-side RPC, not a read-modify-write
[follow-up] cancelPendingFollowUps threw for conversation conv-1: db.from(...).update(...).eq(...).in is not a function

stderr | src/app/api/whatsapp/webhook/route.test.ts > inbound webhook: atomic unread bump (#369) > increments unread 
through the DB-side RPC, not a read-modify-write
[response-wait] resetResponseWaitOnInbound threw for conversation conv-1: db.from(...).select(...).eq(...).maybeSingle 
is not a function

 Ô£ô src/lib/ai/chunk.test.ts > chunkText > returns nothing for empty / whitespace input 2ms
 Ô£ô src/lib/ai/chunk.test.ts > chunkText > keeps a short document as a single chunk 0ms
 Ô£ô src/lib/ai/chunk.test.ts > chunkText > packs multiple paragraphs up to the char budget 1ms
 Ô£ô src/lib/ai/chunk.test.ts > chunkText > hard-splits a paragraph larger than the budget 0ms
 Ô£ô src/lib/ai/chunk.test.ts > chunkText > collapses extra blank lines without emitting an empty chunk 0ms
 Ô£ô src/lib/whatsapp/resolve-conversation.test.ts > resolveConversationByPhone > rejects an invalid phone before any DB call 2ms
 Ô£ô src/lib/whatsapp/resolve-conversation.test.ts > resolveConversationByPhone > fails with whatsapp_not_configured when no config owner exists 1ms
 Ô£ô src/lib/whatsapp/resolve-conversation.test.ts > resolveConversationByPhone > returns the existing contact + conversation without creating 1ms
 Ô£ô src/lib/whatsapp/resolve-conversation.test.ts > resolveConversationByPhone > creates contact + conversation when none exist 0ms
 Ô£ô src/lib/whatsapp/resolve-conversation.test.ts > resolveConversationByPhone > re-resolves an existing contact when the insert loses a unique race 0ms
 Ô£ô src/lib/whatsapp/resolve-conversation.test.ts > resolveConversationByPhone > re-resolves the conversation when the insert loses a unique race 0ms
 Ô£ô src/lib/whatsapp/meta-api.recipient.test.ts > templateRecipientField > routes a namespaced BSUID to "recipient" (CASO C) 3ms
 Ô£ô src/lib/whatsapp/meta-api.recipient.test.ts > templateRecipientField > routes a long numeric opaque wa_id to "to" (CASO B) 0ms
 Ô£ô src/lib/whatsapp/meta-api.recipient.test.ts > templateRecipientField > routes a short digit run to "to" too ÔÇö an opaque wa_id, not a phone 0ms
 Ô£ô src/lib/whatsapp/meta-api.recipient.test.ts > templateRecipientField > normalizes a real number to E.164 digits in "to" (CASO A) 0ms
 Ô£ô src/lib/whatsapp/meta-api.recipient.test.ts > templateRecipientField > NEVER sends a handle ÔÇö ESCENARIO C refuses it locally 1ms
 Ô£ô src/lib/whatsapp/meta-api.recipient.test.ts > templateRecipientField > never emits BOTH "to" and "recipient" at once 0ms
 Ô£ô src/lib/whatsapp/meta-api.recipient.test.ts > templateRecipientField > refuses a placeholder instead of sending it to Meta 0ms
 Ô£ô src/lib/whatsapp/meta-api.recipient.test.ts > templateRecipientField > strips an @lid suffix and addresses the numeric wa_id (CASO B) 0ms
 Ô£ô src/lib/whatsapp/meta-api.recipient.test.ts > recipientAddressField > routes an E.164 phone number to "to" as digits 0ms
 Ô£ô src/lib/whatsapp/meta-api.recipient.test.ts > recipientAddressField > routes a namespaced BSUID to "recipient" (CASO C), omitting "to" 0ms
 Ô£ô src/lib/whatsapp/meta-api.recipient.test.ts > recipientAddressField > treats a long bare numeric id as an opaque wa_id and sends it in "to" 0ms
 Ô£ô src/lib/whatsapp/meta-api.recipient.test.ts > recipientAddressField > routes every namespaced BSUID to "recipient" (CASO C) 0ms
 Ô£ô src/lib/whatsapp/meta-api.recipient.test.ts > recipientAddressField > NEVER sends an @handle ÔÇö ESCENARIO C refuses it locally 0ms
 Ô£ô src/lib/whatsapp/meta-api.recipient.test.ts > recipientAddressField > never mutates a short numeric id into a different recipient 0ms
 Ô£ô src/lib/whatsapp/meta-api.recipient.test.ts > recipientAddressField > always uses "to" for a dialable number and for an opaque wa_id 0ms
stdout | src/app/api/whatsapp/webhook/route.test.ts > inbound webhook: atomic unread bump (#369) > increments unread through the DB-side RPC, not a read-modify-write
[webhook] message wamid.TEST1: dispatching to AI auto-reply (type=text, text="hello")

stdout | src/app/api/whatsapp/webhook/route.test.ts > inbound webhook: atomic unread bump (#369) > increments unread through the DB-side RPC, not a read-modify-write
[webhook] delivery processed in 45ms

stdout | src/app/api/whatsapp/webhook/route.test.ts > inbound webhook: identity persistence (migration 072) > stamps last_inbound_at + last_inbound_wamid atomically with the bump
[webhook] POST received ÔÇö signature ok, 1 entry, 1 inbound message(s)
=== META WEBHOOK BODY === {
  "entry": [
    {
      "changes": [
        {
          "field": "messages",
          "value": {
            "metadata": {
              "phone_number_id": "pn-1"
            },
            "contacts": [
              {
                "wa_id": "15551230000",
                "profile": {
                  "name": "Ada"
                }
              }
            ],
            "messages": [
              {
                "id": "wamid.TEST1",
                "from": "15551230000",
                "timestamp": "1700000000",
                "type": "text",
                "text": {
                  "body": "hello"
                }
              }
            ]
          }
        }
      ]
    }
  ]
}

stdout | src/app/api/whatsapp/webhook/route.test.ts > inbound webhook: identity persistence (migration 072) > stamps last_inbound_at + last_inbound_wamid atomically with the bump
[webhook] processing text message wamid.TEST1 from ÔÇª0000 (account acc-1)
-> [EXTRACTED DATA] {
  effectivePhone: '15551230000',
  meta_wa_id: '15551230000',
  extractedUser: 'Ada',
  hasRealPhone: true,
  idType: 'e164-phone',
  wa_user_id: null,
  username: null
}

stderr | src/app/api/whatsapp/webhook/route.test.ts > inbound webhook: identity persistence (migration 072) > stamps 
last_inbound_at + last_inbound_wamid atomically with the bump
[ai unblock] unexpected failure unblocking conv-1: TypeError: db.from(...).select(...).eq(...).maybeSingle is not a 
function
    at autoUnblockConversation (C:/Users/edsro/Desktop/CMR/wacrm/src/lib/ai/unblock.ts:67:8)
    at processMessage (C:/Users/edsro/Desktop/CMR/wacrm/src/app/api/whatsapp/webhook/route.ts:1207:11)
    at processWebhook (C:/Users/edsro/Desktop/CMR/wacrm/src/app/api/whatsapp/webhook/route.ts:666:9)
    at C:/Users/edsro/Desktop/CMR/wacrm/src/app/api/whatsapp/webhook/route.ts:541:7
    at runWebhook (C:/Users/edsro/Desktop/CMR/wacrm/src/app/api/whatsapp/webhook/route.test.ts:654:31)
    at C:/Users/edsro/Desktop/CMR/wacrm/src/app/api/whatsapp/webhook/route.test.ts:874:5
    at file:///C:/Users/edsro/Desktop/CMR/wacrm/node_modules/@vitest/runner/dist/chunk-artifact.js:1903:20

stdout | src/app/api/whatsapp/webhook/route.test.ts > inbound webhook: identity persistence (migration 072) > stamps last_inbound_at + last_inbound_wamid atomically with the bump
[webhook] thread conv-1 (contact contact-1, assigned_agent_id=null)

stderr | src/app/api/whatsapp/webhook/route.test.ts > inbound webhook: identity persistence (migration 072) > stamps 
last_inbound_at + last_inbound_wamid atomically with the bump
[ai unblock] clearStaleFlowRuns failed: Error: unexpected table: flow_runs
    at Object.from (C:/Users/edsro/Desktop/CMR/wacrm/src/app/api/whatsapp/webhook/route.test.ts:490:17)
    at clearStaleFlowRuns (C:/Users/edsro/Desktop/CMR/wacrm/src/lib/ai/unblock.ts:167:8)
    at processMessage (C:/Users/edsro/Desktop/CMR/wacrm/src/app/api/whatsapp/webhook/route.ts:1208:11)
    at processWebhook (C:/Users/edsro/Desktop/CMR/wacrm/src/app/api/whatsapp/webhook/route.ts:666:9)
    at C:/Users/edsro/Desktop/CMR/wacrm/src/app/api/whatsapp/webhook/route.ts:541:7
    at runWebhook (C:/Users/edsro/Desktop/CMR/wacrm/src/app/api/whatsapp/webhook/route.test.ts:654:31)
    at C:/Users/edsro/Desktop/CMR/wacrm/src/app/api/whatsapp/webhook/route.test.ts:874:5
    at file:///C:/Users/edsro/Desktop/CMR/wacrm/node_modules/@vitest/runner/dist/chunk-artifact.js:1903:20

stderr | src/app/api/whatsapp/webhook/route.test.ts > inbound webhook: identity persistence (migration 072) > stamps 
last_inbound_at + last_inbound_wamid atomically with the bump
[follow-up] cancelPendingFollowUps threw for conversation conv-1: db.from(...).update(...).eq(...).in is not a function

stderr | src/app/api/whatsapp/webhook/route.test.ts > inbound webhook: identity persistence (migration 072) > stamps 
last_inbound_at + last_inbound_wamid atomically with the bump
[response-wait] resetResponseWaitOnInbound threw for conversation conv-1: db.from(...).select(...).eq(...).maybeSingle 
is not a function

 Ô£ô src/lib/contacts/parse-contact-csv.test.ts > parseTagCell > splits comma-separated tags and trims whitespace 2ms
 Ô£ô src/lib/contacts/parse-contact-csv.test.ts > parseTagCell > splits semicolon-separated tags 0ms
 Ô£ô src/lib/contacts/parse-contact-csv.test.ts > parseTagCell > de-dupes case-insensitively 0ms
 Ô£ô src/lib/contacts/parse-contact-csv.test.ts > parseTagCell > returns empty for blank values 0ms
 Ô£ô src/lib/contacts/parse-contact-csv.test.ts > parseContactCsv > parses optional tags column 1ms
 Ô£ô src/lib/contacts/parse-contact-csv.test.ts > parseContactCsv > returns empty tagNames when tags column is absent 0ms
stdout | src/app/api/whatsapp/webhook/route.test.ts > inbound webhook: identity persistence (migration 072) > stamps last_inbound_at + last_inbound_wamid atomically with the bump
[webhook] message wamid.TEST1: dispatching to AI auto-reply (type=text, text="hello")

stdout | src/app/api/whatsapp/webhook/route.test.ts > inbound webhook: identity persistence (migration 072) > stamps last_inbound_at + last_inbound_wamid atomically with the bump
[webhook] delivery processed in 29ms

stdout | src/app/api/whatsapp/webhook/route.test.ts > inbound webhook: identity persistence (migration 072) > stores wa_id, phone and phone_number_id in independent columns
[webhook] POST received ÔÇö signature ok, 1 entry, 1 inbound message(s)
=== META WEBHOOK BODY === {
  "entry": [
    {
      "changes": [
        {
          "field": "messages",
          "value": {
            "metadata": {
              "phone_number_id": "pn-1"
            },
            "contacts": [
              {
                "wa_id": "15551230000",
                "profile": {
                  "name": "Ada"
                }
              }
            ],
            "messages": [
              {
                "id": "wamid.TEST1",
                "from": "15551230000",
                "timestamp": "1700000000",
                "type": "text",
                "text": {
                  "body": "hello"
                }
              }
            ]
          }
        }
      ]
    }
  ]
}

stdout | src/app/api/whatsapp/webhook/route.test.ts > inbound webhook: identity persistence (migration 072) > stores wa_id, phone and phone_number_id in independent columns
[webhook] processing text message wamid.TEST1 from ÔÇª0000 (account acc-1)
-> [EXTRACTED DATA] {
  effectivePhone: '15551230000',
  meta_wa_id: '15551230000',
  extractedUser: 'Ada',
  hasRealPhone: true,
  idType: 'e164-phone',
  wa_user_id: null,
  username: null
}

stderr | src/app/api/whatsapp/webhook/route.test.ts > inbound webhook: identity persistence (migration 072) > stores 
wa_id, phone and phone_number_id in independent columns
[ai unblock] unexpected failure unblocking conv-1: TypeError: db.from(...).select(...).eq(...).maybeSingle is not a 
function
    at autoUnblockConversation (C:/Users/edsro/Desktop/CMR/wacrm/src/lib/ai/unblock.ts:67:8)
    at processMessage (C:/Users/edsro/Desktop/CMR/wacrm/src/app/api/whatsapp/webhook/route.ts:1207:11)
    at processWebhook (C:/Users/edsro/Desktop/CMR/wacrm/src/app/api/whatsapp/webhook/route.ts:666:9)
    at C:/Users/edsro/Desktop/CMR/wacrm/src/app/api/whatsapp/webhook/route.ts:541:7
    at runWebhook (C:/Users/edsro/Desktop/CMR/wacrm/src/app/api/whatsapp/webhook/route.test.ts:654:31)
    at C:/Users/edsro/Desktop/CMR/wacrm/src/app/api/whatsapp/webhook/route.test.ts:891:5
    at file:///C:/Users/edsro/Desktop/CMR/wacrm/node_modules/@vitest/runner/dist/chunk-artifact.js:1903:20

stdout | src/app/api/whatsapp/webhook/route.test.ts > inbound webhook: identity persistence (migration 072) > stores wa_id, phone and phone_number_id in independent columns
[webhook] thread conv-1 (contact inserted-1, assigned_agent_id=null)

stderr | src/app/api/whatsapp/webhook/route.test.ts > inbound webhook: identity persistence (migration 072) > stores 
wa_id, phone and phone_number_id in independent columns
[ai unblock] clearStaleFlowRuns failed: Error: unexpected table: flow_runs
    at Object.from (C:/Users/edsro/Desktop/CMR/wacrm/src/app/api/whatsapp/webhook/route.test.ts:490:17)
    at clearStaleFlowRuns (C:/Users/edsro/Desktop/CMR/wacrm/src/lib/ai/unblock.ts:167:8)
    at processMessage (C:/Users/edsro/Desktop/CMR/wacrm/src/app/api/whatsapp/webhook/route.ts:1208:11)
    at processWebhook (C:/Users/edsro/Desktop/CMR/wacrm/src/app/api/whatsapp/webhook/route.ts:666:9)
    at C:/Users/edsro/Desktop/CMR/wacrm/src/app/api/whatsapp/webhook/route.ts:541:7
    at runWebhook (C:/Users/edsro/Desktop/CMR/wacrm/src/app/api/whatsapp/webhook/route.test.ts:654:31)
    at C:/Users/edsro/Desktop/CMR/wacrm/src/app/api/whatsapp/webhook/route.test.ts:891:5
    at file:///C:/Users/edsro/Desktop/CMR/wacrm/node_modules/@vitest/runner/dist/chunk-artifact.js:1903:20

stderr | src/app/api/whatsapp/webhook/route.test.ts > inbound webhook: identity persistence (migration 072) > stores 
wa_id, phone and phone_number_id in independent columns
[follow-up] cancelPendingFollowUps threw for conversation conv-1: db.from(...).update(...).eq(...).in is not a function

stderr | src/app/api/whatsapp/webhook/route.test.ts > inbound webhook: identity persistence (migration 072) > stores 
wa_id, phone and phone_number_id in independent columns
[response-wait] resetResponseWaitOnInbound threw for conversation conv-1: db.from(...).select(...).eq(...).maybeSingle 
is not a function

 Ô£ô src/app/api/whatsapp/webhook/route.test.ts > inbound webhook: raw_meta_payload persistence (migration 052) > retries without the column when migration 052 is not applied 17ms
 Ô£ô src/app/api/whatsapp/webhook/route.test.ts > inbound webhook: raw_meta_payload persistence (migration 052) > does not retry on an unrelated insert failure 1ms
 Ô£ô src/app/api/whatsapp/webhook/route.test.ts > inbound webhook: idempotent insert (#367) > a genuine first delivery persists once and fans out downstream 14ms
 Ô£ô src/app/api/whatsapp/webhook/route.test.ts > inbound webhook: idempotent insert (#367) > a replayed delivery is a no-op: no unread bump, no fan-out 2ms
 Ô£ô src/app/api/whatsapp/webhook/route.test.ts > inbound webhook: atomic unread bump (#369) > increments unread through the DB-side RPC, not a read-modify-write 45ms
 Ô£ô src/app/api/whatsapp/webhook/route.test.ts > inbound webhook: identity persistence (migration 072) > stamps last_inbound_at + last_inbound_wamid atomically with the bump 30ms
 Ô£ô src/lib/inbox/conversations.test.ts > matchesContactFilters > matches everything when no filters are set 2ms
 Ô£ô src/lib/inbox/conversations.test.ts > matchesContactFilters > uses OR logic across tags 0ms
 Ô£ô src/lib/inbox/conversations.test.ts > matchesContactFilters > excludes conversations whose contact has no tags when a tag filter is active 0ms
 Ô£ô src/lib/inbox/conversations.test.ts > matchesContactFilters > matches company exactly, trimming whitespace 0ms
 Ô£ô src/lib/inbox/conversations.test.ts > matchesContactFilters > requires both tag and company to match when both are set (AND across facets) 0ms
 Ô£ô src/lib/inbox/conversations.test.ts > normalizeConversation > flattens embedded contact_tags into contact.tags 1ms
 Ô£ô src/lib/inbox/conversations.test.ts > normalizeConversation > passes through a conversation with no contact 0ms
 Ô£ô src/lib/api/v1/contacts.test.ts > serializeContact > flattens contact_tags(tags(*)) onto a tags array and nulls missing fields 2ms
 Ô£ô src/lib/api/v1/contacts.test.ts > serializeContact > tolerates a row with no contact_tags key 0ms
 Ô£ô src/lib/api/v1/contacts.test.ts > findOrCreateContact > rejects a non-E.164 phone with a 400 ContactError 1ms
 Ô£ô src/lib/webhooks/endpoints.test.ts > generateWebhookSecret > is prefixed and high-entropy, and unique per call 2ms
 Ô£ô src/lib/webhooks/endpoints.test.ts > serializeWebhookEndpoint > projects public fields and never leaks the secret 1ms
 Ô£ô src/lib/webhooks/endpoints.test.ts > normalizeWebhookUrl > accepts https and normalizes 0ms
 Ô£ô src/lib/webhooks/endpoints.test.ts > normalizeWebhookUrl > rejects http, non-URLs, and non-strings 0ms
stdout | src/app/api/whatsapp/webhook/route.test.ts > inbound webhook: identity persistence (migration 072) > stores wa_id, phone and phone_number_id in independent columns
[webhook] message wamid.TEST1: dispatching to AI auto-reply (type=text, text="hello")

stdout | src/app/api/whatsapp/webhook/route.test.ts > inbound webhook: identity persistence (migration 072) > stores wa_id, phone and phone_number_id in independent columns
[webhook] delivery processed in 30ms

stdout | src/app/api/whatsapp/webhook/route.test.ts > inbound webhook: identity persistence (migration 072) > keeps a BSUID out of phone/wa_id and inside wa_user_id only
[webhook] POST received ÔÇö signature ok, 1 entry, 1 inbound message(s)
=== META WEBHOOK BODY === {
  "entry": [
    {
      "changes": [
        {
          "field": "messages",
          "value": {
            "metadata": {
              "phone_number_id": "pn-1"
            },
            "contacts": [
              {
                "wa_id": "",
                "user_id": "CO.9988776655443322",
                "profile": {
                  "name": "Ana Ruiz",
                  "username": "anaruiz"
                }
              }
            ],
            "messages": [
              {
                "id": "wamid.BSUID1",
                "from": "",
                "from_user_id": "CO.9988776655443322",
                "timestamp": "1700000000",
                "type": "text",
                "text": {
                  "body": "hola"
                }
              }
            ]
          }
        }
      ]
    }
  ]
}

stdout | src/app/api/whatsapp/webhook/route.test.ts > inbound webhook: identity persistence (migration 072) > keeps a BSUID out of phone/wa_id and inside wa_user_id only
[webhook] processing text message wamid.BSUID1 from ÔÇªnown (account acc-1)
-> [EXTRACTED DATA] {
  effectivePhone: 'unknown',
  meta_wa_id: null,
  extractedUser: '@anaruiz',
  hasRealPhone: false,
  idType: 'bsuid',
  wa_user_id: '9988ÔÇª',
  username: '@anaruiz'
}

stdout | src/app/api/whatsapp/webhook/route.test.ts > inbound webhook: identity persistence (migration 072) > keeps a BSUID out of phone/wa_id and inside wa_user_id only
[webhook] thread conv-1 (contact inserted-1, assigned_agent_id=null)

stderr | src/app/api/whatsapp/webhook/route.test.ts > inbound webhook: identity persistence (migration 072) > keeps a 
BSUID out of phone/wa_id and inside wa_user_id only
[ai unblock] unexpected failure unblocking conv-1: TypeError: db.from(...).select(...).eq(...).maybeSingle is not a 
function
    at autoUnblockConversation (C:/Users/edsro/Desktop/CMR/wacrm/src/lib/ai/unblock.ts:67:8)
    at processMessage (C:/Users/edsro/Desktop/CMR/wacrm/src/app/api/whatsapp/webhook/route.ts:1207:11)
    at processWebhook (C:/Users/edsro/Desktop/CMR/wacrm/src/app/api/whatsapp/webhook/route.ts:666:9)
    at C:/Users/edsro/Desktop/CMR/wacrm/src/app/api/whatsapp/webhook/route.ts:541:7
    at C:/Users/edsro/Desktop/CMR/wacrm/src/app/api/whatsapp/webhook/route.test.ts:913:46
    at file:///C:/Users/edsro/Desktop/CMR/wacrm/node_modules/@vitest/runner/dist/chunk-artifact.js:1903:20

stderr | src/app/api/whatsapp/webhook/route.test.ts > inbound webhook: identity persistence (migration 072) > keeps a 
BSUID out of phone/wa_id and inside wa_user_id only
[ai unblock] clearStaleFlowRuns failed: Error: unexpected table: flow_runs
    at Object.from (C:/Users/edsro/Desktop/CMR/wacrm/src/app/api/whatsapp/webhook/route.test.ts:490:17)
    at clearStaleFlowRuns (C:/Users/edsro/Desktop/CMR/wacrm/src/lib/ai/unblock.ts:167:8)
    at processMessage (C:/Users/edsro/Desktop/CMR/wacrm/src/app/api/whatsapp/webhook/route.ts:1208:11)
    at processWebhook (C:/Users/edsro/Desktop/CMR/wacrm/src/app/api/whatsapp/webhook/route.ts:666:9)
    at C:/Users/edsro/Desktop/CMR/wacrm/src/app/api/whatsapp/webhook/route.ts:541:7
    at C:/Users/edsro/Desktop/CMR/wacrm/src/app/api/whatsapp/webhook/route.test.ts:913:46
    at file:///C:/Users/edsro/Desktop/CMR/wacrm/node_modules/@vitest/runner/dist/chunk-artifact.js:1903:20

stderr | src/app/api/whatsapp/webhook/route.test.ts > inbound webhook: identity persistence (migration 072) > keeps a 
BSUID out of phone/wa_id and inside wa_user_id only
[follow-up] cancelPendingFollowUps threw for conversation conv-1: db.from(...).update(...).eq(...).in is not a function

stderr | src/app/api/whatsapp/webhook/route.test.ts > inbound webhook: identity persistence (migration 072) > keeps a 
BSUID out of phone/wa_id and inside wa_user_id only
[response-wait] resetResponseWaitOnInbound threw for conversation conv-1: db.from(...).select(...).eq(...).maybeSingle 
is not a function

 Ô£ô src/lib/media/gallery.test.ts > collectMediaGallery > keeps images and videos in thread order and nothing else 2ms
 Ô£ô src/lib/media/gallery.test.ts > collectMediaGallery > skips media whose bytes we have no URL for 0ms
 Ô£ô src/lib/media/gallery.test.ts > collectMediaGallery > carries the caption, direction and the row itself 0ms
 Ô£ô src/lib/media/gallery.test.ts > collectMediaGallery > treats an empty caption as no caption 0ms
 Ô£ô src/lib/media/gallery.test.ts > collectMediaGallery > counts a bot-sent image as ours, not the customer's 0ms
 Ô£ô src/lib/media/gallery.test.ts > collectMediaGallery > returns nothing for a thread with no media 0ms
 Ô£ô src/lib/media/gallery.test.ts > galleryIndexOf > finds the open item 0ms
 Ô£ô src/lib/media/gallery.test.ts > galleryIndexOf > reports -1 for null, so a closed viewer stays closed 0ms
 Ô£ô src/lib/media/gallery.test.ts > galleryIndexOf > reports -1 once the message is gone from the thread 0ms
 Ô£ô src/lib/broadcast-retry.test.ts > batchRetryDelayMs > waits out a 429 for the advertised Retry-After 1ms
 Ô£ô src/lib/broadcast-retry.test.ts > batchRetryDelayMs > falls back to a fixed wait when Retry-After is missing or junk 0ms
 Ô£ô src/lib/broadcast-retry.test.ts > batchRetryDelayMs > clamps an absurd Retry-After 0ms
 Ô£ô src/lib/broadcast-retry.test.ts > batchRetryDelayMs > does not replay a 400 ÔÇö the batch may already have reached Meta 0ms
 Ô£ô src/lib/broadcast-retry.test.ts > batchRetryDelayMs > does not replay a 401 ÔÇö the batch may already have reached Meta 0ms
 Ô£ô src/lib/broadcast-retry.test.ts > batchRetryDelayMs > does not replay a 403 ÔÇö the batch may already have reached Meta 0ms
 Ô£ô src/lib/broadcast-retry.test.ts > batchRetryDelayMs > does not replay a 404 ÔÇö the batch may already have reached Meta 0ms
 Ô£ô src/lib/broadcast-retry.test.ts > batchRetryDelayMs > does not replay a 422 ÔÇö the batch may already have reached Meta 0ms
 Ô£ô src/lib/broadcast-retry.test.ts > batchRetryDelayMs > does not replay a 500 ÔÇö the batch may already have reached Meta 0ms
 Ô£ô src/lib/broadcast-retry.test.ts > batchRetryDelayMs > does not replay a 502 ÔÇö the batch may already have reached Meta 0ms
 Ô£ô src/lib/broadcast-retry.test.ts > batchRetryDelayMs > does not replay a 503 ÔÇö the batch may already have reached Meta 0ms
 Ô£ô src/lib/broadcast-retry.test.ts > batchRetryDelayMs > does not replay a 504 ÔÇö the batch may already have reached Meta 0ms
 Ô£ô src/lib/broadcast-retry.test.ts > batchRetryDelayMs > allows a few attempts, not an unbounded loop 0ms
 Ô£ô src/lib/whatsapp/template-components.test.ts > buildMetaTemplatePayload > upcases category and produces minimal components (body only) 2ms
 Ô£ô src/lib/whatsapp/template-components.test.ts > buildMetaTemplatePayload > includes body_text example as a 2D array (Meta spec) 0ms
 Ô£ô src/lib/whatsapp/template-components.test.ts > buildMetaTemplatePayload > emits TEXT header in canonical first position 0ms
 Ô£ô src/lib/whatsapp/template-components.test.ts > buildMetaTemplatePayload > uses header_url for media headers when no handle is set 0ms
 Ô£ô src/lib/whatsapp/template-components.test.ts > buildMetaTemplatePayload > prefers header_handle over header_media_url 0ms
 Ô£ô src/lib/whatsapp/template-components.test.ts > buildMetaTemplatePayload > emits footer when present, skips when empty 0ms
 Ô£ô src/lib/whatsapp/template-components.test.ts > buildMetaTemplatePayload > emits the buttons component with correct per-type fields 0ms
 Ô£ô src/lib/whatsapp/template-components.test.ts > buildMetaTemplatePayload > orders components HEADER ÔåÆ BODY ÔåÆ FOOTER ÔåÆ BUTTONS 0ms
 Ô£ô src/lib/webhooks/sign.test.ts > buildSignatureHeader > emits the t=,v1= shape and is deterministic 2ms
 Ô£ô src/lib/webhooks/sign.test.ts > verifySignatureHeader > accepts a valid, in-tolerance signature 0ms
 Ô£ô src/lib/webhooks/sign.test.ts > verifySignatureHeader > rejects a tampered body 0ms
 Ô£ô src/lib/webhooks/sign.test.ts > verifySignatureHeader > rejects a wrong secret 0ms
 Ô£ô src/lib/webhooks/sign.test.ts > verifySignatureHeader > rejects a stale timestamp (replay protection) 0ms
 Ô£ô src/lib/webhooks/sign.test.ts > verifySignatureHeader > rejects a malformed header 0ms
 Ô£ô src/lib/webhooks/sign.test.ts > verifySignatureHeader > tolerates uppercase hex and whitespace in the header 0ms
stdout | src/app/api/whatsapp/webhook/route.test.ts > inbound webhook: identity persistence (migration 072) > keeps a BSUID out of phone/wa_id and inside wa_user_id only
[webhook] message wamid.BSUID1: dispatching to AI auto-reply (type=text, text="hola")

stdout | src/app/api/whatsapp/webhook/route.test.ts > inbound webhook: identity persistence (migration 072) > keeps a BSUID out of phone/wa_id and inside wa_user_id only
[webhook] delivery processed in 63ms

stdout | src/app/api/whatsapp/webhook/route.test.ts > inbound webhook: identity persistence (migration 072) > records the inbound wamid on the conversation for every message type
[webhook] POST received ÔÇö signature ok, 1 entry, 1 inbound message(s)
=== META WEBHOOK BODY === {
  "entry": [
    {
      "changes": [
        {
          "field": "messages",
          "value": {
            "metadata": {
              "phone_number_id": "pn-1"
            },
            "contacts": [
              {
                "wa_id": "15551230000",
                "profile": {
                  "name": "Ada"
                }
              }
            ],
            "messages": [
              {
                "id": "wamid.IMG_PERSIST",
                "from": "15551230000",
                "timestamp": "1700000000",
                "type": "image",
                "image": {
                  "id": "img-1",
                  "mime_type": "image/jpeg"
                }
              }
            ]
          }
        }
      ]
    }
  ]
}

stdout | src/app/api/whatsapp/webhook/route.test.ts > inbound webhook: identity persistence (migration 072) > records the inbound wamid on the conversation for every message type
[webhook] processing image message wamid.IMG_PERSIST from ÔÇª0000 (account acc-1)
-> [EXTRACTED DATA] {
  effectivePhone: '15551230000',
  meta_wa_id: '15551230000',
  extractedUser: 'Ada',
  hasRealPhone: true,
  idType: 'e164-phone',
  wa_user_id: null,
  username: null
}

 Ô£ô src/lib/api/v1/conversations.test.ts > serializeConversation > projects public fields + nested contact/tags and drops internals 2ms
 Ô£ô src/lib/api/v1/conversations.test.ts > serializeMessage > maps message_id ÔåÆ whatsapp_message_id and derives direction 0ms
stderr | src/app/api/whatsapp/webhook/route.test.ts > inbound webhook: identity persistence (migration 072) > records 
the inbound wamid on the conversation for every message type
[ai unblock] unexpected failure unblocking conv-1: TypeError: db.from(...).select(...).eq(...).maybeSingle is not a 
function
    at autoUnblockConversation (C:/Users/edsro/Desktop/CMR/wacrm/src/lib/ai/unblock.ts:67:8)
    at processMessage (C:/Users/edsro/Desktop/CMR/wacrm/src/app/api/whatsapp/webhook/route.ts:1207:11)
    at processWebhook (C:/Users/edsro/Desktop/CMR/wacrm/src/app/api/whatsapp/webhook/route.ts:666:9)
    at C:/Users/edsro/Desktop/CMR/wacrm/src/app/api/whatsapp/webhook/route.ts:541:7
    at runWebhook (C:/Users/edsro/Desktop/CMR/wacrm/src/app/api/whatsapp/webhook/route.test.ts:654:31)
    at C:/Users/edsro/Desktop/CMR/wacrm/src/app/api/whatsapp/webhook/route.test.ts:927:5
    at file:///C:/Users/edsro/Desktop/CMR/wacrm/node_modules/@vitest/runner/dist/chunk-artifact.js:1903:20

stdout | src/app/api/whatsapp/webhook/route.test.ts > inbound webhook: identity persistence (migration 072) > records the inbound wamid on the conversation for every message type
[webhook] thread conv-1 (contact contact-1, assigned_agent_id=null)

stderr | src/app/api/whatsapp/webhook/route.test.ts > inbound webhook: identity persistence (migration 072) > records 
the inbound wamid on the conversation for every message type
[ai unblock] clearStaleFlowRuns failed: Error: unexpected table: flow_runs
    at Object.from (C:/Users/edsro/Desktop/CMR/wacrm/src/app/api/whatsapp/webhook/route.test.ts:490:17)
    at clearStaleFlowRuns (C:/Users/edsro/Desktop/CMR/wacrm/src/lib/ai/unblock.ts:167:8)
    at processMessage (C:/Users/edsro/Desktop/CMR/wacrm/src/app/api/whatsapp/webhook/route.ts:1208:11)
    at processWebhook (C:/Users/edsro/Desktop/CMR/wacrm/src/app/api/whatsapp/webhook/route.ts:666:9)
    at C:/Users/edsro/Desktop/CMR/wacrm/src/app/api/whatsapp/webhook/route.ts:541:7
    at runWebhook (C:/Users/edsro/Desktop/CMR/wacrm/src/app/api/whatsapp/webhook/route.test.ts:654:31)
    at C:/Users/edsro/Desktop/CMR/wacrm/src/app/api/whatsapp/webhook/route.test.ts:927:5
    at file:///C:/Users/edsro/Desktop/CMR/wacrm/node_modules/@vitest/runner/dist/chunk-artifact.js:1903:20

stderr | src/app/api/whatsapp/webhook/route.test.ts > inbound webhook: identity persistence (migration 072) > records 
the inbound wamid on the conversation for every message type
[follow-up] cancelPendingFollowUps threw for conversation conv-1: db.from(...).update(...).eq(...).in is not a function

stderr | src/app/api/whatsapp/webhook/route.test.ts > inbound webhook: identity persistence (migration 072) > records 
the inbound wamid on the conversation for every message type
[response-wait] resetResponseWaitOnInbound threw for conversation conv-1: db.from(...).select(...).eq(...).maybeSingle 
is not a function

 Ô£ô src/lib/broadcast-status.test.ts > getBroadcastStatus > returns the matching config for known statuses 1ms
 Ô£ô src/lib/broadcast-status.test.ts > getBroadcastStatus > flags `sending` as a live/pulsing state 0ms
 Ô£ô src/lib/broadcast-status.test.ts > getBroadcastStatus > falls back to draft on an unknown status string 0ms
 Ô£ô src/lib/broadcast-status.test.ts > getBroadcastStatus > each variant has the dark-theme class triple 1ms
 Ô£ô src/lib/broadcast-status.test.ts > getRecipientStatus > returns the matching config for known statuses 0ms
 Ô£ô src/lib/broadcast-status.test.ts > getRecipientStatus > falls back to pending on an unknown status string 0ms
 Ô£ô src/lib/ai/handoff.test.ts > buildHandoffSummary > notes the reply count and quotes the last customer message 2ms
 Ô£ô src/lib/ai/handoff.test.ts > buildHandoffSummary > uses the singular "reply" for a count of one 0ms
 Ô£ô src/lib/ai/handoff.test.ts > buildHandoffSummary > says "without replying" when the bot bailed on the first inbound 0ms
 Ô£ô src/lib/ai/handoff.test.ts > buildHandoffSummary > picks the most recent customer turn, ignoring assistant turns 0ms
 Ô£ô src/lib/ai/handoff.test.ts > buildHandoffSummary > collapses whitespace and truncates a long message 0ms
 Ô£ô src/lib/ai/handoff.test.ts > buildHandoffSummary > degrades gracefully when there is no customer message 0ms
 Ô£ô src/lib/whatsapp/template-status-normalize.test.ts > normalizeStatus > passes through known Meta statuses verbatim 1ms
 Ô£ô src/lib/whatsapp/template-status-normalize.test.ts > normalizeStatus > uppercases lowercase input 0ms
 Ô£ô src/lib/whatsapp/template-status-normalize.test.ts > normalizeStatus > maps PENDING_REVIEW ÔåÆ PENDING 0ms
 Ô£ô src/lib/whatsapp/template-status-normalize.test.ts > normalizeStatus > falls back to PENDING for unknown values (so the row is still visible) 0ms
stdout | src/app/api/whatsapp/webhook/route.test.ts > inbound webhook: identity persistence (migration 072) > records the inbound wamid on the conversation for every message type
[webhook] message wamid.IMG_PERSIST: dispatching to AI auto-reply (type=image, text="[El usuario envi├│ una foto]")

stdout | src/app/api/whatsapp/webhook/route.test.ts > inbound webhook: identity persistence (migration 072) > records the inbound wamid on the conversation for every message type
[webhook] delivery processed in 47ms

 Ô£ô src/app/api/whatsapp/webhook/route.test.ts > inbound webhook: identity persistence (migration 072) > stores wa_id, phone and phone_number_id in independent columns 31ms
 Ô£ô src/app/api/whatsapp/webhook/route.test.ts > inbound webhook: identity persistence (migration 072) > keeps a BSUID out of phone/wa_id and inside wa_user_id only 63ms
 Ô£ô src/app/api/whatsapp/webhook/route.test.ts > inbound webhook: identity persistence (migration 072) > records the inbound wamid on the conversation for every message type 47ms
stdout | src/app/api/whatsapp/webhook/route.test.ts > inbound webhook: clean creation after a wiped database > creates a contact and a conversation from scratch and stores the message
[webhook] POST received ÔÇö signature ok, 1 entry, 1 inbound message(s)
=== META WEBHOOK BODY === {
  "entry": [
    {
      "changes": [
        {
          "field": "messages",
          "value": {
            "metadata": {
              "phone_number_id": "pn-1"
            },
            "contacts": [
              {
                "wa_id": "15551230000",
                "profile": {
                  "name": "Ada"
                }
              }
            ],
            "messages": [
              {
                "id": "wamid.TEST1",
                "from": "15551230000",
                "timestamp": "1700000000",
                "type": "text",
                "text": {
                  "body": "hello"
                }
              }
            ]
          }
        }
      ]
    }
  ]
}

stdout | src/app/api/whatsapp/webhook/route.test.ts > inbound webhook: clean creation after a wiped database > creates a contact and a conversation from scratch and stores the message
[webhook] processing text message wamid.TEST1 from ÔÇª0000 (account acc-1)
-> [EXTRACTED DATA] {
  effectivePhone: '15551230000',
  meta_wa_id: '15551230000',
  extractedUser: 'Ada',
  hasRealPhone: true,
  idType: 'e164-phone',
  wa_user_id: null,
  username: null
}

stdout | src/app/api/whatsapp/webhook/route.test.ts > inbound webhook: clean creation after a wiped database > creates a contact and a conversation from scratch and stores the message
[webhook] thread conv-new (contact inserted-1, assigned_agent_id=null, newly created)

stderr | src/app/api/whatsapp/webhook/route.test.ts > inbound webhook: clean creation after a wiped database > creates 
a contact and a conversation from scratch and stores the message
[follow-up] cancelPendingFollowUps threw for conversation conv-new: db.from(...).update(...).eq(...).in is not a 
function

stderr | src/app/api/whatsapp/webhook/route.test.ts > inbound webhook: clean creation after a wiped database > creates 
a contact and a conversation from scratch and stores the message
[response-wait] resetResponseWaitOnInbound threw for conversation conv-new: 
db.from(...).select(...).eq(...).maybeSingle is not a function

 Ô£ô src/lib/webhooks/events.test.ts > isWebhookEvent > accepts every declared event and rejects others 1ms
 Ô£ô src/lib/webhooks/events.test.ts > every event has a description > covers the vocabulary 0ms
 Ô£ô src/lib/webhooks/events.test.ts > normalizeEvents > de-duplicates a valid list 0ms
 Ô£ô src/lib/webhooks/events.test.ts > normalizeEvents > rejects an unknown event 0ms
 Ô£ô src/lib/webhooks/events.test.ts > normalizeEvents > rejects a non-array and an empty array 0ms
 Ô£ô src/lib/storage/upload-media.test.ts > buildMediaPath > namespaces under account-<id> so RLS write policies match 1ms
 Ô£ô src/lib/storage/upload-media.test.ts > buildMediaPath > lower-cases the extension and sanitizes the basename 0ms
 Ô£ô src/lib/storage/upload-media.test.ts > buildMediaPath > caps the basename at 40 chars 0ms
 Ô£ô src/lib/storage/upload-media.test.ts > buildMediaPath > falls back to 'file' / 'bin' for a nameless input 0ms
 Ô£ô src/lib/storage/upload-media.test.ts > buildMediaPath > defaults the extension to bin when there is none 0ms
 Ô£ô src/lib/storage/upload-media.test.ts > buildMediaPath > omits the timestamp when passed null, for callers needing a stable path 0ms
 Ô£ô src/lib/storage/upload-media.test.ts > buildMediaPath > nests a subfolder below account-<id>, leaving the RLS segment first 0ms
 Ô£ô src/lib/storage/upload-media.test.ts > MEDIA_MAX_BYTES_BY_KIND > caps images at Meta's tighter 5 MB limit 0ms
 Ô£ô src/lib/storage/upload-media.test.ts > MEDIA_MAX_BYTES_BY_KIND > caps video/audio/document at the 16 MB bucket limit 0ms
 Ô£ô src/lib/ai/query.test.ts > latestUserMessage > returns the most recent user turn 1ms
 Ô£ô src/lib/ai/query.test.ts > latestUserMessage > falls back to the last message when none are user 0ms
 Ô£ô src/lib/ai/query.test.ts > latestUserMessage > returns empty string for no messages 0ms
 Ô£ô src/components/flows/shared.test.ts > node categories > assigns every node type to a known category 1ms
 Ô£ô src/components/flows/shared.test.ts > groupNodeTypesByCategory > keeps the categories in NODE_CATEGORIES order and drops empty ones 0ms
 Ô£ô src/components/flows/shared.test.ts > groupNodeTypesByCategory > preserves the input order within a category 1ms
 Ô£ô src/components/flows/shared.test.ts > groupNodeTypesByCategory > partitions the full type list without losing or duplicating a type 0ms
stdout | src/app/api/whatsapp/webhook/route.test.ts > inbound webhook: clean creation after a wiped database > creates a contact and a conversation from scratch and stores the message
[webhook] message wamid.TEST1: dispatching to AI auto-reply (type=text, text="hello")

stdout | src/app/api/whatsapp/webhook/route.test.ts > inbound webhook: clean creation after a wiped database > creates a contact and a conversation from scratch and stores the message
[webhook] delivery processed in 62ms

stdout | src/app/api/whatsapp/webhook/route.test.ts > inbound webhook: clean creation after a wiped database > retries the conversation insert without phone_number_id when the column is missing
[webhook] POST received ÔÇö signature ok, 1 entry, 1 inbound message(s)
=== META WEBHOOK BODY === {
  "entry": [
    {
      "changes": [
        {
          "field": "messages",
          "value": {
            "metadata": {
              "phone_number_id": "pn-1"
            },
            "contacts": [
              {
                "wa_id": "15551230000",
                "profile": {
                  "name": "Ada"
                }
              }
            ],
            "messages": [
              {
                "id": "wamid.TEST1",
                "from": "15551230000",
                "timestamp": "1700000000",
                "type": "text",
                "text": {
                  "body": "hello"
                }
              }
            ]
          }
        }
      ]
    }
  ]
}

stdout | src/app/api/whatsapp/webhook/route.test.ts > inbound webhook: clean creation after a wiped database > retries the conversation insert without phone_number_id when the column is missing
[webhook] processing text message wamid.TEST1 from ÔÇª0000 (account acc-1)
-> [EXTRACTED DATA] {
  effectivePhone: '15551230000',
  meta_wa_id: '15551230000',
  extractedUser: 'Ada',
  hasRealPhone: true,
  idType: 'e164-phone',
  wa_user_id: null,
  username: null
}

stderr | src/app/api/whatsapp/webhook/route.test.ts > inbound webhook: clean creation after a wiped database > retries 
the conversation insert without phone_number_id when the column is missing
[webhook] conversations.phone_number_id is missing ÔÇö retrying the insert without it. Apply the pending migration to 
restore this metadata.

stdout | src/app/api/whatsapp/webhook/route.test.ts > inbound webhook: clean creation after a wiped database > retries the conversation insert without phone_number_id when the column is missing
[webhook] thread conv-new (contact inserted-1, assigned_agent_id=null, newly created)

stderr | src/app/api/whatsapp/webhook/route.test.ts > inbound webhook: clean creation after a wiped database > retries 
the conversation insert without phone_number_id when the column is missing
[follow-up] cancelPendingFollowUps threw for conversation conv-new: db.from(...).update(...).eq(...).in is not a 
function

stderr | src/app/api/whatsapp/webhook/route.test.ts > inbound webhook: clean creation after a wiped database > retries 
the conversation insert without phone_number_id when the column is missing
[response-wait] resetResponseWaitOnInbound threw for conversation conv-new: 
db.from(...).select(...).eq(...).maybeSingle is not a function

 Ô£ô src/components/flows/flow-editor-state.test.ts > uniqueNodeKey > returns the base key when it isn't taken 1ms
 Ô£ô src/components/flows/flow-editor-state.test.ts > uniqueNodeKey > appends _2 when the base is taken 0ms
 Ô£ô src/components/flows/flow-editor-state.test.ts > uniqueNodeKey > walks forward until it finds an unused suffix 0ms
 Ô£ô src/components/flows/flow-editor-state.test.ts > applyNodePositions > rounds and applies positions without changing unrelated nodes 0ms
 Ô£ô src/components/flows/flow-editor-state.test.ts > defaultConfigFor > returns an object for every known node type 0ms
 Ô£ô src/components/flows/flow-editor-state.test.ts > defaultConfigFor > send_buttons default has at least one button row 0ms
 Ô£ô src/components/flows/flow-editor-state.test.ts > defaultConfigFor > send_list default has at least one section with one row 0ms
 Ô£ô src/components/flows/flow-editor-state.test.ts > defaultConfigFor > send_media defaults to image (the most common case) 0ms
 Ô£ô src/components/flows/flow-editor-state.test.ts > defaultConfigFor > collect_input ships a valid var_key that passes the validator regex 0ms
 Ô£ô src/components/flows/flow-editor-state.test.ts > defaultConfigFor > end's default is an empty object (terminal ÔÇö no config) 0ms
stdout | src/app/api/whatsapp/webhook/route.test.ts > inbound webhook: clean creation after a wiped database > retries the conversation insert without phone_number_id when the column is missing
[webhook] message wamid.TEST1: dispatching to AI auto-reply (type=text, text="hello")

stdout | src/app/api/whatsapp/webhook/route.test.ts > inbound webhook: clean creation after a wiped database > retries the conversation insert without phone_number_id when the column is missing
[webhook] delivery processed in 46ms

 Ô£ô src/app/api/whatsapp/webhook/route.test.ts > inbound webhook: clean creation after a wiped database > creates a contact and a conversation from scratch and stores the message 63ms
 Ô£ô src/app/api/whatsapp/webhook/route.test.ts > inbound webhook: clean creation after a wiped database > retries the conversation insert without phone_number_id when the column is missing 46ms
stdout | src/app/api/whatsapp/webhook/route.test.ts > inbound webhook: clean creation after a wiped database > retries the contact insert without an optional identity column when it is missing
[webhook] POST received ÔÇö signature ok, 1 entry, 1 inbound message(s)
=== META WEBHOOK BODY === {
  "entry": [
    {
      "changes": [
        {
          "field": "messages",
          "value": {
            "metadata": {
              "phone_number_id": "pn-1"
            },
            "contacts": [
              {
                "wa_id": "15551230000",
                "profile": {
                  "name": "Ada"
                }
              }
            ],
            "messages": [
              {
                "id": "wamid.TEST1",
                "from": "15551230000",
                "timestamp": "1700000000",
                "type": "text",
                "text": {
                  "body": "hello"
                }
              }
            ]
          }
        }
      ]
    }
  ]
}

stdout | src/app/api/whatsapp/webhook/route.test.ts > inbound webhook: clean creation after a wiped database > retries the contact insert without an optional identity column when it is missing
[webhook] processing text message wamid.TEST1 from ÔÇª0000 (account acc-1)
-> [EXTRACTED DATA] {
  effectivePhone: '15551230000',
  meta_wa_id: '15551230000',
  extractedUser: 'Ada',
  hasRealPhone: true,
  idType: 'e164-phone',
  wa_user_id: null,
  username: null
}

stderr | src/app/api/whatsapp/webhook/route.test.ts > inbound webhook: clean creation after a wiped database > retries 
the contact insert without an optional identity column when it is missing
[webhook] contacts.wa_id is missing ÔÇö retrying the insert without it. Apply the pending migration to restore this 
metadata.

stdout | src/app/api/whatsapp/webhook/route.test.ts > inbound webhook: clean creation after a wiped database > retries the contact insert without an optional identity column when it is missing
[webhook] thread conv-new (contact inserted-1, assigned_agent_id=null, newly created)

stderr | src/app/api/whatsapp/webhook/route.test.ts > inbound webhook: clean creation after a wiped database > retries 
the contact insert without an optional identity column when it is missing
[follow-up] cancelPendingFollowUps threw for conversation conv-new: db.from(...).update(...).eq(...).in is not a 
function

stderr | src/app/api/whatsapp/webhook/route.test.ts > inbound webhook: clean creation after a wiped database > retries 
the contact insert without an optional identity column when it is missing
[response-wait] resetResponseWaitOnInbound threw for conversation conv-new: 
db.from(...).select(...).eq(...).maybeSingle is not a function

stdout | src/app/api/whatsapp/webhook/route.test.ts > inbound webhook: clean creation after a wiped database > retries the contact insert without an optional identity column when it is missing
[webhook] message wamid.TEST1: dispatching to AI auto-reply (type=text, text="hello")

stdout | src/app/api/whatsapp/webhook/route.test.ts > inbound webhook: clean creation after a wiped database > retries the contact insert without an optional identity column when it is missing
[webhook] delivery processed in 60ms

stdout | src/app/api/whatsapp/webhook/route.test.ts > inbound webhook: clean creation after a wiped database > remembers a missing column so later messages do not retry it
[webhook] POST received ÔÇö signature ok, 1 entry, 1 inbound message(s)
=== META WEBHOOK BODY === {
  "entry": [
    {
      "changes": [
        {
          "field": "messages",
          "value": {
            "metadata": {
              "phone_number_id": "pn-1"
            },
            "contacts": [
              {
                "wa_id": "15551230000",
                "profile": {
                  "name": "Ada"
                }
              }
            ],
            "messages": [
              {
                "id": "wamid.TEST1",
                "from": "15551230000",
                "timestamp": "1700000000",
                "type": "text",
                "text": {
                  "body": "hello"
                }
              }
            ]
          }
        }
      ]
    }
  ]
}

stdout | src/app/api/whatsapp/webhook/route.test.ts > inbound webhook: clean creation after a wiped database > remembers a missing column so later messages do not retry it
[webhook] processing text message wamid.TEST1 from ÔÇª0000 (account acc-1)
-> [EXTRACTED DATA] {
  effectivePhone: '15551230000',
  meta_wa_id: '15551230000',
  extractedUser: 'Ada',
  hasRealPhone: true,
  idType: 'e164-phone',
  wa_user_id: null,
  username: null
}

stderr | src/app/api/whatsapp/webhook/route.test.ts > inbound webhook: clean creation after a wiped database > 
remembers a missing column so later messages do not retry it
[webhook] contacts.wa_id is missing ÔÇö retrying the insert without it. Apply the pending migration to restore this 
metadata.

stdout | src/app/api/whatsapp/webhook/route.test.ts > inbound webhook: clean creation after a wiped database > remembers a missing column so later messages do not retry it
[webhook] thread conv-new (contact inserted-1, assigned_agent_id=null, newly created)

stderr | src/app/api/whatsapp/webhook/route.test.ts > inbound webhook: clean creation after a wiped database > 
remembers a missing column so later messages do not retry it
[follow-up] cancelPendingFollowUps threw for conversation conv-new: db.from(...).update(...).eq(...).in is not a 
function

stderr | src/app/api/whatsapp/webhook/route.test.ts > inbound webhook: clean creation after a wiped database > 
remembers a missing column so later messages do not retry it
[response-wait] resetResponseWaitOnInbound threw for conversation conv-new: 
db.from(...).select(...).eq(...).maybeSingle is not a function

 Ô£ô src/app/api/whatsapp/webhook/route.test.ts > inbound webhook: clean creation after a wiped database > retries the contact insert without an optional identity column when it is missing 61ms
stdout | src/app/api/whatsapp/webhook/route.test.ts > inbound webhook: clean creation after a wiped database > remembers a missing column so later messages do not retry it
[webhook] message wamid.TEST1: dispatching to AI auto-reply (type=text, text="hello")

stdout | src/app/api/whatsapp/webhook/route.test.ts > inbound webhook: clean creation after a wiped database > remembers a missing column so later messages do not retry it
[webhook] delivery processed in 62ms

stdout | src/app/api/whatsapp/webhook/route.test.ts > inbound webhook: clean creation after a wiped database > remembers a missing column so later messages do not retry it
[webhook] POST received ÔÇö signature ok, 1 entry, 1 inbound message(s)
=== META WEBHOOK BODY === {
  "entry": [
    {
      "changes": [
        {
          "field": "messages",
          "value": {
            "metadata": {
              "phone_number_id": "pn-1"
            },
            "contacts": [
              {
                "wa_id": "15551230000",
                "profile": {
                  "name": "Ada"
                }
              }
            ],
            "messages": [
              {
                "id": "wamid.TEST1",
                "from": "15551230000",
                "timestamp": "1700000000",
                "type": "text",
                "text": {
                  "body": "hello"
                }
              }
            ]
          }
        }
      ]
    }
  ]
}

stdout | src/app/api/whatsapp/webhook/route.test.ts > inbound webhook: clean creation after a wiped database > remembers a missing column so later messages do not retry it
[webhook] processing text message wamid.TEST1 from ÔÇª0000 (account acc-1)
-> [EXTRACTED DATA] {
  effectivePhone: '15551230000',
  meta_wa_id: '15551230000',
  extractedUser: 'Ada',
  hasRealPhone: true,
  idType: 'e164-phone',
  wa_user_id: null,
  username: null
}

stdout | src/app/api/whatsapp/webhook/route.test.ts > inbound webhook: clean creation after a wiped database > remembers a missing column so later messages do not retry it
[webhook] thread conv-1 (contact inserted-1, assigned_agent_id=null)

stderr | src/app/api/whatsapp/webhook/route.test.ts > inbound webhook: clean creation after a wiped database > 
remembers a missing column so later messages do not retry it
[ai unblock] unexpected failure unblocking conv-1: TypeError: db.from(...).select(...).eq(...).maybeSingle is not a 
function
    at autoUnblockConversation (C:/Users/edsro/Desktop/CMR/wacrm/src/lib/ai/unblock.ts:67:8)
    at processMessage (C:/Users/edsro/Desktop/CMR/wacrm/src/app/api/whatsapp/webhook/route.ts:1207:11)
    at processWebhook (C:/Users/edsro/Desktop/CMR/wacrm/src/app/api/whatsapp/webhook/route.ts:666:9)
    at C:/Users/edsro/Desktop/CMR/wacrm/src/app/api/whatsapp/webhook/route.ts:541:7
    at runWebhook (C:/Users/edsro/Desktop/CMR/wacrm/src/app/api/whatsapp/webhook/route.test.ts:654:31)
    at C:/Users/edsro/Desktop/CMR/wacrm/src/app/api/whatsapp/webhook/route.test.ts:1042:5
    at file:///C:/Users/edsro/Desktop/CMR/wacrm/node_modules/@vitest/runner/dist/chunk-artifact.js:1903:20

stderr | src/app/api/whatsapp/webhook/route.test.ts > inbound webhook: clean creation after a wiped database > 
remembers a missing column so later messages do not retry it
[ai unblock] clearStaleFlowRuns failed: Error: unexpected table: flow_runs
    at Object.from (C:/Users/edsro/Desktop/CMR/wacrm/src/app/api/whatsapp/webhook/route.test.ts:490:17)
    at clearStaleFlowRuns (C:/Users/edsro/Desktop/CMR/wacrm/src/lib/ai/unblock.ts:167:8)
    at processMessage (C:/Users/edsro/Desktop/CMR/wacrm/src/app/api/whatsapp/webhook/route.ts:1208:11)
    at processWebhook (C:/Users/edsro/Desktop/CMR/wacrm/src/app/api/whatsapp/webhook/route.ts:666:9)
    at C:/Users/edsro/Desktop/CMR/wacrm/src/app/api/whatsapp/webhook/route.ts:541:7
    at runWebhook (C:/Users/edsro/Desktop/CMR/wacrm/src/app/api/whatsapp/webhook/route.test.ts:654:31)
    at C:/Users/edsro/Desktop/CMR/wacrm/src/app/api/whatsapp/webhook/route.test.ts:1042:5
    at file:///C:/Users/edsro/Desktop/CMR/wacrm/node_modules/@vitest/runner/dist/chunk-artifact.js:1903:20

stderr | src/app/api/whatsapp/webhook/route.test.ts > inbound webhook: clean creation after a wiped database > 
remembers a missing column so later messages do not retry it
[follow-up] cancelPendingFollowUps threw for conversation conv-1: db.from(...).update(...).eq(...).in is not a function

stderr | src/app/api/whatsapp/webhook/route.test.ts > inbound webhook: clean creation after a wiped database > 
remembers a missing column so later messages do not retry it
[response-wait] resetResponseWaitOnInbound threw for conversation conv-1: db.from(...).select(...).eq(...).maybeSingle 
is not a function

 Ô£ô src/lib/media/filename.test.ts > extensionForMime > maps the bucket's allow-list and inbound-only types 1ms
 Ô£ô src/lib/media/filename.test.ts > extensionForMime > ignores parameters and case 0ms
 Ô£ô src/lib/media/filename.test.ts > extensionForMime > falls back to bin for unknown or missing types 0ms
 Ô£ô src/lib/media/filename.test.ts > sanitizeFilename > keeps only the last path segment 0ms
 Ô£ô src/lib/media/filename.test.ts > sanitizeFilename > strips control characters and replaces reserved ones 0ms
 Ô£ô src/lib/media/filename.test.ts > sanitizeFilename > refuses to produce a dotfile or a bare dot 0ms
 Ô£ô src/lib/media/filename.test.ts > sanitizeFilename > truncates the stem but never the extension 0ms
 Ô£ô src/lib/media/filename.test.ts > basenameFromUrl > drops the epoch-ms prefix buildMediaPath adds 0ms
 Ô£ô src/lib/media/filename.test.ts > basenameFromUrl > ignores query strings and percent-decodes 0ms
 Ô£ô src/lib/media/filename.test.ts > basenameFromUrl > returns nothing for a proxy URL, whose last segment is a Meta id 0ms
 Ô£ô src/lib/media/filename.test.ts > basenameFromUrl > returns nothing when the last segment has no extension 0ms
 Ô£ô src/lib/media/filename.test.ts > mediaFilename > uses a document's own filename when content_text is one 0ms
 Ô£ô src/lib/media/filename.test.ts > mediaFilename > sanitises a document filename that tries to escape the folder 0ms
 Ô£ô src/lib/media/filename.test.ts > mediaFilename > does not mistake a document caption for a filename 0ms
 Ô£ô src/lib/media/filename.test.ts > mediaFilename > does not treat an image caption as a filename 0ms
 Ô£ô src/lib/media/filename.test.ts > mediaFilename > synthesises a timestamped name for inbound media 1ms
 Ô£ô src/lib/media/filename.test.ts > mediaFilename > falls back to bin when the MIME type is unknown 0ms
 Ô£ô src/lib/media/filename.test.ts > mediaFilename > drops the timestamp rather than throwing on an unparseable created_at 0ms
 Ô£ô src/lib/media/filename.test.ts > mediaFilename > takes the extension from the row's media_type when the blob has none 0ms
 Ô£ô src/lib/media/filename.test.ts > mediaFilename > prefers media_type over a generic octet-stream from the browser 0ms
 Ô£ô src/lib/media/filename.test.ts > mediaFilename > ignores an unhelpful media_type in favour of what the browser saw 0ms
 Ô£ô src/lib/media/filename.test.ts > mediaFilename > recovers the sender's filename from a mirrored inbound object path 0ms
stdout | src/app/api/whatsapp/webhook/route.test.ts > inbound webhook: clean creation after a wiped database > remembers a missing column so later messages do not retry it
[webhook] message wamid.TEST1: dispatching to AI auto-reply (type=text, text="hello")

stdout | src/app/api/whatsapp/webhook/route.test.ts > inbound webhook: clean creation after a wiped database > remembers a missing column so later messages do not retry it
[webhook] delivery processed in 62ms

stdout | src/app/api/whatsapp/webhook/route.test.ts > inbound webhook: clean creation after a wiped database > stores the message even when the conversation metadata update fails
[webhook] POST received ÔÇö signature ok, 1 entry, 1 inbound message(s)
=== META WEBHOOK BODY === {
  "entry": [
    {
      "changes": [
        {
          "field": "messages",
          "value": {
            "metadata": {
              "phone_number_id": "pn-1"
            },
            "contacts": [
              {
                "wa_id": "15551230000",
                "profile": {
                  "name": "Ada"
                }
              }
            ],
            "messages": [
              {
                "id": "wamid.TEST1",
                "from": "15551230000",
                "timestamp": "1700000000",
                "type": "text",
                "text": {
                  "body": "hello"
                }
              }
            ]
          }
        }
      ]
    }
  ]
}

stdout | src/app/api/whatsapp/webhook/route.test.ts > inbound webhook: clean creation after a wiped database > stores the message even when the conversation metadata update fails
[webhook] processing text message wamid.TEST1 from ÔÇª0000 (account acc-1)
-> [EXTRACTED DATA] {
  effectivePhone: '15551230000',
  meta_wa_id: '15551230000',
  extractedUser: 'Ada',
  hasRealPhone: true,
  idType: 'e164-phone',
  wa_user_id: null,
  username: null
}

stdout | src/app/api/whatsapp/webhook/route.test.ts > inbound webhook: clean creation after a wiped database > stores the message even when the conversation metadata update fails
[webhook] thread conv-1 (contact contact-1, assigned_agent_id=null)

stdout | src/app/api/whatsapp/webhook/route.test.ts > inbound webhook: clean creation after a wiped database > stores the message even when the conversation metadata update fails
[webhook] message wamid.TEST1: dispatching to AI auto-reply (type=text, text="hello")

stdout | src/app/api/whatsapp/webhook/route.test.ts > inbound webhook: clean creation after a wiped database > stores the message even when the conversation metadata update fails
[webhook] delivery processed in 46ms

 Ô£ô src/app/api/whatsapp/webhook/route.test.ts > inbound webhook: clean creation after a wiped database > remembers a missing column so later messages do not retry it 125ms
 Ô£ô src/app/api/whatsapp/webhook/route.test.ts > inbound webhook: clean creation after a wiped database > stores the message even when the conversation metadata update fails 46ms
stdout | src/app/api/whatsapp/webhook/route.test.ts > inbound webhook: broadcast status sync > updates the Inbox message and the campaign recipient from one event
[webhook] POST received ÔÇö signature ok, 1 entry, 0 inbound message(s)
=== META WEBHOOK BODY === {
  "entry": [
    {
      "changes": [
        {
          "field": "messages",
          "value": {
            "metadata": {
              "phone_number_id": "pn-1"
            },
            "statuses": [
              {
                "id": "wamid.OUT1",
                "status": "delivered",
                "timestamp": "1700000000",
                "recipient_id": "15551230000"
              }
            ]
          }
        }
      ]
    }
  ]
}

stdout | src/app/api/whatsapp/webhook/route.test.ts > inbound webhook: broadcast status sync > updates the Inbox message and the campaign recipient from one event
[webhook] delivery processed in 0ms

stdout | src/app/api/whatsapp/webhook/route.test.ts > inbound webhook: broadcast status sync > advances the recipient to read
[webhook] POST received ÔÇö signature ok, 1 entry, 0 inbound message(s)
=== META WEBHOOK BODY === {
  "entry": [
    {
      "changes": [
        {
          "field": "messages",
          "value": {
            "metadata": {
              "phone_number_id": "pn-1"
            },
            "statuses": [
              {
                "id": "wamid.OUT1",
                "status": "read",
                "timestamp": "1700000000",
                "recipient_id": "15551230000"
              }
            ]
          }
        }
      ]
    }
  ]
}

stdout | src/app/api/whatsapp/webhook/route.test.ts > inbound webhook: broadcast status sync > advances the recipient to read
[webhook] delivery processed in 0ms

stdout | src/app/api/whatsapp/webhook/route.test.ts > inbound webhook: broadcast status sync > refuses to walk a recipient backwards
[webhook] POST received ÔÇö signature ok, 1 entry, 0 inbound message(s)
=== META WEBHOOK BODY === {
  "entry": [
    {
      "changes": [
        {
          "field": "messages",
          "value": {
            "metadata": {
              "phone_number_id": "pn-1"
            },
            "statuses": [
              {
                "id": "wamid.OUT1",
                "status": "sent",
                "timestamp": "1700000000",
                "recipient_id": "15551230000"
              }
            ]
          }
        }
      ]
    }
  ]
}

stdout | src/app/api/whatsapp/webhook/route.test.ts > inbound webhook: broadcast status sync > refuses to walk a recipient backwards
[webhook] delivery processed in 0ms

stdout | src/app/api/whatsapp/webhook/route.test.ts > inbound webhook: broadcast status sync > still advances the Inbox bubble for a non-campaign message
[webhook] POST received ÔÇö signature ok, 1 entry, 0 inbound message(s)
=== META WEBHOOK BODY === {
  "entry": [
    {
      "changes": [
        {
          "field": "messages",
          "value": {
            "metadata": {
              "phone_number_id": "pn-1"
            },
            "statuses": [
              {
                "id": "wamid.OUT1",
                "status": "delivered",
                "timestamp": "1700000000",
                "recipient_id": "15551230000"
              }
            ]
          }
        }
      ]
    }
  ]
}

stdout | src/app/api/whatsapp/webhook/route.test.ts > inbound webhook: broadcast status sync > still advances the Inbox bubble for a non-campaign message
[webhook] delivery processed in 0ms

stdout | src/app/api/whatsapp/webhook/route.test.ts > inbound webhook: typing indicator > shows the WhatsApp typing indicator immediately for text inbound
[webhook] POST received ÔÇö signature ok, 1 entry, 1 inbound message(s)
=== META WEBHOOK BODY === {
  "entry": [
    {
      "changes": [
        {
          "field": "messages",
          "value": {
            "metadata": {
              "phone_number_id": "pn-1"
            },
            "contacts": [
              {
                "wa_id": "15551230000",
                "profile": {
                  "name": "Ada"
                }
              }
            ],
            "messages": [
              {
                "id": "wamid.TEST1",
                "from": "15551230000",
                "timestamp": "1700000000",
                "type": "text",
                "text": {
                  "body": "hello"
                }
              }
            ]
          }
        }
      ]
    }
  ]
}

stdout | src/app/api/whatsapp/webhook/route.test.ts > inbound webhook: typing indicator > shows the WhatsApp typing indicator immediately for text inbound
[webhook] processing text message wamid.TEST1 from ÔÇª0000 (account acc-1)
-> [EXTRACTED DATA] {
  effectivePhone: '15551230000',
  meta_wa_id: '15551230000',
  extractedUser: 'Ada',
  hasRealPhone: true,
  idType: 'e164-phone',
  wa_user_id: null,
  username: null
}

stdout | src/app/api/whatsapp/webhook/route.test.ts > inbound webhook: typing indicator > shows the WhatsApp typing indicator immediately for text inbound
[webhook] thread conv-1 (contact contact-1, assigned_agent_id=null)

stderr | src/app/api/whatsapp/webhook/route.test.ts > inbound webhook: typing indicator > shows the WhatsApp typing 
indicator immediately for text inbound
[ai unblock] unexpected failure unblocking conv-1: TypeError: db.from(...).select(...).eq(...).maybeSingle is not a 
function
    at autoUnblockConversation (C:/Users/edsro/Desktop/CMR/wacrm/src/lib/ai/unblock.ts:67:8)
    at processMessage (C:/Users/edsro/Desktop/CMR/wacrm/src/app/api/whatsapp/webhook/route.ts:1207:11)
    at processWebhook (C:/Users/edsro/Desktop/CMR/wacrm/src/app/api/whatsapp/webhook/route.ts:666:9)
    at C:/Users/edsro/Desktop/CMR/wacrm/src/app/api/whatsapp/webhook/route.ts:541:7
    at runWebhook (C:/Users/edsro/Desktop/CMR/wacrm/src/app/api/whatsapp/webhook/route.test.ts:654:31)
    at C:/Users/edsro/Desktop/CMR/wacrm/src/app/api/whatsapp/webhook/route.test.ts:1152:5
    at file:///C:/Users/edsro/Desktop/CMR/wacrm/node_modules/@vitest/runner/dist/chunk-artifact.js:1903:20

stderr | src/app/api/whatsapp/webhook/route.test.ts > inbound webhook: typing indicator > shows the WhatsApp typing 
indicator immediately for text inbound
[ai unblock] clearStaleFlowRuns failed: Error: unexpected table: flow_runs
    at Object.from (C:/Users/edsro/Desktop/CMR/wacrm/src/app/api/whatsapp/webhook/route.test.ts:490:17)
    at clearStaleFlowRuns (C:/Users/edsro/Desktop/CMR/wacrm/src/lib/ai/unblock.ts:167:8)
    at processMessage (C:/Users/edsro/Desktop/CMR/wacrm/src/app/api/whatsapp/webhook/route.ts:1208:11)
    at processWebhook (C:/Users/edsro/Desktop/CMR/wacrm/src/app/api/whatsapp/webhook/route.ts:666:9)
    at C:/Users/edsro/Desktop/CMR/wacrm/src/app/api/whatsapp/webhook/route.ts:541:7
    at runWebhook (C:/Users/edsro/Desktop/CMR/wacrm/src/app/api/whatsapp/webhook/route.test.ts:654:31)
    at C:/Users/edsro/Desktop/CMR/wacrm/src/app/api/whatsapp/webhook/route.test.ts:1152:5
    at file:///C:/Users/edsro/Desktop/CMR/wacrm/node_modules/@vitest/runner/dist/chunk-artifact.js:1903:20

stderr | src/app/api/whatsapp/webhook/route.test.ts > inbound webhook: typing indicator > shows the WhatsApp typing 
indicator immediately for text inbound
[follow-up] cancelPendingFollowUps threw for conversation conv-1: db.from(...).update(...).eq(...).in is not a function

stderr | src/app/api/whatsapp/webhook/route.test.ts > inbound webhook: typing indicator > shows the WhatsApp typing 
indicator immediately for text inbound
[response-wait] resetResponseWaitOnInbound threw for conversation conv-1: db.from(...).select(...).eq(...).maybeSingle 
is not a function

stdout | src/app/api/whatsapp/webhook/route.test.ts > inbound webhook: typing indicator > shows the WhatsApp typing indicator immediately for text inbound
[webhook] message wamid.TEST1: dispatching to AI auto-reply (type=text, text="hello")

stdout | src/app/api/whatsapp/webhook/route.test.ts > inbound webhook: typing indicator > shows the WhatsApp typing indicator immediately for text inbound
[webhook] delivery processed in 45ms

stdout | src/app/api/whatsapp/webhook/route.test.ts > inbound webhook: typing indicator > shows the typing indicator immediately for audio inbound
[webhook] POST received ÔÇö signature ok, 1 entry, 1 inbound message(s)
=== META WEBHOOK BODY === {
  "entry": [
    {
      "changes": [
        {
          "field": "messages",
          "value": {
            "metadata": {
              "phone_number_id": "pn-1"
            },
            "contacts": [
              {
                "wa_id": "15551230000",
                "profile": {
                  "name": "Ada"
                }
              }
            ],
            "messages": [
              {
                "id": "wamid.AUDIO_TYPING",
                "from": "15551230000",
                "timestamp": "1700000000",
                "type": "audio",
                "audio": {
                  "id": "media-9",
                  "mime_type": "audio/ogg; codecs=opus"
                }
              }
            ]
          }
        }
      ]
    }
  ]
}

stdout | src/app/api/whatsapp/webhook/route.test.ts > inbound webhook: typing indicator > shows the typing indicator immediately for audio inbound
[webhook] processing audio message wamid.AUDIO_TYPING from ÔÇª0000 (account acc-1)
-> [EXTRACTED DATA] {
  effectivePhone: '15551230000',
  meta_wa_id: '15551230000',
  extractedUser: 'Ada',
  hasRealPhone: true,
  idType: 'e164-phone',
  wa_user_id: null,
  username: null
}

stdout | src/app/api/whatsapp/webhook/route.test.ts > inbound webhook: typing indicator > shows the typing indicator immediately for audio inbound
[webhook] thread conv-1 (contact contact-1, assigned_agent_id=null)

stderr | src/app/api/whatsapp/webhook/route.test.ts > inbound webhook: typing indicator > shows the typing indicator 
immediately for audio inbound
[ai unblock] unexpected failure unblocking conv-1: TypeError: db.from(...).select(...).eq(...).maybeSingle is not a 
function
    at autoUnblockConversation (C:/Users/edsro/Desktop/CMR/wacrm/src/lib/ai/unblock.ts:67:8)
    at processMessage (C:/Users/edsro/Desktop/CMR/wacrm/src/app/api/whatsapp/webhook/route.ts:1207:11)
    at processWebhook (C:/Users/edsro/Desktop/CMR/wacrm/src/app/api/whatsapp/webhook/route.ts:666:9)
    at C:/Users/edsro/Desktop/CMR/wacrm/src/app/api/whatsapp/webhook/route.ts:541:7
    at runWebhook (C:/Users/edsro/Desktop/CMR/wacrm/src/app/api/whatsapp/webhook/route.test.ts:654:31)
    at C:/Users/edsro/Desktop/CMR/wacrm/src/app/api/whatsapp/webhook/route.test.ts:1172:5
    at file:///C:/Users/edsro/Desktop/CMR/wacrm/node_modules/@vitest/runner/dist/chunk-artifact.js:1903:20

stderr | src/app/api/whatsapp/webhook/route.test.ts > inbound webhook: typing indicator > shows the typing indicator 
immediately for audio inbound
[ai unblock] clearStaleFlowRuns failed: Error: unexpected table: flow_runs
    at Object.from (C:/Users/edsro/Desktop/CMR/wacrm/src/app/api/whatsapp/webhook/route.test.ts:490:17)
    at clearStaleFlowRuns (C:/Users/edsro/Desktop/CMR/wacrm/src/lib/ai/unblock.ts:167:8)
    at processMessage (C:/Users/edsro/Desktop/CMR/wacrm/src/app/api/whatsapp/webhook/route.ts:1208:11)
    at processWebhook (C:/Users/edsro/Desktop/CMR/wacrm/src/app/api/whatsapp/webhook/route.ts:666:9)
    at C:/Users/edsro/Desktop/CMR/wacrm/src/app/api/whatsapp/webhook/route.ts:541:7
    at runWebhook (C:/Users/edsro/Desktop/CMR/wacrm/src/app/api/whatsapp/webhook/route.test.ts:654:31)
    at C:/Users/edsro/Desktop/CMR/wacrm/src/app/api/whatsapp/webhook/route.test.ts:1172:5
    at file:///C:/Users/edsro/Desktop/CMR/wacrm/node_modules/@vitest/runner/dist/chunk-artifact.js:1903:20

stderr | src/app/api/whatsapp/webhook/route.test.ts > inbound webhook: typing indicator > shows the typing indicator 
immediately for audio inbound
[follow-up] cancelPendingFollowUps threw for conversation conv-1: db.from(...).update(...).eq(...).in is not a function

stderr | src/app/api/whatsapp/webhook/route.test.ts > inbound webhook: typing indicator > shows the typing indicator 
immediately for audio inbound
[response-wait] resetResponseWaitOnInbound threw for conversation conv-1: db.from(...).select(...).eq(...).maybeSingle 
is not a function

stdout | src/app/api/whatsapp/webhook/route.test.ts > inbound webhook: typing indicator > shows the typing indicator immediately for audio inbound
[webhook] message wamid.AUDIO_TYPING: dispatching to AI auto-reply (type=audio, text="hola")

stdout | src/app/api/whatsapp/webhook/route.test.ts > inbound webhook: typing indicator > shows the typing indicator immediately for audio inbound
[webhook] delivery processed in 30ms

stdout | src/app/api/whatsapp/webhook/route.test.ts > inbound webhook: typing indicator > does not show the typing indicator for attachment-only inbound
[webhook] POST received ÔÇö signature ok, 1 entry, 1 inbound message(s)
=== META WEBHOOK BODY === {
  "entry": [
    {
      "changes": [
        {
          "field": "messages",
          "value": {
            "metadata": {
              "phone_number_id": "pn-1"
            },
            "contacts": [
              {
                "wa_id": "15551230000",
                "profile": {
                  "name": "Ada"
                }
              }
            ],
            "messages": [
              {
                "id": "wamid.IMG_TYPING",
                "from": "15551230000",
                "timestamp": "1700000000",
                "type": "image",
                "image": {
                  "id": "img-1",
                  "mime_type": "image/jpeg"
                }
              }
            ]
          }
        }
      ]
    }
  ]
}

stdout | src/app/api/whatsapp/webhook/route.test.ts > inbound webhook: typing indicator > does not show the typing indicator for attachment-only inbound
[webhook] processing image message wamid.IMG_TYPING from ÔÇª0000 (account acc-1)
-> [EXTRACTED DATA] {
  effectivePhone: '15551230000',
  meta_wa_id: '15551230000',
  extractedUser: 'Ada',
  hasRealPhone: true,
  idType: 'e164-phone',
  wa_user_id: null,
  username: null
}

stdout | src/app/api/whatsapp/webhook/route.test.ts > inbound webhook: typing indicator > does not show the typing indicator for attachment-only inbound
[webhook] thread conv-1 (contact contact-1, assigned_agent_id=null)

stderr | src/app/api/whatsapp/webhook/route.test.ts > inbound webhook: typing indicator > does not show the typing 
indicator for attachment-only inbound
[ai unblock] unexpected failure unblocking conv-1: TypeError: db.from(...).select(...).eq(...).maybeSingle is not a 
function
    at autoUnblockConversation (C:/Users/edsro/Desktop/CMR/wacrm/src/lib/ai/unblock.ts:67:8)
    at processMessage (C:/Users/edsro/Desktop/CMR/wacrm/src/app/api/whatsapp/webhook/route.ts:1207:11)
    at processWebhook (C:/Users/edsro/Desktop/CMR/wacrm/src/app/api/whatsapp/webhook/route.ts:666:9)
    at C:/Users/edsro/Desktop/CMR/wacrm/src/app/api/whatsapp/webhook/route.ts:541:7
    at runWebhook (C:/Users/edsro/Desktop/CMR/wacrm/src/app/api/whatsapp/webhook/route.test.ts:654:31)
    at C:/Users/edsro/Desktop/CMR/wacrm/src/app/api/whatsapp/webhook/route.test.ts:1182:5
    at file:///C:/Users/edsro/Desktop/CMR/wacrm/node_modules/@vitest/runner/dist/chunk-artifact.js:1903:20

stderr | src/app/api/whatsapp/webhook/route.test.ts > inbound webhook: typing indicator > does not show the typing 
indicator for attachment-only inbound
[ai unblock] clearStaleFlowRuns failed: Error: unexpected table: flow_runs
    at Object.from (C:/Users/edsro/Desktop/CMR/wacrm/src/app/api/whatsapp/webhook/route.test.ts:490:17)
    at clearStaleFlowRuns (C:/Users/edsro/Desktop/CMR/wacrm/src/lib/ai/unblock.ts:167:8)
    at processMessage (C:/Users/edsro/Desktop/CMR/wacrm/src/app/api/whatsapp/webhook/route.ts:1208:11)
    at processWebhook (C:/Users/edsro/Desktop/CMR/wacrm/src/app/api/whatsapp/webhook/route.ts:666:9)
    at C:/Users/edsro/Desktop/CMR/wacrm/src/app/api/whatsapp/webhook/route.ts:541:7
    at runWebhook (C:/Users/edsro/Desktop/CMR/wacrm/src/app/api/whatsapp/webhook/route.test.ts:654:31)
    at C:/Users/edsro/Desktop/CMR/wacrm/src/app/api/whatsapp/webhook/route.test.ts:1182:5
    at file:///C:/Users/edsro/Desktop/CMR/wacrm/node_modules/@vitest/runner/dist/chunk-artifact.js:1903:20

stderr | src/app/api/whatsapp/webhook/route.test.ts > inbound webhook: typing indicator > does not show the typing 
indicator for attachment-only inbound
[follow-up] cancelPendingFollowUps threw for conversation conv-1: db.from(...).update(...).eq(...).in is not a function

stderr | src/app/api/whatsapp/webhook/route.test.ts > inbound webhook: typing indicator > does not show the typing 
indicator for attachment-only inbound
[response-wait] resetResponseWaitOnInbound threw for conversation conv-1: db.from(...).select(...).eq(...).maybeSingle 
is not a function

stdout | src/app/api/whatsapp/webhook/route.test.ts > inbound webhook: typing indicator > does not show the typing indicator for attachment-only inbound
[webhook] message wamid.IMG_TYPING: dispatching to AI auto-reply (type=image, text="[El usuario envi├│ una foto]")

stdout | src/app/api/whatsapp/webhook/route.test.ts > inbound webhook: typing indicator > does not show the typing indicator for attachment-only inbound
[webhook] delivery processed in 30ms

 Ô£ô src/app/api/whatsapp/webhook/route.test.ts > inbound webhook: broadcast status sync > updates the Inbox message and the campaign recipient from one event 1ms
 Ô£ô src/app/api/whatsapp/webhook/route.test.ts > inbound webhook: broadcast status sync > advances the recipient to read 0ms
 Ô£ô src/app/api/whatsapp/webhook/route.test.ts > inbound webhook: broadcast status sync > refuses to walk a recipient backwards 0ms
 Ô£ô src/app/api/whatsapp/webhook/route.test.ts > inbound webhook: broadcast status sync > still advances the Inbox bubble for a non-campaign message 1ms
 Ô£ô src/app/api/whatsapp/webhook/route.test.ts > inbound webhook: typing indicator > shows the WhatsApp typing indicator immediately for text inbound 46ms
 Ô£ô src/app/api/whatsapp/webhook/route.test.ts > inbound webhook: typing indicator > shows the typing indicator immediately for audio inbound 30ms
 Ô£ô src/app/api/whatsapp/webhook/route.test.ts > inbound webhook: typing indicator > does not show the typing indicator for attachment-only inbound 31ms
stdout | src/app/api/whatsapp/webhook/route.test.ts > inbound webhook: typing indicator > fails silently when Meta rejects the indicator (best-effort)
[webhook] POST received ÔÇö signature ok, 1 entry, 1 inbound message(s)
=== META WEBHOOK BODY === {
  "entry": [
    {
      "changes": [
        {
          "field": "messages",
          "value": {
            "metadata": {
              "phone_number_id": "pn-1"
            },
            "contacts": [
              {
                "wa_id": "15551230000",
                "profile": {
                  "name": "Ada"
                }
              }
            ],
            "messages": [
              {
                "id": "wamid.TEST1",
                "from": "15551230000",
                "timestamp": "1700000000",
                "type": "text",
                "text": {
                  "body": "hello"
                }
              }
            ]
          }
        }
      ]
    }
  ]
}

stdout | src/app/api/whatsapp/webhook/route.test.ts > inbound webhook: typing indicator > fails silently when Meta rejects the indicator (best-effort)
[webhook] processing text message wamid.TEST1 from ÔÇª0000 (account acc-1)
-> [EXTRACTED DATA] {
  effectivePhone: '15551230000',
  meta_wa_id: '15551230000',
  extractedUser: 'Ada',
  hasRealPhone: true,
  idType: 'e164-phone',
  wa_user_id: null,
  username: null
}

stderr | src/app/api/whatsapp/webhook/route.test.ts > inbound webhook: typing indicator > fails silently when Meta 
rejects the indicator (best-effort)
[webhook] typing indicator failed: Meta API error: 400

stdout | src/app/api/whatsapp/webhook/route.test.ts > inbound webhook: typing indicator > fails silently when Meta rejects the indicator (best-effort)
[webhook] thread conv-1 (contact contact-1, assigned_agent_id=null)

stderr | src/app/api/whatsapp/webhook/route.test.ts > inbound webhook: typing indicator > fails silently when Meta 
rejects the indicator (best-effort)
[ai unblock] unexpected failure unblocking conv-1: TypeError: db.from(...).select(...).eq(...).maybeSingle is not a 
function
    at autoUnblockConversation (C:/Users/edsro/Desktop/CMR/wacrm/src/lib/ai/unblock.ts:67:8)
    at processMessage (C:/Users/edsro/Desktop/CMR/wacrm/src/app/api/whatsapp/webhook/route.ts:1207:11)
    at runNextTicks (node:internal/process/task_queues:65:5)
    at processTimers (node:internal/timers:568:9)
    at processWebhook (C:/Users/edsro/Desktop/CMR/wacrm/src/app/api/whatsapp/webhook/route.ts:666:9)
    at C:/Users/edsro/Desktop/CMR/wacrm/src/app/api/whatsapp/webhook/route.ts:541:7
    at runWebhook (C:/Users/edsro/Desktop/CMR/wacrm/src/app/api/whatsapp/webhook/route.test.ts:654:31)
    at C:/Users/edsro/Desktop/CMR/wacrm/src/app/api/whatsapp/webhook/route.test.ts:1196:5
    at file:///C:/Users/edsro/Desktop/CMR/wacrm/node_modules/@vitest/runner/dist/chunk-artifact.js:1903:20

stderr | src/app/api/whatsapp/webhook/route.test.ts > inbound webhook: typing indicator > fails silently when Meta 
rejects the indicator (best-effort)
[ai unblock] clearStaleFlowRuns failed: Error: unexpected table: flow_runs
    at Object.from (C:/Users/edsro/Desktop/CMR/wacrm/src/app/api/whatsapp/webhook/route.test.ts:490:17)
    at clearStaleFlowRuns (C:/Users/edsro/Desktop/CMR/wacrm/src/lib/ai/unblock.ts:167:8)
    at processMessage (C:/Users/edsro/Desktop/CMR/wacrm/src/app/api/whatsapp/webhook/route.ts:1208:11)
    at runNextTicks (node:internal/process/task_queues:65:5)
    at processTimers (node:internal/timers:568:9)
    at processWebhook (C:/Users/edsro/Desktop/CMR/wacrm/src/app/api/whatsapp/webhook/route.ts:666:9)
    at C:/Users/edsro/Desktop/CMR/wacrm/src/app/api/whatsapp/webhook/route.ts:541:7
    at runWebhook (C:/Users/edsro/Desktop/CMR/wacrm/src/app/api/whatsapp/webhook/route.test.ts:654:31)
    at C:/Users/edsro/Desktop/CMR/wacrm/src/app/api/whatsapp/webhook/route.test.ts:1196:5
    at file:///C:/Users/edsro/Desktop/CMR/wacrm/node_modules/@vitest/runner/dist/chunk-artifact.js:1903:20

stderr | src/app/api/whatsapp/webhook/route.test.ts > inbound webhook: typing indicator > fails silently when Meta 
rejects the indicator (best-effort)
[follow-up] cancelPendingFollowUps threw for conversation conv-1: db.from(...).update(...).eq(...).in is not a function

stderr | src/app/api/whatsapp/webhook/route.test.ts > inbound webhook: typing indicator > fails silently when Meta 
rejects the indicator (best-effort)
[response-wait] resetResponseWaitOnInbound threw for conversation conv-1: db.from(...).select(...).eq(...).maybeSingle 
is not a function

stdout | src/app/api/whatsapp/webhook/route.test.ts > inbound webhook: typing indicator > fails silently when Meta rejects the indicator (best-effort)
[webhook] message wamid.TEST1: dispatching to AI auto-reply (type=text, text="hello")

stdout | src/app/api/whatsapp/webhook/route.test.ts > inbound webhook: typing indicator > fails silently when Meta rejects the indicator (best-effort)
[webhook] delivery processed in 46ms

stdout | src/app/api/whatsapp/webhook/route.test.ts > inbound webhook: typing indicator > reactions > records the reaction as a message the agent can read
[webhook] POST received ÔÇö signature ok, 1 entry, 1 inbound message(s)
=== META WEBHOOK BODY === {
  "entry": [
    {
      "changes": [
        {
          "field": "messages",
          "value": {
            "metadata": {
              "phone_number_id": "pn-1"
            },
            "contacts": [
              {
                "wa_id": "15551230000",
                "profile": {
                  "name": "Ada"
                }
              }
            ],
            "messages": [
              {
                "id": "wamid.REACT1",
                "from": "15551230000",
                "timestamp": "1700000000",
                "type": "reaction",
                "reaction": {
                  "message_id": "wamid.PREV1",
                  "emoji": "­ƒæì"
                }
              }
            ]
          }
        }
      ]
    }
  ]
}

stdout | src/app/api/whatsapp/webhook/route.test.ts > inbound webhook: typing indicator > reactions > records the reaction as a message the agent can read
[webhook] processing reaction message wamid.REACT1 from ÔÇª0000 (account acc-1)
-> [EXTRACTED DATA] {
  effectivePhone: '15551230000',
  meta_wa_id: '15551230000',
  extractedUser: 'Ada',
  hasRealPhone: true,
  idType: 'e164-phone',
  wa_user_id: null,
  username: null
}

stdout | src/app/api/whatsapp/webhook/route.test.ts > inbound webhook: typing indicator > reactions > records the reaction as a message the agent can read
[webhook] thread conv-1 (contact contact-1, assigned_agent_id=null)

stderr | src/app/api/whatsapp/webhook/route.test.ts > inbound webhook: typing indicator > reactions > records the 
reaction as a message the agent can read
[ai unblock] unexpected failure unblocking conv-1: TypeError: db.from(...).select(...).eq(...).maybeSingle is not a 
function
    at autoUnblockConversation (C:/Users/edsro/Desktop/CMR/wacrm/src/lib/ai/unblock.ts:67:8)
    at processMessage (C:/Users/edsro/Desktop/CMR/wacrm/src/app/api/whatsapp/webhook/route.ts:1207:11)
    at processWebhook (C:/Users/edsro/Desktop/CMR/wacrm/src/app/api/whatsapp/webhook/route.ts:666:9)
    at C:/Users/edsro/Desktop/CMR/wacrm/src/app/api/whatsapp/webhook/route.ts:541:7
    at runWebhook (C:/Users/edsro/Desktop/CMR/wacrm/src/app/api/whatsapp/webhook/route.test.ts:654:31)
    at C:/Users/edsro/Desktop/CMR/wacrm/src/app/api/whatsapp/webhook/route.test.ts:1213:7
    at file:///C:/Users/edsro/Desktop/CMR/wacrm/node_modules/@vitest/runner/dist/chunk-artifact.js:1903:20

stderr | src/app/api/whatsapp/webhook/route.test.ts > inbound webhook: typing indicator > reactions > records the 
reaction as a message the agent can read
[ai unblock] clearStaleFlowRuns failed: Error: unexpected table: flow_runs
    at Object.from (C:/Users/edsro/Desktop/CMR/wacrm/src/app/api/whatsapp/webhook/route.test.ts:490:17)
    at clearStaleFlowRuns (C:/Users/edsro/Desktop/CMR/wacrm/src/lib/ai/unblock.ts:167:8)
    at processMessage (C:/Users/edsro/Desktop/CMR/wacrm/src/app/api/whatsapp/webhook/route.ts:1208:11)
    at processWebhook (C:/Users/edsro/Desktop/CMR/wacrm/src/app/api/whatsapp/webhook/route.ts:666:9)
    at C:/Users/edsro/Desktop/CMR/wacrm/src/app/api/whatsapp/webhook/route.ts:541:7
    at runWebhook (C:/Users/edsro/Desktop/CMR/wacrm/src/app/api/whatsapp/webhook/route.test.ts:654:31)
    at C:/Users/edsro/Desktop/CMR/wacrm/src/app/api/whatsapp/webhook/route.test.ts:1213:7
    at file:///C:/Users/edsro/Desktop/CMR/wacrm/node_modules/@vitest/runner/dist/chunk-artifact.js:1903:20

stderr | src/app/api/whatsapp/webhook/route.test.ts > inbound webhook: typing indicator > reactions > records the 
reaction as a message the agent can read
[webhook] reaction target message not found; skipping wamid.PREV1

stderr | src/app/api/whatsapp/webhook/route.test.ts > inbound webhook: typing indicator > reactions > records the 
reaction as a message the agent can read
[follow-up] cancelPendingFollowUps threw for conversation conv-1: db.from(...).update(...).eq(...).in is not a function

stderr | src/app/api/whatsapp/webhook/route.test.ts > inbound webhook: typing indicator > reactions > records the 
reaction as a message the agent can read
[response-wait] resetResponseWaitOnInbound threw for conversation conv-1: db.from(...).select(...).eq(...).maybeSingle 
is not a function

 Ô£ô src/lib/whatsapp/mirror-inbound-media.test.ts > normalizeMimeType > strips parameters and lower-cases 1ms
 Ô£ô src/lib/whatsapp/mirror-inbound-media.test.ts > normalizeMimeType > rejects values that aren't a MIME type 0ms
 Ô£ô src/lib/whatsapp/mirror-inbound-media.test.ts > mirrorFileName > keeps a document's own name so the download reads sensibly 0ms
 Ô£ô src/lib/whatsapp/mirror-inbound-media.test.ts > mirrorFileName > re-derives the extension from the MIME, not the sender's name 0ms
 Ô£ô src/lib/whatsapp/mirror-inbound-media.test.ts > mirrorFileName > synthesises a stamped name when there is no filename 0ms
 Ô£ô src/lib/whatsapp/mirror-inbound-media.test.ts > mirrorFileName > stays under buildMediaPath's 40-char basename cap 0ms
 Ô£ô src/lib/whatsapp/mirror-inbound-media.test.ts > mirrorFileName > falls back to a .bin extension for an unknown MIME 0ms
 Ô£ô src/lib/whatsapp/mirror-inbound-media.test.ts > mirrorInboundMedia > uploads to chat-media and returns the durable public URL 1ms
 Ô£ô src/lib/whatsapp/mirror-inbound-media.test.ts > mirrorInboundMedia > writes the same path on a redelivery, so a retry can't orphan a copy 0ms
 Ô£ô src/lib/whatsapp/mirror-inbound-media.test.ts > mirrorInboundMedia > strips MIME parameters before handing the type to Storage 0ms
 Ô£ô src/lib/whatsapp/mirror-inbound-media.test.ts > mirrorInboundMedia > skips oversized media without downloading it 0ms
 Ô£ô src/lib/whatsapp/mirror-inbound-media.test.ts > mirrorInboundMedia > skips media that turns out oversized once downloaded 0ms
 Ô£ô src/lib/whatsapp/mirror-inbound-media.test.ts > mirrorInboundMedia > returns null when Storage refuses the upload 0ms
 Ô£ô src/lib/whatsapp/mirror-inbound-media.test.ts > mirrorInboundMedia > returns null instead of throwing when the download fails 0ms
 Ô£ô src/lib/whatsapp/mirror-inbound-media.test.ts > mirrorInboundMedia > falls back to the download's content type when Meta gave none 0ms
stdout | src/app/api/whatsapp/webhook/route.test.ts > inbound webhook: typing indicator > reactions > records the reaction as a message the agent can read
[webhook] message wamid.REACT1: dispatching to AI auto-reply (type=reaction, text="­ƒæì")

stdout | src/app/api/whatsapp/webhook/route.test.ts > inbound webhook: typing indicator > reactions > records the reaction as a message the agent can read
[webhook] delivery processed in 31ms

stdout | src/app/api/whatsapp/webhook/route.test.ts > inbound webhook: typing indicator > reactions > does not answer the reaction
[webhook] POST received ÔÇö signature ok, 1 entry, 1 inbound message(s)
=== META WEBHOOK BODY === {
  "entry": [
    {
      "changes": [
        {
          "field": "messages",
          "value": {
            "metadata": {
              "phone_number_id": "pn-1"
            },
            "contacts": [
              {
                "wa_id": "15551230000",
                "profile": {
                  "name": "Ada"
                }
              }
            ],
            "messages": [
              {
                "id": "wamid.REACT2",
                "from": "15551230000",
                "timestamp": "1700000000",
                "type": "reaction",
                "reaction": {
                  "message_id": "wamid.PREV2",
                  "emoji": "ÔØñ´©Å"
                }
              }
            ]
          }
        }
      ]
    }
  ]
}

stdout | src/app/api/whatsapp/webhook/route.test.ts > inbound webhook: typing indicator > reactions > does not answer the reaction
[webhook] processing reaction message wamid.REACT2 from ÔÇª0000 (account acc-1)
-> [EXTRACTED DATA] {
  effectivePhone: '15551230000',
  meta_wa_id: '15551230000',
  extractedUser: 'Ada',
  hasRealPhone: true,
  idType: 'e164-phone',
  wa_user_id: null,
  username: null
}

stderr | src/app/api/whatsapp/webhook/route.test.ts > inbound webhook: typing indicator > reactions > does not answer 
the reaction
[ai unblock] unexpected failure unblocking conv-1: TypeError: db.from(...).select(...).eq(...).maybeSingle is not a 
function
    at autoUnblockConversation (C:/Users/edsro/Desktop/CMR/wacrm/src/lib/ai/unblock.ts:67:8)
    at processMessage (C:/Users/edsro/Desktop/CMR/wacrm/src/app/api/whatsapp/webhook/route.ts:1207:11)
    at processWebhook (C:/Users/edsro/Desktop/CMR/wacrm/src/app/api/whatsapp/webhook/route.ts:666:9)
    at C:/Users/edsro/Desktop/CMR/wacrm/src/app/api/whatsapp/webhook/route.ts:541:7
    at runWebhook (C:/Users/edsro/Desktop/CMR/wacrm/src/app/api/whatsapp/webhook/route.test.ts:654:31)
    at C:/Users/edsro/Desktop/CMR/wacrm/src/app/api/whatsapp/webhook/route.test.ts:1226:7
    at file:///C:/Users/edsro/Desktop/CMR/wacrm/node_modules/@vitest/runner/dist/chunk-artifact.js:1903:20

stdout | src/app/api/whatsapp/webhook/route.test.ts > inbound webhook: typing indicator > reactions > does not answer the reaction
[webhook] thread conv-1 (contact contact-1, assigned_agent_id=null)

stderr | src/app/api/whatsapp/webhook/route.test.ts > inbound webhook: typing indicator > reactions > does not answer 
the reaction
[ai unblock] clearStaleFlowRuns failed: Error: unexpected table: flow_runs
    at Object.from (C:/Users/edsro/Desktop/CMR/wacrm/src/app/api/whatsapp/webhook/route.test.ts:490:17)
    at clearStaleFlowRuns (C:/Users/edsro/Desktop/CMR/wacrm/src/lib/ai/unblock.ts:167:8)
    at processMessage (C:/Users/edsro/Desktop/CMR/wacrm/src/app/api/whatsapp/webhook/route.ts:1208:11)
    at processWebhook (C:/Users/edsro/Desktop/CMR/wacrm/src/app/api/whatsapp/webhook/route.ts:666:9)
    at C:/Users/edsro/Desktop/CMR/wacrm/src/app/api/whatsapp/webhook/route.ts:541:7
    at runWebhook (C:/Users/edsro/Desktop/CMR/wacrm/src/app/api/whatsapp/webhook/route.test.ts:654:31)
    at C:/Users/edsro/Desktop/CMR/wacrm/src/app/api/whatsapp/webhook/route.test.ts:1226:7
    at file:///C:/Users/edsro/Desktop/CMR/wacrm/node_modules/@vitest/runner/dist/chunk-artifact.js:1903:20

stderr | src/app/api/whatsapp/webhook/route.test.ts > inbound webhook: typing indicator > reactions > does not answer 
the reaction
[webhook] reaction target message not found; skipping wamid.PREV2

stderr | src/app/api/whatsapp/webhook/route.test.ts > inbound webhook: typing indicator > reactions > does not answer 
the reaction
[follow-up] cancelPendingFollowUps threw for conversation conv-1: db.from(...).update(...).eq(...).in is not a function

stderr | src/app/api/whatsapp/webhook/route.test.ts > inbound webhook: typing indicator > reactions > does not answer 
the reaction
[response-wait] resetResponseWaitOnInbound threw for conversation conv-1: db.from(...).select(...).eq(...).maybeSingle 
is not a function

 Ô£ô src/app/api/whatsapp/webhook/route.test.ts > inbound webhook: typing indicator > fails silently when Meta rejects the indicator (best-effort) 47ms
 Ô£ô src/app/api/whatsapp/webhook/route.test.ts > inbound webhook: typing indicator > reactions > records the reaction as a message the agent can read 32ms
stdout | src/app/api/whatsapp/webhook/route.test.ts > inbound webhook: typing indicator > reactions > does not answer the reaction
[webhook] message wamid.REACT2: dispatching to AI auto-reply (type=reaction, text="ÔØñ´©Å")

stdout | src/app/api/whatsapp/webhook/route.test.ts > inbound webhook: typing indicator > reactions > does not answer the reaction
[webhook] delivery processed in 31ms

stdout | src/app/api/whatsapp/webhook/route.test.ts > inbound webhook: typing indicator > still reaches the agent when the customer sends a sticker
[webhook] POST received ÔÇö signature ok, 1 entry, 1 inbound message(s)
=== META WEBHOOK BODY === {
  "entry": [
    {
      "changes": [
        {
          "field": "messages",
          "value": {
            "metadata": {
              "phone_number_id": "pn-1"
            },
            "contacts": [
              {
                "wa_id": "15551230000",
                "profile": {
                  "name": "Ada"
                }
              }
            ],
            "messages": [
              {
                "id": "wamid.NONTEXT_image",
                "from": "15551230000",
                "timestamp": "1700000000",
                "type": "sticker",
                "sticker": {
                  "id": "stk-1"
                }
              }
            ]
          }
        }
      ]
    }
  ]
}

stdout | src/app/api/whatsapp/webhook/route.test.ts > inbound webhook: typing indicator > still reaches the agent when the customer sends a sticker
[webhook] processing sticker message wamid.NONTEXT_image from ÔÇª0000 (account acc-1)
-> [EXTRACTED DATA] {
  effectivePhone: '15551230000',
  meta_wa_id: '15551230000',
  extractedUser: 'Ada',
  hasRealPhone: true,
  idType: 'e164-phone',
  wa_user_id: null,
  username: null
}

stdout | src/app/api/whatsapp/webhook/route.test.ts > inbound webhook: typing indicator > still reaches the agent when the customer sends a sticker
[webhook] thread conv-1 (contact contact-1, assigned_agent_id=null)

stderr | src/app/api/whatsapp/webhook/route.test.ts > inbound webhook: typing indicator > still reaches the agent when 
the customer sends a sticker
[ai unblock] unexpected failure unblocking conv-1: TypeError: db.from(...).select(...).eq(...).maybeSingle is not a 
function
    at autoUnblockConversation (C:/Users/edsro/Desktop/CMR/wacrm/src/lib/ai/unblock.ts:67:8)
    at processMessage (C:/Users/edsro/Desktop/CMR/wacrm/src/app/api/whatsapp/webhook/route.ts:1207:11)
    at processWebhook (C:/Users/edsro/Desktop/CMR/wacrm/src/app/api/whatsapp/webhook/route.ts:666:9)
    at C:/Users/edsro/Desktop/CMR/wacrm/src/app/api/whatsapp/webhook/route.ts:541:7
    at runWebhook (C:/Users/edsro/Desktop/CMR/wacrm/src/app/api/whatsapp/webhook/route.test.ts:654:31)
    at C:/Users/edsro/Desktop/CMR/wacrm/src/app/api/whatsapp/webhook/route.test.ts:1317:7
    at file:///C:/Users/edsro/Desktop/CMR/wacrm/node_modules/@vitest/runner/dist/chunk-artifact.js:1903:20

stderr | src/app/api/whatsapp/webhook/route.test.ts > inbound webhook: typing indicator > still reaches the agent when 
the customer sends a sticker
[ai unblock] clearStaleFlowRuns failed: Error: unexpected table: flow_runs
    at Object.from (C:/Users/edsro/Desktop/CMR/wacrm/src/app/api/whatsapp/webhook/route.test.ts:490:17)
    at clearStaleFlowRuns (C:/Users/edsro/Desktop/CMR/wacrm/src/lib/ai/unblock.ts:167:8)
    at processMessage (C:/Users/edsro/Desktop/CMR/wacrm/src/app/api/whatsapp/webhook/route.ts:1208:11)
    at processWebhook (C:/Users/edsro/Desktop/CMR/wacrm/src/app/api/whatsapp/webhook/route.ts:666:9)
    at C:/Users/edsro/Desktop/CMR/wacrm/src/app/api/whatsapp/webhook/route.ts:541:7
    at runWebhook (C:/Users/edsro/Desktop/CMR/wacrm/src/app/api/whatsapp/webhook/route.test.ts:654:31)
    at C:/Users/edsro/Desktop/CMR/wacrm/src/app/api/whatsapp/webhook/route.test.ts:1317:7
    at file:///C:/Users/edsro/Desktop/CMR/wacrm/node_modules/@vitest/runner/dist/chunk-artifact.js:1903:20

stderr | src/app/api/whatsapp/webhook/route.test.ts > inbound webhook: typing indicator > still reaches the agent when 
the customer sends a sticker
[follow-up] cancelPendingFollowUps threw for conversation conv-1: db.from(...).update(...).eq(...).in is not a function

stderr | src/app/api/whatsapp/webhook/route.test.ts > inbound webhook: typing indicator > still reaches the agent when 
the customer sends a sticker
[response-wait] resetResponseWaitOnInbound threw for conversation conv-1: db.from(...).select(...).eq(...).maybeSingle 
is not a function

stdout | src/app/api/whatsapp/webhook/route.test.ts > inbound webhook: typing indicator > still reaches the agent when the customer sends a sticker
[webhook] message wamid.NONTEXT_image: dispatching to AI auto-reply (type=sticker, text="[El usuario envi├│ una foto]")

stdout | src/app/api/whatsapp/webhook/route.test.ts > inbound webhook: typing indicator > still reaches the agent when the customer sends a sticker
[webhook] delivery processed in 46ms

stdout | src/app/api/whatsapp/webhook/route.test.ts > inbound webhook: typing indicator > still reaches the agent when the customer sends a GIF
[webhook] POST received ÔÇö signature ok, 1 entry, 1 inbound message(s)
=== META WEBHOOK BODY === {
  "entry": [
    {
      "changes": [
        {
          "field": "messages",
          "value": {
            "metadata": {
              "phone_number_id": "pn-1"
            },
            "contacts": [
              {
                "wa_id": "15551230000",
                "profile": {
                  "name": "Ada"
                }
              }
            ],
            "messages": [
              {
                "id": "wamid.NONTEXT_image",
                "from": "15551230000",
                "timestamp": "1700000000",
                "type": "animation",
                "animation": {
                  "id": "gif-1"
                }
              }
            ]
          }
        }
      ]
    }
  ]
}

stdout | src/app/api/whatsapp/webhook/route.test.ts > inbound webhook: typing indicator > still reaches the agent when the customer sends a GIF
[webhook] processing animation message wamid.NONTEXT_image from ÔÇª0000 (account acc-1)
-> [EXTRACTED DATA] {
  effectivePhone: '15551230000',
  meta_wa_id: '15551230000',
  extractedUser: 'Ada',
  hasRealPhone: true,
  idType: 'e164-phone',
  wa_user_id: null,
  username: null
}

stderr | src/app/api/whatsapp/webhook/route.test.ts > inbound webhook: typing indicator > still reaches the agent when 
the customer sends a GIF
[ai unblock] unexpected failure unblocking conv-1: TypeError: db.from(...).select(...).eq(...).maybeSingle is not a 
function
    at autoUnblockConversation (C:/Users/edsro/Desktop/CMR/wacrm/src/lib/ai/unblock.ts:67:8)
    at processMessage (C:/Users/edsro/Desktop/CMR/wacrm/src/app/api/whatsapp/webhook/route.ts:1207:11)
    at processWebhook (C:/Users/edsro/Desktop/CMR/wacrm/src/app/api/whatsapp/webhook/route.ts:666:9)
    at C:/Users/edsro/Desktop/CMR/wacrm/src/app/api/whatsapp/webhook/route.ts:541:7
    at runWebhook (C:/Users/edsro/Desktop/CMR/wacrm/src/app/api/whatsapp/webhook/route.test.ts:654:31)
    at C:/Users/edsro/Desktop/CMR/wacrm/src/app/api/whatsapp/webhook/route.test.ts:1317:7
    at file:///C:/Users/edsro/Desktop/CMR/wacrm/node_modules/@vitest/runner/dist/chunk-artifact.js:1903:20

stdout | src/app/api/whatsapp/webhook/route.test.ts > inbound webhook: typing indicator > still reaches the agent when the customer sends a GIF
[webhook] thread conv-1 (contact contact-1, assigned_agent_id=null)

stderr | src/app/api/whatsapp/webhook/route.test.ts > inbound webhook: typing indicator > still reaches the agent when 
the customer sends a GIF
[ai unblock] clearStaleFlowRuns failed: Error: unexpected table: flow_runs
    at Object.from (C:/Users/edsro/Desktop/CMR/wacrm/src/app/api/whatsapp/webhook/route.test.ts:490:17)
    at clearStaleFlowRuns (C:/Users/edsro/Desktop/CMR/wacrm/src/lib/ai/unblock.ts:167:8)
    at processMessage (C:/Users/edsro/Desktop/CMR/wacrm/src/app/api/whatsapp/webhook/route.ts:1208:11)
    at processWebhook (C:/Users/edsro/Desktop/CMR/wacrm/src/app/api/whatsapp/webhook/route.ts:666:9)
    at C:/Users/edsro/Desktop/CMR/wacrm/src/app/api/whatsapp/webhook/route.ts:541:7
    at runWebhook (C:/Users/edsro/Desktop/CMR/wacrm/src/app/api/whatsapp/webhook/route.test.ts:654:31)
    at C:/Users/edsro/Desktop/CMR/wacrm/src/app/api/whatsapp/webhook/route.test.ts:1317:7
    at file:///C:/Users/edsro/Desktop/CMR/wacrm/node_modules/@vitest/runner/dist/chunk-artifact.js:1903:20

stderr | src/app/api/whatsapp/webhook/route.test.ts > inbound webhook: typing indicator > still reaches the agent when 
the customer sends a GIF
[follow-up] cancelPendingFollowUps threw for conversation conv-1: db.from(...).update(...).eq(...).in is not a function

stderr | src/app/api/whatsapp/webhook/route.test.ts > inbound webhook: typing indicator > still reaches the agent when 
the customer sends a GIF
[response-wait] resetResponseWaitOnInbound threw for conversation conv-1: db.from(...).select(...).eq(...).maybeSingle 
is not a function

stdout | src/app/api/whatsapp/webhook/route.test.ts > inbound webhook: typing indicator > still reaches the agent when the customer sends a GIF
[webhook] message wamid.NONTEXT_image: dispatching to AI auto-reply (type=animation, text="[Unsupported message type: animation]")

stdout | src/app/api/whatsapp/webhook/route.test.ts > inbound webhook: typing indicator > still reaches the agent when the customer sends a GIF
[webhook] delivery processed in 47ms

stdout | src/app/api/whatsapp/webhook/route.test.ts > inbound webhook: typing indicator > still reaches the agent when the customer sends an uncaptioned photo
[webhook] POST received ÔÇö signature ok, 1 entry, 1 inbound message(s)
=== META WEBHOOK BODY === {
  "entry": [
    {
      "changes": [
        {
          "field": "messages",
          "value": {
            "metadata": {
              "phone_number_id": "pn-1"
            },
            "contacts": [
              {
                "wa_id": "15551230000",
                "profile": {
                  "name": "Ada"
                }
              }
            ],
            "messages": [
              {
                "id": "wamid.NONTEXT_image",
                "from": "15551230000",
                "timestamp": "1700000000",
                "type": "image",
                "image": {
                  "id": "img-1"
                }
              }
            ]
          }
        }
      ]
    }
  ]
}

stdout | src/app/api/whatsapp/webhook/route.test.ts > inbound webhook: typing indicator > still reaches the agent when the customer sends an uncaptioned photo
[webhook] processing image message wamid.NONTEXT_image from ÔÇª0000 (account acc-1)
-> [EXTRACTED DATA] {
  effectivePhone: '15551230000',
  meta_wa_id: '15551230000',
  extractedUser: 'Ada',
  hasRealPhone: true,
  idType: 'e164-phone',
  wa_user_id: null,
  username: null
}

stdout | src/app/api/whatsapp/webhook/route.test.ts > inbound webhook: typing indicator > still reaches the agent when the customer sends an uncaptioned photo
[webhook] thread conv-1 (contact contact-1, assigned_agent_id=null)

stderr | src/app/api/whatsapp/webhook/route.test.ts > inbound webhook: typing indicator > still reaches the agent when 
the customer sends an uncaptioned photo
[ai unblock] unexpected failure unblocking conv-1: TypeError: db.from(...).select(...).eq(...).maybeSingle is not a 
function
    at autoUnblockConversation (C:/Users/edsro/Desktop/CMR/wacrm/src/lib/ai/unblock.ts:67:8)
    at processMessage (C:/Users/edsro/Desktop/CMR/wacrm/src/app/api/whatsapp/webhook/route.ts:1207:11)
    at processWebhook (C:/Users/edsro/Desktop/CMR/wacrm/src/app/api/whatsapp/webhook/route.ts:666:9)
    at C:/Users/edsro/Desktop/CMR/wacrm/src/app/api/whatsapp/webhook/route.ts:541:7
    at runWebhook (C:/Users/edsro/Desktop/CMR/wacrm/src/app/api/whatsapp/webhook/route.test.ts:654:31)
    at C:/Users/edsro/Desktop/CMR/wacrm/src/app/api/whatsapp/webhook/route.test.ts:1317:7
    at file:///C:/Users/edsro/Desktop/CMR/wacrm/node_modules/@vitest/runner/dist/chunk-artifact.js:1903:20

stderr | src/app/api/whatsapp/webhook/route.test.ts > inbound webhook: typing indicator > still reaches the agent when 
the customer sends an uncaptioned photo
[ai unblock] clearStaleFlowRuns failed: Error: unexpected table: flow_runs
    at Object.from (C:/Users/edsro/Desktop/CMR/wacrm/src/app/api/whatsapp/webhook/route.test.ts:490:17)
    at clearStaleFlowRuns (C:/Users/edsro/Desktop/CMR/wacrm/src/lib/ai/unblock.ts:167:8)
    at processMessage (C:/Users/edsro/Desktop/CMR/wacrm/src/app/api/whatsapp/webhook/route.ts:1208:11)
    at processWebhook (C:/Users/edsro/Desktop/CMR/wacrm/src/app/api/whatsapp/webhook/route.ts:666:9)
    at C:/Users/edsro/Desktop/CMR/wacrm/src/app/api/whatsapp/webhook/route.ts:541:7
    at runWebhook (C:/Users/edsro/Desktop/CMR/wacrm/src/app/api/whatsapp/webhook/route.test.ts:654:31)
    at C:/Users/edsro/Desktop/CMR/wacrm/src/app/api/whatsapp/webhook/route.test.ts:1317:7
    at file:///C:/Users/edsro/Desktop/CMR/wacrm/node_modules/@vitest/runner/dist/chunk-artifact.js:1903:20

stderr | src/app/api/whatsapp/webhook/route.test.ts > inbound webhook: typing indicator > still reaches the agent when 
the customer sends an uncaptioned photo
[follow-up] cancelPendingFollowUps threw for conversation conv-1: db.from(...).update(...).eq(...).in is not a function

stderr | src/app/api/whatsapp/webhook/route.test.ts > inbound webhook: typing indicator > still reaches the agent when 
the customer sends an uncaptioned photo
[response-wait] resetResponseWaitOnInbound threw for conversation conv-1: db.from(...).select(...).eq(...).maybeSingle 
is not a function

 Ô£ô src/app/api/whatsapp/webhook/route.test.ts > inbound webhook: typing indicator > reactions > does not answer the reaction 32ms
 Ô£ô src/app/api/whatsapp/webhook/route.test.ts > inbound webhook: typing indicator > still reaches the agent when the customer sends a sticker 46ms
 Ô£ô src/app/api/whatsapp/webhook/route.test.ts > inbound webhook: typing indicator > still reaches the agent when the customer sends a GIF 47ms
stdout | src/app/api/whatsapp/webhook/route.test.ts > inbound webhook: typing indicator > still reaches the agent when the customer sends an uncaptioned photo
[webhook] message wamid.NONTEXT_image: dispatching to AI auto-reply (type=image, text="[El usuario envi├│ una foto]")

stdout | src/app/api/whatsapp/webhook/route.test.ts > inbound webhook: typing indicator > still reaches the agent when the customer sends an uncaptioned photo
[webhook] delivery processed in 31ms

stdout | src/app/api/whatsapp/webhook/route.test.ts > inbound webhook: typing indicator > still reaches the agent when the customer sends a video
[webhook] POST received ÔÇö signature ok, 1 entry, 1 inbound message(s)
=== META WEBHOOK BODY === {
  "entry": [
    {
      "changes": [
        {
          "field": "messages",
          "value": {
            "metadata": {
              "phone_number_id": "pn-1"
            },
            "contacts": [
              {
                "wa_id": "15551230000",
                "profile": {
                  "name": "Ada"
                }
              }
            ],
            "messages": [
              {
                "id": "wamid.NONTEXT_video",
                "from": "15551230000",
                "timestamp": "1700000000",
                "type": "video",
                "video": {
                  "id": "vid-1"
                }
              }
            ]
          }
        }
      ]
    }
  ]
}

stdout | src/app/api/whatsapp/webhook/route.test.ts > inbound webhook: typing indicator > still reaches the agent when the customer sends a video
[webhook] processing video message wamid.NONTEXT_video from ÔÇª0000 (account acc-1)
-> [EXTRACTED DATA] {
  effectivePhone: '15551230000',
  meta_wa_id: '15551230000',
  extractedUser: 'Ada',
  hasRealPhone: true,
  idType: 'e164-phone',
  wa_user_id: null,
  username: null
}

stderr | src/app/api/whatsapp/webhook/route.test.ts > inbound webhook: typing indicator > still reaches the agent when 
the customer sends a video
[ai unblock] unexpected failure unblocking conv-1: TypeError: db.from(...).select(...).eq(...).maybeSingle is not a 
function
    at autoUnblockConversation (C:/Users/edsro/Desktop/CMR/wacrm/src/lib/ai/unblock.ts:67:8)
    at processMessage (C:/Users/edsro/Desktop/CMR/wacrm/src/app/api/whatsapp/webhook/route.ts:1207:11)
    at processWebhook (C:/Users/edsro/Desktop/CMR/wacrm/src/app/api/whatsapp/webhook/route.ts:666:9)
    at C:/Users/edsro/Desktop/CMR/wacrm/src/app/api/whatsapp/webhook/route.ts:541:7
    at runWebhook (C:/Users/edsro/Desktop/CMR/wacrm/src/app/api/whatsapp/webhook/route.test.ts:654:31)
    at C:/Users/edsro/Desktop/CMR/wacrm/src/app/api/whatsapp/webhook/route.test.ts:1317:7
    at file:///C:/Users/edsro/Desktop/CMR/wacrm/node_modules/@vitest/runner/dist/chunk-artifact.js:1903:20

stdout | src/app/api/whatsapp/webhook/route.test.ts > inbound webhook: typing indicator > still reaches the agent when the customer sends a video
[webhook] thread conv-1 (contact contact-1, assigned_agent_id=null)

stderr | src/app/api/whatsapp/webhook/route.test.ts > inbound webhook: typing indicator > still reaches the agent when 
the customer sends a video
[ai unblock] clearStaleFlowRuns failed: Error: unexpected table: flow_runs
    at Object.from (C:/Users/edsro/Desktop/CMR/wacrm/src/app/api/whatsapp/webhook/route.test.ts:490:17)
    at clearStaleFlowRuns (C:/Users/edsro/Desktop/CMR/wacrm/src/lib/ai/unblock.ts:167:8)
    at processMessage (C:/Users/edsro/Desktop/CMR/wacrm/src/app/api/whatsapp/webhook/route.ts:1208:11)
    at processWebhook (C:/Users/edsro/Desktop/CMR/wacrm/src/app/api/whatsapp/webhook/route.ts:666:9)
    at C:/Users/edsro/Desktop/CMR/wacrm/src/app/api/whatsapp/webhook/route.ts:541:7
    at runWebhook (C:/Users/edsro/Desktop/CMR/wacrm/src/app/api/whatsapp/webhook/route.test.ts:654:31)
    at C:/Users/edsro/Desktop/CMR/wacrm/src/app/api/whatsapp/webhook/route.test.ts:1317:7
    at file:///C:/Users/edsro/Desktop/CMR/wacrm/node_modules/@vitest/runner/dist/chunk-artifact.js:1903:20

stderr | src/app/api/whatsapp/webhook/route.test.ts > inbound webhook: typing indicator > still reaches the agent when 
the customer sends a video
[follow-up] cancelPendingFollowUps threw for conversation conv-1: db.from(...).update(...).eq(...).in is not a function

stderr | src/app/api/whatsapp/webhook/route.test.ts > inbound webhook: typing indicator > still reaches the agent when 
the customer sends a video
[response-wait] resetResponseWaitOnInbound threw for conversation conv-1: db.from(...).select(...).eq(...).maybeSingle 
is not a function

stdout | src/app/api/whatsapp/webhook/route.test.ts > inbound webhook: typing indicator > still reaches the agent when the customer sends a video
[webhook] message wamid.NONTEXT_video: dispatching to AI auto-reply (type=video, text="[El usuario envi├│ un video]")

stdout | src/app/api/whatsapp/webhook/route.test.ts > inbound webhook: typing indicator > still reaches the agent when the customer sends a video
[webhook] delivery processed in 31ms

stdout | src/app/api/whatsapp/webhook/route.test.ts > inbound webhook: typing indicator > still reaches the agent when the customer sends a document
[webhook] POST received ÔÇö signature ok, 1 entry, 1 inbound message(s)
=== META WEBHOOK BODY === {
  "entry": [
    {
      "changes": [
        {
          "field": "messages",
          "value": {
            "metadata": {
              "phone_number_id": "pn-1"
            },
            "contacts": [
              {
                "wa_id": "15551230000",
                "profile": {
                  "name": "Ada"
                }
              }
            ],
            "messages": [
              {
                "id": "wamid.NONTEXT_document",
                "from": "15551230000",
                "timestamp": "1700000000",
                "type": "document",
                "document": {
                  "id": "doc-1",
                  "filename": "contrato.pdf"
                }
              }
            ]
          }
        }
      ]
    }
  ]
}

stdout | src/app/api/whatsapp/webhook/route.test.ts > inbound webhook: typing indicator > still reaches the agent when the customer sends a document
[webhook] processing document message wamid.NONTEXT_document from ÔÇª0000 (account acc-1)
-> [EXTRACTED DATA] {
  effectivePhone: '15551230000',
  meta_wa_id: '15551230000',
  extractedUser: 'Ada',
  hasRealPhone: true,
  idType: 'e164-phone',
  wa_user_id: null,
  username: null
}

stdout | src/app/api/whatsapp/webhook/route.test.ts > inbound webhook: typing indicator > still reaches the agent when the customer sends a document
[webhook] thread conv-1 (contact contact-1, assigned_agent_id=null)

stderr | src/app/api/whatsapp/webhook/route.test.ts > inbound webhook: typing indicator > still reaches the agent when 
the customer sends a document
[ai unblock] unexpected failure unblocking conv-1: TypeError: db.from(...).select(...).eq(...).maybeSingle is not a 
function
    at autoUnblockConversation (C:/Users/edsro/Desktop/CMR/wacrm/src/lib/ai/unblock.ts:67:8)
    at processMessage (C:/Users/edsro/Desktop/CMR/wacrm/src/app/api/whatsapp/webhook/route.ts:1207:11)
    at processWebhook (C:/Users/edsro/Desktop/CMR/wacrm/src/app/api/whatsapp/webhook/route.ts:666:9)
    at C:/Users/edsro/Desktop/CMR/wacrm/src/app/api/whatsapp/webhook/route.ts:541:7
    at runWebhook (C:/Users/edsro/Desktop/CMR/wacrm/src/app/api/whatsapp/webhook/route.test.ts:654:31)
    at C:/Users/edsro/Desktop/CMR/wacrm/src/app/api/whatsapp/webhook/route.test.ts:1317:7
    at file:///C:/Users/edsro/Desktop/CMR/wacrm/node_modules/@vitest/runner/dist/chunk-artifact.js:1903:20

stderr | src/app/api/whatsapp/webhook/route.test.ts > inbound webhook: typing indicator > still reaches the agent when 
the customer sends a document
[ai unblock] clearStaleFlowRuns failed: Error: unexpected table: flow_runs
    at Object.from (C:/Users/edsro/Desktop/CMR/wacrm/src/app/api/whatsapp/webhook/route.test.ts:490:17)
    at clearStaleFlowRuns (C:/Users/edsro/Desktop/CMR/wacrm/src/lib/ai/unblock.ts:167:8)
    at processMessage (C:/Users/edsro/Desktop/CMR/wacrm/src/app/api/whatsapp/webhook/route.ts:1208:11)
    at processWebhook (C:/Users/edsro/Desktop/CMR/wacrm/src/app/api/whatsapp/webhook/route.ts:666:9)
    at C:/Users/edsro/Desktop/CMR/wacrm/src/app/api/whatsapp/webhook/route.ts:541:7
    at runWebhook (C:/Users/edsro/Desktop/CMR/wacrm/src/app/api/whatsapp/webhook/route.test.ts:654:31)
    at C:/Users/edsro/Desktop/CMR/wacrm/src/app/api/whatsapp/webhook/route.test.ts:1317:7
    at file:///C:/Users/edsro/Desktop/CMR/wacrm/node_modules/@vitest/runner/dist/chunk-artifact.js:1903:20

stderr | src/app/api/whatsapp/webhook/route.test.ts > inbound webhook: typing indicator > still reaches the agent when 
the customer sends a document
[follow-up] cancelPendingFollowUps threw for conversation conv-1: db.from(...).update(...).eq(...).in is not a function

stderr | src/app/api/whatsapp/webhook/route.test.ts > inbound webhook: typing indicator > still reaches the agent when 
the customer sends a document
[response-wait] resetResponseWaitOnInbound threw for conversation conv-1: db.from(...).select(...).eq(...).maybeSingle 
is not a function

stdout | src/app/api/whatsapp/webhook/route.test.ts > inbound webhook: typing indicator > still reaches the agent when the customer sends a document
[webhook] message wamid.NONTEXT_document: dispatching to AI auto-reply (type=document, text="contrato.pdf")

stdout | src/app/api/whatsapp/webhook/route.test.ts > inbound webhook: typing indicator > still reaches the agent when the customer sends a document
[webhook] delivery processed in 46ms

stdout | src/app/api/whatsapp/webhook/route.test.ts > inbound webhook: typing indicator > still reaches the agent when the customer sends a location
[webhook] POST received ÔÇö signature ok, 1 entry, 1 inbound message(s)
=== META WEBHOOK BODY === {
  "entry": [
    {
      "changes": [
        {
          "field": "messages",
          "value": {
            "metadata": {
              "phone_number_id": "pn-1"
            },
            "contacts": [
              {
                "wa_id": "15551230000",
                "profile": {
                  "name": "Ada"
                }
              }
            ],
            "messages": [
              {
                "id": "wamid.NONTEXT_location",
                "from": "15551230000",
                "timestamp": "1700000000",
                "type": "location",
                "location": {
                  "latitude": 4.7,
                  "longitude": -74.1
                }
              }
            ]
          }
        }
      ]
    }
  ]
}

stdout | src/app/api/whatsapp/webhook/route.test.ts > inbound webhook: typing indicator > still reaches the agent when the customer sends a location
[webhook] processing location message wamid.NONTEXT_location from ÔÇª0000 (account acc-1)
-> [EXTRACTED DATA] {
  effectivePhone: '15551230000',
  meta_wa_id: '15551230000',
  extractedUser: 'Ada',
  hasRealPhone: true,
  idType: 'e164-phone',
  wa_user_id: null,
  username: null
}

stdout | src/app/api/whatsapp/webhook/route.test.ts > inbound webhook: typing indicator > still reaches the agent when the customer sends a location
[webhook] thread conv-1 (contact contact-1, assigned_agent_id=null)

stderr | src/app/api/whatsapp/webhook/route.test.ts > inbound webhook: typing indicator > still reaches the agent when 
the customer sends a location
[ai unblock] unexpected failure unblocking conv-1: TypeError: db.from(...).select(...).eq(...).maybeSingle is not a 
function
    at autoUnblockConversation (C:/Users/edsro/Desktop/CMR/wacrm/src/lib/ai/unblock.ts:67:8)
    at processMessage (C:/Users/edsro/Desktop/CMR/wacrm/src/app/api/whatsapp/webhook/route.ts:1207:11)
    at processWebhook (C:/Users/edsro/Desktop/CMR/wacrm/src/app/api/whatsapp/webhook/route.ts:666:9)
    at C:/Users/edsro/Desktop/CMR/wacrm/src/app/api/whatsapp/webhook/route.ts:541:7
    at runWebhook (C:/Users/edsro/Desktop/CMR/wacrm/src/app/api/whatsapp/webhook/route.test.ts:654:31)
    at C:/Users/edsro/Desktop/CMR/wacrm/src/app/api/whatsapp/webhook/route.test.ts:1317:7
    at file:///C:/Users/edsro/Desktop/CMR/wacrm/node_modules/@vitest/runner/dist/chunk-artifact.js:1903:20

stderr | src/app/api/whatsapp/webhook/route.test.ts > inbound webhook: typing indicator > still reaches the agent when 
the customer sends a location
[ai unblock] clearStaleFlowRuns failed: Error: unexpected table: flow_runs
    at Object.from (C:/Users/edsro/Desktop/CMR/wacrm/src/app/api/whatsapp/webhook/route.test.ts:490:17)
    at clearStaleFlowRuns (C:/Users/edsro/Desktop/CMR/wacrm/src/lib/ai/unblock.ts:167:8)
    at processMessage (C:/Users/edsro/Desktop/CMR/wacrm/src/app/api/whatsapp/webhook/route.ts:1208:11)
    at processWebhook (C:/Users/edsro/Desktop/CMR/wacrm/src/app/api/whatsapp/webhook/route.ts:666:9)
    at C:/Users/edsro/Desktop/CMR/wacrm/src/app/api/whatsapp/webhook/route.ts:541:7
    at runWebhook (C:/Users/edsro/Desktop/CMR/wacrm/src/app/api/whatsapp/webhook/route.test.ts:654:31)
    at C:/Users/edsro/Desktop/CMR/wacrm/src/app/api/whatsapp/webhook/route.test.ts:1317:7
    at file:///C:/Users/edsro/Desktop/CMR/wacrm/node_modules/@vitest/runner/dist/chunk-artifact.js:1903:20

stderr | src/app/api/whatsapp/webhook/route.test.ts > inbound webhook: typing indicator > still reaches the agent when 
the customer sends a location
[follow-up] cancelPendingFollowUps threw for conversation conv-1: db.from(...).update(...).eq(...).in is not a function

stderr | src/app/api/whatsapp/webhook/route.test.ts > inbound webhook: typing indicator > still reaches the agent when 
the customer sends a location
[response-wait] resetResponseWaitOnInbound threw for conversation conv-1: db.from(...).select(...).eq(...).maybeSingle 
is not a function

 Ô£ô src/app/api/whatsapp/webhook/route.test.ts > inbound webhook: typing indicator > still reaches the agent when the customer sends an uncaptioned photo 32ms
 Ô£ô src/app/api/whatsapp/webhook/route.test.ts > inbound webhook: typing indicator > still reaches the agent when the customer sends a video 31ms
 Ô£ô src/app/api/whatsapp/webhook/route.test.ts > inbound webhook: typing indicator > still reaches the agent when the customer sends a document 46ms
stdout | src/app/api/whatsapp/webhook/route.test.ts > inbound webhook: typing indicator > still reaches the agent when the customer sends a location
[webhook] message wamid.NONTEXT_location: dispatching to AI auto-reply (type=location, text="4.7,-74.1")

stdout | src/app/api/whatsapp/webhook/route.test.ts > inbound webhook: typing indicator > still reaches the agent when the customer sends a location
[webhook] delivery processed in 47ms

stdout | src/app/api/whatsapp/webhook/route.test.ts > inbound webhook: typing indicator > still reaches the agent when the customer sends a shared contact
[webhook] POST received ÔÇö signature ok, 1 entry, 1 inbound message(s)
=== META WEBHOOK BODY === {
  "entry": [
    {
      "changes": [
        {
          "field": "messages",
          "value": {
            "metadata": {
              "phone_number_id": "pn-1"
            },
            "contacts": [
              {
                "wa_id": "15551230000",
                "profile": {
                  "name": "Ada"
                }
              }
            ],
            "messages": [
              {
                "id": "wamid.NONTEXT_text",
                "from": "15551230000",
                "timestamp": "1700000000",
                "type": "contacts",
                "contacts": [
                  {
                    "name": {
                      "first_name": "Ana"
                    },
                    "phones": [
                      "3001234567"
                    ]
                  }
                ]
              }
            ]
          }
        }
      ]
    }
  ]
}

stdout | src/app/api/whatsapp/webhook/route.test.ts > inbound webhook: typing indicator > still reaches the agent when the customer sends a shared contact
[webhook] processing contacts message wamid.NONTEXT_text from ÔÇª0000 (account acc-1)
-> [EXTRACTED DATA] {
  effectivePhone: '15551230000',
  meta_wa_id: '15551230000',
  extractedUser: 'Ada',
  hasRealPhone: true,
  idType: 'e164-phone',
  wa_user_id: null,
  username: null
}

stdout | src/app/api/whatsapp/webhook/route.test.ts > inbound webhook: typing indicator > still reaches the agent when the customer sends a shared contact
[webhook] thread conv-1 (contact contact-1, assigned_agent_id=null)

stderr | src/app/api/whatsapp/webhook/route.test.ts > inbound webhook: typing indicator > still reaches the agent when 
the customer sends a shared contact
[ai unblock] unexpected failure unblocking conv-1: TypeError: db.from(...).select(...).eq(...).maybeSingle is not a 
function
    at autoUnblockConversation (C:/Users/edsro/Desktop/CMR/wacrm/src/lib/ai/unblock.ts:67:8)
    at processMessage (C:/Users/edsro/Desktop/CMR/wacrm/src/app/api/whatsapp/webhook/route.ts:1207:11)
    at processWebhook (C:/Users/edsro/Desktop/CMR/wacrm/src/app/api/whatsapp/webhook/route.ts:666:9)
    at C:/Users/edsro/Desktop/CMR/wacrm/src/app/api/whatsapp/webhook/route.ts:541:7
    at runWebhook (C:/Users/edsro/Desktop/CMR/wacrm/src/app/api/whatsapp/webhook/route.test.ts:654:31)
    at C:/Users/edsro/Desktop/CMR/wacrm/src/app/api/whatsapp/webhook/route.test.ts:1317:7
    at file:///C:/Users/edsro/Desktop/CMR/wacrm/node_modules/@vitest/runner/dist/chunk-artifact.js:1903:20

stderr | src/app/api/whatsapp/webhook/route.test.ts > inbound webhook: typing indicator > still reaches the agent when 
the customer sends a shared contact
[ai unblock] clearStaleFlowRuns failed: Error: unexpected table: flow_runs
    at Object.from (C:/Users/edsro/Desktop/CMR/wacrm/src/app/api/whatsapp/webhook/route.test.ts:490:17)
    at clearStaleFlowRuns (C:/Users/edsro/Desktop/CMR/wacrm/src/lib/ai/unblock.ts:167:8)
    at processMessage (C:/Users/edsro/Desktop/CMR/wacrm/src/app/api/whatsapp/webhook/route.ts:1208:11)
    at processWebhook (C:/Users/edsro/Desktop/CMR/wacrm/src/app/api/whatsapp/webhook/route.ts:666:9)
    at C:/Users/edsro/Desktop/CMR/wacrm/src/app/api/whatsapp/webhook/route.ts:541:7
    at runWebhook (C:/Users/edsro/Desktop/CMR/wacrm/src/app/api/whatsapp/webhook/route.test.ts:654:31)
    at C:/Users/edsro/Desktop/CMR/wacrm/src/app/api/whatsapp/webhook/route.test.ts:1317:7
    at file:///C:/Users/edsro/Desktop/CMR/wacrm/node_modules/@vitest/runner/dist/chunk-artifact.js:1903:20

stderr | src/app/api/whatsapp/webhook/route.test.ts > inbound webhook: typing indicator > still reaches the agent when 
the customer sends a shared contact
[follow-up] cancelPendingFollowUps threw for conversation conv-1: db.from(...).update(...).eq(...).in is not a function

stderr | src/app/api/whatsapp/webhook/route.test.ts > inbound webhook: typing indicator > still reaches the agent when 
the customer sends a shared contact
[response-wait] resetResponseWaitOnInbound threw for conversation conv-1: db.from(...).select(...).eq(...).maybeSingle 
is not a function

stdout | src/app/api/whatsapp/webhook/route.test.ts > inbound webhook: typing indicator > still reaches the agent when the customer sends a shared contact
[webhook] message wamid.NONTEXT_text: dispatching to AI auto-reply (type=contacts, text="Ana")

stdout | src/app/api/whatsapp/webhook/route.test.ts > inbound webhook: typing indicator > still reaches the agent when the customer sends a shared contact
[webhook] delivery processed in 47ms

stdout | src/app/api/whatsapp/webhook/route.test.ts > inbound webhook: typing indicator > still reaches the agent when the customer sends a type this build has never seen
[webhook] POST received ÔÇö signature ok, 1 entry, 1 inbound message(s)
=== META WEBHOOK BODY === {
  "entry": [
    {
      "changes": [
        {
          "field": "messages",
          "value": {
            "metadata": {
              "phone_number_id": "pn-1"
            },
            "contacts": [
              {
                "wa_id": "15551230000",
                "profile": {
                  "name": "Ada"
                }
              }
            ],
            "messages": [
              {
                "id": "wamid.NONTEXT_text",
                "from": "15551230000",
                "timestamp": "1700000000",
                "type": "brand_new_meta_type",
                "payload": {}
              }
            ]
          }
        }
      ]
    }
  ]
}

stdout | src/app/api/whatsapp/webhook/route.test.ts > inbound webhook: typing indicator > still reaches the agent when the customer sends a type this build has never seen
[webhook] processing brand_new_meta_type message wamid.NONTEXT_text from ÔÇª0000 (account acc-1)
-> [EXTRACTED DATA] {
  effectivePhone: '15551230000',
  meta_wa_id: '15551230000',
  extractedUser: 'Ada',
  hasRealPhone: true,
  idType: 'e164-phone',
  wa_user_id: null,
  username: null
}

stdout | src/app/api/whatsapp/webhook/route.test.ts > inbound webhook: typing indicator > still reaches the agent when the customer sends a type this build has never seen
[webhook] thread conv-1 (contact contact-1, assigned_agent_id=null)

stderr | src/app/api/whatsapp/webhook/route.test.ts > inbound webhook: typing indicator > still reaches the agent when 
the customer sends a type this build has never seen
[ai unblock] unexpected failure unblocking conv-1: TypeError: db.from(...).select(...).eq(...).maybeSingle is not a 
function
    at autoUnblockConversation (C:/Users/edsro/Desktop/CMR/wacrm/src/lib/ai/unblock.ts:67:8)
    at processMessage (C:/Users/edsro/Desktop/CMR/wacrm/src/app/api/whatsapp/webhook/route.ts:1207:11)
    at processWebhook (C:/Users/edsro/Desktop/CMR/wacrm/src/app/api/whatsapp/webhook/route.ts:666:9)
    at C:/Users/edsro/Desktop/CMR/wacrm/src/app/api/whatsapp/webhook/route.ts:541:7
    at runWebhook (C:/Users/edsro/Desktop/CMR/wacrm/src/app/api/whatsapp/webhook/route.test.ts:654:31)
    at C:/Users/edsro/Desktop/CMR/wacrm/src/app/api/whatsapp/webhook/route.test.ts:1317:7
    at file:///C:/Users/edsro/Desktop/CMR/wacrm/node_modules/@vitest/runner/dist/chunk-artifact.js:1903:20

stderr | src/app/api/whatsapp/webhook/route.test.ts > inbound webhook: typing indicator > still reaches the agent when 
the customer sends a type this build has never seen
[ai unblock] clearStaleFlowRuns failed: Error: unexpected table: flow_runs
    at Object.from (C:/Users/edsro/Desktop/CMR/wacrm/src/app/api/whatsapp/webhook/route.test.ts:490:17)
    at clearStaleFlowRuns (C:/Users/edsro/Desktop/CMR/wacrm/src/lib/ai/unblock.ts:167:8)
    at processMessage (C:/Users/edsro/Desktop/CMR/wacrm/src/app/api/whatsapp/webhook/route.ts:1208:11)
    at processWebhook (C:/Users/edsro/Desktop/CMR/wacrm/src/app/api/whatsapp/webhook/route.ts:666:9)
    at C:/Users/edsro/Desktop/CMR/wacrm/src/app/api/whatsapp/webhook/route.ts:541:7
    at runWebhook (C:/Users/edsro/Desktop/CMR/wacrm/src/app/api/whatsapp/webhook/route.test.ts:654:31)
    at C:/Users/edsro/Desktop/CMR/wacrm/src/app/api/whatsapp/webhook/route.test.ts:1317:7
    at file:///C:/Users/edsro/Desktop/CMR/wacrm/node_modules/@vitest/runner/dist/chunk-artifact.js:1903:20

stderr | src/app/api/whatsapp/webhook/route.test.ts > inbound webhook: typing indicator > still reaches the agent when 
the customer sends a type this build has never seen
[follow-up] cancelPendingFollowUps threw for conversation conv-1: db.from(...).update(...).eq(...).in is not a function

stderr | src/app/api/whatsapp/webhook/route.test.ts > inbound webhook: typing indicator > still reaches the agent when 
the customer sends a type this build has never seen
[response-wait] resetResponseWaitOnInbound threw for conversation conv-1: db.from(...).select(...).eq(...).maybeSingle 
is not a function

stdout | src/app/api/whatsapp/webhook/route.test.ts > inbound webhook: typing indicator > still reaches the agent when the customer sends a type this build has never seen
[webhook] message wamid.NONTEXT_text: dispatching to AI auto-reply (type=brand_new_meta_type, text="[Unsupported message type: brand_new_meta_type]")

stdout | src/app/api/whatsapp/webhook/route.test.ts > inbound webhook: typing indicator > still reaches the agent when the customer sends a type this build has never seen
[webhook] delivery processed in 47ms

 Ô£ô src/app/api/whatsapp/webhook/route.test.ts > inbound webhook: typing indicator > still reaches the agent when the customer sends a location 47ms
 Ô£ô src/app/api/whatsapp/webhook/route.test.ts > inbound webhook: typing indicator > still reaches the agent when the customer sends a shared contact 48ms
 Ô£ô src/app/api/whatsapp/webhook/route.test.ts > inbound webhook: typing indicator > still reaches the agent when the customer sends a type this build has never seen 48ms
stdout | src/app/api/whatsapp/webhook/route.test.ts > inbound webhook: template quick-reply buttons (#478) > stores the tap as an interactive reply, not an unsupported message
[webhook] POST received ÔÇö signature ok, 1 entry, 1 inbound message(s)
=== META WEBHOOK BODY === {
  "entry": [
    {
      "changes": [
        {
          "field": "messages",
          "value": {
            "metadata": {
              "phone_number_id": "pn-1"
            },
            "contacts": [
              {
                "wa_id": "15551230000",
                "profile": {
                  "name": "Ada"
                }
              }
            ],
            "messages": [
              {
                "id": "wamid.BTN1",
                "from": "15551230000",
                "timestamp": "1700000000",
                "type": "button",
                "button": {
                  "text": "Yes, interested",
                  "payload": "YES_INTERESTED"
                },
                "context": {
                  "id": "wamid.BROADCAST1"
                }
              }
            ]
          }
        }
      ]
    }
  ]
}

stdout | src/app/api/whatsapp/webhook/route.test.ts > inbound webhook: template quick-reply buttons (#478) > stores the tap as an interactive reply, not an unsupported message
[webhook] processing button message wamid.BTN1 from ÔÇª0000 (account acc-1)
-> [EXTRACTED DATA] {
  effectivePhone: '15551230000',
  meta_wa_id: '15551230000',
  extractedUser: 'Ada',
  hasRealPhone: true,
  idType: 'e164-phone',
  wa_user_id: null,
  username: null
}

stdout | src/app/api/whatsapp/webhook/route.test.ts > inbound webhook: template quick-reply buttons (#478) > stores the tap as an interactive reply, not an unsupported message
[webhook] thread conv-1 (contact contact-1, assigned_agent_id=null)

stderr | src/app/api/whatsapp/webhook/route.test.ts > inbound webhook: template quick-reply buttons (#478) > stores 
the tap as an interactive reply, not an unsupported message
[ai unblock] unexpected failure unblocking conv-1: TypeError: db.from(...).select(...).eq(...).maybeSingle is not a 
function
    at autoUnblockConversation (C:/Users/edsro/Desktop/CMR/wacrm/src/lib/ai/unblock.ts:67:8)
    at processMessage (C:/Users/edsro/Desktop/CMR/wacrm/src/app/api/whatsapp/webhook/route.ts:1207:11)
    at processWebhook (C:/Users/edsro/Desktop/CMR/wacrm/src/app/api/whatsapp/webhook/route.ts:666:9)
    at C:/Users/edsro/Desktop/CMR/wacrm/src/app/api/whatsapp/webhook/route.ts:541:7
    at runWebhook (C:/Users/edsro/Desktop/CMR/wacrm/src/app/api/whatsapp/webhook/route.test.ts:654:31)
    at C:/Users/edsro/Desktop/CMR/wacrm/src/app/api/whatsapp/webhook/route.test.ts:1356:5
    at file:///C:/Users/edsro/Desktop/CMR/wacrm/node_modules/@vitest/runner/dist/chunk-artifact.js:1903:20

stderr | src/app/api/whatsapp/webhook/route.test.ts > inbound webhook: template quick-reply buttons (#478) > stores 
the tap as an interactive reply, not an unsupported message
[ai unblock] clearStaleFlowRuns failed: Error: unexpected table: flow_runs
    at Object.from (C:/Users/edsro/Desktop/CMR/wacrm/src/app/api/whatsapp/webhook/route.test.ts:490:17)
    at clearStaleFlowRuns (C:/Users/edsro/Desktop/CMR/wacrm/src/lib/ai/unblock.ts:167:8)
    at processMessage (C:/Users/edsro/Desktop/CMR/wacrm/src/app/api/whatsapp/webhook/route.ts:1208:11)
    at processWebhook (C:/Users/edsro/Desktop/CMR/wacrm/src/app/api/whatsapp/webhook/route.ts:666:9)
    at C:/Users/edsro/Desktop/CMR/wacrm/src/app/api/whatsapp/webhook/route.ts:541:7
    at runWebhook (C:/Users/edsro/Desktop/CMR/wacrm/src/app/api/whatsapp/webhook/route.test.ts:654:31)
    at C:/Users/edsro/Desktop/CMR/wacrm/src/app/api/whatsapp/webhook/route.test.ts:1356:5
    at file:///C:/Users/edsro/Desktop/CMR/wacrm/node_modules/@vitest/runner/dist/chunk-artifact.js:1903:20

stderr | src/app/api/whatsapp/webhook/route.test.ts > inbound webhook: template quick-reply buttons (#478) > stores 
the tap as an interactive reply, not an unsupported message
[webhook] reply context parent not found: wamid.BROADCAST1

stderr | src/app/api/whatsapp/webhook/route.test.ts > inbound webhook: template quick-reply buttons (#478) > stores 
the tap as an interactive reply, not an unsupported message
[follow-up] cancelPendingFollowUps threw for conversation conv-1: db.from(...).update(...).eq(...).in is not a function

stderr | src/app/api/whatsapp/webhook/route.test.ts > inbound webhook: template quick-reply buttons (#478) > stores 
the tap as an interactive reply, not an unsupported message
[response-wait] resetResponseWaitOnInbound threw for conversation conv-1: db.from(...).select(...).eq(...).maybeSingle 
is not a function

stdout | src/app/api/whatsapp/webhook/route.test.ts > inbound webhook: template quick-reply buttons (#478) > stores the tap as an interactive reply, not an unsupported message
[webhook] message wamid.BTN1: dispatching to AI auto-reply (type=button, text="Yes, interested")

stdout | src/app/api/whatsapp/webhook/route.test.ts > inbound webhook: template quick-reply buttons (#478) > stores the tap as an interactive reply, not an unsupported message
[webhook] delivery processed in 46ms

stdout | src/app/api/whatsapp/webhook/route.test.ts > inbound webhook: template quick-reply buttons (#478) > routes the tap to flows and fires the interactive_reply trigger
[webhook] POST received ÔÇö signature ok, 1 entry, 1 inbound message(s)
=== META WEBHOOK BODY === {
  "entry": [
    {
      "changes": [
        {
          "field": "messages",
          "value": {
            "metadata": {
              "phone_number_id": "pn-1"
            },
            "contacts": [
              {
                "wa_id": "15551230000",
                "profile": {
                  "name": "Ada"
                }
              }
            ],
            "messages": [
              {
                "id": "wamid.BTN1",
                "from": "15551230000",
                "timestamp": "1700000000",
                "type": "button",
                "button": {
                  "text": "Yes, interested",
                  "payload": "YES_INTERESTED"
                },
                "context": {
                  "id": "wamid.BROADCAST1"
                }
              }
            ]
          }
        }
      ]
    }
  ]
}

stdout | src/app/api/whatsapp/webhook/route.test.ts > inbound webhook: template quick-reply buttons (#478) > routes the tap to flows and fires the interactive_reply trigger
[webhook] processing button message wamid.BTN1 from ÔÇª0000 (account acc-1)
-> [EXTRACTED DATA] {
  effectivePhone: '15551230000',
  meta_wa_id: '15551230000',
  extractedUser: 'Ada',
  hasRealPhone: true,
  idType: 'e164-phone',
  wa_user_id: null,
  username: null
}

stdout | src/app/api/whatsapp/webhook/route.test.ts > inbound webhook: template quick-reply buttons (#478) > routes the tap to flows and fires the interactive_reply trigger
[webhook] thread conv-1 (contact contact-1, assigned_agent_id=null)

stderr | src/app/api/whatsapp/webhook/route.test.ts > inbound webhook: template quick-reply buttons (#478) > routes 
the tap to flows and fires the interactive_reply trigger
[ai unblock] unexpected failure unblocking conv-1: TypeError: db.from(...).select(...).eq(...).maybeSingle is not a 
function
    at autoUnblockConversation (C:/Users/edsro/Desktop/CMR/wacrm/src/lib/ai/unblock.ts:67:8)
    at processMessage (C:/Users/edsro/Desktop/CMR/wacrm/src/app/api/whatsapp/webhook/route.ts:1207:11)
    at processWebhook (C:/Users/edsro/Desktop/CMR/wacrm/src/app/api/whatsapp/webhook/route.ts:666:9)
    at C:/Users/edsro/Desktop/CMR/wacrm/src/app/api/whatsapp/webhook/route.ts:541:7
    at runWebhook (C:/Users/edsro/Desktop/CMR/wacrm/src/app/api/whatsapp/webhook/route.test.ts:654:31)
    at C:/Users/edsro/Desktop/CMR/wacrm/src/app/api/whatsapp/webhook/route.test.ts:1368:5
    at file:///C:/Users/edsro/Desktop/CMR/wacrm/node_modules/@vitest/runner/dist/chunk-artifact.js:1903:20

stderr | src/app/api/whatsapp/webhook/route.test.ts > inbound webhook: template quick-reply buttons (#478) > routes 
the tap to flows and fires the interactive_reply trigger
[ai unblock] clearStaleFlowRuns failed: Error: unexpected table: flow_runs
    at Object.from (C:/Users/edsro/Desktop/CMR/wacrm/src/app/api/whatsapp/webhook/route.test.ts:490:17)
    at clearStaleFlowRuns (C:/Users/edsro/Desktop/CMR/wacrm/src/lib/ai/unblock.ts:167:8)
    at processMessage (C:/Users/edsro/Desktop/CMR/wacrm/src/app/api/whatsapp/webhook/route.ts:1208:11)
    at processWebhook (C:/Users/edsro/Desktop/CMR/wacrm/src/app/api/whatsapp/webhook/route.ts:666:9)
    at C:/Users/edsro/Desktop/CMR/wacrm/src/app/api/whatsapp/webhook/route.ts:541:7
    at runWebhook (C:/Users/edsro/Desktop/CMR/wacrm/src/app/api/whatsapp/webhook/route.test.ts:654:31)
    at C:/Users/edsro/Desktop/CMR/wacrm/src/app/api/whatsapp/webhook/route.test.ts:1368:5
    at file:///C:/Users/edsro/Desktop/CMR/wacrm/node_modules/@vitest/runner/dist/chunk-artifact.js:1903:20

stderr | src/app/api/whatsapp/webhook/route.test.ts > inbound webhook: template quick-reply buttons (#478) > routes 
the tap to flows and fires the interactive_reply trigger
[webhook] reply context parent not found: wamid.BROADCAST1

stderr | src/app/api/whatsapp/webhook/route.test.ts > inbound webhook: template quick-reply buttons (#478) > routes 
the tap to flows and fires the interactive_reply trigger
[follow-up] cancelPendingFollowUps threw for conversation conv-1: db.from(...).update(...).eq(...).in is not a function

stderr | src/app/api/whatsapp/webhook/route.test.ts > inbound webhook: template quick-reply buttons (#478) > routes 
the tap to flows and fires the interactive_reply trigger
[response-wait] resetResponseWaitOnInbound threw for conversation conv-1: db.from(...).select(...).eq(...).maybeSingle 
is not a function

stdout | src/app/api/whatsapp/webhook/route.test.ts > inbound webhook: template quick-reply buttons (#478) > routes the tap to flows and fires the interactive_reply trigger
[webhook] message wamid.BTN1: dispatching to AI auto-reply (type=button, text="Yes, interested")

stdout | src/app/api/whatsapp/webhook/route.test.ts > inbound webhook: template quick-reply buttons (#478) > routes the tap to flows and fires the interactive_reply trigger
[webhook] delivery processed in 62ms

 Ô£ô src/app/api/whatsapp/webhook/route.test.ts > inbound webhook: template quick-reply buttons (#478) > stores the tap as an interactive reply, not an unsupported message 47ms
 Ô£ô src/app/api/whatsapp/webhook/route.test.ts > inbound webhook: template quick-reply buttons (#478) > routes the tap to flows and fires the interactive_reply trigger 64ms
stdout | src/app/api/whatsapp/webhook/route.test.ts > inbound webhook: template quick-reply buttons (#478) > also dispatches the tap to the AI bot when no Flow consumes it
[webhook] POST received ÔÇö signature ok, 1 entry, 1 inbound message(s)
=== META WEBHOOK BODY === {
  "entry": [
    {
      "changes": [
        {
          "field": "messages",
          "value": {
            "metadata": {
              "phone_number_id": "pn-1"
            },
            "contacts": [
              {
                "wa_id": "15551230000",
                "profile": {
                  "name": "Ada"
                }
              }
            ],
            "messages": [
              {
                "id": "wamid.BTN1",
                "from": "15551230000",
                "timestamp": "1700000000",
                "type": "button",
                "button": {
                  "text": "Yes, interested",
                  "payload": "YES_INTERESTED"
                },
                "context": {
                  "id": "wamid.BROADCAST1"
                }
              }
            ]
          }
        }
      ]
    }
  ]
}

stdout | src/app/api/whatsapp/webhook/route.test.ts > inbound webhook: template quick-reply buttons (#478) > also dispatches the tap to the AI bot when no Flow consumes it
[webhook] processing button message wamid.BTN1 from ÔÇª0000 (account acc-1)
-> [EXTRACTED DATA] {
  effectivePhone: '15551230000',
  meta_wa_id: '15551230000',
  extractedUser: 'Ada',
  hasRealPhone: true,
  idType: 'e164-phone',
  wa_user_id: null,
  username: null
}

stderr | src/app/api/whatsapp/webhook/route.test.ts > inbound webhook: template quick-reply buttons (#478) > also 
dispatches the tap to the AI bot when no Flow consumes it
[ai unblock] unexpected failure unblocking conv-1: TypeError: db.from(...).select(...).eq(...).maybeSingle is not a 
function
    at autoUnblockConversation (C:/Users/edsro/Desktop/CMR/wacrm/src/lib/ai/unblock.ts:67:8)
    at processMessage (C:/Users/edsro/Desktop/CMR/wacrm/src/app/api/whatsapp/webhook/route.ts:1207:11)
    at runNextTicks (node:internal/process/task_queues:65:5)
    at processTimers (node:internal/timers:568:9)
    at processWebhook (C:/Users/edsro/Desktop/CMR/wacrm/src/app/api/whatsapp/webhook/route.ts:666:9)
    at C:/Users/edsro/Desktop/CMR/wacrm/src/app/api/whatsapp/webhook/route.ts:541:7
    at runWebhook (C:/Users/edsro/Desktop/CMR/wacrm/src/app/api/whatsapp/webhook/route.test.ts:654:31)
    at C:/Users/edsro/Desktop/CMR/wacrm/src/app/api/whatsapp/webhook/route.test.ts:1391:5
    at file:///C:/Users/edsro/Desktop/CMR/wacrm/node_modules/@vitest/runner/dist/chunk-artifact.js:1903:20

stdout | src/app/api/whatsapp/webhook/route.test.ts > inbound webhook: template quick-reply buttons (#478) > also dispatches the tap to the AI bot when no Flow consumes it
[webhook] thread conv-1 (contact contact-1, assigned_agent_id=null)

stderr | src/app/api/whatsapp/webhook/route.test.ts > inbound webhook: template quick-reply buttons (#478) > also 
dispatches the tap to the AI bot when no Flow consumes it
[ai unblock] clearStaleFlowRuns failed: Error: unexpected table: flow_runs
    at Object.from (C:/Users/edsro/Desktop/CMR/wacrm/src/app/api/whatsapp/webhook/route.test.ts:490:17)
    at clearStaleFlowRuns (C:/Users/edsro/Desktop/CMR/wacrm/src/lib/ai/unblock.ts:167:8)
    at processMessage (C:/Users/edsro/Desktop/CMR/wacrm/src/app/api/whatsapp/webhook/route.ts:1208:11)
    at runNextTicks (node:internal/process/task_queues:65:5)
    at processTimers (node:internal/timers:568:9)
    at processWebhook (C:/Users/edsro/Desktop/CMR/wacrm/src/app/api/whatsapp/webhook/route.ts:666:9)
    at C:/Users/edsro/Desktop/CMR/wacrm/src/app/api/whatsapp/webhook/route.ts:541:7
    at runWebhook (C:/Users/edsro/Desktop/CMR/wacrm/src/app/api/whatsapp/webhook/route.test.ts:654:31)
    at C:/Users/edsro/Desktop/CMR/wacrm/src/app/api/whatsapp/webhook/route.test.ts:1391:5
    at file:///C:/Users/edsro/Desktop/CMR/wacrm/node_modules/@vitest/runner/dist/chunk-artifact.js:1903:20

stderr | src/app/api/whatsapp/webhook/route.test.ts > inbound webhook: template quick-reply buttons (#478) > also 
dispatches the tap to the AI bot when no Flow consumes it
[webhook] reply context parent not found: wamid.BROADCAST1

stderr | src/app/api/whatsapp/webhook/route.test.ts > inbound webhook: template quick-reply buttons (#478) > also 
dispatches the tap to the AI bot when no Flow consumes it
[follow-up] cancelPendingFollowUps threw for conversation conv-1: db.from(...).update(...).eq(...).in is not a function

stderr | src/app/api/whatsapp/webhook/route.test.ts > inbound webhook: template quick-reply buttons (#478) > also 
dispatches the tap to the AI bot when no Flow consumes it
[response-wait] resetResponseWaitOnInbound threw for conversation conv-1: db.from(...).select(...).eq(...).maybeSingle 
is not a function

stdout | src/app/api/whatsapp/webhook/route.test.ts > inbound webhook: template quick-reply buttons (#478) > also dispatches the tap to the AI bot when no Flow consumes it
[webhook] message wamid.BTN1: dispatching to AI auto-reply (type=button, text="Yes, interested")

stdout | src/app/api/whatsapp/webhook/route.test.ts > inbound webhook: template quick-reply buttons (#478) > also dispatches the tap to the AI bot when no Flow consumes it
[webhook] delivery processed in 62ms

stdout | src/app/api/whatsapp/webhook/route.test.ts > inbound webhook: template quick-reply buttons (#478) > still stands down when a Flow consumed the tap
[webhook] POST received ÔÇö signature ok, 1 entry, 1 inbound message(s)
=== META WEBHOOK BODY === {
  "entry": [
    {
      "changes": [
        {
          "field": "messages",
          "value": {
            "metadata": {
              "phone_number_id": "pn-1"
            },
            "contacts": [
              {
                "wa_id": "15551230000",
                "profile": {
                  "name": "Ada"
                }
              }
            ],
            "messages": [
              {
                "id": "wamid.BTN1",
                "from": "15551230000",
                "timestamp": "1700000000",
                "type": "button",
                "button": {
                  "text": "Yes, interested",
                  "payload": "YES_INTERESTED"
                },
                "context": {
                  "id": "wamid.BROADCAST1"
                }
              }
            ]
          }
        }
      ]
    }
  ]
}

stdout | src/app/api/whatsapp/webhook/route.test.ts > inbound webhook: template quick-reply buttons (#478) > still stands down when a Flow consumed the tap
[webhook] processing button message wamid.BTN1 from ÔÇª0000 (account acc-1)
-> [EXTRACTED DATA] {
  effectivePhone: '15551230000',
  meta_wa_id: '15551230000',
  extractedUser: 'Ada',
  hasRealPhone: true,
  idType: 'e164-phone',
  wa_user_id: null,
  username: null
}

stdout | src/app/api/whatsapp/webhook/route.test.ts > inbound webhook: template quick-reply buttons (#478) > still stands down when a Flow consumed the tap
[webhook] thread conv-1 (contact contact-1, assigned_agent_id=null)

stderr | src/app/api/whatsapp/webhook/route.test.ts > inbound webhook: template quick-reply buttons (#478) > still 
stands down when a Flow consumed the tap
[ai unblock] unexpected failure unblocking conv-1: TypeError: db.from(...).select(...).eq(...).maybeSingle is not a 
function
    at autoUnblockConversation (C:/Users/edsro/Desktop/CMR/wacrm/src/lib/ai/unblock.ts:67:8)
    at processMessage (C:/Users/edsro/Desktop/CMR/wacrm/src/app/api/whatsapp/webhook/route.ts:1207:11)
    at processWebhook (C:/Users/edsro/Desktop/CMR/wacrm/src/app/api/whatsapp/webhook/route.ts:666:9)
    at C:/Users/edsro/Desktop/CMR/wacrm/src/app/api/whatsapp/webhook/route.ts:541:7
    at runWebhook (C:/Users/edsro/Desktop/CMR/wacrm/src/app/api/whatsapp/webhook/route.test.ts:654:31)
    at C:/Users/edsro/Desktop/CMR/wacrm/src/app/api/whatsapp/webhook/route.test.ts:1410:5
    at file:///C:/Users/edsro/Desktop/CMR/wacrm/node_modules/@vitest/runner/dist/chunk-artifact.js:1903:20

stderr | src/app/api/whatsapp/webhook/route.test.ts > inbound webhook: template quick-reply buttons (#478) > still 
stands down when a Flow consumed the tap
[ai unblock] clearStaleFlowRuns failed: Error: unexpected table: flow_runs
    at Object.from (C:/Users/edsro/Desktop/CMR/wacrm/src/app/api/whatsapp/webhook/route.test.ts:490:17)
    at clearStaleFlowRuns (C:/Users/edsro/Desktop/CMR/wacrm/src/lib/ai/unblock.ts:167:8)
    at processMessage (C:/Users/edsro/Desktop/CMR/wacrm/src/app/api/whatsapp/webhook/route.ts:1208:11)
    at processWebhook (C:/Users/edsro/Desktop/CMR/wacrm/src/app/api/whatsapp/webhook/route.ts:666:9)
    at C:/Users/edsro/Desktop/CMR/wacrm/src/app/api/whatsapp/webhook/route.ts:541:7
    at runWebhook (C:/Users/edsro/Desktop/CMR/wacrm/src/app/api/whatsapp/webhook/route.test.ts:654:31)
    at C:/Users/edsro/Desktop/CMR/wacrm/src/app/api/whatsapp/webhook/route.test.ts:1410:5
    at file:///C:/Users/edsro/Desktop/CMR/wacrm/node_modules/@vitest/runner/dist/chunk-artifact.js:1903:20

stderr | src/app/api/whatsapp/webhook/route.test.ts > inbound webhook: template quick-reply buttons (#478) > still 
stands down when a Flow consumed the tap
[webhook] reply context parent not found: wamid.BROADCAST1

stderr | src/app/api/whatsapp/webhook/route.test.ts > inbound webhook: template quick-reply buttons (#478) > still 
stands down when a Flow consumed the tap
[follow-up] cancelPendingFollowUps threw for conversation conv-1: db.from(...).update(...).eq(...).in is not a function

stderr | src/app/api/whatsapp/webhook/route.test.ts > inbound webhook: template quick-reply buttons (#478) > still 
stands down when a Flow consumed the tap
[response-wait] resetResponseWaitOnInbound threw for conversation conv-1: db.from(...).select(...).eq(...).maybeSingle 
is not a function

stdout | src/app/api/whatsapp/webhook/route.test.ts > inbound webhook: template quick-reply buttons (#478) > still stands down when a Flow consumed the tap
[webhook] message wamid.BTN1: a Flow consumed it ÔÇö recorded as AI context, auto-reply suppressed.
[webhook] message wamid.BTN1: dispatching to AI auto-reply (type=button, text="Yes, interested")

stdout | src/app/api/whatsapp/webhook/route.test.ts > inbound webhook: template quick-reply buttons (#478) > still stands down when a Flow consumed the tap
[webhook] delivery processed in 15ms

stdout | src/app/api/whatsapp/webhook/route.test.ts > inbound webhook: template quick-reply buttons (#478) > shows the typing indicator while the bot answers a tap
[webhook] POST received ÔÇö signature ok, 1 entry, 1 inbound message(s)
=== META WEBHOOK BODY === {
  "entry": [
    {
      "changes": [
        {
          "field": "messages",
          "value": {
            "metadata": {
              "phone_number_id": "pn-1"
            },
            "contacts": [
              {
                "wa_id": "15551230000",
                "profile": {
                  "name": "Ada"
                }
              }
            ],
            "messages": [
              {
                "id": "wamid.BTN1",
                "from": "15551230000",
                "timestamp": "1700000000",
                "type": "button",
                "button": {
                  "text": "Yes, interested",
                  "payload": "YES_INTERESTED"
                },
                "context": {
                  "id": "wamid.BROADCAST1"
                }
              }
            ]
          }
        }
      ]
    }
  ]
}

stdout | src/app/api/whatsapp/webhook/route.test.ts > inbound webhook: template quick-reply buttons (#478) > shows the typing indicator while the bot answers a tap
[webhook] processing button message wamid.BTN1 from ÔÇª0000 (account acc-1)
-> [EXTRACTED DATA] {
  effectivePhone: '15551230000',
  meta_wa_id: '15551230000',
  extractedUser: 'Ada',
  hasRealPhone: true,
  idType: 'e164-phone',
  wa_user_id: null,
  username: null
}

stderr | src/app/api/whatsapp/webhook/route.test.ts > inbound webhook: template quick-reply buttons (#478) > shows the 
typing indicator while the bot answers a tap
[ai unblock] unexpected failure unblocking conv-1: TypeError: db.from(...).select(...).eq(...).maybeSingle is not a 
function
    at autoUnblockConversation (C:/Users/edsro/Desktop/CMR/wacrm/src/lib/ai/unblock.ts:67:8)
    at processMessage (C:/Users/edsro/Desktop/CMR/wacrm/src/app/api/whatsapp/webhook/route.ts:1207:11)
    at processWebhook (C:/Users/edsro/Desktop/CMR/wacrm/src/app/api/whatsapp/webhook/route.ts:666:9)
    at C:/Users/edsro/Desktop/CMR/wacrm/src/app/api/whatsapp/webhook/route.ts:541:7
    at runWebhook (C:/Users/edsro/Desktop/CMR/wacrm/src/app/api/whatsapp/webhook/route.test.ts:654:31)
    at C:/Users/edsro/Desktop/CMR/wacrm/src/app/api/whatsapp/webhook/route.test.ts:1419:5
    at file:///C:/Users/edsro/Desktop/CMR/wacrm/node_modules/@vitest/runner/dist/chunk-artifact.js:1903:20

stdout | src/app/api/whatsapp/webhook/route.test.ts > inbound webhook: template quick-reply buttons (#478) > shows the typing indicator while the bot answers a tap
[webhook] thread conv-1 (contact contact-1, assigned_agent_id=null)

stderr | src/app/api/whatsapp/webhook/route.test.ts > inbound webhook: template quick-reply buttons (#478) > shows the 
typing indicator while the bot answers a tap
[ai unblock] clearStaleFlowRuns failed: Error: unexpected table: flow_runs
    at Object.from (C:/Users/edsro/Desktop/CMR/wacrm/src/app/api/whatsapp/webhook/route.test.ts:490:17)
    at clearStaleFlowRuns (C:/Users/edsro/Desktop/CMR/wacrm/src/lib/ai/unblock.ts:167:8)
    at processMessage (C:/Users/edsro/Desktop/CMR/wacrm/src/app/api/whatsapp/webhook/route.ts:1208:11)
    at processWebhook (C:/Users/edsro/Desktop/CMR/wacrm/src/app/api/whatsapp/webhook/route.ts:666:9)
    at C:/Users/edsro/Desktop/CMR/wacrm/src/app/api/whatsapp/webhook/route.ts:541:7
    at runWebhook (C:/Users/edsro/Desktop/CMR/wacrm/src/app/api/whatsapp/webhook/route.test.ts:654:31)
    at C:/Users/edsro/Desktop/CMR/wacrm/src/app/api/whatsapp/webhook/route.test.ts:1419:5
    at file:///C:/Users/edsro/Desktop/CMR/wacrm/node_modules/@vitest/runner/dist/chunk-artifact.js:1903:20

stderr | src/app/api/whatsapp/webhook/route.test.ts > inbound webhook: template quick-reply buttons (#478) > shows the 
typing indicator while the bot answers a tap
[webhook] reply context parent not found: wamid.BROADCAST1

stderr | src/app/api/whatsapp/webhook/route.test.ts > inbound webhook: template quick-reply buttons (#478) > shows the 
typing indicator while the bot answers a tap
[follow-up] cancelPendingFollowUps threw for conversation conv-1: db.from(...).update(...).eq(...).in is not a function

stderr | src/app/api/whatsapp/webhook/route.test.ts > inbound webhook: template quick-reply buttons (#478) > shows the 
typing indicator while the bot answers a tap
[response-wait] resetResponseWaitOnInbound threw for conversation conv-1: db.from(...).select(...).eq(...).maybeSingle 
is not a function

 Ô£ô src/app/api/whatsapp/webhook/route.test.ts > inbound webhook: template quick-reply buttons (#478) > also dispatches the tap to the AI bot when no Flow consumes it 62ms
 Ô£ô src/app/api/whatsapp/webhook/route.test.ts > inbound webhook: template quick-reply buttons (#478) > still stands down when a Flow consumed the tap 16ms
stdout | src/app/api/whatsapp/webhook/route.test.ts > inbound webhook: template quick-reply buttons (#478) > shows the typing indicator while the bot answers a tap
[webhook] message wamid.BTN1: dispatching to AI auto-reply (type=button, text="Yes, interested")

stdout | src/app/api/whatsapp/webhook/route.test.ts > inbound webhook: template quick-reply buttons (#478) > shows the typing indicator while the bot answers a tap
[webhook] delivery processed in 63ms

stdout | src/app/api/whatsapp/webhook/route.test.ts > inbound webhook: template quick-reply buttons (#478) > falls back to the label when the template button carries no payload
[webhook] POST received ÔÇö signature ok, 1 entry, 1 inbound message(s)
=== META WEBHOOK BODY === {
  "entry": [
    {
      "changes": [
        {
          "field": "messages",
          "value": {
            "metadata": {
              "phone_number_id": "pn-1"
            },
            "contacts": [
              {
                "wa_id": "15551230000",
                "profile": {
                  "name": "Ada"
                }
              }
            ],
            "messages": [
              {
                "id": "wamid.BTN1",
                "from": "15551230000",
                "timestamp": "1700000000",
                "type": "button",
                "button": {
                  "text": "Track my order"
                },
                "context": {
                  "id": "wamid.BROADCAST1"
                }
              }
            ]
          }
        }
      ]
    }
  ]
}

stdout | src/app/api/whatsapp/webhook/route.test.ts > inbound webhook: template quick-reply buttons (#478) > falls back to the label when the template button carries no payload
[webhook] processing button message wamid.BTN1 from ÔÇª0000 (account acc-1)
-> [EXTRACTED DATA] {
  effectivePhone: '15551230000',
  meta_wa_id: '15551230000',
  extractedUser: 'Ada',
  hasRealPhone: true,
  idType: 'e164-phone',
  wa_user_id: null,
  username: null
}

stdout | src/app/api/whatsapp/webhook/route.test.ts > inbound webhook: template quick-reply buttons (#478) > falls back to the label when the template button carries no payload
[webhook] thread conv-1 (contact contact-1, assigned_agent_id=null)

stderr | src/app/api/whatsapp/webhook/route.test.ts > inbound webhook: template quick-reply buttons (#478) > falls 
back to the label when the template button carries no payload
[ai unblock] unexpected failure unblocking conv-1: TypeError: db.from(...).select(...).eq(...).maybeSingle is not a 
function
    at autoUnblockConversation (C:/Users/edsro/Desktop/CMR/wacrm/src/lib/ai/unblock.ts:67:8)
    at processMessage (C:/Users/edsro/Desktop/CMR/wacrm/src/app/api/whatsapp/webhook/route.ts:1207:11)
    at processWebhook (C:/Users/edsro/Desktop/CMR/wacrm/src/app/api/whatsapp/webhook/route.ts:666:9)
    at C:/Users/edsro/Desktop/CMR/wacrm/src/app/api/whatsapp/webhook/route.ts:541:7
    at runWebhook (C:/Users/edsro/Desktop/CMR/wacrm/src/app/api/whatsapp/webhook/route.test.ts:654:31)
    at C:/Users/edsro/Desktop/CMR/wacrm/src/app/api/whatsapp/webhook/route.test.ts:1429:5
    at file:///C:/Users/edsro/Desktop/CMR/wacrm/node_modules/@vitest/runner/dist/chunk-artifact.js:1903:20

stderr | src/app/api/whatsapp/webhook/route.test.ts > inbound webhook: template quick-reply buttons (#478) > falls 
back to the label when the template button carries no payload
[ai unblock] clearStaleFlowRuns failed: Error: unexpected table: flow_runs
    at Object.from (C:/Users/edsro/Desktop/CMR/wacrm/src/app/api/whatsapp/webhook/route.test.ts:490:17)
    at clearStaleFlowRuns (C:/Users/edsro/Desktop/CMR/wacrm/src/lib/ai/unblock.ts:167:8)
    at processMessage (C:/Users/edsro/Desktop/CMR/wacrm/src/app/api/whatsapp/webhook/route.ts:1208:11)
    at processWebhook (C:/Users/edsro/Desktop/CMR/wacrm/src/app/api/whatsapp/webhook/route.ts:666:9)
    at C:/Users/edsro/Desktop/CMR/wacrm/src/app/api/whatsapp/webhook/route.ts:541:7
    at runWebhook (C:/Users/edsro/Desktop/CMR/wacrm/src/app/api/whatsapp/webhook/route.test.ts:654:31)
    at C:/Users/edsro/Desktop/CMR/wacrm/src/app/api/whatsapp/webhook/route.test.ts:1429:5
    at file:///C:/Users/edsro/Desktop/CMR/wacrm/node_modules/@vitest/runner/dist/chunk-artifact.js:1903:20

stderr | src/app/api/whatsapp/webhook/route.test.ts > inbound webhook: template quick-reply buttons (#478) > falls 
back to the label when the template button carries no payload
[webhook] reply context parent not found: wamid.BROADCAST1

stderr | src/app/api/whatsapp/webhook/route.test.ts > inbound webhook: template quick-reply buttons (#478) > falls 
back to the label when the template button carries no payload
[follow-up] cancelPendingFollowUps threw for conversation conv-1: db.from(...).update(...).eq(...).in is not a function

stderr | src/app/api/whatsapp/webhook/route.test.ts > inbound webhook: template quick-reply buttons (#478) > falls 
back to the label when the template button carries no payload
[response-wait] resetResponseWaitOnInbound threw for conversation conv-1: db.from(...).select(...).eq(...).maybeSingle 
is not a function

stdout | src/app/api/whatsapp/webhook/route.test.ts > inbound webhook: template quick-reply buttons (#478) > falls back to the label when the template button carries no payload
[webhook] message wamid.BTN1: dispatching to AI auto-reply (type=button, text="Track my order")

stdout | src/app/api/whatsapp/webhook/route.test.ts > inbound webhook: template quick-reply buttons (#478) > falls back to the label when the template button carries no payload
[webhook] delivery processed in 62ms

stdout | src/app/api/whatsapp/webhook/route.test.ts > inbound webhook: voice notes > transcribes the note and fans out on the transcript
[webhook] POST received ÔÇö signature ok, 1 entry, 1 inbound message(s)
=== META WEBHOOK BODY === {
  "entry": [
    {
      "changes": [
        {
          "field": "messages",
          "value": {
            "metadata": {
              "phone_number_id": "pn-1"
            },
            "contacts": [
              {
                "wa_id": "15551230000",
                "profile": {
                  "name": "Ada"
                }
              }
            ],
            "messages": [
              {
                "id": "wamid.VOICE1",
                "from": "15551230000",
                "timestamp": "1700000000",
                "type": "audio",
                "audio": {
                  "id": "media-1",
                  "mime_type": "audio/ogg; codecs=opus"
                }
              }
            ]
          }
        }
      ]
    }
  ]
}

stdout | src/app/api/whatsapp/webhook/route.test.ts > inbound webhook: voice notes > transcribes the note and fans out on the transcript
[webhook] processing audio message wamid.VOICE1 from ÔÇª0000 (account acc-1)
-> [EXTRACTED DATA] {
  effectivePhone: '15551230000',
  meta_wa_id: '15551230000',
  extractedUser: 'Ada',
  hasRealPhone: true,
  idType: 'e164-phone',
  wa_user_id: null,
  username: null
}

stderr | src/app/api/whatsapp/webhook/route.test.ts > inbound webhook: voice notes > transcribes the note and fans out 
on the transcript
[ai unblock] unexpected failure unblocking conv-1: TypeError: db.from(...).select(...).eq(...).maybeSingle is not a 
function
    at autoUnblockConversation (C:/Users/edsro/Desktop/CMR/wacrm/src/lib/ai/unblock.ts:67:8)
    at processMessage (C:/Users/edsro/Desktop/CMR/wacrm/src/app/api/whatsapp/webhook/route.ts:1207:11)
    at processWebhook (C:/Users/edsro/Desktop/CMR/wacrm/src/app/api/whatsapp/webhook/route.ts:666:9)
    at C:/Users/edsro/Desktop/CMR/wacrm/src/app/api/whatsapp/webhook/route.ts:541:7
    at runWebhook (C:/Users/edsro/Desktop/CMR/wacrm/src/app/api/whatsapp/webhook/route.test.ts:654:31)
    at C:/Users/edsro/Desktop/CMR/wacrm/src/app/api/whatsapp/webhook/route.test.ts:1457:5
    at file:///C:/Users/edsro/Desktop/CMR/wacrm/node_modules/@vitest/runner/dist/chunk-artifact.js:1903:20

stdout | src/app/api/whatsapp/webhook/route.test.ts > inbound webhook: voice notes > transcribes the note and fans out on the transcript
[webhook] thread conv-1 (contact contact-1, assigned_agent_id=null)

stderr | src/app/api/whatsapp/webhook/route.test.ts > inbound webhook: voice notes > transcribes the note and fans out 
on the transcript
[ai unblock] clearStaleFlowRuns failed: Error: unexpected table: flow_runs
    at Object.from (C:/Users/edsro/Desktop/CMR/wacrm/src/app/api/whatsapp/webhook/route.test.ts:490:17)
    at clearStaleFlowRuns (C:/Users/edsro/Desktop/CMR/wacrm/src/lib/ai/unblock.ts:167:8)
    at processMessage (C:/Users/edsro/Desktop/CMR/wacrm/src/app/api/whatsapp/webhook/route.ts:1208:11)
    at processWebhook (C:/Users/edsro/Desktop/CMR/wacrm/src/app/api/whatsapp/webhook/route.ts:666:9)
    at C:/Users/edsro/Desktop/CMR/wacrm/src/app/api/whatsapp/webhook/route.ts:541:7
    at runWebhook (C:/Users/edsro/Desktop/CMR/wacrm/src/app/api/whatsapp/webhook/route.test.ts:654:31)
    at C:/Users/edsro/Desktop/CMR/wacrm/src/app/api/whatsapp/webhook/route.test.ts:1457:5
    at file:///C:/Users/edsro/Desktop/CMR/wacrm/node_modules/@vitest/runner/dist/chunk-artifact.js:1903:20

stderr | src/app/api/whatsapp/webhook/route.test.ts > inbound webhook: voice notes > transcribes the note and fans out 
on the transcript
[follow-up] cancelPendingFollowUps threw for conversation conv-1: db.from(...).update(...).eq(...).in is not a function

stderr | src/app/api/whatsapp/webhook/route.test.ts > inbound webhook: voice notes > transcribes the note and fans out 
on the transcript
[response-wait] resetResponseWaitOnInbound threw for conversation conv-1: db.from(...).select(...).eq(...).maybeSingle 
is not a function

stdout | src/app/api/whatsapp/webhook/route.test.ts > inbound webhook: voice notes > transcribes the note and fans out on the transcript
[webhook] message wamid.VOICE1: dispatching to AI auto-reply (type=audio, text="Quiero agendar una cita para el martes")

stdout | src/app/api/whatsapp/webhook/route.test.ts > inbound webhook: voice notes > transcribes the note and fans out on the transcript
[webhook] delivery processed in 46ms

 Ô£ô src/app/api/whatsapp/webhook/route.test.ts > inbound webhook: template quick-reply buttons (#478) > shows the typing indicator while the bot answers a tap 63ms
 Ô£ô src/app/api/whatsapp/webhook/route.test.ts > inbound webhook: template quick-reply buttons (#478) > falls back to the label when the template button carries no payload 62ms
 Ô£ô src/app/api/whatsapp/webhook/route.test.ts > inbound webhook: voice notes > transcribes the note and fans out on the transcript 48ms
stdout | src/app/api/whatsapp/webhook/route.test.ts > inbound webhook: voice notes > sends a friendly fallback when transcription fails
[webhook] POST received ÔÇö signature ok, 1 entry, 1 inbound message(s)
=== META WEBHOOK BODY === {
  "entry": [
    {
      "changes": [
        {
          "field": "messages",
          "value": {
            "metadata": {
              "phone_number_id": "pn-1"
            },
            "contacts": [
              {
                "wa_id": "15551230000",
                "profile": {
                  "name": "Ada"
                }
              }
            ],
            "messages": [
              {
                "id": "wamid.VOICE1",
                "from": "15551230000",
                "timestamp": "1700000000",
                "type": "audio",
                "audio": {
                  "id": "media-1",
                  "mime_type": "audio/ogg; codecs=opus"
                }
              }
            ]
          }
        }
      ]
    }
  ]
}

stdout | src/app/api/whatsapp/webhook/route.test.ts > inbound webhook: voice notes > sends a friendly fallback when transcription fails
[webhook] processing audio message wamid.VOICE1 from ÔÇª0000 (account acc-1)
-> [EXTRACTED DATA] {
  effectivePhone: '15551230000',
  meta_wa_id: '15551230000',
  extractedUser: 'Ada',
  hasRealPhone: true,
  idType: 'e164-phone',
  wa_user_id: null,
  username: null
}

stdout | src/app/api/whatsapp/webhook/route.test.ts > inbound webhook: voice notes > sends a friendly fallback when transcription fails
[webhook] thread conv-1 (contact contact-1, assigned_agent_id=null)

stderr | src/app/api/whatsapp/webhook/route.test.ts > inbound webhook: voice notes > sends a friendly fallback when 
transcription fails
[ai unblock] unexpected failure unblocking conv-1: TypeError: db.from(...).select(...).eq(...).maybeSingle is not a 
function
    at autoUnblockConversation (C:/Users/edsro/Desktop/CMR/wacrm/src/lib/ai/unblock.ts:67:8)
    at processMessage (C:/Users/edsro/Desktop/CMR/wacrm/src/app/api/whatsapp/webhook/route.ts:1207:11)
    at runNextTicks (node:internal/process/task_queues:65:5)
    at processTimers (node:internal/timers:568:9)
    at processWebhook (C:/Users/edsro/Desktop/CMR/wacrm/src/app/api/whatsapp/webhook/route.ts:666:9)
    at C:/Users/edsro/Desktop/CMR/wacrm/src/app/api/whatsapp/webhook/route.ts:541:7
    at runWebhook (C:/Users/edsro/Desktop/CMR/wacrm/src/app/api/whatsapp/webhook/route.test.ts:654:31)
    at C:/Users/edsro/Desktop/CMR/wacrm/src/app/api/whatsapp/webhook/route.test.ts:1493:5
    at file:///C:/Users/edsro/Desktop/CMR/wacrm/node_modules/@vitest/runner/dist/chunk-artifact.js:1903:20

stderr | src/app/api/whatsapp/webhook/route.test.ts > inbound webhook: voice notes > sends a friendly fallback when 
transcription fails
[ai unblock] clearStaleFlowRuns failed: Error: unexpected table: flow_runs
    at Object.from (C:/Users/edsro/Desktop/CMR/wacrm/src/app/api/whatsapp/webhook/route.test.ts:490:17)
    at clearStaleFlowRuns (C:/Users/edsro/Desktop/CMR/wacrm/src/lib/ai/unblock.ts:167:8)
    at processMessage (C:/Users/edsro/Desktop/CMR/wacrm/src/app/api/whatsapp/webhook/route.ts:1208:11)
    at runNextTicks (node:internal/process/task_queues:65:5)
    at processTimers (node:internal/timers:568:9)
    at processWebhook (C:/Users/edsro/Desktop/CMR/wacrm/src/app/api/whatsapp/webhook/route.ts:666:9)
    at C:/Users/edsro/Desktop/CMR/wacrm/src/app/api/whatsapp/webhook/route.ts:541:7
    at runWebhook (C:/Users/edsro/Desktop/CMR/wacrm/src/app/api/whatsapp/webhook/route.test.ts:654:31)
    at C:/Users/edsro/Desktop/CMR/wacrm/src/app/api/whatsapp/webhook/route.test.ts:1493:5
    at file:///C:/Users/edsro/Desktop/CMR/wacrm/node_modules/@vitest/runner/dist/chunk-artifact.js:1903:20

stderr | src/app/api/whatsapp/webhook/route.test.ts > inbound webhook: voice notes > sends a friendly fallback when 
transcription fails
[follow-up] cancelPendingFollowUps threw for conversation conv-1: db.from(...).update(...).eq(...).in is not a function

stderr | src/app/api/whatsapp/webhook/route.test.ts > inbound webhook: voice notes > sends a friendly fallback when 
transcription fails
[response-wait] resetResponseWaitOnInbound threw for conversation conv-1: db.from(...).select(...).eq(...).maybeSingle 
is not a function

stderr | src/app/api/whatsapp/webhook/route.test.ts > inbound webhook: voice notes > sends a friendly fallback when 
transcription fails
[webhook][audio] transcription failed across all providers: {
  messageId: 'wamid.VOICE1',
  mimeType: 'audio/ogg; codecs=opus',
  audioBytes: 2048
}

stdout | src/app/api/whatsapp/webhook/route.test.ts > inbound webhook: voice notes > sends a friendly fallback when transcription fails
[webhook] message wamid.VOICE1: dispatching to AI auto-reply (type=audio, text="[El usuario envi├│ un mensaje de voz]")

stdout | src/app/api/whatsapp/webhook/route.test.ts > inbound webhook: voice notes > sends a friendly fallback when transcription fails
[webhook] delivery processed in 46ms

stdout | src/app/api/whatsapp/webhook/route.test.ts > inbound webhook: voice notes > treats a non-Meta "voice" envelope like an audio note
[webhook] POST received ÔÇö signature ok, 1 entry, 1 inbound message(s)
=== META WEBHOOK BODY === {
  "entry": [
    {
      "changes": [
        {
          "field": "messages",
          "value": {
            "metadata": {
              "phone_number_id": "pn-1"
            },
            "contacts": [
              {
                "wa_id": "15551230000",
                "profile": {
                  "name": "Ada"
                }
              }
            ],
            "messages": [
              {
                "id": "wamid.VOICE2",
                "from": "15551230000",
                "timestamp": "1700000000",
                "type": "voice",
                "voice": {
                  "id": "media-2",
                  "mime_type": "audio/ogg; codecs=opus"
                }
              }
            ]
          }
        }
      ]
    }
  ]
}

stdout | src/app/api/whatsapp/webhook/route.test.ts > inbound webhook: voice notes > treats a non-Meta "voice" envelope like an audio note
[webhook] processing voice message wamid.VOICE2 from ÔÇª0000 (account acc-1)
-> [EXTRACTED DATA] {
  effectivePhone: '15551230000',
  meta_wa_id: '15551230000',
  extractedUser: 'Ada',
  hasRealPhone: true,
  idType: 'e164-phone',
  wa_user_id: null,
  username: null
}

stdout | src/app/api/whatsapp/webhook/route.test.ts > inbound webhook: voice notes > treats a non-Meta "voice" envelope like an audio note
[webhook] thread conv-1 (contact contact-1, assigned_agent_id=null)

stderr | src/app/api/whatsapp/webhook/route.test.ts > inbound webhook: voice notes > treats a non-Meta "voice" 
envelope like an audio note
[ai unblock] unexpected failure unblocking conv-1: TypeError: db.from(...).select(...).eq(...).maybeSingle is not a 
function
    at autoUnblockConversation (C:/Users/edsro/Desktop/CMR/wacrm/src/lib/ai/unblock.ts:67:8)
    at processMessage (C:/Users/edsro/Desktop/CMR/wacrm/src/app/api/whatsapp/webhook/route.ts:1207:11)
    at processWebhook (C:/Users/edsro/Desktop/CMR/wacrm/src/app/api/whatsapp/webhook/route.ts:666:9)
    at C:/Users/edsro/Desktop/CMR/wacrm/src/app/api/whatsapp/webhook/route.ts:541:7
    at runWebhook (C:/Users/edsro/Desktop/CMR/wacrm/src/app/api/whatsapp/webhook/route.test.ts:654:31)
    at C:/Users/edsro/Desktop/CMR/wacrm/src/app/api/whatsapp/webhook/route.test.ts:1536:5
    at file:///C:/Users/edsro/Desktop/CMR/wacrm/node_modules/@vitest/runner/dist/chunk-artifact.js:1903:20

stderr | src/app/api/whatsapp/webhook/route.test.ts > inbound webhook: voice notes > treats a non-Meta "voice" 
envelope like an audio note
[ai unblock] clearStaleFlowRuns failed: Error: unexpected table: flow_runs
    at Object.from (C:/Users/edsro/Desktop/CMR/wacrm/src/app/api/whatsapp/webhook/route.test.ts:490:17)
    at clearStaleFlowRuns (C:/Users/edsro/Desktop/CMR/wacrm/src/lib/ai/unblock.ts:167:8)
    at processMessage (C:/Users/edsro/Desktop/CMR/wacrm/src/app/api/whatsapp/webhook/route.ts:1208:11)
    at processWebhook (C:/Users/edsro/Desktop/CMR/wacrm/src/app/api/whatsapp/webhook/route.ts:666:9)
    at C:/Users/edsro/Desktop/CMR/wacrm/src/app/api/whatsapp/webhook/route.ts:541:7
    at runWebhook (C:/Users/edsro/Desktop/CMR/wacrm/src/app/api/whatsapp/webhook/route.test.ts:654:31)
    at C:/Users/edsro/Desktop/CMR/wacrm/src/app/api/whatsapp/webhook/route.test.ts:1536:5
    at file:///C:/Users/edsro/Desktop/CMR/wacrm/node_modules/@vitest/runner/dist/chunk-artifact.js:1903:20

stderr | src/app/api/whatsapp/webhook/route.test.ts > inbound webhook: voice notes > treats a non-Meta "voice" 
envelope like an audio note
[follow-up] cancelPendingFollowUps threw for conversation conv-1: db.from(...).update(...).eq(...).in is not a function

stderr | src/app/api/whatsapp/webhook/route.test.ts > inbound webhook: voice notes > treats a non-Meta "voice" 
envelope like an audio note
[response-wait] resetResponseWaitOnInbound threw for conversation conv-1: db.from(...).select(...).eq(...).maybeSingle 
is not a function

stdout | src/app/api/whatsapp/webhook/route.test.ts > inbound webhook: voice notes > treats a non-Meta "voice" envelope like an audio note
[webhook] message wamid.VOICE2: dispatching to AI auto-reply (type=voice, text="Quiero agendar una cita")

stdout | src/app/api/whatsapp/webhook/route.test.ts > inbound webhook: voice notes > treats a non-Meta "voice" envelope like an audio note
[webhook] delivery processed in 47ms

stdout | src/app/api/whatsapp/webhook/route.test.ts > inbound webhook: inbound media is mirrored (#466) > stores a durable bucket URL instead of the expiring proxy path
[webhook] POST received ÔÇö signature ok, 1 entry, 1 inbound message(s)
=== META WEBHOOK BODY === {
  "entry": [
    {
      "changes": [
        {
          "field": "messages",
          "value": {
            "metadata": {
              "phone_number_id": "pn-1"
            },
            "contacts": [
              {
                "wa_id": "15551230000",
                "profile": {
                  "name": "Ada"
                }
              }
            ],
            "messages": [
              {
                "id": "wamid.IMG1",
                "from": "15551230000",
                "timestamp": "1700000000",
                "type": "image",
                "image": {
                  "id": "1234567890123456",
                  "mime_type": "image/jpeg",
                  "caption": "hi"
                }
              }
            ]
          }
        }
      ]
    }
  ]
}

stdout | src/app/api/whatsapp/webhook/route.test.ts > inbound webhook: inbound media is mirrored (#466) > stores a durable bucket URL instead of the expiring proxy path
[webhook] processing image message wamid.IMG1 from ÔÇª0000 (account acc-1)
-> [EXTRACTED DATA] {
  effectivePhone: '15551230000',
  meta_wa_id: '15551230000',
  extractedUser: 'Ada',
  hasRealPhone: true,
  idType: 'e164-phone',
  wa_user_id: null,
  username: null
}

stderr | src/app/api/whatsapp/webhook/route.test.ts > inbound webhook: inbound media is mirrored (#466) > stores a 
durable bucket URL instead of the expiring proxy path
[ai unblock] unexpected failure unblocking conv-1: TypeError: db.from(...).select(...).eq(...).maybeSingle is not a 
function
    at autoUnblockConversation (C:/Users/edsro/Desktop/CMR/wacrm/src/lib/ai/unblock.ts:67:8)
    at processMessage (C:/Users/edsro/Desktop/CMR/wacrm/src/app/api/whatsapp/webhook/route.ts:1207:11)
    at processWebhook (C:/Users/edsro/Desktop/CMR/wacrm/src/app/api/whatsapp/webhook/route.ts:666:9)
    at C:/Users/edsro/Desktop/CMR/wacrm/src/app/api/whatsapp/webhook/route.ts:541:7
    at runWebhook (C:/Users/edsro/Desktop/CMR/wacrm/src/app/api/whatsapp/webhook/route.test.ts:654:31)
    at C:/Users/edsro/Desktop/CMR/wacrm/src/app/api/whatsapp/webhook/route.test.ts:1572:5
    at file:///C:/Users/edsro/Desktop/CMR/wacrm/node_modules/@vitest/runner/dist/chunk-artifact.js:1903:20

stdout | src/app/api/whatsapp/webhook/route.test.ts > inbound webhook: inbound media is mirrored (#466) > stores a durable bucket URL instead of the expiring proxy path
[webhook] thread conv-1 (contact contact-1, assigned_agent_id=null)

stderr | src/app/api/whatsapp/webhook/route.test.ts > inbound webhook: inbound media is mirrored (#466) > stores a 
durable bucket URL instead of the expiring proxy path
[ai unblock] clearStaleFlowRuns failed: Error: unexpected table: flow_runs
    at Object.from (C:/Users/edsro/Desktop/CMR/wacrm/src/app/api/whatsapp/webhook/route.test.ts:490:17)
    at clearStaleFlowRuns (C:/Users/edsro/Desktop/CMR/wacrm/src/lib/ai/unblock.ts:167:8)
    at processMessage (C:/Users/edsro/Desktop/CMR/wacrm/src/app/api/whatsapp/webhook/route.ts:1208:11)
    at processWebhook (C:/Users/edsro/Desktop/CMR/wacrm/src/app/api/whatsapp/webhook/route.ts:666:9)
    at C:/Users/edsro/Desktop/CMR/wacrm/src/app/api/whatsapp/webhook/route.ts:541:7
    at runWebhook (C:/Users/edsro/Desktop/CMR/wacrm/src/app/api/whatsapp/webhook/route.test.ts:654:31)
    at C:/Users/edsro/Desktop/CMR/wacrm/src/app/api/whatsapp/webhook/route.test.ts:1572:5
    at file:///C:/Users/edsro/Desktop/CMR/wacrm/node_modules/@vitest/runner/dist/chunk-artifact.js:1903:20

stderr | src/app/api/whatsapp/webhook/route.test.ts > inbound webhook: inbound media is mirrored (#466) > stores a 
durable bucket URL instead of the expiring proxy path
[follow-up] cancelPendingFollowUps threw for conversation conv-1: db.from(...).update(...).eq(...).in is not a function

stderr | src/app/api/whatsapp/webhook/route.test.ts > inbound webhook: inbound media is mirrored (#466) > stores a 
durable bucket URL instead of the expiring proxy path
[response-wait] resetResponseWaitOnInbound threw for conversation conv-1: db.from(...).select(...).eq(...).maybeSingle 
is not a function

 Ô£ô src/app/api/whatsapp/webhook/route.test.ts > inbound webhook: voice notes > sends a friendly fallback when transcription fails 47ms
 Ô£ô src/app/api/whatsapp/webhook/route.test.ts > inbound webhook: voice notes > treats a non-Meta "voice" envelope like an audio note 48ms
stdout | src/app/api/whatsapp/webhook/route.test.ts > inbound webhook: inbound media is mirrored (#466) > stores a durable bucket URL instead of the expiring proxy path
[webhook] message wamid.IMG1: dispatching to AI auto-reply (type=image, text="hi")

stdout | src/app/api/whatsapp/webhook/route.test.ts > inbound webhook: inbound media is mirrored (#466) > stores a durable bucket URL instead of the expiring proxy path
[webhook] delivery processed in 45ms

stdout | src/app/api/whatsapp/webhook/route.test.ts > inbound webhook: inbound media is mirrored (#466) > falls back to the proxy URL when the upload is refused
[webhook] POST received ÔÇö signature ok, 1 entry, 1 inbound message(s)
=== META WEBHOOK BODY === {
  "entry": [
    {
      "changes": [
        {
          "field": "messages",
          "value": {
            "metadata": {
              "phone_number_id": "pn-1"
            },
            "contacts": [
              {
                "wa_id": "15551230000",
                "profile": {
                  "name": "Ada"
                }
              }
            ],
            "messages": [
              {
                "id": "wamid.IMG1",
                "from": "15551230000",
                "timestamp": "1700000000",
                "type": "image",
                "image": {
                  "id": "1234567890123456",
                  "mime_type": "image/jpeg",
                  "caption": "hi"
                }
              }
            ]
          }
        }
      ]
    }
  ]
}

stdout | src/app/api/whatsapp/webhook/route.test.ts > inbound webhook: inbound media is mirrored (#466) > falls back to the proxy URL when the upload is refused
[webhook] processing image message wamid.IMG1 from ÔÇª0000 (account acc-1)
-> [EXTRACTED DATA] {
  effectivePhone: '15551230000',
  meta_wa_id: '15551230000',
  extractedUser: 'Ada',
  hasRealPhone: true,
  idType: 'e164-phone',
  wa_user_id: null,
  username: null
}

stdout | src/app/api/whatsapp/webhook/route.test.ts > inbound webhook: inbound media is mirrored (#466) > falls back to the proxy URL when the upload is refused
[webhook] thread conv-1 (contact contact-1, assigned_agent_id=null)

stderr | src/app/api/whatsapp/webhook/route.test.ts > inbound webhook: inbound media is mirrored (#466) > falls back 
to the proxy URL when the upload is refused
[ai unblock] unexpected failure unblocking conv-1: TypeError: db.from(...).select(...).eq(...).maybeSingle is not a 
function
    at autoUnblockConversation (C:/Users/edsro/Desktop/CMR/wacrm/src/lib/ai/unblock.ts:67:8)
    at processMessage (C:/Users/edsro/Desktop/CMR/wacrm/src/app/api/whatsapp/webhook/route.ts:1207:11)
    at processWebhook (C:/Users/edsro/Desktop/CMR/wacrm/src/app/api/whatsapp/webhook/route.ts:666:9)
    at C:/Users/edsro/Desktop/CMR/wacrm/src/app/api/whatsapp/webhook/route.ts:541:7
    at runWebhook (C:/Users/edsro/Desktop/CMR/wacrm/src/app/api/whatsapp/webhook/route.test.ts:654:31)
    at C:/Users/edsro/Desktop/CMR/wacrm/src/app/api/whatsapp/webhook/route.test.ts:1590:5
    at file:///C:/Users/edsro/Desktop/CMR/wacrm/node_modules/@vitest/runner/dist/chunk-artifact.js:1903:20

stderr | src/app/api/whatsapp/webhook/route.test.ts > inbound webhook: inbound media is mirrored (#466) > falls back 
to the proxy URL when the upload is refused
[ai unblock] clearStaleFlowRuns failed: Error: unexpected table: flow_runs
    at Object.from (C:/Users/edsro/Desktop/CMR/wacrm/src/app/api/whatsapp/webhook/route.test.ts:490:17)
    at clearStaleFlowRuns (C:/Users/edsro/Desktop/CMR/wacrm/src/lib/ai/unblock.ts:167:8)
    at processMessage (C:/Users/edsro/Desktop/CMR/wacrm/src/app/api/whatsapp/webhook/route.ts:1208:11)
    at processWebhook (C:/Users/edsro/Desktop/CMR/wacrm/src/app/api/whatsapp/webhook/route.ts:666:9)
    at C:/Users/edsro/Desktop/CMR/wacrm/src/app/api/whatsapp/webhook/route.ts:541:7
    at runWebhook (C:/Users/edsro/Desktop/CMR/wacrm/src/app/api/whatsapp/webhook/route.test.ts:654:31)
    at C:/Users/edsro/Desktop/CMR/wacrm/src/app/api/whatsapp/webhook/route.test.ts:1590:5
    at file:///C:/Users/edsro/Desktop/CMR/wacrm/node_modules/@vitest/runner/dist/chunk-artifact.js:1903:20

stderr | src/app/api/whatsapp/webhook/route.test.ts > inbound webhook: inbound media is mirrored (#466) > falls back 
to the proxy URL when the upload is refused
[mirror-media] upload failed for 1234567890123456 (image/jpeg): mime type not supported

stderr | src/app/api/whatsapp/webhook/route.test.ts > inbound webhook: inbound media is mirrored (#466) > falls back 
to the proxy URL when the upload is refused
[follow-up] cancelPendingFollowUps threw for conversation conv-1: db.from(...).update(...).eq(...).in is not a function

stderr | src/app/api/whatsapp/webhook/route.test.ts > inbound webhook: inbound media is mirrored (#466) > falls back 
to the proxy URL when the upload is refused
[response-wait] resetResponseWaitOnInbound threw for conversation conv-1: db.from(...).select(...).eq(...).maybeSingle 
is not a function

stdout | src/app/api/whatsapp/webhook/route.test.ts > inbound webhook: inbound media is mirrored (#466) > falls back to the proxy URL when the upload is refused
[webhook] message wamid.IMG1: dispatching to AI auto-reply (type=image, text="hi")

stdout | src/app/api/whatsapp/webhook/route.test.ts > inbound webhook: inbound media is mirrored (#466) > falls back to the proxy URL when the upload is refused
[webhook] delivery processed in 47ms

stdout | src/app/api/whatsapp/webhook/route.test.ts > inbound webhook: inbound media is mirrored (#466) > falls back to the proxy URL when the download from Meta throws
[webhook] POST received ÔÇö signature ok, 1 entry, 1 inbound message(s)
=== META WEBHOOK BODY === {
  "entry": [
    {
      "changes": [
        {
          "field": "messages",
          "value": {
            "metadata": {
              "phone_number_id": "pn-1"
            },
            "contacts": [
              {
                "wa_id": "15551230000",
                "profile": {
                  "name": "Ada"
                }
              }
            ],
            "messages": [
              {
                "id": "wamid.IMG1",
                "from": "15551230000",
                "timestamp": "1700000000",
                "type": "image",
                "image": {
                  "id": "1234567890123456",
                  "mime_type": "image/jpeg",
                  "caption": "hi"
                }
              }
            ]
          }
        }
      ]
    }
  ]
}

stdout | src/app/api/whatsapp/webhook/route.test.ts > inbound webhook: inbound media is mirrored (#466) > falls back to the proxy URL when the download from Meta throws
[webhook] processing image message wamid.IMG1 from ÔÇª0000 (account acc-1)
-> [EXTRACTED DATA] {
  effectivePhone: '15551230000',
  meta_wa_id: '15551230000',
  extractedUser: 'Ada',
  hasRealPhone: true,
  idType: 'e164-phone',
  wa_user_id: null,
  username: null
}

stdout | src/app/api/whatsapp/webhook/route.test.ts > inbound webhook: inbound media is mirrored (#466) > falls back to the proxy URL when the download from Meta throws
[webhook] thread conv-1 (contact contact-1, assigned_agent_id=null)

stderr | src/app/api/whatsapp/webhook/route.test.ts > inbound webhook: inbound media is mirrored (#466) > falls back 
to the proxy URL when the download from Meta throws
[ai unblock] unexpected failure unblocking conv-1: TypeError: db.from(...).select(...).eq(...).maybeSingle is not a 
function
    at autoUnblockConversation (C:/Users/edsro/Desktop/CMR/wacrm/src/lib/ai/unblock.ts:67:8)
    at processMessage (C:/Users/edsro/Desktop/CMR/wacrm/src/app/api/whatsapp/webhook/route.ts:1207:11)
    at processWebhook (C:/Users/edsro/Desktop/CMR/wacrm/src/app/api/whatsapp/webhook/route.ts:666:9)
    at C:/Users/edsro/Desktop/CMR/wacrm/src/app/api/whatsapp/webhook/route.ts:541:7
    at runWebhook (C:/Users/edsro/Desktop/CMR/wacrm/src/app/api/whatsapp/webhook/route.test.ts:654:31)
    at C:/Users/edsro/Desktop/CMR/wacrm/src/app/api/whatsapp/webhook/route.test.ts:1604:5
    at file:///C:/Users/edsro/Desktop/CMR/wacrm/node_modules/@vitest/runner/dist/chunk-artifact.js:1903:20

stderr | src/app/api/whatsapp/webhook/route.test.ts > inbound webhook: inbound media is mirrored (#466) > falls back 
to the proxy URL when the download from Meta throws
[ai unblock] clearStaleFlowRuns failed: Error: unexpected table: flow_runs
    at Object.from (C:/Users/edsro/Desktop/CMR/wacrm/src/app/api/whatsapp/webhook/route.test.ts:490:17)
    at clearStaleFlowRuns (C:/Users/edsro/Desktop/CMR/wacrm/src/lib/ai/unblock.ts:167:8)
    at processMessage (C:/Users/edsro/Desktop/CMR/wacrm/src/app/api/whatsapp/webhook/route.ts:1208:11)
    at processWebhook (C:/Users/edsro/Desktop/CMR/wacrm/src/app/api/whatsapp/webhook/route.ts:666:9)
    at C:/Users/edsro/Desktop/CMR/wacrm/src/app/api/whatsapp/webhook/route.ts:541:7
    at runWebhook (C:/Users/edsro/Desktop/CMR/wacrm/src/app/api/whatsapp/webhook/route.test.ts:654:31)
    at C:/Users/edsro/Desktop/CMR/wacrm/src/app/api/whatsapp/webhook/route.test.ts:1604:5
    at file:///C:/Users/edsro/Desktop/CMR/wacrm/node_modules/@vitest/runner/dist/chunk-artifact.js:1903:20

stderr | src/app/api/whatsapp/webhook/route.test.ts > inbound webhook: inbound media is mirrored (#466) > falls back 
to the proxy URL when the download from Meta throws
[mirror-media] could not mirror 1234567890123456: Media download failed: 404

stderr | src/app/api/whatsapp/webhook/route.test.ts > inbound webhook: inbound media is mirrored (#466) > falls back 
to the proxy URL when the download from Meta throws
[follow-up] cancelPendingFollowUps threw for conversation conv-1: db.from(...).update(...).eq(...).in is not a function

stderr | src/app/api/whatsapp/webhook/route.test.ts > inbound webhook: inbound media is mirrored (#466) > falls back 
to the proxy URL when the download from Meta throws
[response-wait] resetResponseWaitOnInbound threw for conversation conv-1: db.from(...).select(...).eq(...).maybeSingle 
is not a function

stdout | src/app/api/whatsapp/webhook/route.test.ts > inbound webhook: inbound media is mirrored (#466) > falls back to the proxy URL when the download from Meta throws
[webhook] message wamid.IMG1: dispatching to AI auto-reply (type=image, text="hi")

stdout | src/app/api/whatsapp/webhook/route.test.ts > inbound webhook: inbound media is mirrored (#466) > falls back to the proxy URL when the download from Meta throws
[webhook] delivery processed in 31ms

 Ô£ô src/app/api/whatsapp/webhook/route.test.ts > inbound webhook: inbound media is mirrored (#466) > stores a durable bucket URL instead of the expiring proxy path 46ms
 Ô£ô src/app/api/whatsapp/webhook/route.test.ts > inbound webhook: inbound media is mirrored (#466) > falls back to the proxy URL when the upload is refused 47ms
 Ô£ô src/app/api/whatsapp/webhook/route.test.ts > inbound webhook: inbound media is mirrored (#466) > falls back to the proxy URL when the download from Meta throws 32ms
stdout | src/app/api/whatsapp/webhook/route.test.ts > inbound webhook: inbound media is mirrored (#466) > skips media larger than the bucket accepts, without downloading it
[webhook] POST received ÔÇö signature ok, 1 entry, 1 inbound message(s)
=== META WEBHOOK BODY === {
  "entry": [
    {
      "changes": [
        {
          "field": "messages",
          "value": {
            "metadata": {
              "phone_number_id": "pn-1"
            },
            "contacts": [
              {
                "wa_id": "15551230000",
                "profile": {
                  "name": "Ada"
                }
              }
            ],
            "messages": [
              {
                "id": "wamid.DOC1",
                "from": "15551230000",
                "timestamp": "1700000000",
                "type": "document",
                "document": {
                  "id": "999",
                  "mime_type": "application/pdf",
                  "filename": "huge.pdf"
                }
              }
            ]
          }
        }
      ]
    }
  ]
}

stdout | src/app/api/whatsapp/webhook/route.test.ts > inbound webhook: inbound media is mirrored (#466) > skips media larger than the bucket accepts, without downloading it
[webhook] processing document message wamid.DOC1 from ÔÇª0000 (account acc-1)
-> [EXTRACTED DATA] {
  effectivePhone: '15551230000',
  meta_wa_id: '15551230000',
  extractedUser: 'Ada',
  hasRealPhone: true,
  idType: 'e164-phone',
  wa_user_id: null,
  username: null
}

stdout | src/app/api/whatsapp/webhook/route.test.ts > inbound webhook: inbound media is mirrored (#466) > skips media larger than the bucket accepts, without downloading it
[webhook] thread conv-1 (contact contact-1, assigned_agent_id=null)

stderr | src/app/api/whatsapp/webhook/route.test.ts > inbound webhook: inbound media is mirrored (#466) > skips media 
larger than the bucket accepts, without downloading it
[ai unblock] unexpected failure unblocking conv-1: TypeError: db.from(...).select(...).eq(...).maybeSingle is not a 
function
    at autoUnblockConversation (C:/Users/edsro/Desktop/CMR/wacrm/src/lib/ai/unblock.ts:67:8)
    at processMessage (C:/Users/edsro/Desktop/CMR/wacrm/src/app/api/whatsapp/webhook/route.ts:1207:11)
    at processWebhook (C:/Users/edsro/Desktop/CMR/wacrm/src/app/api/whatsapp/webhook/route.ts:666:9)
    at C:/Users/edsro/Desktop/CMR/wacrm/src/app/api/whatsapp/webhook/route.ts:541:7
    at runWebhook (C:/Users/edsro/Desktop/CMR/wacrm/src/app/api/whatsapp/webhook/route.test.ts:654:31)
    at C:/Users/edsro/Desktop/CMR/wacrm/src/app/api/whatsapp/webhook/route.test.ts:1618:5
    at file:///C:/Users/edsro/Desktop/CMR/wacrm/node_modules/@vitest/runner/dist/chunk-artifact.js:1903:20

stderr | src/app/api/whatsapp/webhook/route.test.ts > inbound webhook: inbound media is mirrored (#466) > skips media 
larger than the bucket accepts, without downloading it
[ai unblock] clearStaleFlowRuns failed: Error: unexpected table: flow_runs
    at Object.from (C:/Users/edsro/Desktop/CMR/wacrm/src/app/api/whatsapp/webhook/route.test.ts:490:17)
    at clearStaleFlowRuns (C:/Users/edsro/Desktop/CMR/wacrm/src/lib/ai/unblock.ts:167:8)
    at processMessage (C:/Users/edsro/Desktop/CMR/wacrm/src/app/api/whatsapp/webhook/route.ts:1208:11)
    at processWebhook (C:/Users/edsro/Desktop/CMR/wacrm/src/app/api/whatsapp/webhook/route.ts:666:9)
    at C:/Users/edsro/Desktop/CMR/wacrm/src/app/api/whatsapp/webhook/route.ts:541:7
    at runWebhook (C:/Users/edsro/Desktop/CMR/wacrm/src/app/api/whatsapp/webhook/route.test.ts:654:31)
    at C:/Users/edsro/Desktop/CMR/wacrm/src/app/api/whatsapp/webhook/route.test.ts:1618:5
    at file:///C:/Users/edsro/Desktop/CMR/wacrm/node_modules/@vitest/runner/dist/chunk-artifact.js:1903:20

stderr | src/app/api/whatsapp/webhook/route.test.ts > inbound webhook: inbound media is mirrored (#466) > skips media 
larger than the bucket accepts, without downloading it
[mirror-media] skipping 999: 41943040 bytes exceeds the 16777216-byte bucket limit

stderr | src/app/api/whatsapp/webhook/route.test.ts > inbound webhook: inbound media is mirrored (#466) > skips media 
larger than the bucket accepts, without downloading it
[follow-up] cancelPendingFollowUps threw for conversation conv-1: db.from(...).update(...).eq(...).in is not a function

stderr | src/app/api/whatsapp/webhook/route.test.ts > inbound webhook: inbound media is mirrored (#466) > skips media 
larger than the bucket accepts, without downloading it
[response-wait] resetResponseWaitOnInbound threw for conversation conv-1: db.from(...).select(...).eq(...).maybeSingle 
is not a function

stderr | src/lib/ai/auto-reply.test.ts > dispatchInboundToAiReply ÔÇö eligibility gates > a knowledge-base hang past 
the 2.5s ceiling still answers
[ai auto-reply] knowledge retrieval unavailable for account acct-1 ÔÇö continuing WITHOUT the knowledge base so the 
customer still gets an answer: [ai auto-reply] knowledge retrieval timed out after 2500ms

stdout | src/lib/ai/auto-reply.test.ts > dispatchInboundToAiReply ÔÇö eligibility gates > a knowledge-base hang past the 2.5s ceiling still answers
[ai auto-reply] calling openai/gpt-test ÔÇö round 1/4, 1 message(s) in context

stdout | src/lib/ai/auto-reply.test.ts > dispatchInboundToAiReply ÔÇö eligibility gates > a knowledge-base hang past the 2.5s ceiling still answers
[ai auto-reply] provider replied ÔÇö text=6 chars, toolCalls=0

stdout | src/lib/ai/auto-reply.test.ts > dispatchInboundToAiReply ÔÇö eligibility gates > a knowledge-base hang past the 2.5s ceiling still answers
[AUTO-REPLY] Mensaje enviado con ├®xito a WhatsApp: { whatsapp_message_id: 'm1' }
[follow-up] automatic 10m stage skipped for conversation conv-1 ÔÇö Timer 1 is manual-only (arm via "+ Programar").

 Ô£ô src/lib/ai/auto-reply.test.ts > dispatchInboundToAiReply ÔÇö eligibility gates > a knowledge-base hang past the 2.5s ceiling still answers 2512ms
stdout | src/lib/ai/auto-reply.test.ts > dispatchInboundToAiReply ÔÇö eligibility gates > a contact-context failure does not block the reply
[ai auto-reply] dispatch requested ÔÇö conversation conv-1, contact contact-1, account acct-1

stdout | src/lib/ai/auto-reply.test.ts > dispatchInboundToAiReply ÔÇö eligibility gates > a contact-context failure does not block the reply
[ai auto-reply] config OK ÔÇö provider=openai model=gpt-test key_fingerprint=f3abf2a6 is_active=true auto_reply_enabled=true

stderr | src/lib/ai/auto-reply.test.ts > dispatchInboundToAiReply ÔÇö eligibility gates > a contact-context failure 
does not block the reply
[ai auto-reply] contact context unavailable for contact contact-1 ÔÇö continuing without it: contacts read failed

stdout | src/lib/ai/auto-reply.test.ts > dispatchInboundToAiReply ÔÇö eligibility gates > a contact-context failure does not block the reply
[ai auto-reply] calling openai/gpt-test ÔÇö round 1/4, 1 message(s) in context

stdout | src/lib/ai/auto-reply.test.ts > dispatchInboundToAiReply ÔÇö eligibility gates > a contact-context failure does not block the reply
[ai auto-reply] provider replied ÔÇö text=6 chars, toolCalls=0

stdout | src/lib/ai/auto-reply.test.ts > dispatchInboundToAiReply ÔÇö eligibility gates > a contact-context failure does not block the reply
[AUTO-REPLY] Mensaje enviado con ├®xito a WhatsApp: { whatsapp_message_id: 'm1' }
[follow-up] automatic 10m stage skipped for conversation conv-1 ÔÇö Timer 1 is manual-only (arm via "+ Programar").

stdout | src/lib/ai/auto-reply.test.ts > dispatchInboundToAiReply ÔÇö eligibility gates > skips when the per-conversation cap is reached (a low stored value never blocks)
[ai auto-reply] dispatch requested ÔÇö conversation conv-1, contact contact-1, account acct-1

stdout | src/lib/ai/auto-reply.test.ts > dispatchInboundToAiReply ÔÇö eligibility gates > skips when the per-conversation cap is reached (a low stored value never blocks)
[ai auto-reply] config OK ÔÇö provider=openai model=gpt-test key_fingerprint=f3abf2a6 is_active=true auto_reply_enabled=true

stdout | src/lib/ai/auto-reply.test.ts > dispatchInboundToAiReply ÔÇö eligibility gates > skips when the per-conversation cap is reached (a low stored value never blocks)
[ai auto-reply] calling openai/gpt-test ÔÇö round 1/4, 1 message(s) in context

stdout | src/lib/ai/auto-reply.test.ts > dispatchInboundToAiReply ÔÇö eligibility gates > skips when the per-conversation cap is reached (a low stored value never blocks)
[ai auto-reply] provider replied ÔÇö text=6 chars, toolCalls=0

stdout | src/lib/ai/auto-reply.test.ts > dispatchInboundToAiReply ÔÇö eligibility gates > skips when the per-conversation cap is reached (a low stored value never blocks)
[AUTO-REPLY] Mensaje enviado con ├®xito a WhatsApp: { whatsapp_message_id: 'm1' }
[follow-up] automatic 10m stage skipped for conversation conv-1 ÔÇö Timer 1 is manual-only (arm via "+ Programar").

stdout | src/lib/ai/auto-reply.test.ts > dispatchInboundToAiReply ÔÇö eligibility gates > replies unlimited when autoReplyMaxPerConversation is 0
[ai auto-reply] dispatch requested ÔÇö conversation conv-1, contact contact-1, account acct-1

stdout | src/lib/ai/auto-reply.test.ts > dispatchInboundToAiReply ÔÇö eligibility gates > replies unlimited when autoReplyMaxPerConversation is 0
[ai auto-reply] config OK ÔÇö provider=openai model=gpt-test key_fingerprint=f3abf2a6 is_active=true auto_reply_enabled=true

stdout | src/lib/ai/auto-reply.test.ts > dispatchInboundToAiReply ÔÇö eligibility gates > replies unlimited when autoReplyMaxPerConversation is 0
[ai auto-reply] calling openai/gpt-test ÔÇö round 1/4, 1 message(s) in context

stdout | src/lib/ai/auto-reply.test.ts > dispatchInboundToAiReply ÔÇö eligibility gates > replies unlimited when autoReplyMaxPerConversation is 0
[ai auto-reply] provider replied ÔÇö text=6 chars, toolCalls=0

stdout | src/lib/ai/auto-reply.test.ts > dispatchInboundToAiReply ÔÇö eligibility gates > replies unlimited when autoReplyMaxPerConversation is 0
[AUTO-REPLY] Mensaje enviado con ├®xito a WhatsApp: { whatsapp_message_id: 'm1' }
[follow-up] automatic 10m stage skipped for conversation conv-1 ÔÇö Timer 1 is manual-only (arm via "+ Programar").

stdout | src/lib/ai/auto-reply.test.ts > dispatchInboundToAiReply ÔÇö eligibility gates > skips when there is nothing to reply to
[ai auto-reply] dispatch requested ÔÇö conversation conv-1, contact contact-1, account acct-1

stdout | src/lib/ai/auto-reply.test.ts > dispatchInboundToAiReply ÔÇö eligibility gates > skips when there is nothing to reply to
[ai auto-reply] config OK ÔÇö provider=openai model=gpt-test key_fingerprint=f3abf2a6 is_active=true auto_reply_enabled=true

stderr | src/lib/ai/auto-reply.test.ts > dispatchInboundToAiReply ÔÇö eligibility gates > skips when there is nothing 
to reply to
[ai auto-reply] conversation context for conv-1 came back empty ÔÇö nothing to answer.

stdout | src/lib/ai/auto-reply.test.ts > dispatchInboundToAiReply ÔÇö eligibility gates > skips without muting when the account is over its rate limit
[ai auto-reply] dispatch requested ÔÇö conversation conv-1, contact contact-1, account acct-1

stdout | src/lib/ai/auto-reply.test.ts > dispatchInboundToAiReply ÔÇö eligibility gates > skips without muting when the account is over its rate limit
[ai auto-reply] config OK ÔÇö provider=openai model=gpt-test key_fingerprint=f3abf2a6 is_active=true auto_reply_enabled=true

stderr | src/lib/ai/auto-reply.test.ts > dispatchInboundToAiReply ÔÇö eligibility gates > skips without muting when 
the account is over its rate limit
[ai auto-reply] account acct-1 hit the per-account rate limit ÔÇö skipping this inbound.

stdout | src/lib/ai/auto-reply.test.ts > dispatchInboundToAiReply ÔÇö handoff > never mutes, and answers instead of staying silent, when the model yields nothing
[ai auto-reply] dispatch requested ÔÇö conversation conv-1, contact contact-1, account acct-1

stdout | src/lib/ai/auto-reply.test.ts > dispatchInboundToAiReply ÔÇö handoff > never mutes, and answers instead of staying silent, when the model yields nothing
[ai auto-reply] config OK ÔÇö provider=openai model=gpt-test key_fingerprint=f3abf2a6 is_active=true auto_reply_enabled=true

stdout | src/lib/ai/auto-reply.test.ts > dispatchInboundToAiReply ÔÇö handoff > never mutes, and answers instead of staying silent, when the model yields nothing
[ai auto-reply] calling openai/gpt-test ÔÇö round 1/4, 1 message(s) in context

stdout | src/lib/ai/auto-reply.test.ts > dispatchInboundToAiReply ÔÇö handoff > never mutes, and answers instead of staying silent, when the model yields nothing
[ai auto-reply] provider replied ÔÇö text=0 chars, toolCalls=0

stdout | src/lib/ai/auto-reply.test.ts > dispatchInboundToAiReply ÔÇö handoff > never mutes, and answers instead of staying silent, when the model yields nothing
[ai auto-reply] no final text ÔÇö sending a neutral acknowledgement instead of staying silent.

stdout | src/lib/ai/auto-reply.test.ts > dispatchInboundToAiReply ÔÇö handoff > never mutes, and answers instead of staying silent, when the model yields nothing
[AUTO-REPLY] Mensaje enviado con ├®xito a WhatsApp: { whatsapp_message_id: 'm1' }
[follow-up] automatic 10m stage skipped for conversation conv-1 ÔÇö Timer 1 is manual-only (arm via "+ Programar").

stdout | src/lib/ai/auto-reply.test.ts > dispatchInboundToAiReply ÔÇö handoff > never auto-assigns to the handoff agent when the model yields nothing
[ai auto-reply] dispatch requested ÔÇö conversation conv-1, contact contact-1, account acct-1

stdout | src/lib/ai/auto-reply.test.ts > dispatchInboundToAiReply ÔÇö handoff > never auto-assigns to the handoff agent when the model yields nothing
[ai auto-reply] config OK ÔÇö provider=openai model=gpt-test key_fingerprint=f3abf2a6 is_active=true auto_reply_enabled=true

stdout | src/lib/ai/auto-reply.test.ts > dispatchInboundToAiReply ÔÇö handoff > never auto-assigns to the handoff agent when the model yields nothing
[ai auto-reply] calling openai/gpt-test ÔÇö round 1/4, 1 message(s) in context

stdout | src/lib/ai/auto-reply.test.ts > dispatchInboundToAiReply ÔÇö handoff > never auto-assigns to the handoff agent when the model yields nothing
[ai auto-reply] provider replied ÔÇö text=0 chars, toolCalls=0

stdout | src/lib/ai/auto-reply.test.ts > dispatchInboundToAiReply ÔÇö handoff > never auto-assigns to the handoff agent when the model yields nothing
[ai auto-reply] no final text ÔÇö sending a neutral acknowledgement instead of staying silent.

stdout | src/lib/ai/auto-reply.test.ts > dispatchInboundToAiReply ÔÇö handoff > never auto-assigns to the handoff agent when the model yields nothing
[AUTO-REPLY] Mensaje enviado con ├®xito a WhatsApp: { whatsapp_message_id: 'm1' }
[follow-up] automatic 10m stage skipped for conversation conv-1 ÔÇö Timer 1 is manual-only (arm via "+ Programar").

stdout | src/lib/ai/auto-reply.test.ts > dispatchInboundToAiReply ÔÇö tool-call lifecycle > executes the tool, then makes a second LLM pass to confirm with the Meet link
[ai auto-reply] dispatch requested ÔÇö conversation conv-1, contact contact-1, account acct-1

stdout | src/lib/ai/auto-reply.test.ts > dispatchInboundToAiReply ÔÇö tool-call lifecycle > executes the tool, then makes a second LLM pass to confirm with the Meet link
[ai auto-reply] config OK ÔÇö provider=openai model=gpt-test key_fingerprint=f3abf2a6 is_active=true auto_reply_enabled=true

stdout | src/lib/ai/auto-reply.test.ts > dispatchInboundToAiReply ÔÇö tool-call lifecycle > executes the tool, then makes a second LLM pass to confirm with the Meet link
[ai auto-reply] calling openai/gpt-test ÔÇö round 1/4, 1 message(s) in context

stdout | src/lib/ai/auto-reply.test.ts > dispatchInboundToAiReply ÔÇö tool-call lifecycle > executes the tool, then makes a second LLM pass to confirm with the Meet link
[ai auto-reply] provider replied ÔÇö text=0 chars, toolCalls=1

stdout | src/lib/ai/auto-reply.test.ts > dispatchInboundToAiReply ÔÇö tool-call lifecycle > executes the tool, then makes a second LLM pass to confirm with the Meet link
[ai auto-reply] calling openai/gpt-test ÔÇö round 2/4, 3 message(s) in context

stdout | src/lib/ai/auto-reply.test.ts > dispatchInboundToAiReply ÔÇö tool-call lifecycle > executes the tool, then makes a second LLM pass to confirm with the Meet link
[ai auto-reply] provider replied ÔÇö text=82 chars, toolCalls=0

stdout | src/lib/ai/auto-reply.test.ts > dispatchInboundToAiReply ÔÇö tool-call lifecycle > executes the tool, then makes a second LLM pass to confirm with the Meet link
[AUTO-REPLY] Mensaje enviado con ├®xito a WhatsApp: { whatsapp_message_id: 'm1' }
[follow-up] automatic 10m stage skipped for conversation conv-1 ÔÇö Timer 1 is manual-only (arm via "+ Programar").

stdout | src/lib/ai/auto-reply.test.ts > dispatchInboundToAiReply ÔÇö tool-call lifecycle > dispatches the booked confirmation even when repeated tool calls exhaust the round budget
[ai auto-reply] dispatch requested ÔÇö conversation conv-1, contact contact-1, account acct-1

stdout | src/lib/ai/auto-reply.test.ts > dispatchInboundToAiReply ÔÇö tool-call lifecycle > dispatches the booked confirmation even when repeated tool calls exhaust the round budget
[ai auto-reply] config OK ÔÇö provider=openai model=gpt-test key_fingerprint=f3abf2a6 is_active=true auto_reply_enabled=true

stdout | src/lib/ai/auto-reply.test.ts > dispatchInboundToAiReply ÔÇö tool-call lifecycle > dispatches the booked confirmation even when repeated tool calls exhaust the round budget
[ai auto-reply] calling openai/gpt-test ÔÇö round 1/4, 1 message(s) in context

stdout | src/lib/ai/auto-reply.test.ts > dispatchInboundToAiReply ÔÇö tool-call lifecycle > dispatches the booked confirmation even when repeated tool calls exhaust the round budget
[ai auto-reply] provider replied ÔÇö text=0 chars, toolCalls=1

stdout | src/lib/ai/auto-reply.test.ts > dispatchInboundToAiReply ÔÇö tool-call lifecycle > dispatches the booked confirmation even when repeated tool calls exhaust the round budget
[ai auto-reply] calling openai/gpt-test ÔÇö round 2/4, 3 message(s) in context

stdout | src/lib/ai/auto-reply.test.ts > dispatchInboundToAiReply ÔÇö tool-call lifecycle > dispatches the booked confirmation even when repeated tool calls exhaust the round budget
[ai auto-reply] provider replied ÔÇö text=0 chars, toolCalls=1

stdout | src/lib/ai/auto-reply.test.ts > dispatchInboundToAiReply ÔÇö tool-call lifecycle > dispatches the booked confirmation even when repeated tool calls exhaust the round budget
[ai auto-reply] calling openai/gpt-test ÔÇö round 3/4, 5 message(s) in context

stdout | src/lib/ai/auto-reply.test.ts > dispatchInboundToAiReply ÔÇö tool-call lifecycle > dispatches the booked confirmation even when repeated tool calls exhaust the round budget
[ai auto-reply] provider replied ÔÇö text=0 chars, toolCalls=1

stdout | src/lib/ai/auto-reply.test.ts > dispatchInboundToAiReply ÔÇö tool-call lifecycle > dispatches the booked confirmation even when repeated tool calls exhaust the round budget
[ai auto-reply] calling openai/gpt-test ÔÇö round 4/4, 7 message(s) in context

stdout | src/lib/ai/auto-reply.test.ts > dispatchInboundToAiReply ÔÇö tool-call lifecycle > dispatches the booked confirmation even when repeated tool calls exhaust the round budget
[ai auto-reply] provider replied ÔÇö text=0 chars, toolCalls=1

stdout | src/lib/ai/auto-reply.test.ts > dispatchInboundToAiReply ÔÇö tool-call lifecycle > dispatches the booked confirmation even when repeated tool calls exhaust the round budget
[AUTO-REPLY] Mensaje enviado con ├®xito a WhatsApp: { whatsapp_message_id: 'm1' }
[follow-up] automatic 10m stage skipped for conversation conv-1 ÔÇö Timer 1 is manual-only (arm via "+ Programar").

stdout | src/lib/ai/auto-reply.test.ts > dispatchInboundToAiReply ÔÇö tool-call lifecycle > never goes silent when the scheduling tool throws ÔÇö sends the fallback
[ai auto-reply] dispatch requested ÔÇö conversation conv-1, contact contact-1, account acct-1

stdout | src/lib/ai/auto-reply.test.ts > dispatchInboundToAiReply ÔÇö tool-call lifecycle > never goes silent when the scheduling tool throws ÔÇö sends the fallback
[ai auto-reply] config OK ÔÇö provider=openai model=gpt-test key_fingerprint=f3abf2a6 is_active=true auto_reply_enabled=true

stdout | src/lib/ai/auto-reply.test.ts > dispatchInboundToAiReply ÔÇö tool-call lifecycle > never goes silent when the scheduling tool throws ÔÇö sends the fallback
[ai auto-reply] calling openai/gpt-test ÔÇö round 1/4, 1 message(s) in context

stdout | src/lib/ai/auto-reply.test.ts > dispatchInboundToAiReply ÔÇö tool-call lifecycle > never goes silent when the scheduling tool throws ÔÇö sends the fallback
[ai auto-reply] provider replied ÔÇö text=0 chars, toolCalls=1

stderr | src/lib/ai/auto-reply.test.ts > dispatchInboundToAiReply ÔÇö tool-call lifecycle > never goes silent when the 
scheduling tool throws ÔÇö sends the fallback
[ai auto-reply] tool "agendar_cita" threw: Error: network timeout
    at C:/Users/edsro/Desktop/CMR/wacrm/src/lib/ai/auto-reply.test.ts:678:41
    at file:///C:/Users/edsro/Desktop/CMR/wacrm/node_modules/@vitest/runner/dist/chunk-artifact.js:302:11
    at file:///C:/Users/edsro/Desktop/CMR/wacrm/node_modules/@vitest/runner/dist/chunk-artifact.js:1903:26
    at file:///C:/Users/edsro/Desktop/CMR/wacrm/node_modules/@vitest/runner/dist/chunk-artifact.js:2326:20
    at new Promise (<anonymous>)
    at runWithCancel 
(file:///C:/Users/edsro/Desktop/CMR/wacrm/node_modules/@vitest/runner/dist/chunk-artifact.js:2323:10)
    at file:///C:/Users/edsro/Desktop/CMR/wacrm/node_modules/@vitest/runner/dist/chunk-artifact.js:2305:20
    at new Promise (<anonymous>)
    at runWithTimeout 
(file:///C:/Users/edsro/Desktop/CMR/wacrm/node_modules/@vitest/runner/dist/chunk-artifact.js:2272:10)
    at file:///C:/Users/edsro/Desktop/CMR/wacrm/node_modules/@vitest/runner/dist/chunk-artifact.js:2955:64

stdout | src/lib/ai/auto-reply.test.ts > dispatchInboundToAiReply ÔÇö tool-call lifecycle > never goes silent when the scheduling tool throws ÔÇö sends the fallback
[ai auto-reply] calling openai/gpt-test ÔÇö round 2/4, 3 message(s) in context

stdout | src/lib/ai/auto-reply.test.ts > dispatchInboundToAiReply ÔÇö tool-call lifecycle > never goes silent when the scheduling tool throws ÔÇö sends the fallback
[ai auto-reply] provider replied ÔÇö text=0 chars, toolCalls=1

stdout | src/lib/ai/auto-reply.test.ts > dispatchInboundToAiReply ÔÇö tool-call lifecycle > never goes silent when the scheduling tool throws ÔÇö sends the fallback
[ai auto-reply] calling openai/gpt-test ÔÇö round 3/4, 5 message(s) in context

stderr | src/lib/ai/auto-reply.test.ts > dispatchInboundToAiReply ÔÇö tool-call lifecycle > never goes silent when the 
scheduling tool throws ÔÇö sends the fallback
[ai auto-reply] tool "agendar_cita" threw: Error: network timeout
    at C:/Users/edsro/Desktop/CMR/wacrm/src/lib/ai/auto-reply.test.ts:678:41
    at file:///C:/Users/edsro/Desktop/CMR/wacrm/node_modules/@vitest/runner/dist/chunk-artifact.js:302:11
    at file:///C:/Users/edsro/Desktop/CMR/wacrm/node_modules/@vitest/runner/dist/chunk-artifact.js:1903:26
    at file:///C:/Users/edsro/Desktop/CMR/wacrm/node_modules/@vitest/runner/dist/chunk-artifact.js:2326:20
    at new Promise (<anonymous>)
    at runWithCancel 
(file:///C:/Users/edsro/Desktop/CMR/wacrm/node_modules/@vitest/runner/dist/chunk-artifact.js:2323:10)
    at file:///C:/Users/edsro/Desktop/CMR/wacrm/node_modules/@vitest/runner/dist/chunk-artifact.js:2305:20
    at new Promise (<anonymous>)
    at runWithTimeout 
(file:///C:/Users/edsro/Desktop/CMR/wacrm/node_modules/@vitest/runner/dist/chunk-artifact.js:2272:10)
    at file:///C:/Users/edsro/Desktop/CMR/wacrm/node_modules/@vitest/runner/dist/chunk-artifact.js:2955:64

stdout | src/lib/ai/auto-reply.test.ts > dispatchInboundToAiReply ÔÇö tool-call lifecycle > never goes silent when the scheduling tool throws ÔÇö sends the fallback
[ai auto-reply] provider replied ÔÇö text=0 chars, toolCalls=1

stdout | src/lib/ai/auto-reply.test.ts > dispatchInboundToAiReply ÔÇö tool-call lifecycle > never goes silent when the scheduling tool throws ÔÇö sends the fallback
[ai auto-reply] calling openai/gpt-test ÔÇö round 4/4, 7 message(s) in context

stderr | src/lib/ai/auto-reply.test.ts > dispatchInboundToAiReply ÔÇö tool-call lifecycle > never goes silent when the 
scheduling tool throws ÔÇö sends the fallback
[ai auto-reply] tool "agendar_cita" threw: Error: network timeout
    at C:/Users/edsro/Desktop/CMR/wacrm/src/lib/ai/auto-reply.test.ts:678:41
    at file:///C:/Users/edsro/Desktop/CMR/wacrm/node_modules/@vitest/runner/dist/chunk-artifact.js:302:11
    at file:///C:/Users/edsro/Desktop/CMR/wacrm/node_modules/@vitest/runner/dist/chunk-artifact.js:1903:26
    at file:///C:/Users/edsro/Desktop/CMR/wacrm/node_modules/@vitest/runner/dist/chunk-artifact.js:2326:20
    at new Promise (<anonymous>)
    at runWithCancel 
(file:///C:/Users/edsro/Desktop/CMR/wacrm/node_modules/@vitest/runner/dist/chunk-artifact.js:2323:10)
    at file:///C:/Users/edsro/Desktop/CMR/wacrm/node_modules/@vitest/runner/dist/chunk-artifact.js:2305:20
    at new Promise (<anonymous>)
    at runWithTimeout 
(file:///C:/Users/edsro/Desktop/CMR/wacrm/node_modules/@vitest/runner/dist/chunk-artifact.js:2272:10)
    at file:///C:/Users/edsro/Desktop/CMR/wacrm/node_modules/@vitest/runner/dist/chunk-artifact.js:2955:64

stdout | src/lib/ai/auto-reply.test.ts > dispatchInboundToAiReply ÔÇö tool-call lifecycle > never goes silent when the scheduling tool throws ÔÇö sends the fallback
[ai auto-reply] provider replied ÔÇö text=0 chars, toolCalls=1

stderr | src/lib/ai/auto-reply.test.ts > dispatchInboundToAiReply ÔÇö tool-call lifecycle > never goes silent when the 
scheduling tool throws ÔÇö sends the fallback
[ai auto-reply] tool "agendar_cita" threw: Error: network timeout
    at C:/Users/edsro/Desktop/CMR/wacrm/src/lib/ai/auto-reply.test.ts:678:41
    at file:///C:/Users/edsro/Desktop/CMR/wacrm/node_modules/@vitest/runner/dist/chunk-artifact.js:302:11
    at file:///C:/Users/edsro/Desktop/CMR/wacrm/node_modules/@vitest/runner/dist/chunk-artifact.js:1903:26
    at file:///C:/Users/edsro/Desktop/CMR/wacrm/node_modules/@vitest/runner/dist/chunk-artifact.js:2326:20
    at new Promise (<anonymous>)
    at runWithCancel 
(file:///C:/Users/edsro/Desktop/CMR/wacrm/node_modules/@vitest/runner/dist/chunk-artifact.js:2323:10)
    at file:///C:/Users/edsro/Desktop/CMR/wacrm/node_modules/@vitest/runner/dist/chunk-artifact.js:2305:20
    at new Promise (<anonymous>)
    at runWithTimeout 
(file:///C:/Users/edsro/Desktop/CMR/wacrm/node_modules/@vitest/runner/dist/chunk-artifact.js:2272:10)
    at file:///C:/Users/edsro/Desktop/CMR/wacrm/node_modules/@vitest/runner/dist/chunk-artifact.js:2955:64

stdout | src/lib/ai/auto-reply.test.ts > dispatchInboundToAiReply ÔÇö tool-call lifecycle > never goes silent when the scheduling tool throws ÔÇö sends the fallback
[AUTO-REPLY] Mensaje enviado con ├®xito a WhatsApp: { whatsapp_message_id: 'm1' }
[follow-up] automatic 10m stage skipped for conversation conv-1 ÔÇö Timer 1 is manual-only (arm via "+ Programar").

stdout | src/lib/ai/auto-reply.test.ts > dispatchInboundToAiReply ÔÇö tool-call lifecycle > relays the tool fallback message through the model on the next pass
[ai auto-reply] dispatch requested ÔÇö conversation conv-1, contact contact-1, account acct-1

stdout | src/lib/ai/auto-reply.test.ts > dispatchInboundToAiReply ÔÇö tool-call lifecycle > relays the tool fallback message through the model on the next pass
[ai auto-reply] config OK ÔÇö provider=openai model=gpt-test key_fingerprint=f3abf2a6 is_active=true auto_reply_enabled=true

stdout | src/lib/ai/auto-reply.test.ts > dispatchInboundToAiReply ÔÇö tool-call lifecycle > relays the tool fallback message through the model on the next pass
[ai auto-reply] calling openai/gpt-test ÔÇö round 1/4, 1 message(s) in context

stdout | src/lib/ai/auto-reply.test.ts > dispatchInboundToAiReply ÔÇö tool-call lifecycle > relays the tool fallback message through the model on the next pass
[ai auto-reply] provider replied ÔÇö text=0 chars, toolCalls=1

stderr | src/lib/ai/auto-reply.test.ts > dispatchInboundToAiReply ÔÇö tool-call lifecycle > relays the tool fallback 
message through the model on the next pass
[ai auto-reply] tool "agendar_cita" threw: Error: boom
    at C:/Users/edsro/Desktop/CMR/wacrm/src/lib/ai/auto-reply.test.ts:711:41
    at file:///C:/Users/edsro/Desktop/CMR/wacrm/node_modules/@vitest/runner/dist/chunk-artifact.js:302:11
    at file:///C:/Users/edsro/Desktop/CMR/wacrm/node_modules/@vitest/runner/dist/chunk-artifact.js:1903:26
    at file:///C:/Users/edsro/Desktop/CMR/wacrm/node_modules/@vitest/runner/dist/chunk-artifact.js:2326:20
    at new Promise (<anonymous>)
    at runWithCancel 
(file:///C:/Users/edsro/Desktop/CMR/wacrm/node_modules/@vitest/runner/dist/chunk-artifact.js:2323:10)
    at file:///C:/Users/edsro/Desktop/CMR/wacrm/node_modules/@vitest/runner/dist/chunk-artifact.js:2305:20
    at new Promise (<anonymous>)
    at runWithTimeout 
(file:///C:/Users/edsro/Desktop/CMR/wacrm/node_modules/@vitest/runner/dist/chunk-artifact.js:2272:10)
    at file:///C:/Users/edsro/Desktop/CMR/wacrm/node_modules/@vitest/runner/dist/chunk-artifact.js:2955:64

stdout | src/lib/ai/auto-reply.test.ts > dispatchInboundToAiReply ÔÇö tool-call lifecycle > relays the tool fallback message through the model on the next pass
[ai auto-reply] calling openai/gpt-test ÔÇö round 2/4, 3 message(s) in context

stdout | src/lib/ai/auto-reply.test.ts > dispatchInboundToAiReply ÔÇö tool-call lifecycle > relays the tool fallback message through the model on the next pass
[ai auto-reply] provider replied ÔÇö text=126 chars, toolCalls=0

stdout | src/lib/ai/auto-reply.test.ts > dispatchInboundToAiReply ÔÇö tool-call lifecycle > relays the tool fallback message through the model on the next pass
[AUTO-REPLY] Mensaje enviado con ├®xito a WhatsApp: { whatsapp_message_id: 'm1' }
[follow-up] automatic 10m stage skipped for conversation conv-1 ÔÇö Timer 1 is manual-only (arm via "+ Programar").

stdout | src/lib/ai/auto-reply.test.ts > dispatchInboundToAiReply ÔÇö tool-call lifecycle > nunca deja el bot congelado: si agendar_cita no confirma y el modelo calla, env├¡a el fallback
[ai auto-reply] dispatch requested ÔÇö conversation conv-1, contact contact-1, account acct-1

stdout | src/lib/ai/auto-reply.test.ts > dispatchInboundToAiReply ÔÇö tool-call lifecycle > nunca deja el bot congelado: si agendar_cita no confirma y el modelo calla, env├¡a el fallback
[ai auto-reply] config OK ÔÇö provider=openai model=gpt-test key_fingerprint=f3abf2a6 is_active=true auto_reply_enabled=true

stdout | src/lib/ai/auto-reply.test.ts > dispatchInboundToAiReply ÔÇö tool-call lifecycle > nunca deja el bot congelado: si agendar_cita no confirma y el modelo calla, env├¡a el fallback
[ai auto-reply] calling openai/gpt-test ÔÇö round 1/4, 1 message(s) in context

stdout | src/lib/ai/auto-reply.test.ts > dispatchInboundToAiReply ÔÇö tool-call lifecycle > nunca deja el bot congelado: si agendar_cita no confirma y el modelo calla, env├¡a el fallback
[ai auto-reply] provider replied ÔÇö text=0 chars, toolCalls=1

stdout | src/lib/ai/auto-reply.test.ts > dispatchInboundToAiReply ÔÇö tool-call lifecycle > nunca deja el bot congelado: si agendar_cita no confirma y el modelo calla, env├¡a el fallback
[ai auto-reply] calling openai/gpt-test ÔÇö round 2/4, 3 message(s) in context

stdout | src/lib/ai/auto-reply.test.ts > dispatchInboundToAiReply ÔÇö tool-call lifecycle > nunca deja el bot congelado: si agendar_cita no confirma y el modelo calla, env├¡a el fallback
[ai auto-reply] provider replied ÔÇö text=0 chars, toolCalls=0

stdout | src/lib/ai/auto-reply.test.ts > dispatchInboundToAiReply ÔÇö tool-call lifecycle > nunca deja el bot congelado: si agendar_cita no confirma y el modelo calla, env├¡a el fallback
[AUTO-REPLY] Mensaje enviado con ├®xito a WhatsApp: { whatsapp_message_id: 'm1' }
[follow-up] automatic 10m stage skipped for conversation conv-1 ÔÇö Timer 1 is manual-only (arm via "+ Programar").

stdout | src/lib/ai/auto-reply.test.ts > dispatchInboundToAiReply ÔÇö anti-hallucination guard > replaces a fake Meet URL invented by the model with the REAL link from the tool
[ai auto-reply] dispatch requested ÔÇö conversation conv-1, contact contact-1, account acct-1

stdout | src/lib/ai/auto-reply.test.ts > dispatchInboundToAiReply ÔÇö anti-hallucination guard > replaces a fake Meet URL invented by the model with the REAL link from the tool
[ai auto-reply] config OK ÔÇö provider=openai model=gpt-test key_fingerprint=f3abf2a6 is_active=true auto_reply_enabled=true

stdout | src/lib/ai/auto-reply.test.ts > dispatchInboundToAiReply ÔÇö anti-hallucination guard > replaces a fake Meet URL invented by the model with the REAL link from the tool
[ai auto-reply] calling openai/gpt-test ÔÇö round 1/4, 1 message(s) in context

stdout | src/lib/ai/auto-reply.test.ts > dispatchInboundToAiReply ÔÇö anti-hallucination guard > replaces a fake Meet URL invented by the model with the REAL link from the tool
[ai auto-reply] provider replied ÔÇö text=0 chars, toolCalls=1

stdout | src/lib/ai/auto-reply.test.ts > dispatchInboundToAiReply ÔÇö anti-hallucination guard > replaces a fake Meet URL invented by the model with the REAL link from the tool
[ai auto-reply] calling openai/gpt-test ÔÇö round 2/4, 3 message(s) in context

stdout | src/lib/ai/auto-reply.test.ts > dispatchInboundToAiReply ÔÇö anti-hallucination guard > replaces a fake Meet URL invented by the model with the REAL link from the tool
[ai auto-reply] provider replied ÔÇö text=97 chars, toolCalls=0

stdout | src/lib/ai/auto-reply.test.ts > dispatchInboundToAiReply ÔÇö anti-hallucination guard > replaces a fake Meet URL invented by the model with the REAL link from the tool
[AUTO-REPLY] Mensaje enviado con ├®xito a WhatsApp: { whatsapp_message_id: 'm1' }
[follow-up] automatic 10m stage skipped for conversation conv-1 ÔÇö Timer 1 is manual-only (arm via "+ Programar").

stdout | src/lib/ai/auto-reply.test.ts > dispatchInboundToAiReply ÔÇö anti-hallucination guard > never sends a booking confirmation that has no real tool success ÔÇö neutral ack instead of silence
[ai auto-reply] dispatch requested ÔÇö conversation conv-1, contact contact-1, account acct-1

stdout | src/lib/ai/auto-reply.test.ts > dispatchInboundToAiReply ÔÇö anti-hallucination guard > never sends a booking confirmation that has no real tool success ÔÇö neutral ack instead of silence
[ai auto-reply] config OK ÔÇö provider=openai model=gpt-test key_fingerprint=f3abf2a6 is_active=true auto_reply_enabled=true

stdout | src/lib/ai/auto-reply.test.ts > dispatchInboundToAiReply ÔÇö anti-hallucination guard > never sends a booking confirmation that has no real tool success ÔÇö neutral ack instead of silence
[ai auto-reply] calling openai/gpt-test ÔÇö round 1/4, 1 message(s) in context

stdout | src/lib/ai/auto-reply.test.ts > dispatchInboundToAiReply ÔÇö anti-hallucination guard > never sends a booking confirmation that has no real tool success ÔÇö neutral ack instead of silence
[ai auto-reply] provider replied ÔÇö text=95 chars, toolCalls=0
[ai auto-reply] dropped an ungrounded text ÔÇö sending a neutral acknowledgement instead of staying silent.

stdout | src/lib/ai/auto-reply.test.ts > dispatchInboundToAiReply ÔÇö anti-hallucination guard > never sends a booking confirmation that has no real tool success ÔÇö neutral ack instead of silence
[AUTO-REPLY] Mensaje enviado con ├®xito a WhatsApp: { whatsapp_message_id: 'm1' }
[follow-up] automatic 10m stage skipped for conversation conv-1 ÔÇö Timer 1 is manual-only (arm via "+ Programar").

stdout | src/lib/ai/auto-reply.test.ts > dispatchInboundToAiReply ÔÇö anti-hallucination guard > never sends an intermediate "un momentoÔÇª" wait message and does NOT mute the chat
[ai auto-reply] dispatch requested ÔÇö conversation conv-1, contact contact-1, account acct-1

stdout | src/lib/ai/auto-reply.test.ts > dispatchInboundToAiReply ÔÇö anti-hallucination guard > never sends an intermediate "un momentoÔÇª" wait message and does NOT mute the chat
[ai auto-reply] config OK ÔÇö provider=openai model=gpt-test key_fingerprint=f3abf2a6 is_active=true auto_reply_enabled=true

stdout | src/lib/ai/auto-reply.test.ts > dispatchInboundToAiReply ÔÇö anti-hallucination guard > never sends an intermediate "un momentoÔÇª" wait message and does NOT mute the chat
[ai auto-reply] calling openai/gpt-test ÔÇö round 1/4, 1 message(s) in context

stdout | src/lib/ai/auto-reply.test.ts > dispatchInboundToAiReply ÔÇö anti-hallucination guard > never sends an intermediate "un momentoÔÇª" wait message and does NOT mute the chat
[ai auto-reply] provider replied ÔÇö text=49 chars, toolCalls=0
[ai auto-reply] dropped an empty reply without a link ÔÇö sending a neutral acknowledgement instead of staying silent.

stdout | src/lib/ai/auto-reply.test.ts > dispatchInboundToAiReply ÔÇö anti-hallucination guard > never sends an intermediate "un momentoÔÇª" wait message and does NOT mute the chat
[AUTO-REPLY] Mensaje enviado con ├®xito a WhatsApp: { whatsapp_message_id: 'm1' }
[follow-up] automatic 10m stage skipped for conversation conv-1 ÔÇö Timer 1 is manual-only (arm via "+ Programar").

stdout | src/lib/ai/auto-reply.test.ts > dispatchInboundToAiReply ÔÇö anti-hallucination guard > sends the mandated confirmation with the real link even when the model omits the URL
[ai auto-reply] dispatch requested ÔÇö conversation conv-1, contact contact-1, account acct-1

stdout | src/lib/ai/auto-reply.test.ts > dispatchInboundToAiReply ÔÇö anti-hallucination guard > sends the mandated confirmation with the real link even when the model omits the URL
[ai auto-reply] config OK ÔÇö provider=openai model=gpt-test key_fingerprint=f3abf2a6 is_active=true auto_reply_enabled=true

stdout | src/lib/ai/auto-reply.test.ts > dispatchInboundToAiReply ÔÇö anti-hallucination guard > sends the mandated confirmation with the real link even when the model omits the URL
[ai auto-reply] calling openai/gpt-test ÔÇö round 1/4, 1 message(s) in context

stdout | src/lib/ai/auto-reply.test.ts > dispatchInboundToAiReply ÔÇö anti-hallucination guard > sends the mandated confirmation with the real link even when the model omits the URL
[ai auto-reply] provider replied ÔÇö text=0 chars, toolCalls=1

stdout | src/lib/ai/auto-reply.test.ts > dispatchInboundToAiReply ÔÇö anti-hallucination guard > sends the mandated confirmation with the real link even when the model omits the URL
[ai auto-reply] calling openai/gpt-test ÔÇö round 2/4, 3 message(s) in context

stdout | src/app/api/whatsapp/webhook/route.test.ts > inbound webhook: inbound media is mirrored (#466) > skips media larger than the bucket accepts, without downloading it
[webhook] message wamid.DOC1: dispatching to AI auto-reply (type=document, text="huge.pdf")

stdout | src/lib/ai/auto-reply.test.ts > dispatchInboundToAiReply ÔÇö anti-hallucination guard > sends the mandated confirmation with the real link even when the model omits the URL
[ai auto-reply] provider replied ÔÇö text=52 chars, toolCalls=0

stdout | src/app/api/whatsapp/webhook/route.test.ts > inbound webhook: inbound media is mirrored (#466) > skips media larger than the bucket accepts, without downloading it
[webhook] delivery processed in 46ms

stdout | src/lib/ai/auto-reply.test.ts > dispatchInboundToAiReply ÔÇö anti-hallucination guard > sends the mandated confirmation with the real link even when the model omits the URL
[AUTO-REPLY] Mensaje enviado con ├®xito a WhatsApp: { whatsapp_message_id: 'm1' }
[follow-up] automatic 10m stage skipped for conversation conv-1 ÔÇö Timer 1 is manual-only (arm via "+ Programar").

stdout | src/app/api/whatsapp/webhook/route.test.ts > inbound webhook: inbound media is mirrored (#466) > names the object after a document's own filename
[webhook] POST received ÔÇö signature ok, 1 entry, 1 inbound message(s)
=== META WEBHOOK BODY === {
  "entry": [
    {
      "changes": [
        {
          "field": "messages",
          "value": {
            "metadata": {
              "phone_number_id": "pn-1"
            },
            "contacts": [
              {
                "wa_id": "15551230000",
                "profile": {
                  "name": "Ada"
                }
              }
            ],
            "messages": [
              {
                "id": "wamid.DOC2",
                "from": "15551230000",
                "timestamp": "1700000000",
                "type": "document",
                "document": {
                  "id": "1234567890123456",
                  "mime_type": "application/pdf",
                  "filename": "invoice.pdf",
                  "caption": "have a look"
                }
              }
            ]
          }
        }
      ]
    }
  ]
}

stdout | src/lib/ai/auto-reply.test.ts > dispatchInboundToAiReply ÔÇö anti-hallucination guard > greets the contact by their CRM name when available
[ai auto-reply] dispatch requested ÔÇö conversation conv-1, contact contact-1, account acct-1

stdout | src/app/api/whatsapp/webhook/route.test.ts > inbound webhook: inbound media is mirrored (#466) > names the object after a document's own filename
[webhook] processing document message wamid.DOC2 from ÔÇª0000 (account acc-1)
-> [EXTRACTED DATA] {
  effectivePhone: '15551230000',
  meta_wa_id: '15551230000',
  extractedUser: 'Ada',
  hasRealPhone: true,
  idType: 'e164-phone',
  wa_user_id: null,
  username: null
}

stdout | src/lib/ai/auto-reply.test.ts > dispatchInboundToAiReply ÔÇö anti-hallucination guard > greets the contact by their CRM name when available
[ai auto-reply] config OK ÔÇö provider=openai model=gpt-test key_fingerprint=f3abf2a6 is_active=true auto_reply_enabled=true

stdout | src/app/api/whatsapp/webhook/route.test.ts > inbound webhook: inbound media is mirrored (#466) > names the object after a document's own filename
[webhook] thread conv-1 (contact contact-1, assigned_agent_id=null)

stdout | src/lib/ai/auto-reply.test.ts > dispatchInboundToAiReply ÔÇö anti-hallucination guard > greets the contact by their CRM name when available
[ai auto-reply] calling openai/gpt-test ÔÇö round 1/4, 1 message(s) in context

stderr | src/app/api/whatsapp/webhook/route.test.ts > inbound webhook: inbound media is mirrored (#466) > names the 
object after a document's own filename
[ai unblock] unexpected failure unblocking conv-1: TypeError: db.from(...).select(...).eq(...).maybeSingle is not a 
function
    at autoUnblockConversation (C:/Users/edsro/Desktop/CMR/wacrm/src/lib/ai/unblock.ts:67:8)
    at processMessage (C:/Users/edsro/Desktop/CMR/wacrm/src/app/api/whatsapp/webhook/route.ts:1207:11)
    at processWebhook (C:/Users/edsro/Desktop/CMR/wacrm/src/app/api/whatsapp/webhook/route.ts:666:9)
    at C:/Users/edsro/Desktop/CMR/wacrm/src/app/api/whatsapp/webhook/route.ts:541:7
    at runWebhook (C:/Users/edsro/Desktop/CMR/wacrm/src/app/api/whatsapp/webhook/route.test.ts:654:31)
    at C:/Users/edsro/Desktop/CMR/wacrm/src/app/api/whatsapp/webhook/route.test.ts:1649:5
    at file:///C:/Users/edsro/Desktop/CMR/wacrm/node_modules/@vitest/runner/dist/chunk-artifact.js:1903:20

stdout | src/lib/ai/auto-reply.test.ts > dispatchInboundToAiReply ÔÇö anti-hallucination guard > greets the contact by their CRM name when available
[ai auto-reply] provider replied ÔÇö text=0 chars, toolCalls=1

stderr | src/app/api/whatsapp/webhook/route.test.ts > inbound webhook: inbound media is mirrored (#466) > names the 
object after a document's own filename
[ai unblock] clearStaleFlowRuns failed: Error: unexpected table: flow_runs
    at Object.from (C:/Users/edsro/Desktop/CMR/wacrm/src/app/api/whatsapp/webhook/route.test.ts:490:17)
    at clearStaleFlowRuns (C:/Users/edsro/Desktop/CMR/wacrm/src/lib/ai/unblock.ts:167:8)
    at processMessage (C:/Users/edsro/Desktop/CMR/wacrm/src/app/api/whatsapp/webhook/route.ts:1208:11)
    at processWebhook (C:/Users/edsro/Desktop/CMR/wacrm/src/app/api/whatsapp/webhook/route.ts:666:9)
    at C:/Users/edsro/Desktop/CMR/wacrm/src/app/api/whatsapp/webhook/route.ts:541:7
    at runWebhook (C:/Users/edsro/Desktop/CMR/wacrm/src/app/api/whatsapp/webhook/route.test.ts:654:31)
    at C:/Users/edsro/Desktop/CMR/wacrm/src/app/api/whatsapp/webhook/route.test.ts:1649:5
    at file:///C:/Users/edsro/Desktop/CMR/wacrm/node_modules/@vitest/runner/dist/chunk-artifact.js:1903:20

stdout | src/lib/ai/auto-reply.test.ts > dispatchInboundToAiReply ÔÇö anti-hallucination guard > greets the contact by their CRM name when available
[ai auto-reply] calling openai/gpt-test ÔÇö round 2/4, 3 message(s) in context

stderr | src/app/api/whatsapp/webhook/route.test.ts > inbound webhook: inbound media is mirrored (#466) > names the 
object after a document's own filename
[follow-up] cancelPendingFollowUps threw for conversation conv-1: db.from(...).update(...).eq(...).in is not a function

stdout | src/lib/ai/auto-reply.test.ts > dispatchInboundToAiReply ÔÇö anti-hallucination guard > greets the contact by their CRM name when available
[ai auto-reply] provider replied ÔÇö text=0 chars, toolCalls=0

stderr | src/app/api/whatsapp/webhook/route.test.ts > inbound webhook: inbound media is mirrored (#466) > names the 
object after a document's own filename
[response-wait] resetResponseWaitOnInbound threw for conversation conv-1: db.from(...).select(...).eq(...).maybeSingle 
is not a function

stdout | src/lib/ai/auto-reply.test.ts > dispatchInboundToAiReply ÔÇö anti-hallucination guard > greets the contact by their CRM name when available
[AUTO-REPLY] Mensaje enviado con ├®xito a WhatsApp: { whatsapp_message_id: 'm1' }
[follow-up] automatic 10m stage skipped for conversation conv-1 ÔÇö Timer 1 is manual-only (arm via "+ Programar").

stdout | src/lib/ai/auto-reply.test.ts > dispatchInboundToAiReply ÔÇö anti-hallucination guard > never sends a link-promise with a fake URL ÔÇö neutral ack instead of silence
[ai auto-reply] dispatch requested ÔÇö conversation conv-1, contact contact-1, account acct-1

stdout | src/lib/ai/auto-reply.test.ts > dispatchInboundToAiReply ÔÇö anti-hallucination guard > never sends a link-promise with a fake URL ÔÇö neutral ack instead of silence
[ai auto-reply] config OK ÔÇö provider=openai model=gpt-test key_fingerprint=f3abf2a6 is_active=true auto_reply_enabled=true

stdout | src/lib/ai/auto-reply.test.ts > dispatchInboundToAiReply ÔÇö anti-hallucination guard > never sends a link-promise with a fake URL ÔÇö neutral ack instead of silence
[ai auto-reply] calling openai/gpt-test ÔÇö round 1/4, 1 message(s) in context

stdout | src/lib/ai/auto-reply.test.ts > dispatchInboundToAiReply ÔÇö anti-hallucination guard > never sends a link-promise with a fake URL ÔÇö neutral ack instead of silence
[ai auto-reply] provider replied ÔÇö text=91 chars, toolCalls=0
[ai auto-reply] dropped an empty reply without a link ÔÇö sending a neutral acknowledgement instead of staying silent.

stdout | src/lib/ai/auto-reply.test.ts > dispatchInboundToAiReply ÔÇö anti-hallucination guard > never sends a link-promise with a fake URL ÔÇö neutral ack instead of silence
[AUTO-REPLY] Mensaje enviado con ├®xito a WhatsApp: { whatsapp_message_id: 'm1' }
[follow-up] automatic 10m stage skipped for conversation conv-1 ÔÇö Timer 1 is manual-only (arm via "+ Programar").

stdout | src/lib/ai/auto-reply.test.ts > dispatchInboundToAiReply ÔÇö anti-hallucination guard > dispatches the confirmation with the REAL link even if the final LLM pass returns empty text
[ai auto-reply] dispatch requested ÔÇö conversation conv-1, contact contact-1, account acct-1

stdout | src/lib/ai/auto-reply.test.ts > dispatchInboundToAiReply ÔÇö anti-hallucination guard > dispatches the confirmation with the REAL link even if the final LLM pass returns empty text
[ai auto-reply] config OK ÔÇö provider=openai model=gpt-test key_fingerprint=f3abf2a6 is_active=true auto_reply_enabled=true

stdout | src/lib/ai/auto-reply.test.ts > dispatchInboundToAiReply ÔÇö anti-hallucination guard > dispatches the confirmation with the REAL link even if the final LLM pass returns empty text
[ai auto-reply] calling openai/gpt-test ÔÇö round 1/4, 1 message(s) in context

stdout | src/lib/ai/auto-reply.test.ts > dispatchInboundToAiReply ÔÇö anti-hallucination guard > dispatches the confirmation with the REAL link even if the final LLM pass returns empty text
[ai auto-reply] provider replied ÔÇö text=0 chars, toolCalls=1

stdout | src/lib/ai/auto-reply.test.ts > dispatchInboundToAiReply ÔÇö anti-hallucination guard > dispatches the confirmation with the REAL link even if the final LLM pass returns empty text
[ai auto-reply] calling openai/gpt-test ÔÇö round 2/4, 3 message(s) in context

stdout | src/lib/ai/auto-reply.test.ts > dispatchInboundToAiReply ÔÇö anti-hallucination guard > dispatches the confirmation with the REAL link even if the final LLM pass returns empty text
[ai auto-reply] provider replied ÔÇö text=0 chars, toolCalls=0

stdout | src/lib/ai/auto-reply.test.ts > dispatchInboundToAiReply ÔÇö anti-hallucination guard > dispatches the confirmation with the REAL link even if the final LLM pass returns empty text
[AUTO-REPLY] Mensaje enviado con ├®xito a WhatsApp: { whatsapp_message_id: 'm1' }
[follow-up] automatic 10m stage skipped for conversation conv-1 ÔÇö Timer 1 is manual-only (arm via "+ Programar").

stdout | src/lib/ai/auto-reply.test.ts > dispatchInboundToAiReply ÔÇö anti-hallucination guard > dispatches a local confirmation when the booking succeeded but Google timed out (no link)
[ai auto-reply] dispatch requested ÔÇö conversation conv-1, contact contact-1, account acct-1

stdout | src/lib/ai/auto-reply.test.ts > dispatchInboundToAiReply ÔÇö anti-hallucination guard > dispatches a local confirmation when the booking succeeded but Google timed out (no link)
[ai auto-reply] config OK ÔÇö provider=openai model=gpt-test key_fingerprint=f3abf2a6 is_active=true auto_reply_enabled=true

stdout | src/lib/ai/auto-reply.test.ts > dispatchInboundToAiReply ÔÇö anti-hallucination guard > dispatches a local confirmation when the booking succeeded but Google timed out (no link)
[ai auto-reply] calling openai/gpt-test ÔÇö round 1/4, 1 message(s) in context

stdout | src/lib/ai/auto-reply.test.ts > dispatchInboundToAiReply ÔÇö anti-hallucination guard > dispatches a local confirmation when the booking succeeded but Google timed out (no link)
[ai auto-reply] provider replied ÔÇö text=0 chars, toolCalls=1

stdout | src/lib/ai/auto-reply.test.ts > dispatchInboundToAiReply ÔÇö anti-hallucination guard > dispatches a local confirmation when the booking succeeded but Google timed out (no link)
[ai auto-reply] calling openai/gpt-test ÔÇö round 2/4, 3 message(s) in context

stdout | src/lib/ai/auto-reply.test.ts > dispatchInboundToAiReply ÔÇö anti-hallucination guard > dispatches a local confirmation when the booking succeeded but Google timed out (no link)
[ai auto-reply] provider replied ÔÇö text=0 chars, toolCalls=0

stdout | src/lib/ai/auto-reply.test.ts > dispatchInboundToAiReply ÔÇö anti-hallucination guard > dispatches a local confirmation when the booking succeeded but Google timed out (no link)
[AUTO-REPLY] Mensaje enviado con ├®xito a WhatsApp: { whatsapp_message_id: 'm1' }
[follow-up] automatic 10m stage skipped for conversation conv-1 ÔÇö Timer 1 is manual-only (arm via "+ Programar").

stdout | src/lib/ai/auto-reply.test.ts > dispatchInboundToAiReply ÔÇö anti-hallucination guard > notifica al cliente cuando Google Calendar falla al crear el evento (calendarSynced=false)
[ai auto-reply] dispatch requested ÔÇö conversation conv-1, contact contact-1, account acct-1

stdout | src/lib/ai/auto-reply.test.ts > dispatchInboundToAiReply ÔÇö anti-hallucination guard > notifica al cliente cuando Google Calendar falla al crear el evento (calendarSynced=false)
[ai auto-reply] config OK ÔÇö provider=openai model=gpt-test key_fingerprint=f3abf2a6 is_active=true auto_reply_enabled=true

stdout | src/lib/ai/auto-reply.test.ts > dispatchInboundToAiReply ÔÇö anti-hallucination guard > notifica al cliente cuando Google Calendar falla al crear el evento (calendarSynced=false)
[ai auto-reply] calling openai/gpt-test ÔÇö round 1/4, 1 message(s) in context

stdout | src/lib/ai/auto-reply.test.ts > dispatchInboundToAiReply ÔÇö anti-hallucination guard > notifica al cliente cuando Google Calendar falla al crear el evento (calendarSynced=false)
[ai auto-reply] provider replied ÔÇö text=0 chars, toolCalls=1

stdout | src/lib/ai/auto-reply.test.ts > dispatchInboundToAiReply ÔÇö anti-hallucination guard > notifica al cliente cuando Google Calendar falla al crear el evento (calendarSynced=false)
[ai auto-reply] calling openai/gpt-test ÔÇö round 2/4, 3 message(s) in context

stdout | src/lib/ai/auto-reply.test.ts > dispatchInboundToAiReply ÔÇö anti-hallucination guard > notifica al cliente cuando Google Calendar falla al crear el evento (calendarSynced=false)
[ai auto-reply] provider replied ÔÇö text=0 chars, toolCalls=0

stdout | src/lib/ai/auto-reply.test.ts > dispatchInboundToAiReply ÔÇö anti-hallucination guard > notifica al cliente cuando Google Calendar falla al crear el evento (calendarSynced=false)
[AUTO-REPLY] Mensaje enviado con ├®xito a WhatsApp: { whatsapp_message_id: 'm1' }
[follow-up] automatic 10m stage skipped for conversation conv-1 ÔÇö Timer 1 is manual-only (arm via "+ Programar").

stdout | src/lib/ai/auto-reply.test.ts > dispatchInboundToAiReply ÔÇö anti-hallucination guard > strips a stray fake URL from an ordinary (non-booking) reply
[ai auto-reply] dispatch requested ÔÇö conversation conv-1, contact contact-1, account acct-1

stdout | src/lib/ai/auto-reply.test.ts > dispatchInboundToAiReply ÔÇö anti-hallucination guard > strips a stray fake URL from an ordinary (non-booking) reply
[ai auto-reply] config OK ÔÇö provider=openai model=gpt-test key_fingerprint=f3abf2a6 is_active=true auto_reply_enabled=true

stdout | src/lib/ai/auto-reply.test.ts > dispatchInboundToAiReply ÔÇö anti-hallucination guard > strips a stray fake URL from an ordinary (non-booking) reply
[ai auto-reply] calling openai/gpt-test ÔÇö round 1/4, 1 message(s) in context

stdout | src/lib/ai/auto-reply.test.ts > dispatchInboundToAiReply ÔÇö anti-hallucination guard > strips a stray fake URL from an ordinary (non-booking) reply
[ai auto-reply] provider replied ÔÇö text=79 chars, toolCalls=0

stdout | src/lib/ai/auto-reply.test.ts > dispatchInboundToAiReply ÔÇö anti-hallucination guard > strips a stray fake URL from an ordinary (non-booking) reply
[AUTO-REPLY] Mensaje enviado con ├®xito a WhatsApp: { whatsapp_message_id: 'm1' }
[follow-up] automatic 10m stage skipped for conversation conv-1 ÔÇö Timer 1 is manual-only (arm via "+ Programar").

stdout | src/lib/ai/auto-reply.test.ts > dispatchInboundToAiReply ÔÇö anti-hallucination guard > never sends Chain-of-Thought / thinking blocks to WhatsApp
[ai auto-reply] dispatch requested ÔÇö conversation conv-1, contact contact-1, account acct-1

stdout | src/lib/ai/auto-reply.test.ts > dispatchInboundToAiReply ÔÇö anti-hallucination guard > never sends Chain-of-Thought / thinking blocks to WhatsApp
[ai auto-reply] config OK ÔÇö provider=openai model=gpt-test key_fingerprint=f3abf2a6 is_active=true auto_reply_enabled=true

stdout | src/lib/ai/auto-reply.test.ts > dispatchInboundToAiReply ÔÇö anti-hallucination guard > never sends Chain-of-Thought / thinking blocks to WhatsApp
[ai auto-reply] calling openai/gpt-test ÔÇö round 1/4, 1 message(s) in context

stdout | src/lib/ai/auto-reply.test.ts > dispatchInboundToAiReply ÔÇö anti-hallucination guard > never sends Chain-of-Thought / thinking blocks to WhatsApp
[ai auto-reply] provider replied ÔÇö text=111 chars, toolCalls=0

stdout | src/lib/ai/auto-reply.test.ts > dispatchInboundToAiReply ÔÇö anti-hallucination guard > never sends Chain-of-Thought / thinking blocks to WhatsApp
[AUTO-REPLY] Mensaje enviado con ├®xito a WhatsApp: { whatsapp_message_id: 'm1' }
[follow-up] automatic 10m stage skipped for conversation conv-1 ÔÇö Timer 1 is manual-only (arm via "+ Programar").

stdout | src/lib/ai/auto-reply.test.ts > dispatchInboundToAiReply ÔÇö anti-hallucination guard > strips label-prefixed monologue (Pensamiento:/Razonamiento:) before send
[ai auto-reply] dispatch requested ÔÇö conversation conv-1, contact contact-1, account acct-1

stdout | src/lib/ai/auto-reply.test.ts > dispatchInboundToAiReply ÔÇö anti-hallucination guard > strips label-prefixed monologue (Pensamiento:/Razonamiento:) before send
[ai auto-reply] config OK ÔÇö provider=openai model=gpt-test key_fingerprint=f3abf2a6 is_active=true auto_reply_enabled=true

stdout | src/lib/ai/auto-reply.test.ts > dispatchInboundToAiReply ÔÇö anti-hallucination guard > strips label-prefixed monologue (Pensamiento:/Razonamiento:) before send
[ai auto-reply] calling openai/gpt-test ÔÇö round 1/4, 1 message(s) in context

stdout | src/lib/ai/auto-reply.test.ts > dispatchInboundToAiReply ÔÇö anti-hallucination guard > strips label-prefixed monologue (Pensamiento:/Razonamiento:) before send
[ai auto-reply] provider replied ÔÇö text=124 chars, toolCalls=0

stdout | src/lib/ai/auto-reply.test.ts > dispatchInboundToAiReply ÔÇö anti-hallucination guard > strips label-prefixed monologue (Pensamiento:/Razonamiento:) before send
[AUTO-REPLY] Mensaje enviado con ├®xito a WhatsApp: { whatsapp_message_id: 'm1' }
[follow-up] automatic 10m stage skipped for conversation conv-1 ÔÇö Timer 1 is manual-only (arm via "+ Programar").

stdout | src/lib/ai/auto-reply.test.ts > dispatchInboundToAiReply ÔÇö reenv├¡o del enlace ("m├índame el link") > resends the stored Meet link of the latest confirmed cita when asked
[ai auto-reply] dispatch requested ÔÇö conversation conv-1, contact contact-1, account acct-1

stdout | src/lib/ai/auto-reply.test.ts > dispatchInboundToAiReply ÔÇö reenv├¡o del enlace ("m├índame el link") > resends the stored Meet link of the latest confirmed cita when asked
[ai auto-reply] config OK ÔÇö provider=openai model=gpt-test key_fingerprint=f3abf2a6 is_active=true auto_reply_enabled=true

stdout | src/lib/ai/auto-reply.test.ts > dispatchInboundToAiReply ÔÇö reenv├¡o del enlace ("m├índame el link") > resends the stored Meet link of the latest confirmed cita when asked
[ai auto-reply] calling openai/gpt-test ÔÇö round 1/4, 1 message(s) in context

stdout | src/lib/ai/auto-reply.test.ts > dispatchInboundToAiReply ÔÇö reenv├¡o del enlace ("m├índame el link") > resends the stored Meet link of the latest confirmed cita when asked
[ai auto-reply] provider replied ÔÇö text=6 chars, toolCalls=0

stdout | src/lib/ai/auto-reply.test.ts > dispatchInboundToAiReply ÔÇö reenv├¡o del enlace ("m├índame el link") > resends the stored Meet link of the latest confirmed cita when asked
[AUTO-REPLY] Mensaje enviado con ├®xito a WhatsApp: { whatsapp_message_id: 'm1' }
[follow-up] automatic 10m stage skipped for conversation conv-1 ÔÇö Timer 1 is manual-only (arm via "+ Programar").

stdout | src/lib/ai/auto-reply.test.ts > dispatchInboundToAiReply ÔÇö reenv├¡o del enlace ("m├índame el link") > does not fabricate a link when the contact has no cita with one
[ai auto-reply] dispatch requested ÔÇö conversation conv-1, contact contact-1, account acct-1

stdout | src/lib/ai/auto-reply.test.ts > dispatchInboundToAiReply ÔÇö reenv├¡o del enlace ("m├índame el link") > does not fabricate a link when the contact has no cita with one
[ai auto-reply] config OK ÔÇö provider=openai model=gpt-test key_fingerprint=f3abf2a6 is_active=true auto_reply_enabled=true

stdout | src/lib/ai/auto-reply.test.ts > dispatchInboundToAiReply ÔÇö reenv├¡o del enlace ("m├índame el link") > does not fabricate a link when the contact has no cita with one
[ai auto-reply] calling openai/gpt-test ÔÇö round 1/4, 1 message(s) in context

stdout | src/lib/ai/auto-reply.test.ts > dispatchInboundToAiReply ÔÇö reenv├¡o del enlace ("m├índame el link") > does not fabricate a link when the contact has no cita with one
[ai auto-reply] provider replied ÔÇö text=42 chars, toolCalls=0

stdout | src/lib/ai/auto-reply.test.ts > dispatchInboundToAiReply ÔÇö reenv├¡o del enlace ("m├índame el link") > does not fabricate a link when the contact has no cita with one
[AUTO-REPLY] Mensaje enviado con ├®xito a WhatsApp: { whatsapp_message_id: 'm1' }
[follow-up] automatic 10m stage skipped for conversation conv-1 ÔÇö Timer 1 is manual-only (arm via "+ Programar").

stdout | src/lib/ai/auto-reply.test.ts > dispatchInboundToAiReply ÔÇö reenv├¡o del enlace ("m├índame el link") > a booking made this turn wins over the stored resend
[ai auto-reply] dispatch requested ÔÇö conversation conv-1, contact contact-1, account acct-1

stdout | src/lib/ai/auto-reply.test.ts > dispatchInboundToAiReply ÔÇö reenv├¡o del enlace ("m├índame el link") > a booking made this turn wins over the stored resend
[ai auto-reply] config OK ÔÇö provider=openai model=gpt-test key_fingerprint=f3abf2a6 is_active=true auto_reply_enabled=true

stdout | src/lib/ai/auto-reply.test.ts > dispatchInboundToAiReply ÔÇö reenv├¡o del enlace ("m├índame el link") > a booking made this turn wins over the stored resend
[ai auto-reply] calling openai/gpt-test ÔÇö round 1/4, 1 message(s) in context

stdout | src/lib/ai/auto-reply.test.ts > dispatchInboundToAiReply ÔÇö reenv├¡o del enlace ("m├índame el link") > a booking made this turn wins over the stored resend
[ai auto-reply] provider replied ÔÇö text=0 chars, toolCalls=1

stdout | src/lib/ai/auto-reply.test.ts > dispatchInboundToAiReply ÔÇö reenv├¡o del enlace ("m├índame el link") > a booking made this turn wins over the stored resend
[ai auto-reply] calling openai/gpt-test ÔÇö round 2/4, 3 message(s) in context

stdout | src/lib/ai/auto-reply.test.ts > dispatchInboundToAiReply ÔÇö reenv├¡o del enlace ("m├índame el link") > a booking made this turn wins over the stored resend
[ai auto-reply] provider replied ÔÇö text=0 chars, toolCalls=0

stdout | src/lib/ai/auto-reply.test.ts > dispatchInboundToAiReply ÔÇö reenv├¡o del enlace ("m├índame el link") > a booking made this turn wins over the stored resend
[AUTO-REPLY] Mensaje enviado con ├®xito a WhatsApp: { whatsapp_message_id: 'm1' }
[follow-up] automatic 10m stage skipped for conversation conv-1 ÔÇö Timer 1 is manual-only (arm via "+ Programar").

stdout | src/lib/ai/auto-reply.test.ts > dispatchInboundToAiReply ÔÇö reschedule grounding > confirms the move with the NEW link and discards the model prose
[ai auto-reply] dispatch requested ÔÇö conversation conv-1, contact contact-1, account acct-1

stdout | src/lib/ai/auto-reply.test.ts > dispatchInboundToAiReply ÔÇö reschedule grounding > confirms the move with the NEW link and discards the model prose
[ai auto-reply] config OK ÔÇö provider=openai model=gpt-test key_fingerprint=f3abf2a6 is_active=true auto_reply_enabled=true

stdout | src/lib/ai/auto-reply.test.ts > dispatchInboundToAiReply ÔÇö reschedule grounding > confirms the move with the NEW link and discards the model prose
[ai auto-reply] calling openai/gpt-test ÔÇö round 1/4, 1 message(s) in context

stdout | src/lib/ai/auto-reply.test.ts > dispatchInboundToAiReply ÔÇö reschedule grounding > confirms the move with the NEW link and discards the model prose
[ai auto-reply] provider replied ÔÇö text=0 chars, toolCalls=1

stdout | src/lib/ai/auto-reply.test.ts > dispatchInboundToAiReply ÔÇö reschedule grounding > confirms the move with the NEW link and discards the model prose
[ai auto-reply] calling openai/gpt-test ÔÇö round 2/4, 3 message(s) in context

stdout | src/lib/ai/auto-reply.test.ts > dispatchInboundToAiReply ÔÇö reschedule grounding > confirms the move with the NEW link and discards the model prose
[ai auto-reply] provider replied ÔÇö text=85 chars, toolCalls=0

stdout | src/lib/ai/auto-reply.test.ts > dispatchInboundToAiReply ÔÇö reschedule grounding > confirms the move with the NEW link and discards the model prose
[AUTO-REPLY] Mensaje enviado con ├®xito a WhatsApp: { whatsapp_message_id: 'm1' }
[follow-up] automatic 10m stage skipped for conversation conv-1 ÔÇö Timer 1 is manual-only (arm via "+ Programar").
stderr | src/lib/ai/auto-reply.test.ts > dispatchInboundToAiReply ÔÇö reschedule grounding > never goes silent when 
the reschedule tool throws

stdout | src/lib/ai/auto-reply.test.ts > dispatchInboundToAiReply ÔÇö reschedule grounding > never claims success when the move failed ÔÇö keeps the original slot
[ai auto-reply] dispatch requested ÔÇö conversation conv-1, contact contact-1, account acct-1

stdout | src/lib/ai/auto-reply.test.ts > dispatchInboundToAiReply ÔÇö reschedule grounding > never claims success when the move failed ÔÇö keeps the original slot
[ai auto-reply] config OK ÔÇö provider=openai model=gpt-test key_fingerprint=f3abf2a6 is_active=true auto_reply_enabled=true

stdout | src/lib/ai/auto-reply.test.ts > dispatchInboundToAiReply ÔÇö reschedule grounding > never claims success when the move failed ÔÇö keeps the original slot
[ai auto-reply] calling openai/gpt-test ÔÇö round 1/4, 1 message(s) in context

stdout | src/lib/ai/auto-reply.test.ts > dispatchInboundToAiReply ÔÇö reschedule grounding > never claims success when the move failed ÔÇö keeps the original slot
[ai auto-reply] provider replied ÔÇö text=0 chars, toolCalls=1

stdout | src/lib/ai/auto-reply.test.ts > dispatchInboundToAiReply ÔÇö reschedule grounding > never claims success when the move failed ÔÇö keeps the original slot
[ai auto-reply] calling openai/gpt-test ÔÇö round 2/4, 3 message(s) in context

stdout | src/lib/ai/auto-reply.test.ts > dispatchInboundToAiReply ÔÇö reschedule grounding > never claims success when the move failed ÔÇö keeps the original slot
[ai auto-reply] provider replied ÔÇö text=49 chars, toolCalls=0

stdout | src/lib/ai/auto-reply.test.ts > dispatchInboundToAiReply ÔÇö reschedule grounding > never claims success when the move failed ÔÇö keeps the original slot
[AUTO-REPLY] Mensaje enviado con ├®xito a WhatsApp: { whatsapp_message_id: 'm1' }
[follow-up] automatic 10m stage skipped for conversation conv-1 ÔÇö Timer 1 is manual-only (arm via "+ Programar").

stdout | src/lib/ai/auto-reply.test.ts > dispatchInboundToAiReply ÔÇö reschedule grounding > offers a new booking when there is nothing to reschedule (no compensating create)
[ai auto-reply] dispatch requested ÔÇö conversation conv-1, contact contact-1, account acct-1

stdout | src/lib/ai/auto-reply.test.ts > dispatchInboundToAiReply ÔÇö reschedule grounding > offers a new booking when there is nothing to reschedule (no compensating create)
[ai auto-reply] tool "reagendar_cita" threw: Error: network timeout
    at C:/Users/edsro/Desktop/CMR/wacrm/src/lib/ai/auto-reply.test.ts:1436:41
    at file:///C:/Users/edsro/Desktop/CMR/wacrm/node_modules/@vitest/runner/dist/chunk-artifact.js:302:11
    at file:///C:/Users/edsro/Desktop/CMR/wacrm/node_modules/@vitest/runner/dist/chunk-artifact.js:1903:26
    at file:///C:/Users/edsro/Desktop/CMR/wacrm/node_modules/@vitest/runner/dist/chunk-artifact.js:2326:20
    at new Promise (<anonymous>)
    at runWithCancel 
(file:///C:/Users/edsro/Desktop/CMR/wacrm/node_modules/@vitest/runner/dist/chunk-artifact.js:2323:10)
    at file:///C:/Users/edsro/Desktop/CMR/wacrm/node_modules/@vitest/runner/dist/chunk-artifact.js:2305:20
    at new Promise (<anonymous>)
    at runWithTimeout 
(file:///C:/Users/edsro/Desktop/CMR/wacrm/node_modules/@vitest/runner/dist/chunk-artifact.js:2272:10)
    at file:///C:/Users/edsro/Desktop/CMR/wacrm/node_modules/@vitest/runner/dist/chunk-artifact.js:2955:64

stderr | src/lib/ai/auto-reply.test.ts > dispatchInboundToAiReply ÔÇö reschedule grounding > never goes silent when 
the reschedule tool throws
[ai auto-reply] tool "reagendar_cita" threw: Error: network timeout
    at C:/Users/edsro/Desktop/CMR/wacrm/src/lib/ai/auto-reply.test.ts:1436:41
    at file:///C:/Users/edsro/Desktop/CMR/wacrm/node_modules/@vitest/runner/dist/chunk-artifact.js:302:11
    at file:///C:/Users/edsro/Desktop/CMR/wacrm/node_modules/@vitest/runner/dist/chunk-artifact.js:1903:26
    at file:///C:/Users/edsro/Desktop/CMR/wacrm/node_modules/@vitest/runner/dist/chunk-artifact.js:2326:20
    at new Promise (<anonymous>)
    at runWithCancel 
(file:///C:/Users/edsro/Desktop/CMR/wacrm/node_modules/@vitest/runner/dist/chunk-artifact.js:2323:10)
    at file:///C:/Users/edsro/Desktop/CMR/wacrm/node_modules/@vitest/runner/dist/chunk-artifact.js:2305:20
    at new Promise (<anonymous>)
    at runWithTimeout 
(file:///C:/Users/edsro/Desktop/CMR/wacrm/node_modules/@vitest/runner/dist/chunk-artifact.js:2272:10)
    at file:///C:/Users/edsro/Desktop/CMR/wacrm/node_modules/@vitest/runner/dist/chunk-artifact.js:2955:64

stderr | src/lib/ai/auto-reply.test.ts > dispatchInboundToAiReply ÔÇö reschedule grounding > never goes silent when 
the reschedule tool throws
[ai auto-reply] tool "reagendar_cita" threw: Error: network timeout
    at C:/Users/edsro/Desktop/CMR/wacrm/src/lib/ai/auto-reply.test.ts:1436:41
    at file:///C:/Users/edsro/Desktop/CMR/wacrm/node_modules/@vitest/runner/dist/chunk-artifact.js:302:11
    at file:///C:/Users/edsro/Desktop/CMR/wacrm/node_modules/@vitest/runner/dist/chunk-artifact.js:1903:26
    at file:///C:/Users/edsro/Desktop/CMR/wacrm/node_modules/@vitest/runner/dist/chunk-artifact.js:2326:20
    at new Promise (<anonymous>)
    at runWithCancel 
(file:///C:/Users/edsro/Desktop/CMR/wacrm/node_modules/@vitest/runner/dist/chunk-artifact.js:2323:10)
    at file:///C:/Users/edsro/Desktop/CMR/wacrm/node_modules/@vitest/runner/dist/chunk-artifact.js:2305:20
    at new Promise (<anonymous>)
    at runWithTimeout 
(file:///C:/Users/edsro/Desktop/CMR/wacrm/node_modules/@vitest/runner/dist/chunk-artifact.js:2272:10)
    at file:///C:/Users/edsro/Desktop/CMR/wacrm/node_modules/@vitest/runner/dist/chunk-artifact.js:2955:64

stderr | src/lib/ai/auto-reply.test.ts > dispatchInboundToAiReply ÔÇö reschedule grounding > never goes silent when 
the reschedule tool throws
[ai auto-reply] tool "reagendar_cita" threw: Error: network timeout
    at C:/Users/edsro/Desktop/CMR/wacrm/src/lib/ai/auto-reply.test.ts:1436:41
    at file:///C:/Users/edsro/Desktop/CMR/wacrm/node_modules/@vitest/runner/dist/chunk-artifact.js:302:11
    at file:///C:/Users/edsro/Desktop/CMR/wacrm/node_modules/@vitest/runner/dist/chunk-artifact.js:1903:26
    at file:///C:/Users/edsro/Desktop/CMR/wacrm/node_modules/@vitest/runner/dist/chunk-artifact.js:2326:20
    at new Promise (<anonymous>)
    at runWithCancel 
(file:///C:/Users/edsro/Desktop/CMR/wacrm/node_modules/@vitest/runner/dist/chunk-artifact.js:2323:10)
    at file:///C:/Users/edsro/Desktop/CMR/wacrm/node_modules/@vitest/runner/dist/chunk-artifact.js:2305:20
    at new Promise (<anonymous>)
    at runWithTimeout 
(file:///C:/Users/edsro/Desktop/CMR/wacrm/node_modules/@vitest/runner/dist/chunk-artifact.js:2272:10)
    at file:///C:/Users/edsro/Desktop/CMR/wacrm/node_modules/@vitest/runner/dist/chunk-artifact.js:2955:64

[ai auto-reply] config OK ÔÇö provider=openai model=gpt-test key_fingerprint=f3abf2a6 is_active=true auto_reply_enabled=true

stdout | src/lib/ai/auto-reply.test.ts > dispatchInboundToAiReply ÔÇö reschedule grounding > offers a new booking when there is nothing to reschedule (no compensating create)
[ai auto-reply] calling openai/gpt-test ÔÇö round 1/4, 1 message(s) in context

stdout | src/lib/ai/auto-reply.test.ts > dispatchInboundToAiReply ÔÇö reschedule grounding > offers a new booking when there is nothing to reschedule (no compensating create)
[ai auto-reply] provider replied ÔÇö text=0 chars, toolCalls=1

stdout | src/lib/ai/auto-reply.test.ts > dispatchInboundToAiReply ÔÇö reschedule grounding > offers a new booking when there is nothing to reschedule (no compensating create)
[ai auto-reply] calling openai/gpt-test ÔÇö round 2/4, 3 message(s) in context

stdout | src/lib/ai/auto-reply.test.ts > dispatchInboundToAiReply ÔÇö reschedule grounding > offers a new booking when there is nothing to reschedule (no compensating create)
[ai auto-reply] provider replied ÔÇö text=10 chars, toolCalls=0

stdout | src/lib/ai/auto-reply.test.ts > dispatchInboundToAiReply ÔÇö reschedule grounding > offers a new booking when there is nothing to reschedule (no compensating create)
[AUTO-REPLY] Mensaje enviado con ├®xito a WhatsApp: { whatsapp_message_id: 'm1' }
[follow-up] automatic 10m stage skipped for conversation conv-1 ÔÇö Timer 1 is manual-only (arm via "+ Programar").

stdout | src/lib/ai/auto-reply.test.ts > dispatchInboundToAiReply ÔÇö reschedule grounding > never goes silent when the reschedule tool throws
[ai auto-reply] dispatch requested ÔÇö conversation conv-1, contact contact-1, account acct-1

stdout | src/lib/ai/auto-reply.test.ts > dispatchInboundToAiReply ÔÇö reschedule grounding > never goes silent when the reschedule tool throws
[ai auto-reply] config OK ÔÇö provider=openai model=gpt-test key_fingerprint=f3abf2a6 is_active=true auto_reply_enabled=true

stdout | src/lib/ai/auto-reply.test.ts > dispatchInboundToAiReply ÔÇö reschedule grounding > never goes silent when the reschedule tool throws
[ai auto-reply] calling openai/gpt-test ÔÇö round 1/4, 1 message(s) in context

stdout | src/lib/ai/auto-reply.test.ts > dispatchInboundToAiReply ÔÇö reschedule grounding > never goes silent when the reschedule tool throws
[ai auto-reply] provider replied ÔÇö text=0 chars, toolCalls=1

stdout | src/lib/ai/auto-reply.test.ts > dispatchInboundToAiReply ÔÇö reschedule grounding > never goes silent when the reschedule tool throws
[ai auto-reply] calling openai/gpt-test ÔÇö round 2/4, 3 message(s) in context

stdout | src/lib/ai/auto-reply.test.ts > dispatchInboundToAiReply ÔÇö reschedule grounding > never goes silent when the reschedule tool throws
[ai auto-reply] provider replied ÔÇö text=0 chars, toolCalls=1

stdout | src/lib/ai/auto-reply.test.ts > dispatchInboundToAiReply ÔÇö reschedule grounding > never goes silent when the reschedule tool throws
[ai auto-reply] calling openai/gpt-test ÔÇö round 3/4, 5 message(s) in context

stdout | src/lib/ai/auto-reply.test.ts > dispatchInboundToAiReply ÔÇö reschedule grounding > never goes silent when the reschedule tool throws
[ai auto-reply] provider replied ÔÇö text=0 chars, toolCalls=1

stdout | src/lib/ai/auto-reply.test.ts > dispatchInboundToAiReply ÔÇö reschedule grounding > never goes silent when the reschedule tool throws
[ai auto-reply] calling openai/gpt-test ÔÇö round 4/4, 7 message(s) in context

stdout | src/lib/ai/auto-reply.test.ts > dispatchInboundToAiReply ÔÇö reschedule grounding > never goes silent when the reschedule tool throws
[ai auto-reply] provider replied ÔÇö text=0 chars, toolCalls=1

stdout | src/lib/ai/auto-reply.test.ts > dispatchInboundToAiReply ÔÇö reschedule grounding > never goes silent when the reschedule tool throws
[AUTO-REPLY] Mensaje enviado con ├®xito a WhatsApp: { whatsapp_message_id: 'm1' }
[follow-up] automatic 10m stage skipped for conversation conv-1 ÔÇö Timer 1 is manual-only (arm via "+ Programar").

stdout | src/lib/ai/auto-reply.test.ts > dispatchInboundToAiReply ÔÇö reschedule grounding > does not touch the provider when the CRM row has no remote event
[ai auto-reply] dispatch requested ÔÇö conversation conv-1, contact contact-1, account acct-1

stdout | src/lib/ai/auto-reply.test.ts > dispatchInboundToAiReply ÔÇö reschedule grounding > does not touch the provider when the CRM row has no remote event
[ai auto-reply] config OK ÔÇö provider=openai model=gpt-test key_fingerprint=f3abf2a6 is_active=true auto_reply_enabled=true

stdout | src/lib/ai/auto-reply.test.ts > dispatchInboundToAiReply ÔÇö reschedule grounding > does not touch the provider when the CRM row has no remote event
[ai auto-reply] calling openai/gpt-test ÔÇö round 1/4, 1 message(s) in context

stdout | src/lib/ai/auto-reply.test.ts > dispatchInboundToAiReply ÔÇö reschedule grounding > does not touch the provider when the CRM row has no remote event
[ai auto-reply] provider replied ÔÇö text=0 chars, toolCalls=1

stdout | src/lib/ai/auto-reply.test.ts > dispatchInboundToAiReply ÔÇö reschedule grounding > does not touch the provider when the CRM row has no remote event
[ai auto-reply] calling openai/gpt-test ÔÇö round 2/4, 3 message(s) in context

stdout | src/lib/ai/auto-reply.test.ts > dispatchInboundToAiReply ÔÇö reschedule grounding > does not touch the provider when the CRM row has no remote event
[ai auto-reply] provider replied ÔÇö text=10 chars, toolCalls=0

stdout | src/lib/ai/auto-reply.test.ts > dispatchInboundToAiReply ÔÇö reschedule grounding > does not touch the provider when the CRM row has no remote event
[AUTO-REPLY] Mensaje enviado con ├®xito a WhatsApp: { whatsapp_message_id: 'm1' }
[follow-up] automatic 10m stage skipped for conversation conv-1 ÔÇö Timer 1 is manual-only (arm via "+ Programar").

 Ô£ô src/lib/ai/auto-reply.test.ts > dispatchInboundToAiReply ÔÇö eligibility gates > a contact-context failure does not block the reply 1ms
 Ô£ô src/lib/ai/auto-reply.test.ts > dispatchInboundToAiReply ÔÇö eligibility gates > skips when the per-conversation cap is reached (a low stored value never blocks) 1ms
 Ô£ô src/lib/ai/auto-reply.test.ts > dispatchInboundToAiReply ÔÇö eligibility gates > replies unlimited when autoReplyMaxPerConversation is 0 1ms
 Ô£ô src/lib/ai/auto-reply.test.ts > dispatchInboundToAiReply ÔÇö eligibility gates > skips when there is nothing to reply to 0ms
 Ô£ô src/lib/ai/auto-reply.test.ts > dispatchInboundToAiReply ÔÇö eligibility gates > skips without muting when the account is over its rate limit 0ms
 Ô£ô src/lib/ai/auto-reply.test.ts > dispatchInboundToAiReply ÔÇö handoff > never mutes, and answers instead of staying silent, when the model yields nothing 1ms
 Ô£ô src/lib/ai/auto-reply.test.ts > dispatchInboundToAiReply ÔÇö handoff > never auto-assigns to the handoff agent when the model yields nothing 1ms
 Ô£ô src/lib/ai/auto-reply.test.ts > dispatchInboundToAiReply ÔÇö tool-call lifecycle > executes the tool, then makes a second LLM pass to confirm with the Meet link 1ms
 Ô£ô src/lib/ai/auto-reply.test.ts > dispatchInboundToAiReply ÔÇö tool-call lifecycle > dispatches the booked confirmation even when repeated tool calls exhaust the round budget 1ms
 Ô£ô src/lib/ai/auto-reply.test.ts > dispatchInboundToAiReply ÔÇö tool-call lifecycle > never goes silent when the scheduling tool throws ÔÇö sends the fallback 1ms
 Ô£ô src/lib/ai/auto-reply.test.ts > dispatchInboundToAiReply ÔÇö tool-call lifecycle > relays the tool fallback message through the model on the next pass 1ms
 Ô£ô src/lib/ai/auto-reply.test.ts > dispatchInboundToAiReply ÔÇö tool-call lifecycle > nunca deja el bot congelado: si agendar_cita no confirma y el modelo calla, env├¡a el fallback 1ms
 Ô£ô src/lib/ai/auto-reply.test.ts > dispatchInboundToAiReply ÔÇö anti-hallucination guard > replaces a fake Meet URL invented by the model with the REAL link from the tool 1ms
 Ô£ô src/lib/ai/auto-reply.test.ts > dispatchInboundToAiReply ÔÇö anti-hallucination guard > never sends a booking confirmation that has no real tool success ÔÇö neutral ack instead of silence 1ms
 Ô£ô src/lib/ai/auto-reply.test.ts > dispatchInboundToAiReply ÔÇö anti-hallucination guard > never sends an intermediate "un momentoÔÇª" wait message and does NOT mute the chat 1ms
 Ô£ô src/lib/ai/auto-reply.test.ts > dispatchInboundToAiReply ÔÇö anti-hallucination guard > sends the mandated confirmation with the real link even when the model omits the URL 1ms
 Ô£ô src/lib/ai/auto-reply.test.ts > dispatchInboundToAiReply ÔÇö anti-hallucination guard > greets the contact by their CRM name when available 1ms
 Ô£ô src/lib/ai/auto-reply.test.ts > dispatchInboundToAiReply ÔÇö anti-hallucination guard > never sends a link-promise with a fake URL ÔÇö neutral ack instead of silence 1ms
 Ô£ô src/lib/ai/auto-reply.test.ts > dispatchInboundToAiReply ÔÇö anti-hallucination guard > dispatches the confirmation with the REAL link even if the final LLM pass returns empty text 1ms
 Ô£ô src/lib/ai/auto-reply.test.ts > dispatchInboundToAiReply ÔÇö anti-hallucination guard > dispatches a local confirmation when the booking succeeded but Google timed out (no link) 1ms
 Ô£ô src/lib/ai/auto-reply.test.ts > dispatchInboundToAiReply ÔÇö anti-hallucination guard > notifica al cliente cuando Google Calendar falla al crear el evento (calendarSynced=false) 1ms
 Ô£ô src/lib/ai/auto-reply.test.ts > dispatchInboundToAiReply ÔÇö anti-hallucination guard > strips a stray fake URL from an ordinary (non-booking) reply 1ms
 Ô£ô src/lib/ai/auto-reply.test.ts > dispatchInboundToAiReply ÔÇö anti-hallucination guard > never sends Chain-of-Thought / thinking blocks to WhatsApp 1ms
 Ô£ô src/lib/ai/auto-reply.test.ts > dispatchInboundToAiReply ÔÇö anti-hallucination guard > strips label-prefixed monologue (Pensamiento:/Razonamiento:) before send 0ms
 Ô£ô src/lib/ai/auto-reply.test.ts > dispatchInboundToAiReply ÔÇö reenv├¡o del enlace ("m├índame el link") > resends the stored Meet link of the latest confirmed cita when asked 1ms
 Ô£ô src/lib/ai/auto-reply.test.ts > dispatchInboundToAiReply ÔÇö reenv├¡o del enlace ("m├índame el link") > does not fabricate a link when the contact has no cita with one 1ms
 Ô£ô src/lib/ai/auto-reply.test.ts > dispatchInboundToAiReply ÔÇö reenv├¡o del enlace ("m├índame el link") > a booking made this turn wins over the stored resend 1ms
 Ô£ô src/lib/ai/auto-reply.test.ts > guardBookingReply ÔÇö pure function > keeps text untouched when it already quotes the real link 0ms
 Ô£ô src/lib/ai/auto-reply.test.ts > guardBookingReply ÔÇö pure function > replaces every fake link with the real one 0ms
 Ô£ô src/lib/ai/auto-reply.test.ts > guardBookingReply ÔÇö pure function > replaces a booking claim without real success with null (handoff) under booking context 0ms
 Ô£ô src/lib/ai/auto-reply.test.ts > guardBookingReply ÔÇö pure function > returns null for an intermediate wait message under booking context 0ms
 Ô£ô src/lib/ai/auto-reply.test.ts > guardBookingReply ÔÇö pure function > returns null for an intermediate wait message WITHOUT booking context 0ms
 Ô£ô src/lib/ai/auto-reply.test.ts > guardBookingReply ÔÇö pure function > keeps a non-booking-context claim but still strips its fake URL 0ms
 Ô£ô src/lib/ai/auto-reply.test.ts > guardBookingReply ÔÇö pure function > never sends a link-promise without a real link ÔÇö returns null (dangling "enlace:" bubble) 0ms
 Ô£ô src/lib/ai/auto-reply.test.ts > guardBookingReply ÔÇö pure function > strips fake URLs but keeps the text when it does not promise a link 0ms
 Ô£ô src/lib/ai/auto-reply.test.ts > guardBookingReply ÔÇö pure function > never sends a raw timezone timestamp ÔÇö it is stripped from the bubble 0ms
 Ô£ô src/lib/ai/auto-reply.test.ts > guardBookingReply ÔÇö pure function > returns null when the only content was a raw timestamp 0ms
 Ô£ô src/lib/ai/auto-reply.test.ts > guardBookingReply ÔÇö pure function > keeps friendly dates/times while stripping raw ones 0ms
 Ô£ô src/lib/ai/auto-reply.test.ts > buildBookingConfirmationMessage ÔÇö pure function > returns null when the booking is not confirmed 0ms
 Ô£ô src/lib/ai/auto-reply.test.ts > buildBookingConfirmationMessage ÔÇö pure function > guarantees the Meet fallback URL when Google timed out (no link) 0ms
 Ô£ô src/lib/ai/auto-reply.test.ts > buildBookingConfirmationMessage ÔÇö pure function > builds the mandated confirmation format with fecha, hora and link 0ms
 Ô£ô src/lib/ai/auto-reply.test.ts > buildBookingConfirmationMessage ÔÇö pure function > uses the provided contact name in the greeting 0ms
 Ô£ô src/lib/ai/auto-reply.test.ts > buildBookingConfirmationMessage ÔÇö pure function > falls back to inicio when fecha/hora are missing from the JSON_RESULT 0ms
 Ô£ô src/lib/ai/auto-reply.test.ts > dispatchInboundToAiReply ÔÇö reschedule grounding > confirms the move with the NEW link and discards the model prose 1ms
 Ô£ô src/lib/ai/auto-reply.test.ts > dispatchInboundToAiReply ÔÇö reschedule grounding > never claims success when the move failed ÔÇö keeps the original slot 1ms
 Ô£ô src/lib/ai/auto-reply.test.ts > dispatchInboundToAiReply ÔÇö reschedule grounding > offers a new booking when there is nothing to reschedule (no compensating create) 1ms
 Ô£ô src/lib/ai/auto-reply.test.ts > dispatchInboundToAiReply ÔÇö reschedule grounding > never goes silent when the reschedule tool throws 1ms
 Ô£ô src/lib/ai/auto-reply.test.ts > dispatchInboundToAiReply ÔÇö reschedule grounding > does not touch the provider when the CRM row has no remote event 1ms
 Ô£ô src/lib/ai/auto-reply.test.ts > reschedule message builders > buildRescheduleConfirmationMessage returns null unless confirmed 0ms
 Ô£ô src/lib/ai/auto-reply.test.ts > reschedule message builders > buildRescheduleConfirmationMessage carries the returned link 0ms
 Ô£ô src/lib/ai/auto-reply.test.ts > reschedule message builders > buildRescheduleFailureMessage returns null on success 0ms
 Ô£ô src/lib/ai/auto-reply.test.ts > reschedule message builders > buildRescheduleFailureMessage distinguishes busy from provider error 0ms
 Ô£ô src/lib/ai/auto-reply.test.ts > reschedule message builders > guardBookingReply lets the authoritative reschedule text through 0ms
stdout | src/app/api/whatsapp/webhook/route.test.ts > inbound webhook: inbound media is mirrored (#466) > names the object after a document's own filename
[webhook] message wamid.DOC2: dispatching to AI auto-reply (type=document, text="have a look")

stdout | src/app/api/whatsapp/webhook/route.test.ts > inbound webhook: inbound media is mirrored (#466) > names the object after a document's own filename
[webhook] delivery processed in 15ms

stdout | src/app/api/whatsapp/webhook/route.test.ts > inbound webhook: inbound media is mirrored (#466) > does not mirror when the account has opted out
[webhook] POST received ÔÇö signature ok, 1 entry, 1 inbound message(s)
=== META WEBHOOK BODY === {
  "entry": [
    {
      "changes": [
        {
          "field": "messages",
          "value": {
            "metadata": {
              "phone_number_id": "pn-1"
            },
            "contacts": [
              {
                "wa_id": "15551230000",
                "profile": {
                  "name": "Ada"
                }
              }
            ],
            "messages": [
              {
                "id": "wamid.IMG1",
                "from": "15551230000",
                "timestamp": "1700000000",
                "type": "image",
                "image": {
                  "id": "1234567890123456",
                  "mime_type": "image/jpeg",
                  "caption": "hi"
                }
              }
            ]
          }
        }
      ]
    }
  ]
}

stdout | src/app/api/whatsapp/webhook/route.test.ts > inbound webhook: inbound media is mirrored (#466) > does not mirror when the account has opted out
[webhook] processing image message wamid.IMG1 from ÔÇª0000 (account acc-1)
-> [EXTRACTED DATA] {
  effectivePhone: '15551230000',
  meta_wa_id: '15551230000',
  extractedUser: 'Ada',
  hasRealPhone: true,
  idType: 'e164-phone',
  wa_user_id: null,
  username: null
}

stdout | src/app/api/whatsapp/webhook/route.test.ts > inbound webhook: inbound media is mirrored (#466) > does not mirror when the account has opted out
[webhook] thread conv-1 (contact contact-1, assigned_agent_id=null)

stderr | src/app/api/whatsapp/webhook/route.test.ts > inbound webhook: inbound media is mirrored (#466) > does not 
mirror when the account has opted out
[ai unblock] unexpected failure unblocking conv-1: TypeError: db.from(...).select(...).eq(...).maybeSingle is not a 
function
    at autoUnblockConversation (C:/Users/edsro/Desktop/CMR/wacrm/src/lib/ai/unblock.ts:67:8)
    at processMessage (C:/Users/edsro/Desktop/CMR/wacrm/src/app/api/whatsapp/webhook/route.ts:1207:11)
    at processWebhook (C:/Users/edsro/Desktop/CMR/wacrm/src/app/api/whatsapp/webhook/route.ts:666:9)
    at C:/Users/edsro/Desktop/CMR/wacrm/src/app/api/whatsapp/webhook/route.ts:541:7
    at runWebhook (C:/Users/edsro/Desktop/CMR/wacrm/src/app/api/whatsapp/webhook/route.test.ts:654:31)
    at C:/Users/edsro/Desktop/CMR/wacrm/src/app/api/whatsapp/webhook/route.test.ts:1670:5
    at file:///C:/Users/edsro/Desktop/CMR/wacrm/node_modules/@vitest/runner/dist/chunk-artifact.js:1903:20

stderr | src/app/api/whatsapp/webhook/route.test.ts > inbound webhook: inbound media is mirrored (#466) > does not 
mirror when the account has opted out
[ai unblock] clearStaleFlowRuns failed: Error: unexpected table: flow_runs
    at Object.from (C:/Users/edsro/Desktop/CMR/wacrm/src/app/api/whatsapp/webhook/route.test.ts:490:17)
    at clearStaleFlowRuns (C:/Users/edsro/Desktop/CMR/wacrm/src/lib/ai/unblock.ts:167:8)
    at processMessage (C:/Users/edsro/Desktop/CMR/wacrm/src/app/api/whatsapp/webhook/route.ts:1208:11)
    at processWebhook (C:/Users/edsro/Desktop/CMR/wacrm/src/app/api/whatsapp/webhook/route.ts:666:9)
    at C:/Users/edsro/Desktop/CMR/wacrm/src/app/api/whatsapp/webhook/route.ts:541:7
    at runWebhook (C:/Users/edsro/Desktop/CMR/wacrm/src/app/api/whatsapp/webhook/route.test.ts:654:31)
    at C:/Users/edsro/Desktop/CMR/wacrm/src/app/api/whatsapp/webhook/route.test.ts:1670:5
    at file:///C:/Users/edsro/Desktop/CMR/wacrm/node_modules/@vitest/runner/dist/chunk-artifact.js:1903:20

stderr | src/app/api/whatsapp/webhook/route.test.ts > inbound webhook: inbound media is mirrored (#466) > does not 
mirror when the account has opted out
[follow-up] cancelPendingFollowUps threw for conversation conv-1: db.from(...).update(...).eq(...).in is not a function

stderr | src/app/api/whatsapp/webhook/route.test.ts > inbound webhook: inbound media is mirrored (#466) > does not 
mirror when the account has opted out
[response-wait] resetResponseWaitOnInbound threw for conversation conv-1: db.from(...).select(...).eq(...).maybeSingle 
is not a function

stdout | src/app/api/whatsapp/webhook/route.test.ts > inbound webhook: inbound media is mirrored (#466) > does not mirror when the account has opted out
[webhook] message wamid.IMG1: dispatching to AI auto-reply (type=image, text="hi")

stdout | src/app/api/whatsapp/webhook/route.test.ts > inbound webhook: inbound media is mirrored (#466) > does not mirror when the account has opted out
[webhook] delivery processed in 46ms

 Ô£ô src/app/api/whatsapp/webhook/route.test.ts > inbound webhook: inbound media is mirrored (#466) > skips media larger than the bucket accepts, without downloading it 47ms
 Ô£ô src/app/api/whatsapp/webhook/route.test.ts > inbound webhook: inbound media is mirrored (#466) > names the object after a document's own filename 15ms
 Ô£ô src/app/api/whatsapp/webhook/route.test.ts > inbound webhook: inbound media is mirrored (#466) > does not mirror when the account has opted out 47ms
stdout | src/app/api/whatsapp/webhook/route.test.ts > inbound webhook: inbound media is mirrored (#466) > mirrors when the column is absent, e.g. a row read before migration 039
[webhook] POST received ÔÇö signature ok, 1 entry, 1 inbound message(s)
=== META WEBHOOK BODY === {
  "entry": [
    {
      "changes": [
        {
          "field": "messages",
          "value": {
            "metadata": {
              "phone_number_id": "pn-1"
            },
            "contacts": [
              {
                "wa_id": "15551230000",
                "profile": {
                  "name": "Ada"
                }
              }
            ],
            "messages": [
              {
                "id": "wamid.IMG1",
                "from": "15551230000",
                "timestamp": "1700000000",
                "type": "image",
                "image": {
                  "id": "1234567890123456",
                  "mime_type": "image/jpeg",
                  "caption": "hi"
                }
              }
            ]
          }
        }
      ]
    }
  ]
}

stdout | src/app/api/whatsapp/webhook/route.test.ts > inbound webhook: inbound media is mirrored (#466) > mirrors when the column is absent, e.g. a row read before migration 039
[webhook] processing image message wamid.IMG1 from ÔÇª0000 (account acc-1)
-> [EXTRACTED DATA] {
  effectivePhone: '15551230000',
  meta_wa_id: '15551230000',
  extractedUser: 'Ada',
  hasRealPhone: true,
  idType: 'e164-phone',
  wa_user_id: null,
  username: null
}

stdout | src/app/api/whatsapp/webhook/route.test.ts > inbound webhook: inbound media is mirrored (#466) > mirrors when the column is absent, e.g. a row read before migration 039
[webhook] thread conv-1 (contact contact-1, assigned_agent_id=null)

stderr | src/app/api/whatsapp/webhook/route.test.ts > inbound webhook: inbound media is mirrored (#466) > mirrors when 
the column is absent, e.g. a row read before migration 039
[ai unblock] unexpected failure unblocking conv-1: TypeError: db.from(...).select(...).eq(...).maybeSingle is not a 
function
    at autoUnblockConversation (C:/Users/edsro/Desktop/CMR/wacrm/src/lib/ai/unblock.ts:67:8)
    at processMessage (C:/Users/edsro/Desktop/CMR/wacrm/src/app/api/whatsapp/webhook/route.ts:1207:11)
    at runNextTicks (node:internal/process/task_queues:65:5)
    at processTimers (node:internal/timers:568:9)
    at processWebhook (C:/Users/edsro/Desktop/CMR/wacrm/src/app/api/whatsapp/webhook/route.ts:666:9)
    at C:/Users/edsro/Desktop/CMR/wacrm/src/app/api/whatsapp/webhook/route.ts:541:7
    at runWebhook (C:/Users/edsro/Desktop/CMR/wacrm/src/app/api/whatsapp/webhook/route.test.ts:654:31)
    at C:/Users/edsro/Desktop/CMR/wacrm/src/app/api/whatsapp/webhook/route.test.ts:1685:5
    at file:///C:/Users/edsro/Desktop/CMR/wacrm/node_modules/@vitest/runner/dist/chunk-artifact.js:1903:20

stderr | src/app/api/whatsapp/webhook/route.test.ts > inbound webhook: inbound media is mirrored (#466) > mirrors when 
the column is absent, e.g. a row read before migration 039
[ai unblock] clearStaleFlowRuns failed: Error: unexpected table: flow_runs
    at Object.from (C:/Users/edsro/Desktop/CMR/wacrm/src/app/api/whatsapp/webhook/route.test.ts:490:17)
    at clearStaleFlowRuns (C:/Users/edsro/Desktop/CMR/wacrm/src/lib/ai/unblock.ts:167:8)
    at processMessage (C:/Users/edsro/Desktop/CMR/wacrm/src/app/api/whatsapp/webhook/route.ts:1208:11)
    at runNextTicks (node:internal/process/task_queues:65:5)
    at processTimers (node:internal/timers:568:9)
    at processWebhook (C:/Users/edsro/Desktop/CMR/wacrm/src/app/api/whatsapp/webhook/route.ts:666:9)
    at C:/Users/edsro/Desktop/CMR/wacrm/src/app/api/whatsapp/webhook/route.ts:541:7
    at runWebhook (C:/Users/edsro/Desktop/CMR/wacrm/src/app/api/whatsapp/webhook/route.test.ts:654:31)
    at C:/Users/edsro/Desktop/CMR/wacrm/src/app/api/whatsapp/webhook/route.test.ts:1685:5
    at file:///C:/Users/edsro/Desktop/CMR/wacrm/node_modules/@vitest/runner/dist/chunk-artifact.js:1903:20

stderr | src/app/api/whatsapp/webhook/route.test.ts > inbound webhook: inbound media is mirrored (#466) > mirrors when 
the column is absent, e.g. a row read before migration 039
[follow-up] cancelPendingFollowUps threw for conversation conv-1: db.from(...).update(...).eq(...).in is not a function

stderr | src/app/api/whatsapp/webhook/route.test.ts > inbound webhook: inbound media is mirrored (#466) > mirrors when 
the column is absent, e.g. a row read before migration 039
[response-wait] resetResponseWaitOnInbound threw for conversation conv-1: db.from(...).select(...).eq(...).maybeSingle 
is not a function

stdout | src/app/api/whatsapp/webhook/route.test.ts > inbound webhook: inbound media is mirrored (#466) > mirrors when the column is absent, e.g. a row read before migration 039
[webhook] message wamid.IMG1: dispatching to AI auto-reply (type=image, text="hi")

stdout | src/app/api/whatsapp/webhook/route.test.ts > inbound webhook: inbound media is mirrored (#466) > mirrors when the column is absent, e.g. a row read before migration 039
[webhook] delivery processed in 47ms

stdout | src/app/api/whatsapp/webhook/route.test.ts > inbound webhook: inbound media is mirrored (#466) > leaves text messages alone
[webhook] POST received ÔÇö signature ok, 1 entry, 1 inbound message(s)
=== META WEBHOOK BODY === {
  "entry": [
    {
      "changes": [
        {
          "field": "messages",
          "value": {
            "metadata": {
              "phone_number_id": "pn-1"
            },
            "contacts": [
              {
                "wa_id": "15551230000",
                "profile": {
                  "name": "Ada"
                }
              }
            ],
            "messages": [
              {
                "id": "wamid.TEST1",
                "from": "15551230000",
                "timestamp": "1700000000",
                "type": "text",
                "text": {
                  "body": "hello"
                }
              }
            ]
          }
        }
      ]
    }
  ]
}

stdout | src/app/api/whatsapp/webhook/route.test.ts > inbound webhook: inbound media is mirrored (#466) > leaves text messages alone
[webhook] processing text message wamid.TEST1 from ÔÇª0000 (account acc-1)
-> [EXTRACTED DATA] {
  effectivePhone: '15551230000',
  meta_wa_id: '15551230000',
  extractedUser: 'Ada',
  hasRealPhone: true,
  idType: 'e164-phone',
  wa_user_id: null,
  username: null
}

stderr | src/app/api/whatsapp/webhook/route.test.ts > inbound webhook: inbound media is mirrored (#466) > leaves text 
messages alone
[ai unblock] unexpected failure unblocking conv-1: TypeError: db.from(...).select(...).eq(...).maybeSingle is not a 
function
    at autoUnblockConversation (C:/Users/edsro/Desktop/CMR/wacrm/src/lib/ai/unblock.ts:67:8)
    at processMessage (C:/Users/edsro/Desktop/CMR/wacrm/src/app/api/whatsapp/webhook/route.ts:1207:11)
    at processWebhook (C:/Users/edsro/Desktop/CMR/wacrm/src/app/api/whatsapp/webhook/route.ts:666:9)
    at C:/Users/edsro/Desktop/CMR/wacrm/src/app/api/whatsapp/webhook/route.ts:541:7
    at runWebhook (C:/Users/edsro/Desktop/CMR/wacrm/src/app/api/whatsapp/webhook/route.test.ts:654:31)
    at C:/Users/edsro/Desktop/CMR/wacrm/src/app/api/whatsapp/webhook/route.test.ts:1691:5
    at file:///C:/Users/edsro/Desktop/CMR/wacrm/node_modules/@vitest/runner/dist/chunk-artifact.js:1903:20

stdout | src/app/api/whatsapp/webhook/route.test.ts > inbound webhook: inbound media is mirrored (#466) > leaves text messages alone
[webhook] thread conv-1 (contact contact-1, assigned_agent_id=null)

stderr | src/app/api/whatsapp/webhook/route.test.ts > inbound webhook: inbound media is mirrored (#466) > leaves text 
messages alone
[ai unblock] clearStaleFlowRuns failed: Error: unexpected table: flow_runs
    at Object.from (C:/Users/edsro/Desktop/CMR/wacrm/src/app/api/whatsapp/webhook/route.test.ts:490:17)
    at clearStaleFlowRuns (C:/Users/edsro/Desktop/CMR/wacrm/src/lib/ai/unblock.ts:167:8)
    at processMessage (C:/Users/edsro/Desktop/CMR/wacrm/src/app/api/whatsapp/webhook/route.ts:1208:11)
    at processWebhook (C:/Users/edsro/Desktop/CMR/wacrm/src/app/api/whatsapp/webhook/route.ts:666:9)
    at C:/Users/edsro/Desktop/CMR/wacrm/src/app/api/whatsapp/webhook/route.ts:541:7
    at runWebhook (C:/Users/edsro/Desktop/CMR/wacrm/src/app/api/whatsapp/webhook/route.test.ts:654:31)
    at C:/Users/edsro/Desktop/CMR/wacrm/src/app/api/whatsapp/webhook/route.test.ts:1691:5
    at file:///C:/Users/edsro/Desktop/CMR/wacrm/node_modules/@vitest/runner/dist/chunk-artifact.js:1903:20

stderr | src/app/api/whatsapp/webhook/route.test.ts > inbound webhook: inbound media is mirrored (#466) > leaves text 
messages alone
[follow-up] cancelPendingFollowUps threw for conversation conv-1: db.from(...).update(...).eq(...).in is not a function

stderr | src/app/api/whatsapp/webhook/route.test.ts > inbound webhook: inbound media is mirrored (#466) > leaves text 
messages alone
[response-wait] resetResponseWaitOnInbound threw for conversation conv-1: db.from(...).select(...).eq(...).maybeSingle 
is not a function

stdout | src/app/api/whatsapp/webhook/route.test.ts > inbound webhook: inbound media is mirrored (#466) > leaves text messages alone
[webhook] message wamid.TEST1: dispatching to AI auto-reply (type=text, text="hello")

stdout | src/app/api/whatsapp/webhook/route.test.ts > inbound webhook: inbound media is mirrored (#466) > leaves text messages alone
[webhook] delivery processed in 46ms

stdout | src/app/api/whatsapp/webhook/route.test.ts > inbound webhook: after() awaits automations (#368) > every triggered automation settles before the after() callback resolves
[webhook] POST received ÔÇö signature ok, 1 entry, 1 inbound message(s)
=== META WEBHOOK BODY === {
  "entry": [
    {
      "changes": [
        {
          "field": "messages",
          "value": {
            "metadata": {
              "phone_number_id": "pn-1"
            },
            "contacts": [
              {
                "wa_id": "15551230000",
                "profile": {
                  "name": "Ada"
                }
              }
            ],
            "messages": [
              {
                "id": "wamid.TEST1",
                "from": "15551230000",
                "timestamp": "1700000000",
                "type": "text",
                "text": {
                  "body": "hello"
                }
              }
            ]
          }
        }
      ]
    }
  ]
}

stdout | src/app/api/whatsapp/webhook/route.test.ts > inbound webhook: after() awaits automations (#368) > every triggered automation settles before the after() callback resolves
[webhook] processing text message wamid.TEST1 from ÔÇª0000 (account acc-1)
-> [EXTRACTED DATA] {
  effectivePhone: '15551230000',
  meta_wa_id: '15551230000',
  extractedUser: 'Ada',
  hasRealPhone: true,
  idType: 'e164-phone',
  wa_user_id: null,
  username: null
}

stdout | src/app/api/whatsapp/webhook/route.test.ts > inbound webhook: after() awaits automations (#368) > every triggered automation settles before the after() callback resolves
[webhook] thread conv-1 (contact contact-1, assigned_agent_id=null)

stderr | src/app/api/whatsapp/webhook/route.test.ts > inbound webhook: after() awaits automations (#368) > every 
triggered automation settles before the after() callback resolves
[ai unblock] unexpected failure unblocking conv-1: TypeError: db.from(...).select(...).eq(...).maybeSingle is not a 
function
    at autoUnblockConversation (C:/Users/edsro/Desktop/CMR/wacrm/src/lib/ai/unblock.ts:67:8)
    at processMessage (C:/Users/edsro/Desktop/CMR/wacrm/src/app/api/whatsapp/webhook/route.ts:1207:11)
    at processWebhook (C:/Users/edsro/Desktop/CMR/wacrm/src/app/api/whatsapp/webhook/route.ts:666:9)
    at C:/Users/edsro/Desktop/CMR/wacrm/src/app/api/whatsapp/webhook/route.ts:541:7
    at runWebhook (C:/Users/edsro/Desktop/CMR/wacrm/src/app/api/whatsapp/webhook/route.test.ts:654:31)
    at C:/Users/edsro/Desktop/CMR/wacrm/src/app/api/whatsapp/webhook/route.test.ts:1701:5
    at file:///C:/Users/edsro/Desktop/CMR/wacrm/node_modules/@vitest/runner/dist/chunk-artifact.js:1903:20

stderr | src/app/api/whatsapp/webhook/route.test.ts > inbound webhook: after() awaits automations (#368) > every 
triggered automation settles before the after() callback resolves
[ai unblock] clearStaleFlowRuns failed: Error: unexpected table: flow_runs
    at Object.from (C:/Users/edsro/Desktop/CMR/wacrm/src/app/api/whatsapp/webhook/route.test.ts:490:17)
    at clearStaleFlowRuns (C:/Users/edsro/Desktop/CMR/wacrm/src/lib/ai/unblock.ts:167:8)
    at processMessage (C:/Users/edsro/Desktop/CMR/wacrm/src/app/api/whatsapp/webhook/route.ts:1208:11)
    at processWebhook (C:/Users/edsro/Desktop/CMR/wacrm/src/app/api/whatsapp/webhook/route.ts:666:9)
    at C:/Users/edsro/Desktop/CMR/wacrm/src/app/api/whatsapp/webhook/route.ts:541:7
    at runWebhook (C:/Users/edsro/Desktop/CMR/wacrm/src/app/api/whatsapp/webhook/route.test.ts:654:31)
    at C:/Users/edsro/Desktop/CMR/wacrm/src/app/api/whatsapp/webhook/route.test.ts:1701:5
    at file:///C:/Users/edsro/Desktop/CMR/wacrm/node_modules/@vitest/runner/dist/chunk-artifact.js:1903:20

stderr | src/app/api/whatsapp/webhook/route.test.ts > inbound webhook: after() awaits automations (#368) > every 
triggered automation settles before the after() callback resolves
[follow-up] cancelPendingFollowUps threw for conversation conv-1: db.from(...).update(...).eq(...).in is not a function

stderr | src/app/api/whatsapp/webhook/route.test.ts > inbound webhook: after() awaits automations (#368) > every 
triggered automation settles before the after() callback resolves
[response-wait] resetResponseWaitOnInbound threw for conversation conv-1: db.from(...).select(...).eq(...).maybeSingle 
is not a function

 Ô£ô src/app/api/whatsapp/webhook/route.test.ts > inbound webhook: inbound media is mirrored (#466) > mirrors when the column is absent, e.g. a row read before migration 039 47ms
 Ô£ô src/app/api/whatsapp/webhook/route.test.ts > inbound webhook: inbound media is mirrored (#466) > leaves text messages alone 46ms
stdout | src/app/api/whatsapp/webhook/route.test.ts > inbound webhook: after() awaits automations (#368) > every triggered automation settles before the after() callback resolves
[webhook] message wamid.TEST1: dispatching to AI auto-reply (type=text, text="hello")

stdout | src/app/api/whatsapp/webhook/route.test.ts > inbound webhook: after() awaits automations (#368) > every triggered automation settles before the after() callback resolves
[webhook] delivery processed in 46ms

stdout | src/app/api/whatsapp/webhook/route.test.ts > inbound webhook: Meta identity columns (migration 053) > records the Meta identity columns on a newly created contact
[webhook] POST received ÔÇö signature ok, 1 entry, 1 inbound message(s)
=== META WEBHOOK BODY === {
  "entry": [
    {
      "changes": [
        {
          "field": "messages",
          "value": {
            "metadata": {
              "phone_number_id": "pn-1"
            },
            "contacts": [
              {
                "wa_id": "15551230000",
                "profile": {
                  "name": "Ada"
                }
              }
            ],
            "messages": [
              {
                "id": "wamid.TEST1",
                "from": "15551230000",
                "timestamp": "1700000000",
                "type": "text",
                "text": {
                  "body": "hello"
                }
              }
            ]
          }
        }
      ]
    }
  ]
}

stdout | src/app/api/whatsapp/webhook/route.test.ts > inbound webhook: Meta identity columns (migration 053) > records the Meta identity columns on a newly created contact
[webhook] processing text message wamid.TEST1 from ÔÇª0000 (account acc-1)
-> [EXTRACTED DATA] {
  effectivePhone: '15551230000',
  meta_wa_id: '15551230000',
  extractedUser: 'Ada',
  hasRealPhone: true,
  idType: 'e164-phone',
  wa_user_id: null,
  username: null
}

stdout | src/app/api/whatsapp/webhook/route.test.ts > inbound webhook: Meta identity columns (migration 053) > records the Meta identity columns on a newly created contact
[webhook] thread conv-1 (contact inserted-1, assigned_agent_id=null)

stderr | src/app/api/whatsapp/webhook/route.test.ts > inbound webhook: Meta identity columns (migration 053) > records 
the Meta identity columns on a newly created contact
[ai unblock] unexpected failure unblocking conv-1: TypeError: db.from(...).select(...).eq(...).maybeSingle is not a 
function
    at autoUnblockConversation (C:/Users/edsro/Desktop/CMR/wacrm/src/lib/ai/unblock.ts:67:8)
    at processMessage (C:/Users/edsro/Desktop/CMR/wacrm/src/app/api/whatsapp/webhook/route.ts:1207:11)
    at processWebhook (C:/Users/edsro/Desktop/CMR/wacrm/src/app/api/whatsapp/webhook/route.ts:666:9)
    at C:/Users/edsro/Desktop/CMR/wacrm/src/app/api/whatsapp/webhook/route.ts:541:7
    at runWebhook (C:/Users/edsro/Desktop/CMR/wacrm/src/app/api/whatsapp/webhook/route.test.ts:654:31)
    at C:/Users/edsro/Desktop/CMR/wacrm/src/app/api/whatsapp/webhook/route.test.ts:1719:5
    at file:///C:/Users/edsro/Desktop/CMR/wacrm/node_modules/@vitest/runner/dist/chunk-artifact.js:1903:20

stderr | src/app/api/whatsapp/webhook/route.test.ts > inbound webhook: Meta identity columns (migration 053) > records 
the Meta identity columns on a newly created contact
[ai unblock] clearStaleFlowRuns failed: Error: unexpected table: flow_runs
    at Object.from (C:/Users/edsro/Desktop/CMR/wacrm/src/app/api/whatsapp/webhook/route.test.ts:490:17)
    at clearStaleFlowRuns (C:/Users/edsro/Desktop/CMR/wacrm/src/lib/ai/unblock.ts:167:8)
    at processMessage (C:/Users/edsro/Desktop/CMR/wacrm/src/app/api/whatsapp/webhook/route.ts:1208:11)
    at processWebhook (C:/Users/edsro/Desktop/CMR/wacrm/src/app/api/whatsapp/webhook/route.ts:666:9)
    at C:/Users/edsro/Desktop/CMR/wacrm/src/app/api/whatsapp/webhook/route.ts:541:7
    at runWebhook (C:/Users/edsro/Desktop/CMR/wacrm/src/app/api/whatsapp/webhook/route.test.ts:654:31)
    at C:/Users/edsro/Desktop/CMR/wacrm/src/app/api/whatsapp/webhook/route.test.ts:1719:5
    at file:///C:/Users/edsro/Desktop/CMR/wacrm/node_modules/@vitest/runner/dist/chunk-artifact.js:1903:20

stderr | src/app/api/whatsapp/webhook/route.test.ts > inbound webhook: Meta identity columns (migration 053) > records 
the Meta identity columns on a newly created contact
[follow-up] cancelPendingFollowUps threw for conversation conv-1: db.from(...).update(...).eq(...).in is not a function

stderr | src/app/api/whatsapp/webhook/route.test.ts > inbound webhook: Meta identity columns (migration 053) > records 
the Meta identity columns on a newly created contact
[response-wait] resetResponseWaitOnInbound threw for conversation conv-1: db.from(...).select(...).eq(...).maybeSingle 
is not a function

stdout | src/app/api/whatsapp/webhook/route.test.ts > inbound webhook: Meta identity columns (migration 053) > records the Meta identity columns on a newly created contact
[webhook] message wamid.TEST1: dispatching to AI auto-reply (type=text, text="hello")

stdout | src/app/api/whatsapp/webhook/route.test.ts > inbound webhook: Meta identity columns (migration 053) > records the Meta identity columns on a newly created contact
[webhook] delivery processed in 62ms

stdout | src/app/api/whatsapp/webhook/route.test.ts > inbound webhook: Meta identity columns (migration 053) > backfills the identity columns onto an existing contact
[webhook] POST received ÔÇö signature ok, 1 entry, 1 inbound message(s)
=== META WEBHOOK BODY === {
  "entry": [
    {
      "changes": [
        {
          "field": "messages",
          "value": {
            "metadata": {
              "phone_number_id": "pn-1"
            },
            "contacts": [
              {
                "wa_id": "15551230000",
                "profile": {
                  "name": "Ada"
                }
              }
            ],
            "messages": [
              {
                "id": "wamid.TEST1",
                "from": "15551230000",
                "timestamp": "1700000000",
                "type": "text",
                "text": {
                  "body": "hello"
                }
              }
            ]
          }
        }
      ]
    }
  ]
}

stdout | src/app/api/whatsapp/webhook/route.test.ts > inbound webhook: Meta identity columns (migration 053) > backfills the identity columns onto an existing contact
[webhook] processing text message wamid.TEST1 from ÔÇª0000 (account acc-1)
-> [EXTRACTED DATA] {
  effectivePhone: '15551230000',
  meta_wa_id: '15551230000',
  extractedUser: 'Ada',
  hasRealPhone: true,
  idType: 'e164-phone',
  wa_user_id: null,
  username: null
}

stderr | src/app/api/whatsapp/webhook/route.test.ts > inbound webhook: Meta identity columns (migration 053) > 
backfills the identity columns onto an existing contact
[ai unblock] unexpected failure unblocking conv-1: TypeError: db.from(...).select(...).eq(...).maybeSingle is not a 
function
    at autoUnblockConversation (C:/Users/edsro/Desktop/CMR/wacrm/src/lib/ai/unblock.ts:67:8)
    at processMessage (C:/Users/edsro/Desktop/CMR/wacrm/src/app/api/whatsapp/webhook/route.ts:1207:11)
    at processWebhook (C:/Users/edsro/Desktop/CMR/wacrm/src/app/api/whatsapp/webhook/route.ts:666:9)
    at C:/Users/edsro/Desktop/CMR/wacrm/src/app/api/whatsapp/webhook/route.ts:541:7
    at runWebhook (C:/Users/edsro/Desktop/CMR/wacrm/src/app/api/whatsapp/webhook/route.test.ts:654:31)
    at C:/Users/edsro/Desktop/CMR/wacrm/src/app/api/whatsapp/webhook/route.test.ts:1743:5
    at file:///C:/Users/edsro/Desktop/CMR/wacrm/node_modules/@vitest/runner/dist/chunk-artifact.js:1903:20

stdout | src/app/api/whatsapp/webhook/route.test.ts > inbound webhook: Meta identity columns (migration 053) > backfills the identity columns onto an existing contact
[webhook] thread conv-1 (contact contact-1, assigned_agent_id=null)

stderr | src/app/api/whatsapp/webhook/route.test.ts > inbound webhook: Meta identity columns (migration 053) > 
backfills the identity columns onto an existing contact
[ai unblock] clearStaleFlowRuns failed: Error: unexpected table: flow_runs
    at Object.from (C:/Users/edsro/Desktop/CMR/wacrm/src/app/api/whatsapp/webhook/route.test.ts:490:17)
    at clearStaleFlowRuns (C:/Users/edsro/Desktop/CMR/wacrm/src/lib/ai/unblock.ts:167:8)
    at processMessage (C:/Users/edsro/Desktop/CMR/wacrm/src/app/api/whatsapp/webhook/route.ts:1208:11)
    at processWebhook (C:/Users/edsro/Desktop/CMR/wacrm/src/app/api/whatsapp/webhook/route.ts:666:9)
    at C:/Users/edsro/Desktop/CMR/wacrm/src/app/api/whatsapp/webhook/route.ts:541:7
    at runWebhook (C:/Users/edsro/Desktop/CMR/wacrm/src/app/api/whatsapp/webhook/route.test.ts:654:31)
    at C:/Users/edsro/Desktop/CMR/wacrm/src/app/api/whatsapp/webhook/route.test.ts:1743:5
    at file:///C:/Users/edsro/Desktop/CMR/wacrm/node_modules/@vitest/runner/dist/chunk-artifact.js:1903:20

stderr | src/app/api/whatsapp/webhook/route.test.ts > inbound webhook: Meta identity columns (migration 053) > 
backfills the identity columns onto an existing contact
[follow-up] cancelPendingFollowUps threw for conversation conv-1: db.from(...).update(...).eq(...).in is not a function

stderr | src/app/api/whatsapp/webhook/route.test.ts > inbound webhook: Meta identity columns (migration 053) > 
backfills the identity columns onto an existing contact
[response-wait] resetResponseWaitOnInbound threw for conversation conv-1: db.from(...).select(...).eq(...).maybeSingle 
is not a function

stdout | src/app/api/whatsapp/webhook/route.test.ts > inbound webhook: Meta identity columns (migration 053) > backfills the identity columns onto an existing contact
[webhook] message wamid.TEST1: dispatching to AI auto-reply (type=text, text="hello")

stdout | src/app/api/whatsapp/webhook/route.test.ts > inbound webhook: Meta identity columns (migration 053) > backfills the identity columns onto an existing contact
[webhook] delivery processed in 46ms

 Ô£ô src/app/api/whatsapp/webhook/route.test.ts > inbound webhook: after() awaits automations (#368) > every triggered automation settles before the after() callback resolves 47ms
 Ô£ô src/app/api/whatsapp/webhook/route.test.ts > inbound webhook: Meta identity columns (migration 053) > records the Meta identity columns on a newly created contact 62ms
 Ô£ô src/app/api/whatsapp/webhook/route.test.ts > inbound webhook: Meta identity columns (migration 053) > backfills the identity columns onto an existing contact 47ms
stdout | src/app/api/whatsapp/webhook/route.test.ts > inbound webhook: Meta identity columns (migration 053) > never persists the "unknown" placeholder as a wa_id
[webhook] POST received ÔÇö signature ok, 1 entry, 1 inbound message(s)
=== META WEBHOOK BODY === {
  "entry": [
    {
      "changes": [
        {
          "field": "messages",
          "value": {
            "metadata": {
              "phone_number_id": "pn-1"
            },
            "contacts": [
              {
                "wa_id": "",
                "user_id": "CO.9988776655443322",
                "profile": {
                  "name": "Ana Ruiz",
                  "username": "anaruiz"
                }
              }
            ],
            "messages": [
              {
                "id": "wamid.BSUID1",
                "from": "",
                "from_user_id": "CO.9988776655443322",
                "timestamp": "1700000000",
                "type": "text",
                "text": {
                  "body": "hola"
                }
              }
            ]
          }
        }
      ]
    }
  ]
}

stdout | src/app/api/whatsapp/webhook/route.test.ts > inbound webhook: Meta identity columns (migration 053) > never persists the "unknown" placeholder as a wa_id
[webhook] processing text message wamid.BSUID1 from ÔÇªnown (account acc-1)
-> [EXTRACTED DATA] {
  effectivePhone: 'unknown',
  meta_wa_id: null,
  extractedUser: '@anaruiz',
  hasRealPhone: false,
  idType: 'bsuid',
  wa_user_id: '9988ÔÇª',
  username: '@anaruiz'
}

stdout | src/app/api/whatsapp/webhook/route.test.ts > inbound webhook: Meta identity columns (migration 053) > never persists the "unknown" placeholder as a wa_id
[webhook] thread conv-1 (contact inserted-1, assigned_agent_id=null)

stderr | src/app/api/whatsapp/webhook/route.test.ts > inbound webhook: Meta identity columns (migration 053) > never 
persists the "unknown" placeholder as a wa_id
[ai unblock] unexpected failure unblocking conv-1: TypeError: db.from(...).select(...).eq(...).maybeSingle is not a 
function
    at autoUnblockConversation (C:/Users/edsro/Desktop/CMR/wacrm/src/lib/ai/unblock.ts:67:8)
    at processMessage (C:/Users/edsro/Desktop/CMR/wacrm/src/app/api/whatsapp/webhook/route.ts:1207:11)
    at runNextTicks (node:internal/process/task_queues:65:5)
    at processTimers (node:internal/timers:568:9)
    at processWebhook (C:/Users/edsro/Desktop/CMR/wacrm/src/app/api/whatsapp/webhook/route.ts:666:9)
    at C:/Users/edsro/Desktop/CMR/wacrm/src/app/api/whatsapp/webhook/route.ts:541:7
    at C:/Users/edsro/Desktop/CMR/wacrm/src/app/api/whatsapp/webhook/route.test.ts:1761:46
    at file:///C:/Users/edsro/Desktop/CMR/wacrm/node_modules/@vitest/runner/dist/chunk-artifact.js:1903:20

stderr | src/app/api/whatsapp/webhook/route.test.ts > inbound webhook: Meta identity columns (migration 053) > never 
persists the "unknown" placeholder as a wa_id
[ai unblock] clearStaleFlowRuns failed: Error: unexpected table: flow_runs
    at Object.from (C:/Users/edsro/Desktop/CMR/wacrm/src/app/api/whatsapp/webhook/route.test.ts:490:17)
    at clearStaleFlowRuns (C:/Users/edsro/Desktop/CMR/wacrm/src/lib/ai/unblock.ts:167:8)
    at processMessage (C:/Users/edsro/Desktop/CMR/wacrm/src/app/api/whatsapp/webhook/route.ts:1208:11)
    at runNextTicks (node:internal/process/task_queues:65:5)
    at processTimers (node:internal/timers:568:9)
    at processWebhook (C:/Users/edsro/Desktop/CMR/wacrm/src/app/api/whatsapp/webhook/route.ts:666:9)
    at C:/Users/edsro/Desktop/CMR/wacrm/src/app/api/whatsapp/webhook/route.ts:541:7
    at C:/Users/edsro/Desktop/CMR/wacrm/src/app/api/whatsapp/webhook/route.test.ts:1761:46
    at file:///C:/Users/edsro/Desktop/CMR/wacrm/node_modules/@vitest/runner/dist/chunk-artifact.js:1903:20

stderr | src/app/api/whatsapp/webhook/route.test.ts > inbound webhook: Meta identity columns (migration 053) > never 
persists the "unknown" placeholder as a wa_id
[follow-up] cancelPendingFollowUps threw for conversation conv-1: db.from(...).update(...).eq(...).in is not a function

stderr | src/app/api/whatsapp/webhook/route.test.ts > inbound webhook: Meta identity columns (migration 053) > never 
persists the "unknown" placeholder as a wa_id
[response-wait] resetResponseWaitOnInbound threw for conversation conv-1: db.from(...).select(...).eq(...).maybeSingle 
is not a function

stdout | src/app/api/whatsapp/webhook/route.test.ts > inbound webhook: Meta identity columns (migration 053) > never persists the "unknown" placeholder as a wa_id
[webhook] message wamid.BSUID1: dispatching to AI auto-reply (type=text, text="hola")

stdout | src/app/api/whatsapp/webhook/route.test.ts > inbound webhook: Meta identity columns (migration 053) > never persists the "unknown" placeholder as a wa_id
[webhook] delivery processed in 61ms

stdout | src/app/api/whatsapp/webhook/route.test.ts > inbound webhook: Meta identity columns (migration 053) > does not clobber identity columns a human already set
[webhook] POST received ÔÇö signature ok, 1 entry, 1 inbound message(s)
=== META WEBHOOK BODY === {
  "entry": [
    {
      "changes": [
        {
          "field": "messages",
          "value": {
            "metadata": {
              "phone_number_id": "pn-1"
            },
            "contacts": [
              {
                "wa_id": "15551230000",
                "profile": {
                  "name": "Ada"
                }
              }
            ],
            "messages": [
              {
                "id": "wamid.TEST1",
                "from": "15551230000",
                "timestamp": "1700000000",
                "type": "text",
                "text": {
                  "body": "hello"
                }
              }
            ]
          }
        }
      ]
    }
  ]
}

stdout | src/app/api/whatsapp/webhook/route.test.ts > inbound webhook: Meta identity columns (migration 053) > does not clobber identity columns a human already set
[webhook] processing text message wamid.TEST1 from ÔÇª0000 (account acc-1)
-> [EXTRACTED DATA] {
  effectivePhone: '15551230000',
  meta_wa_id: '15551230000',
  extractedUser: 'Ada',
  hasRealPhone: true,
  idType: 'e164-phone',
  wa_user_id: null,
  username: null
}

stdout | src/app/api/whatsapp/webhook/route.test.ts > inbound webhook: Meta identity columns (migration 053) > does not clobber identity columns a human already set
[webhook] thread conv-1 (contact contact-1, assigned_agent_id=null)

stderr | src/app/api/whatsapp/webhook/route.test.ts > inbound webhook: Meta identity columns (migration 053) > does 
not clobber identity columns a human already set
[ai unblock] unexpected failure unblocking conv-1: TypeError: db.from(...).select(...).eq(...).maybeSingle is not a 
function
    at autoUnblockConversation (C:/Users/edsro/Desktop/CMR/wacrm/src/lib/ai/unblock.ts:67:8)
    at processMessage (C:/Users/edsro/Desktop/CMR/wacrm/src/app/api/whatsapp/webhook/route.ts:1207:11)
    at processWebhook (C:/Users/edsro/Desktop/CMR/wacrm/src/app/api/whatsapp/webhook/route.ts:666:9)
    at C:/Users/edsro/Desktop/CMR/wacrm/src/app/api/whatsapp/webhook/route.ts:541:7
    at runWebhook (C:/Users/edsro/Desktop/CMR/wacrm/src/app/api/whatsapp/webhook/route.test.ts:654:31)
    at C:/Users/edsro/Desktop/CMR/wacrm/src/app/api/whatsapp/webhook/route.test.ts:1803:5
    at file:///C:/Users/edsro/Desktop/CMR/wacrm/node_modules/@vitest/runner/dist/chunk-artifact.js:1903:20

stderr | src/app/api/whatsapp/webhook/route.test.ts > inbound webhook: Meta identity columns (migration 053) > does 
not clobber identity columns a human already set
[ai unblock] clearStaleFlowRuns failed: Error: unexpected table: flow_runs
    at Object.from (C:/Users/edsro/Desktop/CMR/wacrm/src/app/api/whatsapp/webhook/route.test.ts:490:17)
    at clearStaleFlowRuns (C:/Users/edsro/Desktop/CMR/wacrm/src/lib/ai/unblock.ts:167:8)
    at processMessage (C:/Users/edsro/Desktop/CMR/wacrm/src/app/api/whatsapp/webhook/route.ts:1208:11)
    at processWebhook (C:/Users/edsro/Desktop/CMR/wacrm/src/app/api/whatsapp/webhook/route.ts:666:9)
    at C:/Users/edsro/Desktop/CMR/wacrm/src/app/api/whatsapp/webhook/route.ts:541:7
    at runWebhook (C:/Users/edsro/Desktop/CMR/wacrm/src/app/api/whatsapp/webhook/route.test.ts:654:31)
    at C:/Users/edsro/Desktop/CMR/wacrm/src/app/api/whatsapp/webhook/route.test.ts:1803:5
    at file:///C:/Users/edsro/Desktop/CMR/wacrm/node_modules/@vitest/runner/dist/chunk-artifact.js:1903:20

stderr | src/app/api/whatsapp/webhook/route.test.ts > inbound webhook: Meta identity columns (migration 053) > does 
not clobber identity columns a human already set
[follow-up] cancelPendingFollowUps threw for conversation conv-1: db.from(...).update(...).eq(...).in is not a function

stderr | src/app/api/whatsapp/webhook/route.test.ts > inbound webhook: Meta identity columns (migration 053) > does 
not clobber identity columns a human already set
[response-wait] resetResponseWaitOnInbound threw for conversation conv-1: db.from(...).select(...).eq(...).maybeSingle 
is not a function

stdout | src/app/api/whatsapp/webhook/route.test.ts > inbound webhook: Meta identity columns (migration 053) > does not clobber identity columns a human already set
[webhook] message wamid.TEST1: dispatching to AI auto-reply (type=text, text="hello")

stdout | src/app/api/whatsapp/webhook/route.test.ts > inbound webhook: Meta identity columns (migration 053) > does not clobber identity columns a human already set
[webhook] delivery processed in 47ms

 Ô£ô src/app/api/whatsapp/webhook/route.test.ts > inbound webhook: Meta identity columns (migration 053) > never persists the "unknown" placeholder as a wa_id 62ms
 Ô£ô src/app/api/whatsapp/webhook/route.test.ts > inbound webhook: Meta identity columns (migration 053) > does not clobber identity columns a human already set 48ms
stdout | src/app/api/whatsapp/webhook/route.test.ts > inbound webhook: Meta identity columns (migration 053) > classifies a handle-only sender as USERNAME
[webhook] POST received ÔÇö signature ok, 1 entry, 1 inbound message(s)
=== META WEBHOOK BODY === {
  "entry": [
    {
      "changes": [
        {
          "field": "messages",
          "value": {
            "metadata": {
              "phone_number_id": "pn-1"
            },
            "contacts": [
              {
                "wa_id": "unknown",
                "profile": {
                  "name": "Beto",
                  "username": "beto"
                }
              }
            ],
            "messages": [
              {
                "id": "wamid.HANDLE1",
                "from": "unknown",
                "timestamp": "1700000000",
                "type": "text",
                "text": {
                  "body": "hola"
                }
              }
            ]
          }
        }
      ]
    }
  ]
}

stdout | src/app/api/whatsapp/webhook/route.test.ts > inbound webhook: Meta identity columns (migration 053) > classifies a handle-only sender as USERNAME
[webhook] processing text message wamid.HANDLE1 from ÔÇªnown (account acc-1)
-> [EXTRACTED DATA] {
  effectivePhone: 'unknown',
  meta_wa_id: null,
  extractedUser: '@beto',
  hasRealPhone: false,
  idType: 'username',
  wa_user_id: null,
  username: '@beto'
}

stdout | src/app/api/whatsapp/webhook/route.test.ts > inbound webhook: Meta identity columns (migration 053) > classifies a handle-only sender as USERNAME
[webhook] thread conv-1 (contact inserted-1, assigned_agent_id=null)

stderr | src/app/api/whatsapp/webhook/route.test.ts > inbound webhook: Meta identity columns (migration 053) > 
classifies a handle-only sender as USERNAME
[ai unblock] unexpected failure unblocking conv-1: TypeError: db.from(...).select(...).eq(...).maybeSingle is not a 
function
    at autoUnblockConversation (C:/Users/edsro/Desktop/CMR/wacrm/src/lib/ai/unblock.ts:67:8)
    at processMessage (C:/Users/edsro/Desktop/CMR/wacrm/src/app/api/whatsapp/webhook/route.ts:1207:11)
    at runNextTicks (node:internal/process/task_queues:65:5)
    at processTimers (node:internal/timers:568:9)
    at processWebhook (C:/Users/edsro/Desktop/CMR/wacrm/src/app/api/whatsapp/webhook/route.ts:666:9)
    at C:/Users/edsro/Desktop/CMR/wacrm/src/app/api/whatsapp/webhook/route.ts:541:7
    at C:/Users/edsro/Desktop/CMR/wacrm/src/app/api/whatsapp/webhook/route.test.ts:1853:46
    at file:///C:/Users/edsro/Desktop/CMR/wacrm/node_modules/@vitest/runner/dist/chunk-artifact.js:1903:20

stderr | src/app/api/whatsapp/webhook/route.test.ts > inbound webhook: Meta identity columns (migration 053) > 
classifies a handle-only sender as USERNAME
[ai unblock] clearStaleFlowRuns failed: Error: unexpected table: flow_runs
    at Object.from (C:/Users/edsro/Desktop/CMR/wacrm/src/app/api/whatsapp/webhook/route.test.ts:490:17)
    at clearStaleFlowRuns (C:/Users/edsro/Desktop/CMR/wacrm/src/lib/ai/unblock.ts:167:8)
    at processMessage (C:/Users/edsro/Desktop/CMR/wacrm/src/app/api/whatsapp/webhook/route.ts:1208:11)
    at runNextTicks (node:internal/process/task_queues:65:5)
    at processTimers (node:internal/timers:568:9)
    at processWebhook (C:/Users/edsro/Desktop/CMR/wacrm/src/app/api/whatsapp/webhook/route.ts:666:9)
    at C:/Users/edsro/Desktop/CMR/wacrm/src/app/api/whatsapp/webhook/route.ts:541:7
    at C:/Users/edsro/Desktop/CMR/wacrm/src/app/api/whatsapp/webhook/route.test.ts:1853:46
    at file:///C:/Users/edsro/Desktop/CMR/wacrm/node_modules/@vitest/runner/dist/chunk-artifact.js:1903:20

stderr | src/app/api/whatsapp/webhook/route.test.ts > inbound webhook: Meta identity columns (migration 053) > 
classifies a handle-only sender as USERNAME
[follow-up] cancelPendingFollowUps threw for conversation conv-1: db.from(...).update(...).eq(...).in is not a function

stderr | src/app/api/whatsapp/webhook/route.test.ts > inbound webhook: Meta identity columns (migration 053) > 
classifies a handle-only sender as USERNAME
[response-wait] resetResponseWaitOnInbound threw for conversation conv-1: db.from(...).select(...).eq(...).maybeSingle 
is not a function

stdout | src/app/api/whatsapp/webhook/route.test.ts > inbound webhook: Meta identity columns (migration 053) > classifies a handle-only sender as USERNAME
[webhook] message wamid.HANDLE1: dispatching to AI auto-reply (type=text, text="hola")

stdout | src/app/api/whatsapp/webhook/route.test.ts > inbound webhook: Meta identity columns (migration 053) > classifies a handle-only sender as USERNAME
[webhook] delivery processed in 62ms

stdout | src/app/api/whatsapp/webhook/route.test.ts > inbound webhook: contact auto-creation / backfill > creates a new contact with the WhatsApp profile name and number
[webhook] POST received ÔÇö signature ok, 1 entry, 1 inbound message(s)
=== META WEBHOOK BODY === {
  "entry": [
    {
      "changes": [
        {
          "field": "messages",
          "value": {
            "metadata": {
              "phone_number_id": "pn-1"
            },
            "contacts": [
              {
                "wa_id": "15551230000",
                "profile": {
                  "name": "Ada"
                }
              }
            ],
            "messages": [
              {
                "id": "wamid.TEST1",
                "from": "15551230000",
                "timestamp": "1700000000",
                "type": "text",
                "text": {
                  "body": "hello"
                }
              }
            ]
          }
        }
      ]
    }
  ]
}

stdout | src/app/api/whatsapp/webhook/route.test.ts > inbound webhook: contact auto-creation / backfill > creates a new contact with the WhatsApp profile name and number
[webhook] processing text message wamid.TEST1 from ÔÇª0000 (account acc-1)
-> [EXTRACTED DATA] {
  effectivePhone: '15551230000',
  meta_wa_id: '15551230000',
  extractedUser: 'Ada',
  hasRealPhone: true,
  idType: 'e164-phone',
  wa_user_id: null,
  username: null
}

stderr | src/app/api/whatsapp/webhook/route.test.ts > inbound webhook: contact auto-creation / backfill > creates a 
new contact with the WhatsApp profile name and number
[ai unblock] unexpected failure unblocking conv-1: TypeError: db.from(...).select(...).eq(...).maybeSingle is not a 
function
    at autoUnblockConversation (C:/Users/edsro/Desktop/CMR/wacrm/src/lib/ai/unblock.ts:67:8)
    at processMessage (C:/Users/edsro/Desktop/CMR/wacrm/src/app/api/whatsapp/webhook/route.ts:1207:11)
    at processWebhook (C:/Users/edsro/Desktop/CMR/wacrm/src/app/api/whatsapp/webhook/route.ts:666:9)
    at C:/Users/edsro/Desktop/CMR/wacrm/src/app/api/whatsapp/webhook/route.ts:541:7
    at runWebhook (C:/Users/edsro/Desktop/CMR/wacrm/src/app/api/whatsapp/webhook/route.test.ts:654:31)
    at C:/Users/edsro/Desktop/CMR/wacrm/src/app/api/whatsapp/webhook/route.test.ts:1870:5
    at file:///C:/Users/edsro/Desktop/CMR/wacrm/node_modules/@vitest/runner/dist/chunk-artifact.js:1903:20

stdout | src/app/api/whatsapp/webhook/route.test.ts > inbound webhook: contact auto-creation / backfill > creates a new contact with the WhatsApp profile name and number
[webhook] thread conv-1 (contact inserted-1, assigned_agent_id=null)

stderr | src/app/api/whatsapp/webhook/route.test.ts > inbound webhook: contact auto-creation / backfill > creates a 
new contact with the WhatsApp profile name and number
[ai unblock] clearStaleFlowRuns failed: Error: unexpected table: flow_runs
    at Object.from (C:/Users/edsro/Desktop/CMR/wacrm/src/app/api/whatsapp/webhook/route.test.ts:490:17)
    at clearStaleFlowRuns (C:/Users/edsro/Desktop/CMR/wacrm/src/lib/ai/unblock.ts:167:8)
    at processMessage (C:/Users/edsro/Desktop/CMR/wacrm/src/app/api/whatsapp/webhook/route.ts:1208:11)
    at processWebhook (C:/Users/edsro/Desktop/CMR/wacrm/src/app/api/whatsapp/webhook/route.ts:666:9)
    at C:/Users/edsro/Desktop/CMR/wacrm/src/app/api/whatsapp/webhook/route.ts:541:7
    at runWebhook (C:/Users/edsro/Desktop/CMR/wacrm/src/app/api/whatsapp/webhook/route.test.ts:654:31)
    at C:/Users/edsro/Desktop/CMR/wacrm/src/app/api/whatsapp/webhook/route.test.ts:1870:5
    at file:///C:/Users/edsro/Desktop/CMR/wacrm/node_modules/@vitest/runner/dist/chunk-artifact.js:1903:20

stderr | src/app/api/whatsapp/webhook/route.test.ts > inbound webhook: contact auto-creation / backfill > creates a 
new contact with the WhatsApp profile name and number
[follow-up] cancelPendingFollowUps threw for conversation conv-1: db.from(...).update(...).eq(...).in is not a function

stderr | src/app/api/whatsapp/webhook/route.test.ts > inbound webhook: contact auto-creation / backfill > creates a 
new contact with the WhatsApp profile name and number
[response-wait] resetResponseWaitOnInbound threw for conversation conv-1: db.from(...).select(...).eq(...).maybeSingle 
is not a function

 Ô£ô src/app/api/whatsapp/webhook/route.test.ts > inbound webhook: Meta identity columns (migration 053) > classifies a handle-only sender as USERNAME 63ms
stdout | src/app/api/whatsapp/webhook/route.test.ts > inbound webhook: contact auto-creation / backfill > creates a new contact with the WhatsApp profile name and number
[webhook] message wamid.TEST1: dispatching to AI auto-reply (type=text, text="hello")

stdout | src/app/api/whatsapp/webhook/route.test.ts > inbound webhook: contact auto-creation / backfill > creates a new contact with the WhatsApp profile name and number
[webhook] delivery processed in 60ms

stdout | src/app/api/whatsapp/webhook/route.test.ts > inbound webhook: contact auto-creation / backfill > updates an existing contact that is missing a name
[webhook] POST received ÔÇö signature ok, 1 entry, 1 inbound message(s)
=== META WEBHOOK BODY === {
  "entry": [
    {
      "changes": [
        {
          "field": "messages",
          "value": {
            "metadata": {
              "phone_number_id": "pn-1"
            },
            "contacts": [
              {
                "wa_id": "15551230000",
                "profile": {
                  "name": "Ada"
                }
              }
            ],
            "messages": [
              {
                "id": "wamid.TEST1",
                "from": "15551230000",
                "timestamp": "1700000000",
                "type": "text",
                "text": {
                  "body": "hello"
                }
              }
            ]
          }
        }
      ]
    }
  ]
}

stdout | src/app/api/whatsapp/webhook/route.test.ts > inbound webhook: contact auto-creation / backfill > updates an existing contact that is missing a name
[webhook] processing text message wamid.TEST1 from ÔÇª0000 (account acc-1)
-> [EXTRACTED DATA] {
  effectivePhone: '15551230000',
  meta_wa_id: '15551230000',
  extractedUser: 'Ada',
  hasRealPhone: true,
  idType: 'e164-phone',
  wa_user_id: null,
  username: null
}

stdout | src/app/api/whatsapp/webhook/route.test.ts > inbound webhook: contact auto-creation / backfill > updates an existing contact that is missing a name
[webhook] thread conv-1 (contact contact-1, assigned_agent_id=null)

stderr | src/app/api/whatsapp/webhook/route.test.ts > inbound webhook: contact auto-creation / backfill > updates an 
existing contact that is missing a name
[ai unblock] unexpected failure unblocking conv-1: TypeError: db.from(...).select(...).eq(...).maybeSingle is not a 
function
    at autoUnblockConversation (C:/Users/edsro/Desktop/CMR/wacrm/src/lib/ai/unblock.ts:67:8)
    at processMessage (C:/Users/edsro/Desktop/CMR/wacrm/src/app/api/whatsapp/webhook/route.ts:1207:11)
    at processWebhook (C:/Users/edsro/Desktop/CMR/wacrm/src/app/api/whatsapp/webhook/route.ts:666:9)
    at C:/Users/edsro/Desktop/CMR/wacrm/src/app/api/whatsapp/webhook/route.ts:541:7
    at runWebhook (C:/Users/edsro/Desktop/CMR/wacrm/src/app/api/whatsapp/webhook/route.test.ts:654:31)
    at C:/Users/edsro/Desktop/CMR/wacrm/src/app/api/whatsapp/webhook/route.test.ts:1889:5
    at file:///C:/Users/edsro/Desktop/CMR/wacrm/node_modules/@vitest/runner/dist/chunk-artifact.js:1903:20

stderr | src/app/api/whatsapp/webhook/route.test.ts > inbound webhook: contact auto-creation / backfill > updates an 
existing contact that is missing a name
[ai unblock] clearStaleFlowRuns failed: Error: unexpected table: flow_runs
    at Object.from (C:/Users/edsro/Desktop/CMR/wacrm/src/app/api/whatsapp/webhook/route.test.ts:490:17)
    at clearStaleFlowRuns (C:/Users/edsro/Desktop/CMR/wacrm/src/lib/ai/unblock.ts:167:8)
    at processMessage (C:/Users/edsro/Desktop/CMR/wacrm/src/app/api/whatsapp/webhook/route.ts:1208:11)
    at processWebhook (C:/Users/edsro/Desktop/CMR/wacrm/src/app/api/whatsapp/webhook/route.ts:666:9)
    at C:/Users/edsro/Desktop/CMR/wacrm/src/app/api/whatsapp/webhook/route.ts:541:7
    at runWebhook (C:/Users/edsro/Desktop/CMR/wacrm/src/app/api/whatsapp/webhook/route.test.ts:654:31)
    at C:/Users/edsro/Desktop/CMR/wacrm/src/app/api/whatsapp/webhook/route.test.ts:1889:5
    at file:///C:/Users/edsro/Desktop/CMR/wacrm/node_modules/@vitest/runner/dist/chunk-artifact.js:1903:20

stderr | src/app/api/whatsapp/webhook/route.test.ts > inbound webhook: contact auto-creation / backfill > updates an 
existing contact that is missing a name
[follow-up] cancelPendingFollowUps threw for conversation conv-1: db.from(...).update(...).eq(...).in is not a function

stderr | src/app/api/whatsapp/webhook/route.test.ts > inbound webhook: contact auto-creation / backfill > updates an 
existing contact that is missing a name
[response-wait] resetResponseWaitOnInbound threw for conversation conv-1: db.from(...).select(...).eq(...).maybeSingle 
is not a function

stdout | src/app/api/whatsapp/webhook/route.test.ts > inbound webhook: contact auto-creation / backfill > updates an existing contact that is missing a name
[webhook] message wamid.TEST1: dispatching to AI auto-reply (type=text, text="hello")

stdout | src/app/api/whatsapp/webhook/route.test.ts > inbound webhook: contact auto-creation / backfill > updates an existing contact that is missing a name
[webhook] delivery processed in 46ms

stdout | src/app/api/whatsapp/webhook/route.test.ts > inbound webhook: contact auto-creation / backfill > promotes a fuzzy phone match to the exact sender number
[webhook] POST received ÔÇö signature ok, 1 entry, 1 inbound message(s)
=== META WEBHOOK BODY === {
  "entry": [
    {
      "changes": [
        {
          "field": "messages",
          "value": {
            "metadata": {
              "phone_number_id": "pn-1"
            },
            "contacts": [
              {
                "wa_id": "15551230000",
                "profile": {
                  "name": "Ada"
                }
              }
            ],
            "messages": [
              {
                "id": "wamid.TEST1",
                "from": "15551230000",
                "timestamp": "1700000000",
                "type": "text",
                "text": {
                  "body": "hello"
                }
              }
            ]
          }
        }
      ]
    }
  ]
}

stdout | src/app/api/whatsapp/webhook/route.test.ts > inbound webhook: contact auto-creation / backfill > promotes a fuzzy phone match to the exact sender number
[webhook] processing text message wamid.TEST1 from ÔÇª0000 (account acc-1)
-> [EXTRACTED DATA] {
  effectivePhone: '15551230000',
  meta_wa_id: '15551230000',
  extractedUser: 'Ada',
  hasRealPhone: true,
  idType: 'e164-phone',
  wa_user_id: null,
  username: null
}

stdout | src/app/api/whatsapp/webhook/route.test.ts > inbound webhook: contact auto-creation / backfill > promotes a fuzzy phone match to the exact sender number
[webhook] thread conv-1 (contact contact-1, assigned_agent_id=null)

stderr | src/app/api/whatsapp/webhook/route.test.ts > inbound webhook: contact auto-creation / backfill > promotes a 
fuzzy phone match to the exact sender number
[ai unblock] unexpected failure unblocking conv-1: TypeError: db.from(...).select(...).eq(...).maybeSingle is not a 
function
    at autoUnblockConversation (C:/Users/edsro/Desktop/CMR/wacrm/src/lib/ai/unblock.ts:67:8)
    at processMessage (C:/Users/edsro/Desktop/CMR/wacrm/src/app/api/whatsapp/webhook/route.ts:1207:11)
    at processWebhook (C:/Users/edsro/Desktop/CMR/wacrm/src/app/api/whatsapp/webhook/route.ts:666:9)
    at C:/Users/edsro/Desktop/CMR/wacrm/src/app/api/whatsapp/webhook/route.ts:541:7
    at runWebhook (C:/Users/edsro/Desktop/CMR/wacrm/src/app/api/whatsapp/webhook/route.test.ts:654:31)
    at C:/Users/edsro/Desktop/CMR/wacrm/src/app/api/whatsapp/webhook/route.test.ts:1911:5
    at file:///C:/Users/edsro/Desktop/CMR/wacrm/node_modules/@vitest/runner/dist/chunk-artifact.js:1903:20

stderr | src/app/api/whatsapp/webhook/route.test.ts > inbound webhook: contact auto-creation / backfill > promotes a 
fuzzy phone match to the exact sender number
[ai unblock] clearStaleFlowRuns failed: Error: unexpected table: flow_runs
    at Object.from (C:/Users/edsro/Desktop/CMR/wacrm/src/app/api/whatsapp/webhook/route.test.ts:490:17)
    at clearStaleFlowRuns (C:/Users/edsro/Desktop/CMR/wacrm/src/lib/ai/unblock.ts:167:8)
    at processMessage (C:/Users/edsro/Desktop/CMR/wacrm/src/app/api/whatsapp/webhook/route.ts:1208:11)
    at processWebhook (C:/Users/edsro/Desktop/CMR/wacrm/src/app/api/whatsapp/webhook/route.ts:666:9)
    at C:/Users/edsro/Desktop/CMR/wacrm/src/app/api/whatsapp/webhook/route.ts:541:7
    at runWebhook (C:/Users/edsro/Desktop/CMR/wacrm/src/app/api/whatsapp/webhook/route.test.ts:654:31)
    at C:/Users/edsro/Desktop/CMR/wacrm/src/app/api/whatsapp/webhook/route.test.ts:1911:5
    at file:///C:/Users/edsro/Desktop/CMR/wacrm/node_modules/@vitest/runner/dist/chunk-artifact.js:1903:20

stderr | src/app/api/whatsapp/webhook/route.test.ts > inbound webhook: contact auto-creation / backfill > promotes a 
fuzzy phone match to the exact sender number
[follow-up] cancelPendingFollowUps threw for conversation conv-1: db.from(...).update(...).eq(...).in is not a function

stderr | src/app/api/whatsapp/webhook/route.test.ts > inbound webhook: contact auto-creation / backfill > promotes a 
fuzzy phone match to the exact sender number
[response-wait] resetResponseWaitOnInbound threw for conversation conv-1: db.from(...).select(...).eq(...).maybeSingle 
is not a function

stdout | src/app/api/whatsapp/webhook/route.test.ts > inbound webhook: contact auto-creation / backfill > promotes a fuzzy phone match to the exact sender number
[webhook] message wamid.TEST1: dispatching to AI auto-reply (type=text, text="hello")

stdout | src/app/api/whatsapp/webhook/route.test.ts > inbound webhook: contact auto-creation / backfill > promotes a fuzzy phone match to the exact sender number
[webhook] delivery processed in 45ms

 Ô£ô src/app/api/whatsapp/webhook/route.test.ts > inbound webhook: contact auto-creation / backfill > creates a new contact with the WhatsApp profile name and number 61ms
 Ô£ô src/app/api/whatsapp/webhook/route.test.ts > inbound webhook: contact auto-creation / backfill > updates an existing contact that is missing a name 47ms
 Ô£ô src/app/api/whatsapp/webhook/route.test.ts > inbound webhook: contact auto-creation / backfill > promotes a fuzzy phone match to the exact sender number 45ms
stdout | src/app/api/whatsapp/webhook/route.test.ts > inbound webhook: contact auto-creation / backfill > does not adopt a number-less row matched only by profile name
[webhook] POST received ÔÇö signature ok, 1 entry, 1 inbound message(s)
=== META WEBHOOK BODY === {
  "entry": [
    {
      "changes": [
        {
          "field": "messages",
          "value": {
            "metadata": {
              "phone_number_id": "pn-1"
            },
            "contacts": [
              {
                "wa_id": "15551230000",
                "profile": {
                  "name": "Ada"
                }
              }
            ],
            "messages": [
              {
                "id": "wamid.TEST1",
                "from": "15551230000",
                "timestamp": "1700000000",
                "type": "text",
                "text": {
                  "body": "hello"
                }
              }
            ]
          }
        }
      ]
    }
  ]
}

stdout | src/app/api/whatsapp/webhook/route.test.ts > inbound webhook: contact auto-creation / backfill > does not adopt a number-less row matched only by profile name
[webhook] processing text message wamid.TEST1 from ÔÇª0000 (account acc-1)
-> [EXTRACTED DATA] {
  effectivePhone: '15551230000',
  meta_wa_id: '15551230000',
  extractedUser: 'Ada',
  hasRealPhone: true,
  idType: 'e164-phone',
  wa_user_id: null,
  username: null
}

stdout | src/app/api/whatsapp/webhook/route.test.ts > inbound webhook: contact auto-creation / backfill > does not adopt a number-less row matched only by profile name
[webhook] thread conv-1 (contact inserted-1, assigned_agent_id=null)

stderr | src/app/api/whatsapp/webhook/route.test.ts > inbound webhook: contact auto-creation / backfill > does not 
adopt a number-less row matched only by profile name
[ai unblock] unexpected failure unblocking conv-1: TypeError: db.from(...).select(...).eq(...).maybeSingle is not a 
function
    at autoUnblockConversation (C:/Users/edsro/Desktop/CMR/wacrm/src/lib/ai/unblock.ts:67:8)
    at processMessage (C:/Users/edsro/Desktop/CMR/wacrm/src/app/api/whatsapp/webhook/route.ts:1207:11)
    at processWebhook (C:/Users/edsro/Desktop/CMR/wacrm/src/app/api/whatsapp/webhook/route.ts:666:9)
    at C:/Users/edsro/Desktop/CMR/wacrm/src/app/api/whatsapp/webhook/route.ts:541:7
    at runWebhook (C:/Users/edsro/Desktop/CMR/wacrm/src/app/api/whatsapp/webhook/route.test.ts:654:31)
    at C:/Users/edsro/Desktop/CMR/wacrm/src/app/api/whatsapp/webhook/route.test.ts:1925:5
    at file:///C:/Users/edsro/Desktop/CMR/wacrm/node_modules/@vitest/runner/dist/chunk-artifact.js:1903:20

stderr | src/app/api/whatsapp/webhook/route.test.ts > inbound webhook: contact auto-creation / backfill > does not 
adopt a number-less row matched only by profile name
[ai unblock] clearStaleFlowRuns failed: Error: unexpected table: flow_runs
    at Object.from (C:/Users/edsro/Desktop/CMR/wacrm/src/app/api/whatsapp/webhook/route.test.ts:490:17)
    at clearStaleFlowRuns (C:/Users/edsro/Desktop/CMR/wacrm/src/lib/ai/unblock.ts:167:8)
    at processMessage (C:/Users/edsro/Desktop/CMR/wacrm/src/app/api/whatsapp/webhook/route.ts:1208:11)
    at processWebhook (C:/Users/edsro/Desktop/CMR/wacrm/src/app/api/whatsapp/webhook/route.ts:666:9)
    at C:/Users/edsro/Desktop/CMR/wacrm/src/app/api/whatsapp/webhook/route.ts:541:7
    at runWebhook (C:/Users/edsro/Desktop/CMR/wacrm/src/app/api/whatsapp/webhook/route.test.ts:654:31)
    at C:/Users/edsro/Desktop/CMR/wacrm/src/app/api/whatsapp/webhook/route.test.ts:1925:5
    at file:///C:/Users/edsro/Desktop/CMR/wacrm/node_modules/@vitest/runner/dist/chunk-artifact.js:1903:20

stderr | src/app/api/whatsapp/webhook/route.test.ts > inbound webhook: contact auto-creation / backfill > does not 
adopt a number-less row matched only by profile name
[follow-up] cancelPendingFollowUps threw for conversation conv-1: db.from(...).update(...).eq(...).in is not a function

stderr | src/app/api/whatsapp/webhook/route.test.ts > inbound webhook: contact auto-creation / backfill > does not 
adopt a number-less row matched only by profile name
[response-wait] resetResponseWaitOnInbound threw for conversation conv-1: db.from(...).select(...).eq(...).maybeSingle 
is not a function

stdout | src/app/api/whatsapp/webhook/route.test.ts > inbound webhook: contact auto-creation / backfill > does not adopt a number-less row matched only by profile name
[webhook] message wamid.TEST1: dispatching to AI auto-reply (type=text, text="hello")

stdout | src/app/api/whatsapp/webhook/route.test.ts > inbound webhook: contact auto-creation / backfill > does not adopt a number-less row matched only by profile name
[webhook] delivery processed in 47ms

stdout | src/app/api/whatsapp/webhook/route.test.ts > inbound webhook: contact auto-creation / backfill > stores the numeric BSUID in phone and keeps the handle @-prefixed
[webhook] POST received ÔÇö signature ok, 1 entry, 1 inbound message(s)
=== META WEBHOOK BODY === {
  "entry": [
    {
      "changes": [
        {
          "field": "messages",
          "value": {
            "metadata": {
              "phone_number_id": "pn-1"
            },
            "contacts": [
              {
                "wa_id": "",
                "user_id": "CO.9988776655443322",
                "profile": {
                  "name": "Ana Ruiz",
                  "username": "anaruiz"
                }
              }
            ],
            "messages": [
              {
                "id": "wamid.BSUID1",
                "from": "",
                "from_user_id": "CO.9988776655443322",
                "timestamp": "1700000000",
                "type": "text",
                "text": {
                  "body": "hola"
                }
              }
            ]
          }
        }
      ]
    }
  ]
}

stdout | src/app/api/whatsapp/webhook/route.test.ts > inbound webhook: contact auto-creation / backfill > stores the numeric BSUID in phone and keeps the handle @-prefixed
[webhook] processing text message wamid.BSUID1 from ÔÇªnown (account acc-1)
-> [EXTRACTED DATA] {
  effectivePhone: 'unknown',
  meta_wa_id: null,
  extractedUser: '@anaruiz',
  hasRealPhone: false,
  idType: 'bsuid',
  wa_user_id: '9988ÔÇª',
  username: '@anaruiz'
}

stderr | src/app/api/whatsapp/webhook/route.test.ts > inbound webhook: contact auto-creation / backfill > stores the 
numeric BSUID in phone and keeps the handle @-prefixed
[ai unblock] unexpected failure unblocking conv-1: TypeError: db.from(...).select(...).eq(...).maybeSingle is not a 
function
    at autoUnblockConversation (C:/Users/edsro/Desktop/CMR/wacrm/src/lib/ai/unblock.ts:67:8)
    at processMessage (C:/Users/edsro/Desktop/CMR/wacrm/src/app/api/whatsapp/webhook/route.ts:1207:11)
    at processWebhook (C:/Users/edsro/Desktop/CMR/wacrm/src/app/api/whatsapp/webhook/route.ts:666:9)
    at C:/Users/edsro/Desktop/CMR/wacrm/src/app/api/whatsapp/webhook/route.ts:541:7
    at C:/Users/edsro/Desktop/CMR/wacrm/src/app/api/whatsapp/webhook/route.test.ts:1942:46
    at file:///C:/Users/edsro/Desktop/CMR/wacrm/node_modules/@vitest/runner/dist/chunk-artifact.js:1903:20

stdout | src/app/api/whatsapp/webhook/route.test.ts > inbound webhook: contact auto-creation / backfill > stores the numeric BSUID in phone and keeps the handle @-prefixed
[webhook] thread conv-1 (contact inserted-1, assigned_agent_id=null)

stderr | src/app/api/whatsapp/webhook/route.test.ts > inbound webhook: contact auto-creation / backfill > stores the 
numeric BSUID in phone and keeps the handle @-prefixed
[ai unblock] clearStaleFlowRuns failed: Error: unexpected table: flow_runs
    at Object.from (C:/Users/edsro/Desktop/CMR/wacrm/src/app/api/whatsapp/webhook/route.test.ts:490:17)
    at clearStaleFlowRuns (C:/Users/edsro/Desktop/CMR/wacrm/src/lib/ai/unblock.ts:167:8)
    at processMessage (C:/Users/edsro/Desktop/CMR/wacrm/src/app/api/whatsapp/webhook/route.ts:1208:11)
    at processWebhook (C:/Users/edsro/Desktop/CMR/wacrm/src/app/api/whatsapp/webhook/route.ts:666:9)
    at C:/Users/edsro/Desktop/CMR/wacrm/src/app/api/whatsapp/webhook/route.ts:541:7
    at C:/Users/edsro/Desktop/CMR/wacrm/src/app/api/whatsapp/webhook/route.test.ts:1942:46
    at file:///C:/Users/edsro/Desktop/CMR/wacrm/node_modules/@vitest/runner/dist/chunk-artifact.js:1903:20

stderr | src/app/api/whatsapp/webhook/route.test.ts > inbound webhook: contact auto-creation / backfill > stores the 
numeric BSUID in phone and keeps the handle @-prefixed
[follow-up] cancelPendingFollowUps threw for conversation conv-1: db.from(...).update(...).eq(...).in is not a function

stderr | src/app/api/whatsapp/webhook/route.test.ts > inbound webhook: contact auto-creation / backfill > stores the 
numeric BSUID in phone and keeps the handle @-prefixed
[response-wait] resetResponseWaitOnInbound threw for conversation conv-1: db.from(...).select(...).eq(...).maybeSingle 
is not a function

stdout | src/app/api/whatsapp/webhook/route.test.ts > inbound webhook: contact auto-creation / backfill > stores the numeric BSUID in phone and keeps the handle @-prefixed
[webhook] message wamid.BSUID1: dispatching to AI auto-reply (type=text, text="hola")

stdout | src/app/api/whatsapp/webhook/route.test.ts > inbound webhook: contact auto-creation / backfill > stores the numeric BSUID in phone and keeps the handle @-prefixed
[webhook] delivery processed in 63ms

 Ô£ô src/app/api/whatsapp/webhook/route.test.ts > inbound webhook: contact auto-creation / backfill > does not adopt a number-less row matched only by profile name 47ms
 Ô£ô src/app/api/whatsapp/webhook/route.test.ts > inbound webhook: contact auto-creation / backfill > stores the numeric BSUID in phone and keeps the handle @-prefixed 63ms
stdout | src/app/api/whatsapp/webhook/route.test.ts > inbound webhook: contact auto-creation / backfill > repairs a bare 16-digit BSUID sitting in phone
[webhook] POST received ÔÇö signature ok, 1 entry, 1 inbound message(s)
=== META WEBHOOK BODY === {
  "entry": [
    {
      "changes": [
        {
          "field": "messages",
          "value": {
            "metadata": {
              "phone_number_id": "pn-1"
            },
            "contacts": [
              {
                "wa_id": "15551230000",
                "profile": {
                  "name": "Ada"
                }
              }
            ],
            "messages": [
              {
                "id": "wamid.TEST1",
                "from": "15551230000",
                "timestamp": "1700000000",
                "type": "text",
                "text": {
                  "body": "hello"
                }
              }
            ]
          }
        }
      ]
    }
  ]
}

stdout | src/app/api/whatsapp/webhook/route.test.ts > inbound webhook: contact auto-creation / backfill > repairs a bare 16-digit BSUID sitting in phone
[webhook] repaired contact contact-bare: phone 9988776655443322 ÔåÆ 573155667789 (identity: wa_user_id, phone)

stdout | src/app/api/whatsapp/webhook/route.test.ts > inbound webhook: contact auto-creation / backfill > repairs a bare 16-digit BSUID sitting in phone
[webhook] processing text message wamid.TEST1 from ÔÇª0000 (account acc-1)
-> [EXTRACTED DATA] {
  effectivePhone: '15551230000',
  meta_wa_id: '15551230000',
  extractedUser: 'Ada',
  hasRealPhone: true,
  idType: 'e164-phone',
  wa_user_id: null,
  username: null
}

stdout | src/app/api/whatsapp/webhook/route.test.ts > inbound webhook: contact auto-creation / backfill > repairs a bare 16-digit BSUID sitting in phone
[webhook] matched contact undefined via dynamic identity filter (phone.eq.15551230000)

stderr | src/app/api/whatsapp/webhook/route.test.ts > inbound webhook: contact auto-creation / backfill > repairs a 
bare 16-digit BSUID sitting in phone
[ai unblock] unexpected failure unblocking conv-1: TypeError: db.from(...).select(...).eq(...).maybeSingle is not a 
function
    at autoUnblockConversation (C:/Users/edsro/Desktop/CMR/wacrm/src/lib/ai/unblock.ts:67:8)
    at processMessage (C:/Users/edsro/Desktop/CMR/wacrm/src/app/api/whatsapp/webhook/route.ts:1207:11)
    at runNextTicks (node:internal/process/task_queues:65:5)
    at processTimers (node:internal/timers:568:9)
    at processWebhook (C:/Users/edsro/Desktop/CMR/wacrm/src/app/api/whatsapp/webhook/route.ts:666:9)
    at C:/Users/edsro/Desktop/CMR/wacrm/src/app/api/whatsapp/webhook/route.ts:541:7
    at runWebhook (C:/Users/edsro/Desktop/CMR/wacrm/src/app/api/whatsapp/webhook/route.test.ts:654:31)
    at C:/Users/edsro/Desktop/CMR/wacrm/src/app/api/whatsapp/webhook/route.test.ts:1973:5
    at file:///C:/Users/edsro/Desktop/CMR/wacrm/node_modules/@vitest/runner/dist/chunk-artifact.js:1903:20

stdout | src/app/api/whatsapp/webhook/route.test.ts > inbound webhook: contact auto-creation / backfill > repairs a bare 16-digit BSUID sitting in phone
[webhook] thread conv-1 (contact undefined, assigned_agent_id=null)

stderr | src/app/api/whatsapp/webhook/route.test.ts > inbound webhook: contact auto-creation / backfill > repairs a 
bare 16-digit BSUID sitting in phone
[ai unblock] clearStaleFlowRuns failed: Error: unexpected table: flow_runs
    at Object.from (C:/Users/edsro/Desktop/CMR/wacrm/src/app/api/whatsapp/webhook/route.test.ts:490:17)
    at clearStaleFlowRuns (C:/Users/edsro/Desktop/CMR/wacrm/src/lib/ai/unblock.ts:167:8)
    at processMessage (C:/Users/edsro/Desktop/CMR/wacrm/src/app/api/whatsapp/webhook/route.ts:1208:11)
    at runNextTicks (node:internal/process/task_queues:65:5)
    at processTimers (node:internal/timers:568:9)
    at processWebhook (C:/Users/edsro/Desktop/CMR/wacrm/src/app/api/whatsapp/webhook/route.ts:666:9)
    at C:/Users/edsro/Desktop/CMR/wacrm/src/app/api/whatsapp/webhook/route.ts:541:7
    at runWebhook (C:/Users/edsro/Desktop/CMR/wacrm/src/app/api/whatsapp/webhook/route.test.ts:654:31)
    at C:/Users/edsro/Desktop/CMR/wacrm/src/app/api/whatsapp/webhook/route.test.ts:1973:5
    at file:///C:/Users/edsro/Desktop/CMR/wacrm/node_modules/@vitest/runner/dist/chunk-artifact.js:1903:20

stderr | src/app/api/whatsapp/webhook/route.test.ts > inbound webhook: contact auto-creation / backfill > repairs a 
bare 16-digit BSUID sitting in phone
[follow-up] cancelPendingFollowUps threw for conversation conv-1: db.from(...).update(...).eq(...).in is not a function

stderr | src/app/api/whatsapp/webhook/route.test.ts > inbound webhook: contact auto-creation / backfill > repairs a 
bare 16-digit BSUID sitting in phone
[response-wait] resetResponseWaitOnInbound threw for conversation conv-1: db.from(...).select(...).eq(...).maybeSingle 
is not a function

stdout | src/app/api/whatsapp/webhook/route.test.ts > inbound webhook: contact auto-creation / backfill > repairs a bare 16-digit BSUID sitting in phone
[webhook] message wamid.TEST1: dispatching to AI auto-reply (type=text, text="hello")

stdout | src/app/api/whatsapp/webhook/route.test.ts > inbound webhook: contact auto-creation / backfill > repairs a bare 16-digit BSUID sitting in phone
[webhook] delivery processed in 47ms

stdout | src/app/api/whatsapp/webhook/route.test.ts > inbound webhook: contact auto-creation / backfill > adds the @ prefix to a bare handle during repair
[webhook] POST received ÔÇö signature ok, 1 entry, 1 inbound message(s)
=== META WEBHOOK BODY === {
  "entry": [
    {
      "changes": [
        {
          "field": "messages",
          "value": {
            "metadata": {
              "phone_number_id": "pn-1"
            },
            "contacts": [
              {
                "wa_id": "15551230000",
                "profile": {
                  "name": "Ada"
                }
              }
            ],
            "messages": [
              {
                "id": "wamid.TEST1",
                "from": "15551230000",
                "timestamp": "1700000000",
                "type": "text",
                "text": {
                  "body": "hello"
                }
              }
            ]
          }
        }
      ]
    }
  ]
}

stdout | src/app/api/whatsapp/webhook/route.test.ts > inbound webhook: contact auto-creation / backfill > adds the @ prefix to a bare handle during repair
[webhook] repaired contact contact-noat: phone 9988776655443322 ÔåÆ (kept) (identity: wa_user_id, username)

stdout | src/app/api/whatsapp/webhook/route.test.ts > inbound webhook: contact auto-creation / backfill > adds the @ prefix to a bare handle during repair
[webhook] processing text message wamid.TEST1 from ÔÇª0000 (account acc-1)
-> [EXTRACTED DATA] {
  effectivePhone: '15551230000',
  meta_wa_id: '15551230000',
  extractedUser: 'Ada',
  hasRealPhone: true,
  idType: 'e164-phone',
  wa_user_id: null,
  username: null
}

stdout | src/app/api/whatsapp/webhook/route.test.ts > inbound webhook: contact auto-creation / backfill > adds the @ prefix to a bare handle during repair
[webhook] thread conv-1 (contact inserted-1, assigned_agent_id=null)

stderr | src/app/api/whatsapp/webhook/route.test.ts > inbound webhook: contact auto-creation / backfill > adds the @ 
prefix to a bare handle during repair
[ai unblock] unexpected failure unblocking conv-1: TypeError: db.from(...).select(...).eq(...).maybeSingle is not a 
function
    at autoUnblockConversation (C:/Users/edsro/Desktop/CMR/wacrm/src/lib/ai/unblock.ts:67:8)
    at processMessage (C:/Users/edsro/Desktop/CMR/wacrm/src/app/api/whatsapp/webhook/route.ts:1207:11)
    at processWebhook (C:/Users/edsro/Desktop/CMR/wacrm/src/app/api/whatsapp/webhook/route.ts:666:9)
    at C:/Users/edsro/Desktop/CMR/wacrm/src/app/api/whatsapp/webhook/route.ts:541:7
    at runWebhook (C:/Users/edsro/Desktop/CMR/wacrm/src/app/api/whatsapp/webhook/route.test.ts:654:31)
    at C:/Users/edsro/Desktop/CMR/wacrm/src/app/api/whatsapp/webhook/route.test.ts:1995:5
    at file:///C:/Users/edsro/Desktop/CMR/wacrm/node_modules/@vitest/runner/dist/chunk-artifact.js:1903:20

stderr | src/app/api/whatsapp/webhook/route.test.ts > inbound webhook: contact auto-creation / backfill > adds the @ 
prefix to a bare handle during repair
[ai unblock] clearStaleFlowRuns failed: Error: unexpected table: flow_runs
    at Object.from (C:/Users/edsro/Desktop/CMR/wacrm/src/app/api/whatsapp/webhook/route.test.ts:490:17)
    at clearStaleFlowRuns (C:/Users/edsro/Desktop/CMR/wacrm/src/lib/ai/unblock.ts:167:8)
    at processMessage (C:/Users/edsro/Desktop/CMR/wacrm/src/app/api/whatsapp/webhook/route.ts:1208:11)
    at processWebhook (C:/Users/edsro/Desktop/CMR/wacrm/src/app/api/whatsapp/webhook/route.ts:666:9)
    at C:/Users/edsro/Desktop/CMR/wacrm/src/app/api/whatsapp/webhook/route.ts:541:7
    at runWebhook (C:/Users/edsro/Desktop/CMR/wacrm/src/app/api/whatsapp/webhook/route.test.ts:654:31)
    at C:/Users/edsro/Desktop/CMR/wacrm/src/app/api/whatsapp/webhook/route.test.ts:1995:5
    at file:///C:/Users/edsro/Desktop/CMR/wacrm/node_modules/@vitest/runner/dist/chunk-artifact.js:1903:20

stderr | src/app/api/whatsapp/webhook/route.test.ts > inbound webhook: contact auto-creation / backfill > adds the @ 
prefix to a bare handle during repair
[follow-up] cancelPendingFollowUps threw for conversation conv-1: db.from(...).update(...).eq(...).in is not a function

stderr | src/app/api/whatsapp/webhook/route.test.ts > inbound webhook: contact auto-creation / backfill > adds the @ 
prefix to a bare handle during repair
[response-wait] resetResponseWaitOnInbound threw for conversation conv-1: db.from(...).select(...).eq(...).maybeSingle 
is not a function

stdout | src/app/api/whatsapp/webhook/route.test.ts > inbound webhook: contact auto-creation / backfill > adds the @ prefix to a bare handle during repair
[webhook] message wamid.TEST1: dispatching to AI auto-reply (type=text, text="hello")

stdout | src/app/api/whatsapp/webhook/route.test.ts > inbound webhook: contact auto-creation / backfill > adds the @ prefix to a bare handle during repair
[webhook] delivery processed in 63ms

 Ô£ô src/app/api/whatsapp/webhook/route.test.ts > inbound webhook: contact auto-creation / backfill > repairs a bare 16-digit BSUID sitting in phone 47ms
 Ô£ô src/app/api/whatsapp/webhook/route.test.ts > inbound webhook: contact auto-creation / backfill > adds the @ prefix to a bare handle during repair 64ms
stdout | src/app/api/whatsapp/webhook/route.test.ts > inbound webhook: contact auto-creation / backfill > leaves a legitimately long E.164 phone alone during repair
[webhook] POST received ÔÇö signature ok, 1 entry, 1 inbound message(s)
=== META WEBHOOK BODY === {
  "entry": [
    {
      "changes": [
        {
          "field": "messages",
          "value": {
            "metadata": {
              "phone_number_id": "pn-1"
            },
            "contacts": [
              {
                "wa_id": "15551230000",
                "profile": {
                  "name": "Ada"
                }
              }
            ],
            "messages": [
              {
                "id": "wamid.TEST1",
                "from": "15551230000",
                "timestamp": "1700000000",
                "type": "text",
                "text": {
                  "body": "hello"
                }
              }
            ]
          }
        }
      ]
    }
  ]
}

stdout | src/app/api/whatsapp/webhook/route.test.ts > inbound webhook: contact auto-creation / backfill > leaves a legitimately long E.164 phone alone during repair
[webhook] processing text message wamid.TEST1 from ÔÇª0000 (account acc-1)
-> [EXTRACTED DATA] {
  effectivePhone: '15551230000',
  meta_wa_id: '15551230000',
  extractedUser: 'Ada',
  hasRealPhone: true,
  idType: 'e164-phone',
  wa_user_id: null,
  username: null
}

stderr | src/app/api/whatsapp/webhook/route.test.ts > inbound webhook: contact auto-creation / backfill > leaves a 
legitimately long E.164 phone alone during repair
[ai unblock] unexpected failure unblocking conv-1: TypeError: db.from(...).select(...).eq(...).maybeSingle is not a 
function
    at autoUnblockConversation (C:/Users/edsro/Desktop/CMR/wacrm/src/lib/ai/unblock.ts:67:8)
    at processMessage (C:/Users/edsro/Desktop/CMR/wacrm/src/app/api/whatsapp/webhook/route.ts:1207:11)
    at runNextTicks (node:internal/process/task_queues:65:5)
    at processTimers (node:internal/timers:568:9)
    at processWebhook (C:/Users/edsro/Desktop/CMR/wacrm/src/app/api/whatsapp/webhook/route.ts:666:9)
    at C:/Users/edsro/Desktop/CMR/wacrm/src/app/api/whatsapp/webhook/route.ts:541:7
    at runWebhook (C:/Users/edsro/Desktop/CMR/wacrm/src/app/api/whatsapp/webhook/route.test.ts:654:31)
    at C:/Users/edsro/Desktop/CMR/wacrm/src/app/api/whatsapp/webhook/route.test.ts:2016:5
    at file:///C:/Users/edsro/Desktop/CMR/wacrm/node_modules/@vitest/runner/dist/chunk-artifact.js:1903:20

stdout | src/app/api/whatsapp/webhook/route.test.ts > inbound webhook: contact auto-creation / backfill > leaves a legitimately long E.164 phone alone during repair
[webhook] thread conv-1 (contact inserted-1, assigned_agent_id=null)

stderr | src/app/api/whatsapp/webhook/route.test.ts > inbound webhook: contact auto-creation / backfill > leaves a 
legitimately long E.164 phone alone during repair
[ai unblock] clearStaleFlowRuns failed: Error: unexpected table: flow_runs
    at Object.from (C:/Users/edsro/Desktop/CMR/wacrm/src/app/api/whatsapp/webhook/route.test.ts:490:17)
    at clearStaleFlowRuns (C:/Users/edsro/Desktop/CMR/wacrm/src/lib/ai/unblock.ts:167:8)
    at processMessage (C:/Users/edsro/Desktop/CMR/wacrm/src/app/api/whatsapp/webhook/route.ts:1208:11)
    at runNextTicks (node:internal/process/task_queues:65:5)
    at processTimers (node:internal/timers:568:9)
    at processWebhook (C:/Users/edsro/Desktop/CMR/wacrm/src/app/api/whatsapp/webhook/route.ts:666:9)
    at C:/Users/edsro/Desktop/CMR/wacrm/src/app/api/whatsapp/webhook/route.ts:541:7
    at runWebhook (C:/Users/edsro/Desktop/CMR/wacrm/src/app/api/whatsapp/webhook/route.test.ts:654:31)
    at C:/Users/edsro/Desktop/CMR/wacrm/src/app/api/whatsapp/webhook/route.test.ts:2016:5
    at file:///C:/Users/edsro/Desktop/CMR/wacrm/node_modules/@vitest/runner/dist/chunk-artifact.js:1903:20

stderr | src/app/api/whatsapp/webhook/route.test.ts > inbound webhook: contact auto-creation / backfill > leaves a 
legitimately long E.164 phone alone during repair
[follow-up] cancelPendingFollowUps threw for conversation conv-1: db.from(...).update(...).eq(...).in is not a function

stderr | src/app/api/whatsapp/webhook/route.test.ts > inbound webhook: contact auto-creation / backfill > leaves a 
legitimately long E.164 phone alone during repair
[response-wait] resetResponseWaitOnInbound threw for conversation conv-1: db.from(...).select(...).eq(...).maybeSingle 
is not a function

stdout | src/app/api/whatsapp/webhook/route.test.ts > inbound webhook: contact auto-creation / backfill > leaves a legitimately long E.164 phone alone during repair
[webhook] message wamid.TEST1: dispatching to AI auto-reply (type=text, text="hello")

stdout | src/app/api/whatsapp/webhook/route.test.ts > inbound webhook: contact auto-creation / backfill > leaves a legitimately long E.164 phone alone during repair
[webhook] delivery processed in 63ms

stdout | src/app/api/whatsapp/webhook/route.test.ts > inbound webhook: contact auto-creation / backfill > gives a BSUID-only sender its own contact and never touches a same-named row
[webhook] POST received ÔÇö signature ok, 1 entry, 1 inbound message(s)
=== META WEBHOOK BODY === {
  "entry": [
    {
      "changes": [
        {
          "field": "messages",
          "value": {
            "metadata": {
              "phone_number_id": "pn-1"
            },
            "contacts": [
              {
                "wa_id": "",
                "user_id": "CO.9988776655443322",
                "profile": {
                  "name": "Ana Ruiz",
                  "username": "anaruiz"
                }
              }
            ],
            "messages": [
              {
                "id": "wamid.BSUID1",
                "from": "",
                "from_user_id": "CO.9988776655443322",
                "timestamp": "1700000000",
                "type": "text",
                "text": {
                  "body": "hola"
                }
              }
            ]
          }
        }
      ]
    }
  ]
}

stdout | src/app/api/whatsapp/webhook/route.test.ts > inbound webhook: contact auto-creation / backfill > gives a BSUID-only sender its own contact and never touches a same-named row
[webhook] processing text message wamid.BSUID1 from ÔÇªnown (account acc-1)
-> [EXTRACTED DATA] {
  effectivePhone: 'unknown',
  meta_wa_id: null,
  extractedUser: '@anaruiz',
  hasRealPhone: false,
  idType: 'bsuid',
  wa_user_id: '9988ÔÇª',
  username: '@anaruiz'
}

stderr | src/app/api/whatsapp/webhook/route.test.ts > inbound webhook: contact auto-creation / backfill > gives a 
BSUID-only sender its own contact and never touches a same-named row
[ai unblock] unexpected failure unblocking conv-1: TypeError: db.from(...).select(...).eq(...).maybeSingle is not a 
function
    at autoUnblockConversation (C:/Users/edsro/Desktop/CMR/wacrm/src/lib/ai/unblock.ts:67:8)
    at processMessage (C:/Users/edsro/Desktop/CMR/wacrm/src/app/api/whatsapp/webhook/route.ts:1207:11)
    at processWebhook (C:/Users/edsro/Desktop/CMR/wacrm/src/app/api/whatsapp/webhook/route.ts:666:9)
    at C:/Users/edsro/Desktop/CMR/wacrm/src/app/api/whatsapp/webhook/route.ts:541:7
    at C:/Users/edsro/Desktop/CMR/wacrm/src/app/api/whatsapp/webhook/route.test.ts:2039:46
    at file:///C:/Users/edsro/Desktop/CMR/wacrm/node_modules/@vitest/runner/dist/chunk-artifact.js:1903:20

stdout | src/app/api/whatsapp/webhook/route.test.ts > inbound webhook: contact auto-creation / backfill > gives a BSUID-only sender its own contact and never touches a same-named row
[webhook] thread conv-1 (contact inserted-1, assigned_agent_id=null)

stderr | src/app/api/whatsapp/webhook/route.test.ts > inbound webhook: contact auto-creation / backfill > gives a 
BSUID-only sender its own contact and never touches a same-named row
[ai unblock] clearStaleFlowRuns failed: Error: unexpected table: flow_runs
    at Object.from (C:/Users/edsro/Desktop/CMR/wacrm/src/app/api/whatsapp/webhook/route.test.ts:490:17)
    at clearStaleFlowRuns (C:/Users/edsro/Desktop/CMR/wacrm/src/lib/ai/unblock.ts:167:8)
    at processMessage (C:/Users/edsro/Desktop/CMR/wacrm/src/app/api/whatsapp/webhook/route.ts:1208:11)
    at processWebhook (C:/Users/edsro/Desktop/CMR/wacrm/src/app/api/whatsapp/webhook/route.ts:666:9)
    at C:/Users/edsro/Desktop/CMR/wacrm/src/app/api/whatsapp/webhook/route.ts:541:7
    at C:/Users/edsro/Desktop/CMR/wacrm/src/app/api/whatsapp/webhook/route.test.ts:2039:46
    at file:///C:/Users/edsro/Desktop/CMR/wacrm/node_modules/@vitest/runner/dist/chunk-artifact.js:1903:20

stderr | src/app/api/whatsapp/webhook/route.test.ts > inbound webhook: contact auto-creation / backfill > gives a 
BSUID-only sender its own contact and never touches a same-named row
[follow-up] cancelPendingFollowUps threw for conversation conv-1: db.from(...).update(...).eq(...).in is not a function

stderr | src/app/api/whatsapp/webhook/route.test.ts > inbound webhook: contact auto-creation / backfill > gives a 
BSUID-only sender its own contact and never touches a same-named row
[response-wait] resetResponseWaitOnInbound threw for conversation conv-1: db.from(...).select(...).eq(...).maybeSingle 
is not a function

 Ô£ô src/app/api/whatsapp/webhook/route.test.ts > inbound webhook: contact auto-creation / backfill > leaves a legitimately long E.164 phone alone during repair 63ms
stdout | src/app/api/whatsapp/webhook/route.test.ts > inbound webhook: contact auto-creation / backfill > gives a BSUID-only sender its own contact and never touches a same-named row
[webhook] message wamid.BSUID1: dispatching to AI auto-reply (type=text, text="hola")

stdout | src/app/api/whatsapp/webhook/route.test.ts > inbound webhook: contact auto-creation / backfill > gives a BSUID-only sender its own contact and never touches a same-named row
[webhook] delivery processed in 47ms

stdout | src/app/api/whatsapp/webhook/route.test.ts > inbound webhook: contact auto-creation / backfill > does not steal a contact already bound to a different BSUID
[webhook] POST received ÔÇö signature ok, 1 entry, 1 inbound message(s)
=== META WEBHOOK BODY === {
  "entry": [
    {
      "changes": [
        {
          "field": "messages",
          "value": {
            "metadata": {
              "phone_number_id": "pn-1"
            },
            "contacts": [
              {
                "wa_id": "",
                "user_id": "CO.9988776655443322",
                "profile": {
                  "name": "Ana Ruiz",
                  "username": "anaruiz"
                }
              }
            ],
            "messages": [
              {
                "id": "wamid.BSUID1",
                "from": "",
                "from_user_id": "CO.9988776655443322",
                "timestamp": "1700000000",
                "type": "text",
                "text": {
                  "body": "hola"
                }
              }
            ]
          }
        }
      ]
    }
  ]
}

stdout | src/app/api/whatsapp/webhook/route.test.ts > inbound webhook: contact auto-creation / backfill > does not steal a contact already bound to a different BSUID
[webhook] processing text message wamid.BSUID1 from ÔÇªnown (account acc-1)
-> [EXTRACTED DATA] {
  effectivePhone: 'unknown',
  meta_wa_id: null,
  extractedUser: '@anaruiz',
  hasRealPhone: false,
  idType: 'bsuid',
  wa_user_id: '9988ÔÇª',
  username: '@anaruiz'
}

stdout | src/app/api/whatsapp/webhook/route.test.ts > inbound webhook: contact auto-creation / backfill > does not steal a contact already bound to a different BSUID
[webhook] thread conv-1 (contact inserted-1, assigned_agent_id=null)

stderr | src/app/api/whatsapp/webhook/route.test.ts > inbound webhook: contact auto-creation / backfill > does not 
steal a contact already bound to a different BSUID
[ai unblock] unexpected failure unblocking conv-1: TypeError: db.from(...).select(...).eq(...).maybeSingle is not a 
function
    at autoUnblockConversation (C:/Users/edsro/Desktop/CMR/wacrm/src/lib/ai/unblock.ts:67:8)
    at processMessage (C:/Users/edsro/Desktop/CMR/wacrm/src/app/api/whatsapp/webhook/route.ts:1207:11)
    at processWebhook (C:/Users/edsro/Desktop/CMR/wacrm/src/app/api/whatsapp/webhook/route.ts:666:9)
    at C:/Users/edsro/Desktop/CMR/wacrm/src/app/api/whatsapp/webhook/route.ts:541:7
    at C:/Users/edsro/Desktop/CMR/wacrm/src/app/api/whatsapp/webhook/route.test.ts:2064:46
    at file:///C:/Users/edsro/Desktop/CMR/wacrm/node_modules/@vitest/runner/dist/chunk-artifact.js:1903:20

stderr | src/app/api/whatsapp/webhook/route.test.ts > inbound webhook: contact auto-creation / backfill > does not 
steal a contact already bound to a different BSUID
[ai unblock] clearStaleFlowRuns failed: Error: unexpected table: flow_runs
    at Object.from (C:/Users/edsro/Desktop/CMR/wacrm/src/app/api/whatsapp/webhook/route.test.ts:490:17)
    at clearStaleFlowRuns (C:/Users/edsro/Desktop/CMR/wacrm/src/lib/ai/unblock.ts:167:8)
    at processMessage (C:/Users/edsro/Desktop/CMR/wacrm/src/app/api/whatsapp/webhook/route.ts:1208:11)
    at processWebhook (C:/Users/edsro/Desktop/CMR/wacrm/src/app/api/whatsapp/webhook/route.ts:666:9)
    at C:/Users/edsro/Desktop/CMR/wacrm/src/app/api/whatsapp/webhook/route.ts:541:7
    at C:/Users/edsro/Desktop/CMR/wacrm/src/app/api/whatsapp/webhook/route.test.ts:2064:46
    at file:///C:/Users/edsro/Desktop/CMR/wacrm/node_modules/@vitest/runner/dist/chunk-artifact.js:1903:20

stderr | src/app/api/whatsapp/webhook/route.test.ts > inbound webhook: contact auto-creation / backfill > does not 
steal a contact already bound to a different BSUID
[follow-up] cancelPendingFollowUps threw for conversation conv-1: db.from(...).update(...).eq(...).in is not a function

stderr | src/app/api/whatsapp/webhook/route.test.ts > inbound webhook: contact auto-creation / backfill > does not 
steal a contact already bound to a different BSUID
[response-wait] resetResponseWaitOnInbound threw for conversation conv-1: db.from(...).select(...).eq(...).maybeSingle 
is not a function

stdout | src/app/api/whatsapp/webhook/route.test.ts > inbound webhook: contact auto-creation / backfill > does not steal a contact already bound to a different BSUID
[webhook] message wamid.BSUID1: dispatching to AI auto-reply (type=text, text="hola")

stdout | src/app/api/whatsapp/webhook/route.test.ts > inbound webhook: contact auto-creation / backfill > does not steal a contact already bound to a different BSUID
[webhook] delivery processed in 61ms

stdout | src/app/api/whatsapp/webhook/route.test.ts > inbound webhook: contact auto-creation / backfill > never stores a BSUID as the username
[webhook] POST received ÔÇö signature ok, 1 entry, 1 inbound message(s)
=== META WEBHOOK BODY === {
  "entry": [
    {
      "changes": [
        {
          "field": "messages",
          "value": {
            "metadata": {
              "phone_number_id": "pn-1"
            },
            "contacts": [
              {
                "wa_id": "",
                "user_id": "CO.999",
                "profile": {
                  "name": "Ana"
                }
              }
            ],
            "messages": [
              {
                "id": "wamid.BSUID2",
                "from": "",
                "from_user_id": "CO.999",
                "timestamp": "1700000000",
                "type": "text",
                "text": {
                  "body": "hola"
                }
              }
            ]
          }
        }
      ]
    }
  ]
}

stdout | src/app/api/whatsapp/webhook/route.test.ts > inbound webhook: contact auto-creation / backfill > never stores a BSUID as the username
[webhook] processing text message wamid.BSUID2 from ÔÇªnown (account acc-1)
-> [EXTRACTED DATA] {
  effectivePhone: 'unknown',
  meta_wa_id: null,
  extractedUser: '999',
  hasRealPhone: false,
  idType: 'bsuid',
  wa_user_id: '999ÔÇª',
  username: null
}

stdout | src/app/api/whatsapp/webhook/route.test.ts > inbound webhook: contact auto-creation / backfill > never stores a BSUID as the username
[webhook] thread conv-1 (contact inserted-1, assigned_agent_id=null)

stderr | src/app/api/whatsapp/webhook/route.test.ts > inbound webhook: contact auto-creation / backfill > never stores 
a BSUID as the username
[ai unblock] unexpected failure unblocking conv-1: TypeError: db.from(...).select(...).eq(...).maybeSingle is not a 
function
    at autoUnblockConversation (C:/Users/edsro/Desktop/CMR/wacrm/src/lib/ai/unblock.ts:67:8)
    at processMessage (C:/Users/edsro/Desktop/CMR/wacrm/src/app/api/whatsapp/webhook/route.ts:1207:11)
    at processWebhook (C:/Users/edsro/Desktop/CMR/wacrm/src/app/api/whatsapp/webhook/route.ts:666:9)
    at C:/Users/edsro/Desktop/CMR/wacrm/src/app/api/whatsapp/webhook/route.ts:541:7
    at C:/Users/edsro/Desktop/CMR/wacrm/src/app/api/whatsapp/webhook/route.test.ts:2106:46
    at file:///C:/Users/edsro/Desktop/CMR/wacrm/node_modules/@vitest/runner/dist/chunk-artifact.js:1903:20

stderr | src/app/api/whatsapp/webhook/route.test.ts > inbound webhook: contact auto-creation / backfill > never stores 
a BSUID as the username
[ai unblock] clearStaleFlowRuns failed: Error: unexpected table: flow_runs
    at Object.from (C:/Users/edsro/Desktop/CMR/wacrm/src/app/api/whatsapp/webhook/route.test.ts:490:17)
    at clearStaleFlowRuns (C:/Users/edsro/Desktop/CMR/wacrm/src/lib/ai/unblock.ts:167:8)
    at processMessage (C:/Users/edsro/Desktop/CMR/wacrm/src/app/api/whatsapp/webhook/route.ts:1208:11)
    at processWebhook (C:/Users/edsro/Desktop/CMR/wacrm/src/app/api/whatsapp/webhook/route.ts:666:9)
    at C:/Users/edsro/Desktop/CMR/wacrm/src/app/api/whatsapp/webhook/route.ts:541:7
    at C:/Users/edsro/Desktop/CMR/wacrm/src/app/api/whatsapp/webhook/route.test.ts:2106:46
    at file:///C:/Users/edsro/Desktop/CMR/wacrm/node_modules/@vitest/runner/dist/chunk-artifact.js:1903:20

stderr | src/app/api/whatsapp/webhook/route.test.ts > inbound webhook: contact auto-creation / backfill > never stores 
a BSUID as the username
[follow-up] cancelPendingFollowUps threw for conversation conv-1: db.from(...).update(...).eq(...).in is not a function

stderr | src/app/api/whatsapp/webhook/route.test.ts > inbound webhook: contact auto-creation / backfill > never stores 
a BSUID as the username
[response-wait] resetResponseWaitOnInbound threw for conversation conv-1: db.from(...).select(...).eq(...).maybeSingle 
is not a function

 Ô£ô src/app/api/whatsapp/webhook/route.test.ts > inbound webhook: contact auto-creation / backfill > gives a BSUID-only sender its own contact and never touches a same-named row 48ms
 Ô£ô src/app/api/whatsapp/webhook/route.test.ts > inbound webhook: contact auto-creation / backfill > does not steal a contact already bound to a different BSUID 62ms
stdout | src/app/api/whatsapp/webhook/route.test.ts > inbound webhook: contact auto-creation / backfill > never stores a BSUID as the username
[webhook] message wamid.BSUID2: dispatching to AI auto-reply (type=text, text="hola")

stdout | src/app/api/whatsapp/webhook/route.test.ts > inbound webhook: contact auto-creation / backfill > never stores a BSUID as the username
[webhook] delivery processed in 46ms

stdout | src/app/api/whatsapp/webhook/route.test.ts > inbound webhook: contact auto-creation / backfill > reuses the contact matched by BSUID instead of inserting a duplicate
[webhook] POST received ÔÇö signature ok, 1 entry, 1 inbound message(s)
=== META WEBHOOK BODY === {
  "entry": [
    {
      "changes": [
        {
          "field": "messages",
          "value": {
            "metadata": {
              "phone_number_id": "pn-1"
            },
            "contacts": [
              {
                "wa_id": "",
                "user_id": "CO.9988776655443322",
                "profile": {
                  "name": "Ana Ruiz",
                  "username": "anaruiz"
                }
              }
            ],
            "messages": [
              {
                "id": "wamid.BSUID1",
                "from": "",
                "from_user_id": "CO.9988776655443322",
                "timestamp": "1700000000",
                "type": "text",
                "text": {
                  "body": "hola"
                }
              }
            ]
          }
        }
      ]
    }
  ]
}

stdout | src/app/api/whatsapp/webhook/route.test.ts > inbound webhook: contact auto-creation / backfill > reuses the contact matched by BSUID instead of inserting a duplicate
[webhook] processing text message wamid.BSUID1 from ÔÇªnown (account acc-1)
-> [EXTRACTED DATA] {
  effectivePhone: 'unknown',
  meta_wa_id: null,
  extractedUser: '@anaruiz',
  hasRealPhone: false,
  idType: 'bsuid',
  wa_user_id: '9988ÔÇª',
  username: '@anaruiz'
}

stderr | src/app/api/whatsapp/webhook/route.test.ts > inbound webhook: contact auto-creation / backfill > reuses the 
contact matched by BSUID instead of inserting a duplicate
[webhook] contact merge failed (non-fatal): db.from(...).select(...).eq(...).neq is not a function

stdout | src/app/api/whatsapp/webhook/route.test.ts > inbound webhook: contact auto-creation / backfill > reuses the contact matched by BSUID instead of inserting a duplicate
[webhook] thread conv-1 (contact contact-existing, assigned_agent_id=null)

stderr | src/app/api/whatsapp/webhook/route.test.ts > inbound webhook: contact auto-creation / backfill > reuses the 
contact matched by BSUID instead of inserting a duplicate
[ai unblock] unexpected failure unblocking conv-1: TypeError: db.from(...).select(...).eq(...).maybeSingle is not a 
function
    at autoUnblockConversation (C:/Users/edsro/Desktop/CMR/wacrm/src/lib/ai/unblock.ts:67:8)
    at processMessage (C:/Users/edsro/Desktop/CMR/wacrm/src/app/api/whatsapp/webhook/route.ts:1207:11)
    at processWebhook (C:/Users/edsro/Desktop/CMR/wacrm/src/app/api/whatsapp/webhook/route.ts:666:9)
    at C:/Users/edsro/Desktop/CMR/wacrm/src/app/api/whatsapp/webhook/route.ts:541:7
    at C:/Users/edsro/Desktop/CMR/wacrm/src/app/api/whatsapp/webhook/route.test.ts:2130:46
    at file:///C:/Users/edsro/Desktop/CMR/wacrm/node_modules/@vitest/runner/dist/chunk-artifact.js:1903:20

stderr | src/app/api/whatsapp/webhook/route.test.ts > inbound webhook: contact auto-creation / backfill > reuses the 
contact matched by BSUID instead of inserting a duplicate
[ai unblock] clearStaleFlowRuns failed: Error: unexpected table: flow_runs
    at Object.from (C:/Users/edsro/Desktop/CMR/wacrm/src/app/api/whatsapp/webhook/route.test.ts:490:17)
    at clearStaleFlowRuns (C:/Users/edsro/Desktop/CMR/wacrm/src/lib/ai/unblock.ts:167:8)
    at processMessage (C:/Users/edsro/Desktop/CMR/wacrm/src/app/api/whatsapp/webhook/route.ts:1208:11)
    at processWebhook (C:/Users/edsro/Desktop/CMR/wacrm/src/app/api/whatsapp/webhook/route.ts:666:9)
    at C:/Users/edsro/Desktop/CMR/wacrm/src/app/api/whatsapp/webhook/route.ts:541:7
    at C:/Users/edsro/Desktop/CMR/wacrm/src/app/api/whatsapp/webhook/route.test.ts:2130:46
    at file:///C:/Users/edsro/Desktop/CMR/wacrm/node_modules/@vitest/runner/dist/chunk-artifact.js:1903:20

stderr | src/app/api/whatsapp/webhook/route.test.ts > inbound webhook: contact auto-creation / backfill > reuses the 
contact matched by BSUID instead of inserting a duplicate
[follow-up] cancelPendingFollowUps threw for conversation conv-1: db.from(...).update(...).eq(...).in is not a function

stderr | src/app/api/whatsapp/webhook/route.test.ts > inbound webhook: contact auto-creation / backfill > reuses the 
contact matched by BSUID instead of inserting a duplicate
[response-wait] resetResponseWaitOnInbound threw for conversation conv-1: db.from(...).select(...).eq(...).maybeSingle 
is not a function

stdout | src/app/api/whatsapp/webhook/route.test.ts > inbound webhook: contact auto-creation / backfill > reuses the contact matched by BSUID instead of inserting a duplicate
[webhook] message wamid.BSUID1: dispatching to AI auto-reply (type=text, text="hola")

stdout | src/app/api/whatsapp/webhook/route.test.ts > inbound webhook: contact auto-creation / backfill > reuses the contact matched by BSUID instead of inserting a duplicate
[webhook] delivery processed in 48ms

stdout | src/app/api/whatsapp/webhook/route.test.ts > inbound webhook: contact auto-creation / backfill > repairs a contact whose phone holds a CO.-prefixed BSUID
[webhook] POST received ÔÇö signature ok, 1 entry, 1 inbound message(s)
=== META WEBHOOK BODY === {
  "entry": [
    {
      "changes": [
        {
          "field": "messages",
          "value": {
            "metadata": {
              "phone_number_id": "pn-1"
            },
            "contacts": [
              {
                "wa_id": "15551230000",
                "profile": {
                  "name": "Ada"
                }
              }
            ],
            "messages": [
              {
                "id": "wamid.TEST1",
                "from": "15551230000",
                "timestamp": "1700000000",
                "type": "text",
                "text": {
                  "body": "hello"
                }
              }
            ]
          }
        }
      ]
    }
  ]
}

stdout | src/app/api/whatsapp/webhook/route.test.ts > inbound webhook: contact auto-creation / backfill > repairs a contact whose phone holds a CO.-prefixed BSUID
[webhook] repaired contact contact-broken: phone CO.9988776655443322 ÔåÆ (kept) (identity: wa_user_id, username)

stdout | src/app/api/whatsapp/webhook/route.test.ts > inbound webhook: contact auto-creation / backfill > repairs a contact whose phone holds a CO.-prefixed BSUID
[webhook] processing text message wamid.TEST1 from ÔÇª0000 (account acc-1)
-> [EXTRACTED DATA] {
  effectivePhone: '15551230000',
  meta_wa_id: '15551230000',
  extractedUser: 'Ada',
  hasRealPhone: true,
  idType: 'e164-phone',
  wa_user_id: null,
  username: null
}

stderr | src/app/api/whatsapp/webhook/route.test.ts > inbound webhook: contact auto-creation / backfill > repairs a 
contact whose phone holds a CO.-prefixed BSUID
[ai unblock] unexpected failure unblocking conv-1: TypeError: db.from(...).select(...).eq(...).maybeSingle is not a 
function
    at autoUnblockConversation (C:/Users/edsro/Desktop/CMR/wacrm/src/lib/ai/unblock.ts:67:8)
    at processMessage (C:/Users/edsro/Desktop/CMR/wacrm/src/app/api/whatsapp/webhook/route.ts:1207:11)
    at processWebhook (C:/Users/edsro/Desktop/CMR/wacrm/src/app/api/whatsapp/webhook/route.ts:666:9)
    at C:/Users/edsro/Desktop/CMR/wacrm/src/app/api/whatsapp/webhook/route.ts:541:7
    at runWebhook (C:/Users/edsro/Desktop/CMR/wacrm/src/app/api/whatsapp/webhook/route.test.ts:654:31)
    at C:/Users/edsro/Desktop/CMR/wacrm/src/app/api/whatsapp/webhook/route.test.ts:2150:5
    at file:///C:/Users/edsro/Desktop/CMR/wacrm/node_modules/@vitest/runner/dist/chunk-artifact.js:1903:20

stdout | src/app/api/whatsapp/webhook/route.test.ts > inbound webhook: contact auto-creation / backfill > repairs a contact whose phone holds a CO.-prefixed BSUID
[webhook] thread conv-1 (contact inserted-1, assigned_agent_id=null)

stderr | src/app/api/whatsapp/webhook/route.test.ts > inbound webhook: contact auto-creation / backfill > repairs a 
contact whose phone holds a CO.-prefixed BSUID
[ai unblock] clearStaleFlowRuns failed: Error: unexpected table: flow_runs
    at Object.from (C:/Users/edsro/Desktop/CMR/wacrm/src/app/api/whatsapp/webhook/route.test.ts:490:17)
    at clearStaleFlowRuns (C:/Users/edsro/Desktop/CMR/wacrm/src/lib/ai/unblock.ts:167:8)
    at processMessage (C:/Users/edsro/Desktop/CMR/wacrm/src/app/api/whatsapp/webhook/route.ts:1208:11)
    at processWebhook (C:/Users/edsro/Desktop/CMR/wacrm/src/app/api/whatsapp/webhook/route.ts:666:9)
    at C:/Users/edsro/Desktop/CMR/wacrm/src/app/api/whatsapp/webhook/route.ts:541:7
    at runWebhook (C:/Users/edsro/Desktop/CMR/wacrm/src/app/api/whatsapp/webhook/route.test.ts:654:31)
    at C:/Users/edsro/Desktop/CMR/wacrm/src/app/api/whatsapp/webhook/route.test.ts:2150:5
    at file:///C:/Users/edsro/Desktop/CMR/wacrm/node_modules/@vitest/runner/dist/chunk-artifact.js:1903:20

stderr | src/app/api/whatsapp/webhook/route.test.ts > inbound webhook: contact auto-creation / backfill > repairs a 
contact whose phone holds a CO.-prefixed BSUID
[follow-up] cancelPendingFollowUps threw for conversation conv-1: db.from(...).update(...).eq(...).in is not a function

stderr | src/app/api/whatsapp/webhook/route.test.ts > inbound webhook: contact auto-creation / backfill > repairs a 
contact whose phone holds a CO.-prefixed BSUID
[response-wait] resetResponseWaitOnInbound threw for conversation conv-1: db.from(...).select(...).eq(...).maybeSingle 
is not a function

stdout | src/app/api/whatsapp/webhook/route.test.ts > inbound webhook: contact auto-creation / backfill > repairs a contact whose phone holds a CO.-prefixed BSUID
[webhook] message wamid.TEST1: dispatching to AI auto-reply (type=text, text="hello")

stdout | src/app/api/whatsapp/webhook/route.test.ts > inbound webhook: contact auto-creation / backfill > repairs a contact whose phone holds a CO.-prefixed BSUID
[webhook] delivery processed in 61ms

 Ô£ô src/app/api/whatsapp/webhook/route.test.ts > inbound webhook: contact auto-creation / backfill > never stores a BSUID as the username 47ms
 Ô£ô src/app/api/whatsapp/webhook/route.test.ts > inbound webhook: contact auto-creation / backfill > reuses the contact matched by BSUID instead of inserting a duplicate 48ms
 Ô£ô src/app/api/whatsapp/webhook/route.test.ts > inbound webhook: contact auto-creation / backfill > repairs a contact whose phone holds a CO.-prefixed BSUID 62ms
stdout | src/app/api/whatsapp/webhook/route.test.ts > inbound webhook: contact auto-creation / backfill > adopts a sibling contact number when repairing a CO.-prefixed phone
[webhook] POST received ÔÇö signature ok, 1 entry, 1 inbound message(s)
=== META WEBHOOK BODY === {
  "entry": [
    {
      "changes": [
        {
          "field": "messages",
          "value": {
            "metadata": {
              "phone_number_id": "pn-1"
            },
            "contacts": [
              {
                "wa_id": "15551230000",
                "profile": {
                  "name": "Ada"
                }
              }
            ],
            "messages": [
              {
                "id": "wamid.TEST1",
                "from": "15551230000",
                "timestamp": "1700000000",
                "type": "text",
                "text": {
                  "body": "hello"
                }
              }
            ]
          }
        }
      ]
    }
  ]
}

stdout | src/app/api/whatsapp/webhook/route.test.ts > inbound webhook: contact auto-creation / backfill > adopts a sibling contact number when repairing a CO.-prefixed phone
[webhook] repaired contact contact-broken: phone CO.9988776655443322 ÔåÆ 573155667789 (identity: wa_user_id, username, phone)

stdout | src/app/api/whatsapp/webhook/route.test.ts > inbound webhook: contact auto-creation / backfill > adopts a sibling contact number when repairing a CO.-prefixed phone
[webhook] processing text message wamid.TEST1 from ÔÇª0000 (account acc-1)
-> [EXTRACTED DATA] {
  effectivePhone: '15551230000',
  meta_wa_id: '15551230000',
  extractedUser: 'Ada',
  hasRealPhone: true,
  idType: 'e164-phone',
  wa_user_id: null,
  username: null
}

stdout | src/app/api/whatsapp/webhook/route.test.ts > inbound webhook: contact auto-creation / backfill > adopts a sibling contact number when repairing a CO.-prefixed phone
[webhook] matched contact undefined via dynamic identity filter (phone.eq.15551230000)

stderr | src/app/api/whatsapp/webhook/route.test.ts > inbound webhook: contact auto-creation / backfill > adopts a 
sibling contact number when repairing a CO.-prefixed phone
[ai unblock] unexpected failure unblocking conv-1: TypeError: db.from(...).select(...).eq(...).maybeSingle is not a 
function
    at autoUnblockConversation (C:/Users/edsro/Desktop/CMR/wacrm/src/lib/ai/unblock.ts:67:8)
    at processMessage (C:/Users/edsro/Desktop/CMR/wacrm/src/app/api/whatsapp/webhook/route.ts:1207:11)
    at runNextTicks (node:internal/process/task_queues:65:5)
    at processTimers (node:internal/timers:568:9)
    at processWebhook (C:/Users/edsro/Desktop/CMR/wacrm/src/app/api/whatsapp/webhook/route.ts:666:9)
    at C:/Users/edsro/Desktop/CMR/wacrm/src/app/api/whatsapp/webhook/route.ts:541:7
    at runWebhook (C:/Users/edsro/Desktop/CMR/wacrm/src/app/api/whatsapp/webhook/route.test.ts:654:31)
    at C:/Users/edsro/Desktop/CMR/wacrm/src/app/api/whatsapp/webhook/route.test.ts:2177:5
    at file:///C:/Users/edsro/Desktop/CMR/wacrm/node_modules/@vitest/runner/dist/chunk-artifact.js:1903:20

stdout | src/app/api/whatsapp/webhook/route.test.ts > inbound webhook: contact auto-creation / backfill > adopts a sibling contact number when repairing a CO.-prefixed phone
[webhook] thread conv-1 (contact undefined, assigned_agent_id=null)

stderr | src/app/api/whatsapp/webhook/route.test.ts > inbound webhook: contact auto-creation / backfill > adopts a 
sibling contact number when repairing a CO.-prefixed phone
[ai unblock] clearStaleFlowRuns failed: Error: unexpected table: flow_runs
    at Object.from (C:/Users/edsro/Desktop/CMR/wacrm/src/app/api/whatsapp/webhook/route.test.ts:490:17)
    at clearStaleFlowRuns (C:/Users/edsro/Desktop/CMR/wacrm/src/lib/ai/unblock.ts:167:8)
    at processMessage (C:/Users/edsro/Desktop/CMR/wacrm/src/app/api/whatsapp/webhook/route.ts:1208:11)
    at runNextTicks (node:internal/process/task_queues:65:5)
    at processTimers (node:internal/timers:568:9)
    at processWebhook (C:/Users/edsro/Desktop/CMR/wacrm/src/app/api/whatsapp/webhook/route.ts:666:9)
    at C:/Users/edsro/Desktop/CMR/wacrm/src/app/api/whatsapp/webhook/route.ts:541:7
    at runWebhook (C:/Users/edsro/Desktop/CMR/wacrm/src/app/api/whatsapp/webhook/route.test.ts:654:31)
    at C:/Users/edsro/Desktop/CMR/wacrm/src/app/api/whatsapp/webhook/route.test.ts:2177:5
    at file:///C:/Users/edsro/Desktop/CMR/wacrm/node_modules/@vitest/runner/dist/chunk-artifact.js:1903:20

stderr | src/app/api/whatsapp/webhook/route.test.ts > inbound webhook: contact auto-creation / backfill > adopts a 
sibling contact number when repairing a CO.-prefixed phone
[follow-up] cancelPendingFollowUps threw for conversation conv-1: db.from(...).update(...).eq(...).in is not a function

stderr | src/app/api/whatsapp/webhook/route.test.ts > inbound webhook: contact auto-creation / backfill > adopts a 
sibling contact number when repairing a CO.-prefixed phone
[response-wait] resetResponseWaitOnInbound threw for conversation conv-1: db.from(...).select(...).eq(...).maybeSingle 
is not a function

stdout | src/app/api/whatsapp/webhook/route.test.ts > inbound webhook: contact auto-creation / backfill > adopts a sibling contact number when repairing a CO.-prefixed phone
[webhook] message wamid.TEST1: dispatching to AI auto-reply (type=text, text="hello")

stdout | src/app/api/whatsapp/webhook/route.test.ts > inbound webhook: contact auto-creation / backfill > adopts a sibling contact number when repairing a CO.-prefixed phone
[webhook] delivery processed in 46ms

 Ô£ô src/app/api/whatsapp/webhook/route.test.ts > inbound webhook: contact auto-creation / backfill > adopts a sibling contact number when repairing a CO.-prefixed phone 46ms

ÔÄ»ÔÄ»ÔÄ»ÔÄ»ÔÄ»ÔÄ» Failed Tests 14 ÔÄ»ÔÄ»ÔÄ»ÔÄ»ÔÄ»ÔÄ»ÔÄ»

 FAIL  src/lib/whatsapp/broadcast-address.test.ts > resolveRecipientAddresses - the pipeline shared by creation and 
retry > classifies destinations: numbers and numeric opaque ids yes, namespaced ids and handles no
AssertionError: expected true to be false // Object.is equality

- Expected
+ Received

- false
+ true

 ÔØ» src/lib/whatsapp/broadcast-address.test.ts:1020:58
    1018|     expect(isDeliverableAddress('573001234567')).toBe(true)
    1019|     expect(isDeliverableAddress('1486998326437295')).toBe(true)
    1020|     expect(isDeliverableAddress('CO.09988776655443322')).toBe(false)
       |                                                          ^
    1021|     expect(isDeliverableAddress('@juanpablo')).toBe(false)
    1022|     expect(isDeliverableAddress('unknown')).toBe(false)

ÔÄ»ÔÄ»ÔÄ»ÔÄ»ÔÄ»ÔÄ»ÔÄ»ÔÄ»ÔÄ»ÔÄ»ÔÄ»ÔÄ»ÔÄ»ÔÄ»ÔÄ»ÔÄ»ÔÄ»ÔÄ»ÔÄ»ÔÄ»ÔÄ»ÔÄ»ÔÄ»[1/14]ÔÄ»

 FAIL  src/lib/whatsapp/meta-api.context-reply.test.ts > sendTextMessage recipient shapes > REFUSES a namespaced BSUID 
even with an anchor ÔÇö CASO C
AssertionError: promise resolved "{ messageId: 'wamid.OUT_1' }" instead of rejecting

- Expected
+ Received

- Error {
-   "message": "rejected promise",
+ {
+   "messageId": "wamid.OUT_1",
  }

 ÔØ» src/lib/whatsapp/meta-api.context-reply.test.ts:168:6
    166|         contextMessageId: 'wamid.HBgL_INBOUND',
    167|       }),
    168|     ).rejects.toBeInstanceOf(InvalidRecipientError)
       |      ^
    169|     expect(fetchMock).not.toHaveBeenCalled()
    170|   })

ÔÄ»ÔÄ»ÔÄ»ÔÄ»ÔÄ»ÔÄ»ÔÄ»ÔÄ»ÔÄ»ÔÄ»ÔÄ»ÔÄ»ÔÄ»ÔÄ»ÔÄ»ÔÄ»ÔÄ»ÔÄ»ÔÄ»ÔÄ»ÔÄ»ÔÄ»ÔÄ»[2/14]ÔÄ»

 FAIL  src/lib/whatsapp/meta-api.endpoint.test.ts > opaque wa_id destination > refuses a namespaced BSUID even with an 
anchor (CASO C)
AssertionError: promise resolved "{ messageId: 'wamid.OUT_1' }" instead of rejecting

- Expected
+ Received

- Error {
-   "message": "rejected promise",
+ {
+   "messageId": "wamid.OUT_1",
  }

 ÔØ» src/lib/whatsapp/meta-api.endpoint.test.ts:207:6
    205|         contextMessageId: 'wamid.HBgL_INBOUND',
    206|       }),
    207|     ).rejects.toBeInstanceOf(InvalidRecipientError)
       |      ^
    208|     expect(fetchMock).not.toHaveBeenCalled()
    209|   })

ÔÄ»ÔÄ»ÔÄ»ÔÄ»ÔÄ»ÔÄ»ÔÄ»ÔÄ»ÔÄ»ÔÄ»ÔÄ»ÔÄ»ÔÄ»ÔÄ»ÔÄ»ÔÄ»ÔÄ»ÔÄ»ÔÄ»ÔÄ»ÔÄ»ÔÄ»ÔÄ»[3/14]ÔÄ»

 FAIL  src/lib/whatsapp/meta-api.media.test.ts > sendMediaMessage ÔÇö recipient addressing > REFUSES a CO./WAID. 
namespaced BSUID ÔÇö identity, never a destination
AssertionError: promise resolved "{ messageId: 'wamid.TEST' }" instead of rejecting

- Expected
+ Received

- Error {
-   "message": "rejected promise",
+ {
+   "messageId": "wamid.TEST",
  }

 ÔØ» src/lib/whatsapp/meta-api.media.test.ts:114:6
    112|     await expect(
    113|       sendMediaMessage({ ...BASE, to: "CO.1486998326437295", kind: "doÔÇª
    114|     ).rejects.toBeInstanceOf(InvalidRecipientError);
       |      ^
    115|     expect(captured).toBeNull();
    116|   });

ÔÄ»ÔÄ»ÔÄ»ÔÄ»ÔÄ»ÔÄ»ÔÄ»ÔÄ»ÔÄ»ÔÄ»ÔÄ»ÔÄ»ÔÄ»ÔÄ»ÔÄ»ÔÄ»ÔÄ»ÔÄ»ÔÄ»ÔÄ»ÔÄ»ÔÄ»ÔÄ»[4/14]ÔÄ»

 FAIL  src/lib/whatsapp/recipient-resolver.best.test.ts > resolveBestRecipient ÔÇö generic identifier priority > 
REFUSES a BSUID when there is no wa_id (CASO C)
AssertionError: expected 'CO.999' to be '' // Object.is equality

- Expected
+ Received

+ CO.999

 ÔØ» src/lib/whatsapp/recipient-resolver.best.test.ts:59:18
     57|       wa_user_id: 'CO.999',
     58|     })
     59|     expect(r.to).toBe('')
       |                  ^
     60|     expect(r.source).toBe('wa_id')
     61|   })

ÔÄ»ÔÄ»ÔÄ»ÔÄ»ÔÄ»ÔÄ»ÔÄ»ÔÄ»ÔÄ»ÔÄ»ÔÄ»ÔÄ»ÔÄ»ÔÄ»ÔÄ»ÔÄ»ÔÄ»ÔÄ»ÔÄ»ÔÄ»ÔÄ»ÔÄ»ÔÄ»[5/14]ÔÄ»

 FAIL  src/lib/whatsapp/send-message.test.ts > sendMessageToConversation - opaque-id recipients (INBOX/AI parity) > 
anchors the send to the newest inbound wamid when the id is opaque
AssertionError: expected "vi.fn()" to be called with arguments: [ ObjectContaining{ÔÇª} ]

Received:

  1st vi.fn() call:

  [
-   ObjectContaining {
-     "contextMessageId": "wamid.INBOUND",
+   {
+     "accessToken": "token",
+     "contextMessageId": undefined,
+     "phoneNumberId": "pn-1",
+     "text": "Hola, te escribo por aqui",
+     "to": "CO.9988776655443322",
    },
  ]


Number of calls: 1

 ÔØ» src/lib/whatsapp/send-message.test.ts:505:29
    503|
    504|     const { sendTextMessage } = await import('@/lib/whatsapp/meta-api'ÔÇª
    505|     expect(sendTextMessage).toHaveBeenCalledWith(
       |                             ^
    506|       expect.objectContaining({ contextMessageId: 'wamid.INBOUND' })
    507|     );

ÔÄ»ÔÄ»ÔÄ»ÔÄ»ÔÄ»ÔÄ»ÔÄ»ÔÄ»ÔÄ»ÔÄ»ÔÄ»ÔÄ»ÔÄ»ÔÄ»ÔÄ»ÔÄ»ÔÄ»ÔÄ»ÔÄ»ÔÄ»ÔÄ»ÔÄ»ÔÄ»[6/14]ÔÄ»

 FAIL  src/lib/whatsapp/send-message.test.ts > sendMessageToConversation - opaque-id recipients (INBOX/AI parity) > 
addresses the opaque id directly, as the AI path does
AssertionError: expected "vi.fn()" to be called with arguments: [ ObjectContaining{ÔÇª} ]

Received:

  1st vi.fn() call:

  [
-   ObjectContaining {
-     "recipient": "CO.9988776655443322",
+   {
+     "accessToken": "token",
+     "contextMessageId": undefined,
+     "phoneNumberId": "pn-1",
+     "text": "Hola, te escribo por aqui",
+     "to": "CO.9988776655443322",
    },
  ]


Number of calls: 1

 ÔØ» src/lib/whatsapp/send-message.test.ts:514:29
    512|
    513|     const { sendTextMessage } = await import('@/lib/whatsapp/meta-api'ÔÇª
    514|     expect(sendTextMessage).toHaveBeenCalledWith(
       |                             ^
    515|       expect.objectContaining({ recipient: 'CO.9988776655443322' })
    516|     );

ÔÄ»ÔÄ»ÔÄ»ÔÄ»ÔÄ»ÔÄ»ÔÄ»ÔÄ»ÔÄ»ÔÄ»ÔÄ»ÔÄ»ÔÄ»ÔÄ»ÔÄ»ÔÄ»ÔÄ»ÔÄ»ÔÄ»ÔÄ»ÔÄ»ÔÄ»ÔÄ»[7/14]ÔÄ»

 FAIL  src/lib/whatsapp/send-message.test.ts > sendMessageToConversation - opaque-id recipients (INBOX/AI parity) > 
allows a free-form BSUID send when the 24h window is closed (no inbound at all)
AssertionError: expected "vi.fn()" to be called with arguments: [ ObjectContaining{ÔÇª} ]

Received:

  1st vi.fn() call:

  [
-   ObjectContaining {
-     "recipient": "CO.9988776655443322",
+   {
+     "accessToken": "token",
+     "contextMessageId": undefined,
+     "phoneNumberId": "pn-1",
+     "text": "Hola",
+     "to": "CO.9988776655443322",
    },
  ]


Number of calls: 1

 ÔØ» src/lib/whatsapp/send-message.test.ts:562:29
    560|     expect(outcome).toBeDefined();
    561|     const { sendTextMessage } = await import('@/lib/whatsapp/meta-api'ÔÇª
    562|     expect(sendTextMessage).toHaveBeenCalledWith(
       |                             ^
    563|       expect.objectContaining({ recipient: 'CO.9988776655443322' })
    564|     );

ÔÄ»ÔÄ»ÔÄ»ÔÄ»ÔÄ»ÔÄ»ÔÄ»ÔÄ»ÔÄ»ÔÄ»ÔÄ»ÔÄ»ÔÄ»ÔÄ»ÔÄ»ÔÄ»ÔÄ»ÔÄ»ÔÄ»ÔÄ»ÔÄ»ÔÄ»ÔÄ»[8/14]ÔÄ»

 FAIL  src/lib/whatsapp/send-message.test.ts > sendMessageToConversation - opaque-id recipients (INBOX/AI parity) > 
allows a free-form BSUID send when the newest inbound is older than 24h
AssertionError: expected "vi.fn()" to be called with arguments: [ ObjectContaining{ÔÇª} ]

Received:

  1st vi.fn() call:

  [
-   ObjectContaining {
-     "recipient": "CO.9988776655443322",
+   {
+     "accessToken": "token",
+     "contextMessageId": undefined,
+     "phoneNumberId": "pn-1",
+     "text": "Hola",
+     "to": "CO.9988776655443322",
    },
  ]


Number of calls: 1

 ÔØ» src/lib/whatsapp/send-message.test.ts:591:29
    589|     expect(outcome).toBeDefined();
    590|     const { sendTextMessage } = await import('@/lib/whatsapp/meta-api'ÔÇª
    591|     expect(sendTextMessage).toHaveBeenCalledWith(
       |                             ^
    592|       expect.objectContaining({ recipient: 'CO.9988776655443322' })
    593|     );

ÔÄ»ÔÄ»ÔÄ»ÔÄ»ÔÄ»ÔÄ»ÔÄ»ÔÄ»ÔÄ»ÔÄ»ÔÄ»ÔÄ»ÔÄ»ÔÄ»ÔÄ»ÔÄ»ÔÄ»ÔÄ»ÔÄ»ÔÄ»ÔÄ»ÔÄ»ÔÄ»[9/14]ÔÄ»

 FAIL  src/lib/whatsapp/send-message.test.ts > sendMessageToConversation - opaque-id recipients (INBOX/AI parity) > 
sends a BSUID free-form message while the window stays open
AssertionError: expected "vi.fn()" to be called with arguments: [ ObjectContaining{ÔÇª} ]

Received:

  1st vi.fn() call:

  [
-   ObjectContaining {
-     "recipient": "CO.9988776655443322",
+   {
+     "accessToken": "token",
+     "contextMessageId": undefined,
+     "phoneNumberId": "pn-1",
+     "text": "Hola",
+     "to": "CO.9988776655443322",
    },
  ]


Number of calls: 1

 ÔØ» src/lib/whatsapp/send-message.test.ts:614:29
    612|     const { sendTextMessage } = await import('@/lib/whatsapp/meta-api'ÔÇª
    613|     expect(outcome).toBeDefined();
    614|     expect(sendTextMessage).toHaveBeenCalledWith(
       |                             ^
    615|       expect.objectContaining({
    616|         recipient: 'CO.9988776655443322',

ÔÄ»ÔÄ»ÔÄ»ÔÄ»ÔÄ»ÔÄ»ÔÄ»ÔÄ»ÔÄ»ÔÄ»ÔÄ»ÔÄ»ÔÄ»ÔÄ»ÔÄ»ÔÄ»ÔÄ»ÔÄ»ÔÄ»ÔÄ»ÔÄ»ÔÄ»[10/14]ÔÄ»

 FAIL  src/lib/whatsapp/send-message.test.ts > sendMessageToConversation - opaque-id recipients (INBOX/AI parity) > 
lets a template reach a BSUID contact even with the window closed
AssertionError: expected "vi.fn()" to be called with arguments: [ ObjectContaining{ÔÇª} ]

Received:

  1st vi.fn() call:

  [
-   ObjectContaining {
-     "recipient": "CO.9988776655443322",
+   {
+     "accessToken": "token",
+     "contextMessageId": undefined,
+     "language": "en_US",
+     "messageParams": undefined,
+     "params": [
+       "A123",
+       "Friday",
+     ],
+     "phoneNumberId": "pn-1",
+     "template": undefined,
+     "templateName": "order_update",
+     "to": "CO.9988776655443322",
    },
  ]


Number of calls: 1

 ÔØ» src/lib/whatsapp/send-message.test.ts:638:33
    636|     );
    637|
    638|     expect(sendTemplateMessage).toHaveBeenCalledWith(
       |                                 ^
    639|       expect.objectContaining({ recipient: 'CO.9988776655443322' })
    640|     );

ÔÄ»ÔÄ»ÔÄ»ÔÄ»ÔÄ»ÔÄ»ÔÄ»ÔÄ»ÔÄ»ÔÄ»ÔÄ»ÔÄ»ÔÄ»ÔÄ»ÔÄ»ÔÄ»ÔÄ»ÔÄ»ÔÄ»ÔÄ»ÔÄ»ÔÄ»[11/14]ÔÄ»

 FAIL  src/lib/whatsapp/send-message.test.ts > sendMessageToConversation - destination cascade (S3/S4/S5 
conversational sources) > REFUSES a namespaced BSUID at the shared ladder (CASO C)
AssertionError: expected { messageId: 'msg-1', ÔÇª(1) } to be an instance of SendMessageError
 ÔØ» src/lib/whatsapp/send-message.test.ts:1019:17
    1017|     }).catch((e: unknown) => e);
    1018|
    1019|     expect(err).toBeInstanceOf(SendMessageError);
       |                 ^
    1020|     expect((err as SendMessageError).code).toBe('no_delivery_destinatiÔÇª
    1021|     const { sendTextMessage } = await import('@/lib/whatsapp/meta-api'ÔÇª

ÔÄ»ÔÄ»ÔÄ»ÔÄ»ÔÄ»ÔÄ»ÔÄ»ÔÄ»ÔÄ»ÔÄ»ÔÄ»ÔÄ»ÔÄ»ÔÄ»ÔÄ»ÔÄ»ÔÄ»ÔÄ»ÔÄ»ÔÄ»ÔÄ»ÔÄ»[12/14]ÔÄ»

 FAIL  src/lib/whatsapp/send-message.test.ts > sendMessageToConversation - media recipients (same resolver as text) > 
addresses a BSUID-only (@user) contact in `recipient`, anchored like text
AssertionError: expected "vi.fn()" to be called with arguments: [ ObjectContaining{ÔÇª} ]

Received:

  1st vi.fn() call:

  [
-   ObjectContaining {
+   {
+     "accessToken": "token",
      "caption": "caption",
      "contextMessageId": undefined,
+     "filename": undefined,
      "kind": "image",
      "link": "https://cdn.example.com/pic.jpg",
-     "recipient": "CO.9988776655443322",
+     "phoneNumberId": "pn-1",
+     "to": "CO.9988776655443322",
    },
  ]


Number of calls: 1

 ÔØ» src/lib/whatsapp/send-message.test.ts:1111:34
    1109|     );
    1110|
    1111|     expect(sendMediaMessageMock).toHaveBeenCalledWith(
       |                                  ^
    1112|       expect.objectContaining({
    1113|         recipient: 'CO.9988776655443322',

ÔÄ»ÔÄ»ÔÄ»ÔÄ»ÔÄ»ÔÄ»ÔÄ»ÔÄ»ÔÄ»ÔÄ»ÔÄ»ÔÄ»ÔÄ»ÔÄ»ÔÄ»ÔÄ»ÔÄ»ÔÄ»ÔÄ»ÔÄ»ÔÄ»ÔÄ»[13/14]ÔÄ»

 FAIL  src/app/api/whatsapp/send/route.test.ts > POST /api/whatsapp/send ÔÇö media recipient + failure mapping > 422s 
with window_closed when a BSUID-only lead is out of the 24h window
AssertionError: expected 502 to be 422 // Object.is equality

- Expected
+ Received

- 422
+ 502

 ÔØ» src/app/api/whatsapp/send/route.test.ts:467:24
    465|     const json = (await res.json()) as Record<string, unknown>
    466|
    467|     expect(res.status).toBe(422)
       |                        ^
    468|     expect(json.code).toBe('bsuid_window_closed')
    469|     expect(json.window_closed).toBe(true)

ÔÄ»ÔÄ»ÔÄ»ÔÄ»ÔÄ»ÔÄ»ÔÄ»ÔÄ»ÔÄ»ÔÄ»ÔÄ»ÔÄ»ÔÄ»ÔÄ»ÔÄ»ÔÄ»ÔÄ»ÔÄ»ÔÄ»ÔÄ»ÔÄ»ÔÄ»[14/14]ÔÄ»


 Test Files  7 failed | 108 passed (115)
      Tests  14 failed | 1653 passed (1667)
   Start at  11:35:15
   Duration  5.20s (transform 14.85s, setup 0ms, import 26.84s, tests 7.34s, environment 10ms)

